Archive member included to satisfy reference by file (symbol)

c:/program files (x86)/gnu arm embedded toolchain/10 2020-q4-major/bin/../lib/gcc/arm-none-eabi/10.2.1/../../../../arm-none-eabi/lib/thumb/v7e-m+fp/hard\libc_nano.a(lib_a-exit.o)
                              c:/program files (x86)/gnu arm embedded toolchain/10 2020-q4-major/bin/../lib/gcc/arm-none-eabi/10.2.1/../../../../arm-none-eabi/lib/thumb/v7e-m+fp/hard/crt0.o (exit)
c:/program files (x86)/gnu arm embedded toolchain/10 2020-q4-major/bin/../lib/gcc/arm-none-eabi/10.2.1/../../../../arm-none-eabi/lib/thumb/v7e-m+fp/hard\libc_nano.a(lib_a-impure.o)
                              c:/program files (x86)/gnu arm embedded toolchain/10 2020-q4-major/bin/../lib/gcc/arm-none-eabi/10.2.1/../../../../arm-none-eabi/lib/thumb/v7e-m+fp/hard\libc_nano.a(lib_a-exit.o) (_global_impure_ptr)
c:/program files (x86)/gnu arm embedded toolchain/10 2020-q4-major/bin/../lib/gcc/arm-none-eabi/10.2.1/../../../../arm-none-eabi/lib/thumb/v7e-m+fp/hard\libc_nano.a(lib_a-init.o)
                              c:/program files (x86)/gnu arm embedded toolchain/10 2020-q4-major/bin/../lib/gcc/arm-none-eabi/10.2.1/../../../../arm-none-eabi/lib/thumb/v7e-m+fp/hard/crt0.o (__libc_init_array)
c:/program files (x86)/gnu arm embedded toolchain/10 2020-q4-major/bin/../lib/gcc/arm-none-eabi/10.2.1/../../../../arm-none-eabi/lib/thumb/v7e-m+fp/hard\libc_nano.a(lib_a-memset.o)
                              c:/program files (x86)/gnu arm embedded toolchain/10 2020-q4-major/bin/../lib/gcc/arm-none-eabi/10.2.1/../../../../arm-none-eabi/lib/thumb/v7e-m+fp/hard/crt0.o (memset)
c:/program files (x86)/gnu arm embedded toolchain/10 2020-q4-major/bin/../lib/gcc/arm-none-eabi/10.2.1/../../../../arm-none-eabi/lib/thumb/v7e-m+fp/hard\libc_nano.a(lib_a-printf.o)
                              build/lcd.o (printf)
c:/program files (x86)/gnu arm embedded toolchain/10 2020-q4-major/bin/../lib/gcc/arm-none-eabi/10.2.1/../../../../arm-none-eabi/lib/thumb/v7e-m+fp/hard\libc_nano.a(lib_a-puts.o)
                              build/lcd.o (puts)
c:/program files (x86)/gnu arm embedded toolchain/10 2020-q4-major/bin/../lib/gcc/arm-none-eabi/10.2.1/../../../../arm-none-eabi/lib/thumb/v7e-m+fp/hard\libc_nano.a(lib_a-strlen.o)
                              build/GUI.o (strlen)
c:/program files (x86)/gnu arm embedded toolchain/10 2020-q4-major/bin/../lib/gcc/arm-none-eabi/10.2.1/../../../../arm-none-eabi/lib/thumb/v7e-m+fp/hard\libc_nano.a(lib_a-wbuf.o)
                              c:/program files (x86)/gnu arm embedded toolchain/10 2020-q4-major/bin/../lib/gcc/arm-none-eabi/10.2.1/../../../../arm-none-eabi/lib/thumb/v7e-m+fp/hard\libc_nano.a(lib_a-puts.o) (__swbuf_r)
c:/program files (x86)/gnu arm embedded toolchain/10 2020-q4-major/bin/../lib/gcc/arm-none-eabi/10.2.1/../../../../arm-none-eabi/lib/thumb/v7e-m+fp/hard\libc_nano.a(lib_a-wsetup.o)
                              c:/program files (x86)/gnu arm embedded toolchain/10 2020-q4-major/bin/../lib/gcc/arm-none-eabi/10.2.1/../../../../arm-none-eabi/lib/thumb/v7e-m+fp/hard\libc_nano.a(lib_a-puts.o) (__swsetup_r)
c:/program files (x86)/gnu arm embedded toolchain/10 2020-q4-major/bin/../lib/gcc/arm-none-eabi/10.2.1/../../../../arm-none-eabi/lib/thumb/v7e-m+fp/hard\libc_nano.a(lib_a-fflush.o)
                              c:/program files (x86)/gnu arm embedded toolchain/10 2020-q4-major/bin/../lib/gcc/arm-none-eabi/10.2.1/../../../../arm-none-eabi/lib/thumb/v7e-m+fp/hard\libc_nano.a(lib_a-wbuf.o) (_fflush_r)
c:/program files (x86)/gnu arm embedded toolchain/10 2020-q4-major/bin/../lib/gcc/arm-none-eabi/10.2.1/../../../../arm-none-eabi/lib/thumb/v7e-m+fp/hard\libc_nano.a(lib_a-findfp.o)
                              c:/program files (x86)/gnu arm embedded toolchain/10 2020-q4-major/bin/../lib/gcc/arm-none-eabi/10.2.1/../../../../arm-none-eabi/lib/thumb/v7e-m+fp/hard\libc_nano.a(lib_a-printf.o) (__sinit)
c:/program files (x86)/gnu arm embedded toolchain/10 2020-q4-major/bin/../lib/gcc/arm-none-eabi/10.2.1/../../../../arm-none-eabi/lib/thumb/v7e-m+fp/hard\libc_nano.a(lib_a-fwalk.o)
                              c:/program files (x86)/gnu arm embedded toolchain/10 2020-q4-major/bin/../lib/gcc/arm-none-eabi/10.2.1/../../../../arm-none-eabi/lib/thumb/v7e-m+fp/hard\libc_nano.a(lib_a-findfp.o) (_fwalk)
c:/program files (x86)/gnu arm embedded toolchain/10 2020-q4-major/bin/../lib/gcc/arm-none-eabi/10.2.1/../../../../arm-none-eabi/lib/thumb/v7e-m+fp/hard\libc_nano.a(lib_a-lock.o)
                              c:/program files (x86)/gnu arm embedded toolchain/10 2020-q4-major/bin/../lib/gcc/arm-none-eabi/10.2.1/../../../../arm-none-eabi/lib/thumb/v7e-m+fp/hard\libc_nano.a(lib_a-findfp.o) (__retarget_lock_init_recursive)
c:/program files (x86)/gnu arm embedded toolchain/10 2020-q4-major/bin/../lib/gcc/arm-none-eabi/10.2.1/../../../../arm-none-eabi/lib/thumb/v7e-m+fp/hard\libc_nano.a(lib_a-makebuf.o)
[...]
Memory Configuration

Name             Origin             Length             Attributes
RAM              0x20000000         0x00020000         xrw
CCMRAM           0x10000000         0x00010000         xrw
FLASH            0x08000000         0x00100000         xr
*default*        0x00000000         0xffffffff

Linker script and memory map

LOAD c:/program files (x86)/gnu arm embedded toolchain/10 2020-q4-major/bin/../lib/gcc/arm-none-eabi/10.2.1/thumb/v7e-m+fp/hard/crti.o
LOAD c:/program files (x86)/gnu arm embedded toolchain/10 2020-q4-major/bin/../lib/gcc/arm-none-eabi/10.2.1/thumb/v7e-m+fp/hard/crtbegin.o
LOAD c:/program files (x86)/gnu arm embedded toolchain/10 2020-q4-major/bin/../lib/gcc/arm-none-eabi/10.2.1/../../../../arm-none-eabi/lib/thumb/v7e-m+fp/hard/crt0.o
LOAD build/main.o
LOAD build/GUI.o
LOAD build/lcd.o
LOAD build/led.o
LOAD build/test.o
LOAD build/usart.o
LOAD build/wkup.o
LOAD build/delay.o
LOAD build/stm32f4xx_it.o
LOAD build/misc.o
LOAD build/stm32f4xx_dma.o
LOAD build/stm32f4xx_exti.o
LOAD build/stm32f4xx_fsmc.o
LOAD build/stm32f4xx_gpio.o
LOAD build/stm32f4xx_i2c.o
LOAD build/stm32f4xx_iwdg.o
LOAD build/stm32f4xx_pwr.o
LOAD build/stm32f4xx_rcc.o
LOAD build/stm32f4xx_rtc.o
LOAD build/stm32f4xx_sdio.o
LOAD build/stm32f4xx_spi.o
LOAD build/stm32f4xx_syscfg.o
LOAD build/stm32f4xx_tim.o
LOAD build/stm32f4xx_usart.o
LOAD build/system_stm32f4xx.o
LOAD build/startup_stm32f407xx.o
LOAD c:/program files (x86)/gnu arm embedded toolchain/10 2020-q4-major/bin/../lib/gcc/arm-none-eabi/10.2.1/../../../../arm-none-eabi/lib/thumb/v7e-m+fp/hard\libc_nano.a
LOAD c:/program files (x86)/gnu arm embedded toolchain/10 2020-q4-major/bin/../lib/gcc/arm-none-eabi/10.2.1/../../../../arm-none-eabi/lib/thumb/v7e-m+fp/hard\libm.a
LOAD c:/program files (x86)/gnu arm embedded toolchain/10 2020-q4-major/bin/../lib/gcc/arm-none-eabi/10.2.1/../../../../arm-none-eabi/lib/thumb/v7e-m+fp/hard\libnosys.a
START GROUP
LOAD c:/program files (x86)/gnu arm embedded toolchain/10 2020-q4-major/bin/../lib/gcc/arm-none-eabi/10.2.1/thumb/v7e-m+fp/hard\libgcc.a
LOAD c:/program files (x86)/gnu arm embedded toolchain/10 2020-q4-major/bin/../lib/gcc/arm-none-eabi/10.2.1/../../../../arm-none-eabi/lib/thumb/v7e-m+fp/hard\libc_nano.a
END GROUP
START GROUP
LOAD c:/program files (x86)/gnu arm embedded toolchain/10 2020-q4-major/bin/../lib/gcc/arm-none-eabi/10.2.1/thumb/v7e-m+fp/hard\libgcc.a
LOAD c:/program files (x86)/gnu arm embedded toolchain/10 2020-q4-major/bin/../lib/gcc/arm-none-eabi/10.2.1/../../../../arm-none-eabi/lib/thumb/v7e-m+fp/hard\libc_nano.a
END GROUP
LOAD c:/program files (x86)/gnu arm embedded toolchain/10 2020-q4-major/bin/../lib/gcc/arm-none-eabi/10.2.1/thumb/v7e-m+fp/hard/crtend.o
LOAD c:/program files (x86)/gnu arm embedded toolchain/10 2020-q4-major/bin/../lib/gcc/arm-none-eabi/10.2.1/thumb/v7e-m+fp/hard/crtn.o
                0x20020000                _estack = 0x20020000
                0x00000200                _Min_Heap_Size = 0x200
                0x00000400                _Min_Stack_Size = 0x400

.isr_vector     0x08000000      0x188
                0x08000000                . = ALIGN (0x4)
 *(.isr_vector)
 .isr_vector    0x08000000      0x188 build/startup_stm32f407xx.o
                0x08000000                g_pfnVectors
                0x08000188                . = ALIGN (0x4)

.text           0x08000190     0x6428
                0x08000190                . = ALIGN (0x4)
 *(.text)
 .text          0x08000190       0x40 c:/program files (x86)/gnu arm embedded toolchain/10 2020-q4-major/bin/../lib/gcc/arm-none-eabi/10.2.1/thumb/v7e-m+fp/hard/crtbegin.o
 .text          0x080001d0       0x10 c:/program files (x86)/gnu arm embedded toolchain/10 2020-q4-major/bin/../lib/gcc/arm-none-eabi/10.2.1/../../../../arm-none-eabi/lib/thumb/v7e-m+fp/hard\libc_nano.a(lib_a-strlen.o)
                0x080001d0                strlen
 .text          0x080001e0       0xa0 c:/program files (x86)/gnu arm embedded toolchain/10 2020-q4-major/bin/../lib/gcc/arm-none-eabi/10.2.1/../../../../arm-none-eabi/lib/thumb/v7e-m+fp/hard\libc_nano.a(lib_a-memchr.o)
                0x080001e0                memchr
 .text          0x08000280      0x254 c:/program files (x86)/gnu arm embedded toolchain/10 2020-q4-major/bin/../lib/gcc/arm-none-eabi/10.2.1/thumb/v7e-m+fp/hard\libgcc.a(_arm_muldf3.o)
                0x08000280                __muldf3
                0x08000280                __aeabi_dmul
 .text          0x080004d4      0x378 c:/program files (x86)/gnu arm embedded toolchain/10 2020-q4-major/bin/../lib/gcc/arm-none-eabi/10.2.1/thumb/v7e-m+fp/hard\libgcc.a(_arm_addsubdf3.o)
                0x080004d4                __aeabi_drsub
                0x080004dc                __aeabi_dsub
                0x080004dc                __subdf3
                0x080004e0                __aeabi_dadd
                0x080004e0                __adddf3
                0x08000758                __floatunsidf
                0x08000758                __aeabi_ui2d
                0x08000778                __floatsidf
                0x08000778                __aeabi_i2d
                0x0800079c                __aeabi_f2d
                0x0800079c                __extendsfdf2
                0x080007e0                __floatundidf
                0x080007e0                __aeabi_ul2d
                0x080007f0                __floatdidf
                0x080007f0                __aeabi_l2d
 .text          0x0800084c       0x40 c:/program files (x86)/gnu arm embedded toolchain/10 2020-q4-major/bin/../lib/gcc/arm-none-eabi/10.2.1/thumb/v7e-m+fp/hard\libgcc.a(_arm_fixunsdfsi.o)
                0x0800084c                __aeabi_d2uiz
                0x0800084c                __fixunsdfsi
 *(.text*)
 .text.main     0x0800088c       0x44 build/main.o
                0x0800088c                main
 .text.LCD_ShowChar
                0x080008d0      0x140 build/GUI.o
                0x080008d0                LCD_ShowChar
 .text.GUI_DrawFont16
                0x08000a10      0x118 build/GUI.o
                0x08000a10                GUI_DrawFont16
 .text.GUI_DrawFont24
                0x08000b28      0x114 build/GUI.o
                0x08000b28                GUI_DrawFont24
 .text.GUI_DrawFont32
                0x08000c3c      0x11c build/GUI.o
                0x08000c3c                GUI_DrawFont32
 .text.Show_Str
                0x08000d58      0x104 build/GUI.o
                0x08000d58                Show_Str
 .text.Gui_StrCenter
                0x08000e5c       0x48 build/GUI.o
                0x08000e5c                Gui_StrCenter
 .text.LCD_WR_REG
                0x08000ea4       0x24 build/lcd.o
                0x08000ea4                LCD_WR_REG
 .text.LCD_WR_DATA
                0x08000ec8       0x24 build/lcd.o
                0x08000ec8                LCD_WR_DATA
 .text.LCD_RD_DATA
                0x08000eec       0x1c build/lcd.o
                0x08000eec                LCD_RD_DATA
 .text.LCD_WriteReg
                0x08000f08       0x10 build/lcd.o
                0x08000f08                LCD_WriteReg
 .text.LCD_ReadReg
                0x08000f18       0x26 build/lcd.o
                0x08000f18                LCD_ReadReg
 *fill*         0x08000f3e        0x2 
 .text.LCD_WriteRAM_Prepare
                0x08000f40       0x10 build/lcd.o
                0x08000f40                LCD_WriteRAM_Prepare
 .text.Lcd_WriteData_16Bit
                0x08000f50        0xc build/lcd.o
                0x08000f50                Lcd_WriteData_16Bit
 *fill*         0x08000f5c        0x4 
 .text.LCD_PWM_BackLightSet
                0x08000f60       0x50 build/lcd.o
                0x08000f60                LCD_PWM_BackLightSet
 .text.LCD_GPIOInit
                0x08000fb0      0x1f4 build/lcd.o
                0x08000fb0                LCD_GPIOInit
 .text.LCD_Set_BWTR
                0x080011a4       0xb8 build/lcd.o
                0x080011a4                LCD_Set_BWTR
 .text.LCD_SetWindows
                0x0800125c      0x260 build/lcd.o
                0x0800125c                LCD_SetWindows
 .text.LCD_Clear
                0x080014bc       0x38 build/lcd.o
                0x080014bc                LCD_Clear
 .text.LCD_SetCursor
                0x080014f4        0xc build/lcd.o
                0x080014f4                LCD_SetCursor
 .text.LCD_DrawPoint
                0x08001500       0x14 build/lcd.o
                0x08001500                LCD_DrawPoint
 .text.LCD_direction
                0x08001514      0x230 build/lcd.o
                0x08001514                LCD_direction
 .text.LCD_Read_ID
                0x08001744      0x130 build/lcd.o
                0x08001744                LCD_Read_ID
 .text.LCD_Init
                0x08001874     0x3054 build/lcd.o
                0x08001874                LCD_Init
 .text.LED_Init
                0x080048c8       0x58 build/led.o
                0x080048c8                LED_Init
 .text.wakeup_test
                0x08004920       0xb0 build/test.o
                0x08004920                wakeup_test
 .text.USART1_Init
                0x080049d0       0xb8 build/usart.o
                0x080049d0                USART1_Init
 .text.USART1_IRQHandler
                0x08004a88       0x7c build/usart.o
                0x08004a88                USART1_IRQHandler
 .text.Sys_Enter_Standby
                0x08004b04       0x40 build/wkup.o
                0x08004b04                Sys_Enter_Standby
 .text.Check_WKUP
                0x08004b44       0x4c build/wkup.o
                0x08004b44                Check_WKUP
 .text.EXTI0_IRQHandler
                0x08004b90       0x16 build/wkup.o
                0x08004b90                EXTI0_IRQHandler
 *fill*         0x08004ba6        0x2 
 .text.WKUP_Init
                0x08004ba8       0x88 build/wkup.o
                0x08004ba8                WKUP_Init
 .text.delay_init
                0x08004c30       0x2c build/delay.o
                0x08004c30                delay_init
 .text.delay_us
                0x08004c5c       0x40 build/delay.o
                0x08004c5c                delay_us
 .text.delay_xms
                0x08004c9c       0x40 build/delay.o
                0x08004c9c                delay_xms
 .text.delay_ms
                0x08004cdc       0x38 build/delay.o
                0x08004cdc                delay_ms
 .text.NMI_Handler
                0x08004d14        0x2 build/stm32f4xx_it.o
                0x08004d14                NMI_Handler
 .text.HardFault_Handler
                0x08004d16        0x2 build/stm32f4xx_it.o
                0x08004d16                HardFault_Handler
 .text.MemManage_Handler
                0x08004d18        0x2 build/stm32f4xx_it.o
                0x08004d18                MemManage_Handler
 .text.BusFault_Handler
                0x08004d1a        0x2 build/stm32f4xx_it.o
                0x08004d1a                BusFault_Handler
 .text.UsageFault_Handler
                0x08004d1c        0x2 build/stm32f4xx_it.o
                0x08004d1c                UsageFault_Handler
 .text.SVC_Handler
                0x08004d1e        0x2 build/stm32f4xx_it.o
                0x08004d1e                SVC_Handler
 .text.DebugMon_Handler
                0x08004d20        0x2 build/stm32f4xx_it.o
                0x08004d20                DebugMon_Handler
 .text.PendSV_Handler
                0x08004d22        0x2 build/stm32f4xx_it.o
                0x08004d22                PendSV_Handler
 .text.SysTick_Handler
                0x08004d24        0x2 build/stm32f4xx_it.o
                0x08004d24                SysTick_Handler
 *fill*         0x08004d26        0x2 
 .text.NVIC_PriorityGroupConfig
                0x08004d28       0x14 build/misc.o
                0x08004d28                NVIC_PriorityGroupConfig
 .text.NVIC_Init
                0x08004d3c       0x64 build/misc.o
                0x08004d3c                NVIC_Init
 .text.SysTick_CLKSourceConfig
                0x08004da0       0x20 build/misc.o
                0x08004da0                SysTick_CLKSourceConfig
 .text.EXTI_Init
                0x08004dc0       0x90 build/stm32f4xx_exti.o
                0x08004dc0                EXTI_Init
 .text.EXTI_ClearITPendingBit
                0x08004e50        0xc build/stm32f4xx_exti.o
                0x08004e50                EXTI_ClearITPendingBit
 .text.FSMC_NORSRAMInit
                0x08004e5c       0xc8 build/stm32f4xx_fsmc.o
                0x08004e5c                FSMC_NORSRAMInit
 .text.FSMC_NORSRAMCmd
                0x08004f24       0x2c build/stm32f4xx_fsmc.o
                0x08004f24                FSMC_NORSRAMCmd
 .text.GPIO_Init
                0x08004f50       0xa6 build/stm32f4xx_gpio.o
                0x08004f50                GPIO_Init
 .text.GPIO_SetBits
                0x08004ff6        0x4 build/stm32f4xx_gpio.o
                0x08004ff6                GPIO_SetBits
 .text.GPIO_PinAFConfig
                0x08004ffa       0x34 build/stm32f4xx_gpio.o
                0x08004ffa                GPIO_PinAFConfig
 *fill*         0x0800502e        0x2 
 .text.PWR_BackupAccessCmd
                0x08005030        0xc build/stm32f4xx_pwr.o
                0x08005030                PWR_BackupAccessCmd
 .text.PWR_WakeUpPinCmd
                0x0800503c        0xc build/stm32f4xx_pwr.o
                0x0800503c                PWR_WakeUpPinCmd
 .text.PWR_EnterSTANDBYMode
                0x08005048       0x20 build/stm32f4xx_pwr.o
                0x08005048                PWR_EnterSTANDBYMode
 .text.PWR_ClearFlag
                0x08005068       0x10 build/stm32f4xx_pwr.o
                0x08005068                PWR_ClearFlag
 .text.RCC_GetClocksFreq
                0x08005078       0xb8 build/stm32f4xx_rcc.o
                0x08005078                RCC_GetClocksFreq
 .text.RCC_AHB1PeriphClockCmd
                0x08005130       0x1c build/stm32f4xx_rcc.o
                0x08005130                RCC_AHB1PeriphClockCmd
 .text.RCC_AHB3PeriphClockCmd
                0x0800514c       0x1c build/stm32f4xx_rcc.o
                0x0800514c                RCC_AHB3PeriphClockCmd
 .text.RCC_APB1PeriphClockCmd
                0x08005168       0x1c build/stm32f4xx_rcc.o
                0x08005168                RCC_APB1PeriphClockCmd
 .text.RCC_APB2PeriphClockCmd
                0x08005184       0x1c build/stm32f4xx_rcc.o
                0x08005184                RCC_APB2PeriphClockCmd
 .text.RCC_AHB1PeriphResetCmd
                0x080051a0       0x1c build/stm32f4xx_rcc.o
                0x080051a0                RCC_AHB1PeriphResetCmd
 .text.RTC_ITConfig
                0x080051bc       0x48 build/stm32f4xx_rtc.o
                0x080051bc                RTC_ITConfig
 .text.RTC_ClearITPendingBit
                0x08005204       0x1c build/stm32f4xx_rtc.o
                0x08005204                RTC_ClearITPendingBit
 .text.SYSCFG_EXTILineConfig
                0x08005220       0x38 build/stm32f4xx_syscfg.o
                0x08005220                SYSCFG_EXTILineConfig
 .text.USART_Init
                0x08005258       0xcc build/stm32f4xx_usart.o
                0x08005258                USART_Init
 .text.USART_Cmd
                0x08005324       0x1c build/stm32f4xx_usart.o
                0x08005324                USART_Cmd
 .text.USART_ReceiveData
                0x08005340        0x8 build/stm32f4xx_usart.o
                0x08005340                USART_ReceiveData
 .text.USART_ITConfig
                0x08005348       0x36 build/stm32f4xx_usart.o
                0x08005348                USART_ITConfig
 .text.USART_ClearFlag
                0x0800537e        0x8 build/stm32f4xx_usart.o
                0x0800537e                USART_ClearFlag
 .text.USART_GetITStatus
                0x08005386       0x4a build/stm32f4xx_usart.o
                0x08005386                USART_GetITStatus
 .text.SetSysClock
                0x080053d0       0xc4 build/system_stm32f4xx.o
 .text.SystemInit
                0x08005494       0x50 build/system_stm32f4xx.o
                0x08005494                SystemInit
 .text.Reset_Handler
                0x080054e4       0x50 build/startup_stm32f407xx.o
                0x080054e4                Reset_Handler
 .text.Default_Handler
                0x08005534        0x2 build/startup_stm32f407xx.o
                0x08005534                RTC_Alarm_IRQHandler
                0x08005534                HASH_RNG_IRQHandler
                0x08005534                EXTI2_IRQHandler
                0x08005534                TIM8_CC_IRQHandler
                0x08005534                TIM1_CC_IRQHandler
                0x08005534                DMA2_Stream5_IRQHandler
                0x08005534                DMA1_Stream5_IRQHandler
                0x08005534                PVD_IRQHandler
                0x08005534                SDIO_IRQHandler
                0x08005534                TAMP_STAMP_IRQHandler
                0x08005534                CAN2_RX1_IRQHandler
                0x08005534                EXTI3_IRQHandler
                0x08005534                TIM8_TRG_COM_TIM14_IRQHandler
                0x08005534                TIM1_UP_TIM10_IRQHandler
                0x08005534                TIM8_UP_TIM13_IRQHandler
                0x08005534                I2C3_ER_IRQHandler
                0x08005534                I2C2_EV_IRQHandler
                0x08005534                DMA1_Stream2_IRQHandler
                0x08005534                CAN1_RX0_IRQHandler
                0x08005534                FPU_IRQHandler
                0x08005534                OTG_HS_WKUP_IRQHandler
                0x08005534                CAN2_SCE_IRQHandler
                0x08005534                DMA2_Stream2_IRQHandler
                0x08005534                SPI1_IRQHandler
                0x08005534                TIM6_DAC_IRQHandler
                0x08005534                TIM1_BRK_TIM9_IRQHandler
                0x08005534                DCMI_IRQHandler
                0x08005534                CAN2_RX0_IRQHandler
                0x08005534                DMA2_Stream3_IRQHandler
                0x08005534                USART6_IRQHandler
                0x08005534                USART3_IRQHandler
                0x08005534                CAN1_RX1_IRQHandler
                0x08005534                UART5_IRQHandler
                0x08005534                DMA2_Stream0_IRQHandler
                0x08005534                TIM4_IRQHandler
                0x08005534                I2C1_EV_IRQHandler
                0x08005534                DMA1_Stream6_IRQHandler
                0x08005534                DMA1_Stream1_IRQHandler
                0x08005534                UART4_IRQHandler
                0x08005534                TIM3_IRQHandler
                0x08005534                RCC_IRQHandler
                0x08005534                TIM8_BRK_TIM12_IRQHandler
                0x08005534                Default_Handler
                0x08005534                EXTI15_10_IRQHandler
                0x08005534                ADC_IRQHandler
                0x08005534                DMA1_Stream7_IRQHandler
                0x08005534                TIM7_IRQHandler
                0x08005534                CAN2_TX_IRQHandler
                0x08005534                TIM5_IRQHandler
                0x08005534                DMA2_Stream7_IRQHandler
                0x08005534                I2C3_EV_IRQHandler
                0x08005534                EXTI9_5_IRQHandler
                0x08005534                RTC_WKUP_IRQHandler
                0x08005534                ETH_WKUP_IRQHandler
                0x08005534                SPI2_IRQHandler
                0x08005534                OTG_HS_EP1_IN_IRQHandler
                0x08005534                DMA1_Stream0_IRQHandler
                0x08005534                CAN1_TX_IRQHandler
                0x08005534                EXTI4_IRQHandler
                0x08005534                FSMC_IRQHandler
                0x08005534                ETH_IRQHandler
                0x08005534                OTG_HS_EP1_OUT_IRQHandler
                0x08005534                WWDG_IRQHandler
                0x08005534                TIM2_IRQHandler
                0x08005534                OTG_FS_WKUP_IRQHandler
                0x08005534                TIM1_TRG_COM_TIM11_IRQHandler
                0x08005534                OTG_HS_IRQHandler
                0x08005534                EXTI1_IRQHandler
                0x08005534                USART2_IRQHandler
                0x08005534                I2C2_ER_IRQHandler
                0x08005534                DMA2_Stream1_IRQHandler
                0x08005534                CAN1_SCE_IRQHandler
                0x08005534                FLASH_IRQHandler
                0x08005534                DMA2_Stream4_IRQHandler
                0x08005534                OTG_FS_IRQHandler
                0x08005534                SPI3_IRQHandler
                0x08005534                DMA1_Stream4_IRQHandler
                0x08005534                I2C1_ER_IRQHandler
                0x08005534                DMA2_Stream6_IRQHandler
                0x08005534                DMA1_Stream3_IRQHandler
 *fill*         0x08005536        0x2 
 .text.__libc_init_array
                0x08005538       0x48 c:/program files (x86)/gnu arm embedded toolchain/10 2020-q4-major/bin/../lib/gcc/arm-none-eabi/10.2.1/../../../../arm-none-eabi/lib/thumb/v7e-m+fp/hard\libc_nano.a(lib_a-init.o)
                0x08005538                __libc_init_array
 .text.memset   0x08005580       0x10 c:/program files (x86)/gnu arm embedded toolchain/10 2020-q4-major/bin/../lib/gcc/arm-none-eabi/10.2.1/../../../../arm-none-eabi/lib/thumb/v7e-m+fp/hard\libc_nano.a(lib_a-memset.o)
                0x08005580                memset
 .text.printf   0x08005590       0x30 c:/program files (x86)/gnu arm embedded toolchain/10 2020-q4-major/bin/../lib/gcc/arm-none-eabi/10.2.1/../../../../arm-none-eabi/lib/thumb/v7e-m+fp/hard\libc_nano.a(lib_a-printf.o)
                0x08005590                iprintf
                0x08005590                printf
 .text._puts_r  0x080055c0       0xdc c:/program files (x86)/gnu arm embedded toolchain/10 2020-q4-major/bin/../lib/gcc/arm-none-eabi/10.2.1/../../../../arm-none-eabi/lib/thumb/v7e-m+fp/hard\libc_nano.a(lib_a-puts.o)
                0x080055c0                _puts_r
 .text.puts     0x0800569c       0x10 c:/program files (x86)/gnu arm embedded toolchain/10 2020-q4-major/bin/../lib/gcc/arm-none-eabi/10.2.1/../../../../arm-none-eabi/lib/thumb/v7e-m+fp/hard\libc_nano.a(lib_a-puts.o)
                0x0800569c                puts
 .text.__swbuf_r
                0x080056ac       0xa4 c:/program files (x86)/gnu arm embedded toolchain/10 2020-q4-major/bin/../lib/gcc/arm-none-eabi/10.2.1/../../../../arm-none-eabi/lib/thumb/v7e-m+fp/hard\libc_nano.a(lib_a-wbuf.o)
                0x080056ac                __swbuf_r
 .text.__swsetup_r
                0x08005750       0xdc c:/program files (x86)/gnu arm embedded toolchain/10 2020-q4-major/bin/../lib/gcc/arm-none-eabi/10.2.1/../../../../arm-none-eabi/lib/thumb/v7e-m+fp/hard\libc_nano.a(lib_a-wsetup.o)
                0x08005750                __swsetup_r
 .text.__sflush_r
                0x0800582c      0x10c c:/program files (x86)/gnu arm embedded toolchain/10 2020-q4-major/bin/../lib/gcc/arm-none-eabi/10.2.1/../../../../arm-none-eabi/lib/thumb/v7e-m+fp/hard\libc_nano.a(lib_a-fflush.o)
                0x0800582c                __sflush_r
 .text._fflush_r
                0x08005938       0x78 c:/program files (x86)/gnu arm embedded toolchain/10 2020-q4-major/bin/../lib/gcc/arm-none-eabi/10.2.1/../../../../arm-none-eabi/lib/thumb/v7e-m+fp/hard\libc_nano.a(lib_a-fflush.o)
                0x08005938                _fflush_r
 .text.std      0x080059b0       0x48 c:/program files (x86)/gnu arm embedded toolchain/10 2020-q4-major/bin/../lib/gcc/arm-none-eabi/10.2.1/../../../../arm-none-eabi/lib/thumb/v7e-m+fp/hard\libc_nano.a(lib_a-findfp.o)
 .text._cleanup_r
                0x080059f8        0xc c:/program files (x86)/gnu arm embedded toolchain/10 2020-q4-major/bin/../lib/gcc/arm-none-eabi/10.2.1/../../../../arm-none-eabi/lib/thumb/v7e-m+fp/hard\libc_nano.a(lib_a-findfp.o)
                0x080059f8                _cleanup_r
 .text.__sfmoreglue
                0x08005a04       0x2c c:/program files (x86)/gnu arm embedded toolchain/10 2020-q4-major/bin/../lib/gcc/arm-none-eabi/10.2.1/../../../../arm-none-eabi/lib/thumb/v7e-m+fp/hard\libc_nano.a(lib_a-findfp.o)
                0x08005a04                __sfmoreglue
 .text.__sfp_lock_acquire
                0x08005a30        0xc c:/program files (x86)/gnu arm embedded toolchain/10 2020-q4-major/bin/../lib/gcc/arm-none-eabi/10.2.1/../../../../arm-none-eabi/lib/thumb/v7e-m+fp/hard\libc_nano.a(lib_a-findfp.o)
                0x08005a30                __sfp_lock_acquire
 .text.__sfp_lock_release
                0x08005a3c        0xc c:/program files (x86)/gnu arm embedded toolchain/10 2020-q4-major/bin/../lib/gcc/arm-none-eabi/10.2.1/../../../../arm-none-eabi/lib/thumb/v7e-m+fp/hard\libc_nano.a(lib_a-findfp.o)
                0x08005a3c                __sfp_lock_release
 .text.__sinit_lock_acquire
                0x08005a48        0xc c:/program files (x86)/gnu arm embedded toolchain/10 2020-q4-major/bin/../lib/gcc/arm-none-eabi/10.2.1/../../../../arm-none-eabi/lib/thumb/v7e-m+fp/hard\libc_nano.a(lib_a-findfp.o)
                0x08005a48                __sinit_lock_acquire
 .text.__sinit_lock_release
                0x08005a54        0xc c:/program files (x86)/gnu arm embedded toolchain/10 2020-q4-major/bin/../lib/gcc/arm-none-eabi/10.2.1/../../../../arm-none-eabi/lib/thumb/v7e-m+fp/hard\libc_nano.a(lib_a-findfp.o)
                0x08005a54                __sinit_lock_release
 .text.__sinit  0x08005a60       0x70 c:/program files (x86)/gnu arm embedded toolchain/10 2020-q4-major/bin/../lib/gcc/arm-none-eabi/10.2.1/../../../../arm-none-eabi/lib/thumb/v7e-m+fp/hard\libc_nano.a(lib_a-findfp.o)
                0x08005a60                __sinit
 .text.__sfp    0x08005ad0       0x8c c:/program files (x86)/gnu arm embedded toolchain/10 2020-q4-major/bin/../lib/gcc/arm-none-eabi/10.2.1/../../../../arm-none-eabi/lib/thumb/v7e-m+fp/hard\libc_nano.a(lib_a-findfp.o)
                0x08005ad0                __sfp
 .text._fwalk_reent
                0x08005b5c       0x3e c:/program files (x86)/gnu arm embedded toolchain/10 2020-q4-major/bin/../lib/gcc/arm-none-eabi/10.2.1/../../../../arm-none-eabi/lib/thumb/v7e-m+fp/hard\libc_nano.a(lib_a-fwalk.o)
                0x08005b5c                _fwalk_reent
 .text.__retarget_lock_init_recursive
                0x08005b9a        0x2 c:/program files (x86)/gnu arm embedded toolchain/10 2020-q4-major/bin/../lib/gcc/arm-none-eabi/10.2.1/../../../../arm-none-eabi/lib/thumb/v7e-m+fp/hard\libc_nano.a(lib_a-lock.o)
                0x08005b9a                __retarget_lock_init_recursive
 .text.__retarget_lock_acquire_recursive
                0x08005b9c        0x2 c:/program files (x86)/gnu arm embedded toolchain/10 2020-q4-major/bin/../lib/gcc/arm-none-eabi/10.2.1/../../../../arm-none-eabi/lib/thumb/v7e-m+fp/hard\libc_nano.a(lib_a-lock.o)
                0x08005b9c                __retarget_lock_acquire_recursive
 .text.__retarget_lock_release_recursive
                0x08005b9e        0x2 c:/program files (x86)/gnu arm embedded toolchain/10 2020-q4-major/bin/../lib/gcc/arm-none-eabi/10.2.1/../../../../arm-none-eabi/lib/thumb/v7e-m+fp/hard\libc_nano.a(lib_a-lock.o)
                0x08005b9e                __retarget_lock_release_recursive
 .text.__swhatbuf_r
                0x08005ba0       0x4a c:/program files (x86)/gnu arm embedded toolchain/10 2020-q4-major/bin/../lib/gcc/arm-none-eabi/10.2.1/../../../../arm-none-eabi/lib/thumb/v7e-m+fp/hard\libc_nano.a(lib_a-makebuf.o)
                0x08005ba0                __swhatbuf_r
 *fill*         0x08005bea        0x2 
 .text.__smakebuf_r
                0x08005bec       0x80 c:/program files (x86)/gnu arm embedded toolchain/10 2020-q4-major/bin/../lib/gcc/arm-none-eabi/10.2.1/../../../../arm-none-eabi/lib/thumb/v7e-m+fp/hard\libc_nano.a(lib_a-makebuf.o)
                0x08005bec                __smakebuf_r
 .text._free_r  0x08005c6c       0x98 c:/program files (x86)/gnu arm embedded toolchain/10 2020-q4-major/bin/../lib/gcc/arm-none-eabi/10.2.1/../../../../arm-none-eabi/lib/thumb/v7e-m+fp/hard\libc_nano.a(lib_a-nano-freer.o)
                0x08005c6c                _free_r
 .text._malloc_r
                0x08005d04       0xb4 c:/program files (x86)/gnu arm embedded toolchain/10 2020-q4-major/bin/../lib/gcc/arm-none-eabi/10.2.1/../../../../arm-none-eabi/lib/thumb/v7e-m+fp/hard\libc_nano.a(lib_a-nano-mallocr.o)
                0x08005d04                _malloc_r
 .text.__sfputc_r
                0x08005db8       0x2e c:/program files (x86)/gnu arm embedded toolchain/10 2020-q4-major/bin/../lib/gcc/arm-none-eabi/10.2.1/../../../../arm-none-eabi/lib/thumb/v7e-m+fp/hard\libc_nano.a(lib_a-nano-vfprintf.o)
 .text.__sfputs_r
                0x08005de6       0x24 c:/program files (x86)/gnu arm embedded toolchain/10 2020-q4-major/bin/../lib/gcc/arm-none-eabi/10.2.1/../../../../arm-none-eabi/lib/thumb/v7e-m+fp/hard\libc_nano.a(lib_a-nano-vfprintf.o)
                0x08005de6                __sfputs_r
 *fill*         0x08005e0a        0x2 
 .text._vfprintf_r
                0x08005e0c      0x260 c:/program files (x86)/gnu arm embedded toolchain/10 2020-q4-major/bin/../lib/gcc/arm-none-eabi/10.2.1/../../../../arm-none-eabi/lib/thumb/v7e-m+fp/hard\libc_nano.a(lib_a-nano-vfprintf.o)
                0x08005e0c                _vfprintf_r
                0x08005e0c                _vfiprintf_r
 .text._printf_common
                0x0800606c       0xda c:/program files (x86)/gnu arm embedded toolchain/10 2020-q4-major/bin/../lib/gcc/arm-none-eabi/10.2.1/../../../../arm-none-eabi/lib/thumb/v7e-m+fp/hard\libc_nano.a(lib_a-nano-vfprintf_i.o)
                0x0800606c                _printf_common
 *fill*         0x08006146        0x2 
 .text._printf_i
                0x08006148      0x24c c:/program files (x86)/gnu arm embedded toolchain/10 2020-q4-major/bin/../lib/gcc/arm-none-eabi/10.2.1/../../../../arm-none-eabi/lib/thumb/v7e-m+fp/hard\libc_nano.a(lib_a-nano-vfprintf_i.o)
                0x08006148                _printf_i
 .text._sbrk_r  0x08006394       0x20 c:/program files (x86)/gnu arm embedded toolchain/10 2020-q4-major/bin/../lib/gcc/arm-none-eabi/10.2.1/../../../../arm-none-eabi/lib/thumb/v7e-m+fp/hard\libc_nano.a(lib_a-sbrkr.o)
                0x08006394                _sbrk_r
 .text.__sread  0x080063b4       0x22 c:/program files (x86)/gnu arm embedded toolchain/10 2020-q4-major/bin/../lib/gcc/arm-none-eabi/10.2.1/../../../../arm-none-eabi/lib/thumb/v7e-m+fp/hard\libc_nano.a(lib_a-stdio.o)
                0x080063b4                __sread
 .text.__swrite
                0x080063d6       0x38 c:/program files (x86)/gnu arm embedded toolchain/10 2020-q4-major/bin/../lib/gcc/arm-none-eabi/10.2.1/../../../../arm-none-eabi/lib/thumb/v7e-m+fp/hard\libc_nano.a(lib_a-stdio.o)
                0x080063d6                __swrite
 .text.__sseek  0x0800640e       0x24 c:/program files (x86)/gnu arm embedded toolchain/10 2020-q4-major/bin/../lib/gcc/arm-none-eabi/10.2.1/../../../../arm-none-eabi/lib/thumb/v7e-m+fp/hard\libc_nano.a(lib_a-stdio.o)
                0x0800640e                __sseek
 .text.__sclose
                0x08006432        0x8 c:/program files (x86)/gnu arm embedded toolchain/10 2020-q4-major/bin/../lib/gcc/arm-none-eabi/10.2.1/../../../../arm-none-eabi/lib/thumb/v7e-m+fp/hard\libc_nano.a(lib_a-stdio.o)
                0x08006432                __sclose
 *fill*         0x0800643a        0x2 
 .text._write_r
                0x0800643c       0x24 c:/program files (x86)/gnu arm embedded toolchain/10 2020-q4-major/bin/../lib/gcc/arm-none-eabi/10.2.1/../../../../arm-none-eabi/lib/thumb/v7e-m+fp/hard\libc_nano.a(lib_a-writer.o)
                0x0800643c                _write_r
 .text._close_r
                0x08006460       0x20 c:/program files (x86)/gnu arm embedded toolchain/10 2020-q4-major/bin/../lib/gcc/arm-none-eabi/10.2.1/../../../../arm-none-eabi/lib/thumb/v7e-m+fp/hard\libc_nano.a(lib_a-closer.o)
                0x08006460                _close_r
 .text._fstat_r
                0x08006480       0x24 c:/program files (x86)/gnu arm embedded toolchain/10 2020-q4-major/bin/../lib/gcc/arm-none-eabi/10.2.1/../../../../arm-none-eabi/lib/thumb/v7e-m+fp/hard\libc_nano.a(lib_a-fstatr.o)
                0x08006480                _fstat_r
 .text._isatty_r
                0x080064a4       0x20 c:/program files (x86)/gnu arm embedded toolchain/10 2020-q4-major/bin/../lib/gcc/arm-none-eabi/10.2.1/../../../../arm-none-eabi/lib/thumb/v7e-m+fp/hard\libc_nano.a(lib_a-isattyr.o)
                0x080064a4                _isatty_r
 .text._lseek_r
                0x080064c4       0x24 c:/program files (x86)/gnu arm embedded toolchain/10 2020-q4-major/bin/../lib/gcc/arm-none-eabi/10.2.1/../../../../arm-none-eabi/lib/thumb/v7e-m+fp/hard\libc_nano.a(lib_a-lseekr.o)
                0x080064c4                _lseek_r
 .text.__malloc_lock
                0x080064e8        0xc c:/program files (x86)/gnu arm embedded toolchain/10 2020-q4-major/bin/../lib/gcc/arm-none-eabi/10.2.1/../../../../arm-none-eabi/lib/thumb/v7e-m+fp/hard\libc_nano.a(lib_a-mlock.o)
                0x080064e8                __malloc_lock
 .text.__malloc_unlock
                0x080064f4        0xc c:/program files (x86)/gnu arm embedded toolchain/10 2020-q4-major/bin/../lib/gcc/arm-none-eabi/10.2.1/../../../../arm-none-eabi/lib/thumb/v7e-m+fp/hard\libc_nano.a(lib_a-mlock.o)
                0x080064f4                __malloc_unlock
 .text._read_r  0x08006500       0x24 c:/program files (x86)/gnu arm embedded toolchain/10 2020-q4-major/bin/../lib/gcc/arm-none-eabi/10.2.1/../../../../arm-none-eabi/lib/thumb/v7e-m+fp/hard\libc_nano.a(lib_a-readr.o)
                0x08006500                _read_r
 .text._close   0x08006524       0x10 c:/program files (x86)/gnu arm embedded toolchain/10 2020-q4-major/bin/../lib/gcc/arm-none-eabi/10.2.1/../../../../arm-none-eabi/lib/thumb/v7e-m+fp/hard\libnosys.a(close.o)
                0x08006524                _close
 .text._fstat   0x08006534       0x10 c:/program files (x86)/gnu arm embedded toolchain/10 2020-q4-major/bin/../lib/gcc/arm-none-eabi/10.2.1/../../../../arm-none-eabi/lib/thumb/v7e-m+fp/hard\libnosys.a(fstat.o)
                0x08006534                _fstat
 .text._isatty  0x08006544       0x10 c:/program files (x86)/gnu arm embedded toolchain/10 2020-q4-major/bin/../lib/gcc/arm-none-eabi/10.2.1/../../../../arm-none-eabi/lib/thumb/v7e-m+fp/hard\libnosys.a(isatty.o)
                0x08006544                _isatty
 .text._lseek   0x08006554       0x10 c:/program files (x86)/gnu arm embedded toolchain/10 2020-q4-major/bin/../lib/gcc/arm-none-eabi/10.2.1/../../../../arm-none-eabi/lib/thumb/v7e-m+fp/hard\libnosys.a(lseek.o)
                0x08006554                _lseek
 .text._read    0x08006564       0x10 c:/program files (x86)/gnu arm embedded toolchain/10 2020-q4-major/bin/../lib/gcc/arm-none-eabi/10.2.1/../../../../arm-none-eabi/lib/thumb/v7e-m+fp/hard\libnosys.a(read.o)
                0x08006564                _read
 .text._sbrk    0x08006574       0x1c c:/program files (x86)/gnu arm embedded toolchain/10 2020-q4-major/bin/../lib/gcc/arm-none-eabi/10.2.1/../../../../arm-none-eabi/lib/thumb/v7e-m+fp/hard\libnosys.a(sbrk.o)
                0x08006574                _sbrk
 .text._write   0x08006590       0x10 c:/program files (x86)/gnu arm embedded toolchain/10 2020-q4-major/bin/../lib/gcc/arm-none-eabi/10.2.1/../../../../arm-none-eabi/lib/thumb/v7e-m+fp/hard\libnosys.a(write.o)
                0x08006590                _write
 *(.glue_7)
 .glue_7        0x080065a0        0x0 linker stubs
 *(.glue_7t)
 .glue_7t       0x080065a0        0x0 linker stubs
 *(.eh_frame)
 .eh_frame      0x080065a0        0x0 c:/program files (x86)/gnu arm embedded toolchain/10 2020-q4-major/bin/../lib/gcc/arm-none-eabi/10.2.1/thumb/v7e-m+fp/hard/crtbegin.o
 *(.init)
 .init          0x080065a0        0x4 c:/program files (x86)/gnu arm embedded toolchain/10 2020-q4-major/bin/../lib/gcc/arm-none-eabi/10.2.1/thumb/v7e-m+fp/hard/crti.o
                0x080065a0                _init
 .init          0x080065a4        0x8 c:/program files (x86)/gnu arm embedded toolchain/10 2020-q4-major/bin/../lib/gcc/arm-none-eabi/10.2.1/thumb/v7e-m+fp/hard/crtn.o
 *(.fini)
 .fini          0x080065ac        0x4 c:/program files (x86)/gnu arm embedded toolchain/10 2020-q4-major/bin/../lib/gcc/arm-none-eabi/10.2.1/thumb/v7e-m+fp/hard/crti.o
                0x080065ac                _fini
 .fini          0x080065b0        0x8 c:/program files (x86)/gnu arm embedded toolchain/10 2020-q4-major/bin/../lib/gcc/arm-none-eabi/10.2.1/thumb/v7e-m+fp/hard/crtn.o
                0x080065b8                . = ALIGN (0x4)
                0x080065b8                _etext = .

.vfp11_veneer   0x080065b8        0x0
 .vfp11_veneer  0x080065b8        0x0 linker stubs

.v4_bx          0x080065b8        0x0
 .v4_bx         0x080065b8        0x0 linker stubs

.iplt           0x080065b8        0x0
 .iplt          0x080065b8        0x0 c:/program files (x86)/gnu arm embedded toolchain/10 2020-q4-major/bin/../lib/gcc/arm-none-eabi/10.2.1/thumb/v7e-m+fp/hard/crtbegin.o

.rodata         0x080065b8     0x1948
                0x080065b8                . = ALIGN (0x4)
 *(.rodata)
 *(.rodata*)
 .rodata.asc2_1206
                0x080065b8      0x474 build/GUI.o
                0x080065b8                asc2_1206
 .rodata.asc2_1608
                0x08006a2c      0x5f0 build/GUI.o
                0x08006a2c                asc2_1608
 .rodata.tfont16
                0x0800701c      0x990 build/GUI.o
                0x0800701c                tfont16
 .rodata.tfont24
                0x080079ac      0x206 build/GUI.o
                0x080079ac                tfont24
 *fill*         0x08007bb2        0x2 
 .rodata.tfont32
                0x08007bb4      0x208 build/GUI.o
                0x08007bb4                tfont32
 .rodata.LCD_Init.str1.4
                0x08007dbc       0x1f build/lcd.o
 *fill*         0x08007ddb        0x1 
 .rodata.wakeup_test.str1.4
                0x08007ddc       0x8b build/test.o
 *fill*         0x08007e67        0x1 
 .rodata._global_impure_ptr
                0x08007e68        0x4 c:/program files (x86)/gnu arm embedded toolchain/10 2020-q4-major/bin/../lib/gcc/arm-none-eabi/10.2.1/../../../../arm-none-eabi/lib/thumb/v7e-m+fp/hard\libc_nano.a(lib_a-impure.o)
                0x08007e68                _global_impure_ptr
 .rodata.__sf_fake_stderr
                0x08007e6c       0x20 c:/program files (x86)/gnu arm embedded toolchain/10 2020-q4-major/bin/../lib/gcc/arm-none-eabi/10.2.1/../../../../arm-none-eabi/lib/thumb/v7e-m+fp/hard\libc_nano.a(lib_a-findfp.o)
                0x08007e6c                __sf_fake_stderr
 .rodata.__sf_fake_stdin
                0x08007e8c       0x20 c:/program files (x86)/gnu arm embedded toolchain/10 2020-q4-major/bin/../lib/gcc/arm-none-eabi/10.2.1/../../../../arm-none-eabi/lib/thumb/v7e-m+fp/hard\libc_nano.a(lib_a-findfp.o)
                0x08007e8c                __sf_fake_stdin
 .rodata.__sf_fake_stdout
                0x08007eac       0x20 c:/program files (x86)/gnu arm embedded toolchain/10 2020-q4-major/bin/../lib/gcc/arm-none-eabi/10.2.1/../../../../arm-none-eabi/lib/thumb/v7e-m+fp/hard\libc_nano.a(lib_a-findfp.o)
                0x08007eac                __sf_fake_stdout
 .rodata._vfprintf_r.str1.1
                0x08007ecc       0x11 c:/program files (x86)/gnu arm embedded toolchain/10 2020-q4-major/bin/../lib/gcc/arm-none-eabi/10.2.1/../../../../arm-none-eabi/lib/thumb/v7e-m+fp/hard\libc_nano.a(lib_a-nano-vfprintf.o)
 .rodata._printf_i.str1.1
                0x08007edd       0x22 c:/program files (x86)/gnu arm embedded toolchain/10 2020-q4-major/bin/../lib/gcc/arm-none-eabi/10.2.1/../../../../arm-none-eabi/lib/thumb/v7e-m+fp/hard\libc_nano.a(lib_a-nano-vfprintf_i.o)
                0x08007f00                . = ALIGN (0x4)
 *fill*         0x08007eff        0x1 

.rel.dyn        0x08007f00        0x0
 .rel.iplt      0x08007f00        0x0 c:/program files (x86)/gnu arm embedded toolchain/10 2020-q4-major/bin/../lib/gcc/arm-none-eabi/10.2.1/thumb/v7e-m+fp/hard/crtbegin.o

.ARM.extab
 *(.ARM.extab* .gnu.linkonce.armextab.*)

.ARM            0x08007f00        0x0
                0x08007f00                __exidx_start = .
 *(.ARM.exidx*)
                0x08007f00                __exidx_end = .

.preinit_array  0x08007f00        0x0
                0x08007f00                PROVIDE (__preinit_array_start = .)
 *(.preinit_array*)
                0x08007f00                PROVIDE (__preinit_array_end = .)

.init_array     0x08007f00        0x4
                0x08007f00                PROVIDE (__init_array_start = .)
 *(SORT_BY_NAME(.init_array.*))
 *(.init_array*)
 .init_array    0x08007f00        0x4 c:/program files (x86)/gnu arm embedded toolchain/10 2020-q4-major/bin/../lib/gcc/arm-none-eabi/10.2.1/thumb/v7e-m+fp/hard/crtbegin.o
                0x08007f04                PROVIDE (__init_array_end = .)

.fini_array     0x08007f04        0x4
                [!provide]                PROVIDE (__fini_array_start = .)
 *(SORT_BY_NAME(.fini_array.*))
 *(.fini_array*)
 .fini_array    0x08007f04        0x4 c:/program files (x86)/gnu arm embedded toolchain/10 2020-q4-major/bin/../lib/gcc/arm-none-eabi/10.2.1/thumb/v7e-m+fp/hard/crtbegin.o
                [!provide]                PROVIDE (__fini_array_end = .)
                0x08007f08                _sidata = LOADADDR (.data)

.data           0x20000000       0x74 load address 0x08007f08
                0x20000000                . = ALIGN (0x4)
                0x20000000                _sdata = .
 *(.data)
 *(.data*)
 .data.APBAHBPrescTable
                0x20000000       0x10 build/stm32f4xx_rcc.o
 .data._impure_ptr
                0x20000010        0x4 c:/program files (x86)/gnu arm embedded toolchain/10 2020-q4-major/bin/../lib/gcc/arm-none-eabi/10.2.1/../../../../arm-none-eabi/lib/thumb/v7e-m+fp/hard\libc_nano.a(lib_a-impure.o)
                0x20000010                _impure_ptr
 .data.impure_data
                0x20000014       0x60 c:/program files (x86)/gnu arm embedded toolchain/10 2020-q4-major/bin/../lib/gcc/arm-none-eabi/10.2.1/../../../../arm-none-eabi/lib/thumb/v7e-m+fp/hard\libc_nano.a(lib_a-impure.o)
                0x20000074                . = ALIGN (0x4)
                0x20000074                _edata = .
                0x08007f7c                _siccmram = LOADADDR (.ccmram)

.igot.plt       0x20000074        0x0 load address 0x08007f7c
 .igot.plt      0x20000074        0x0 c:/program files (x86)/gnu arm embedded toolchain/10 2020-q4-major/bin/../lib/gcc/arm-none-eabi/10.2.1/thumb/v7e-m+fp/hard/crtbegin.o

.ccmram         0x10000000        0x0 load address 0x08007f7c
                0x10000000                . = ALIGN (0x4)
                0x10000000                _sccmram = .
 *(.ccmram)
 *(.ccmram*)
                0x10000000                . = ALIGN (0x4)
                0x10000000                _eccmram = .
                0x10000000                . = ALIGN (0x4)

.bss            0x20000074      0x150
                0x20000074                _sbss = .
                0x20000074                __bss_start__ = _sbss
 *(.bss)
 .bss           0x20000074       0x1c c:/program files (x86)/gnu arm embedded toolchain/10 2020-q4-major/bin/../lib/gcc/arm-none-eabi/10.2.1/thumb/v7e-m+fp/hard/crtbegin.o
 *(.bss*)
 .bss.POINT_COLOR
                0x20000090        0x2 build/lcd.o
                0x20000090                POINT_COLOR
 *fill*         0x20000092        0x2 
 .bss.lcddev    0x20000094       0x16 build/lcd.o
                0x20000094                lcddev
 *fill*         0x200000aa        0x2 
 .bss.USART_RX_BUF
                0x200000ac      0x100 build/usart.o
                0x200000ac                USART_RX_BUF
 .bss.USART_RX_STA
                0x200001ac        0x2 build/usart.o
                0x200001ac                USART_RX_STA
 .bss.fac_ms    0x200001ae        0x2 build/delay.o
 .bss.fac_us    0x200001b0        0x1 build/delay.o
 .bss.__lock___malloc_recursive_mutex
                0x200001b1        0x1 c:/program files (x86)/gnu arm embedded toolchain/10 2020-q4-major/bin/../lib/gcc/arm-none-eabi/10.2.1/../../../../arm-none-eabi/lib/thumb/v7e-m+fp/hard\libc_nano.a(lib_a-lock.o)
                0x200001b1                __lock___malloc_recursive_mutex
 .bss.__lock___sfp_recursive_mutex
                0x200001b2        0x1 c:/program files (x86)/gnu arm embedded toolchain/10 2020-q4-major/bin/../lib/gcc/arm-none-eabi/10.2.1/../../../../arm-none-eabi/lib/thumb/v7e-m+fp/hard\libc_nano.a(lib_a-lock.o)
                0x200001b2                __lock___sfp_recursive_mutex
 .bss.__lock___sinit_recursive_mutex
                0x200001b3        0x1 c:/program files (x86)/gnu arm embedded toolchain/10 2020-q4-major/bin/../lib/gcc/arm-none-eabi/10.2.1/../../../../arm-none-eabi/lib/thumb/v7e-m+fp/hard\libc_nano.a(lib_a-lock.o)
                0x200001b3                __lock___sinit_recursive_mutex
 .bss.__malloc_free_list
                0x200001b4        0x4 c:/program files (x86)/gnu arm embedded toolchain/10 2020-q4-major/bin/../lib/gcc/arm-none-eabi/10.2.1/../../../../arm-none-eabi/lib/thumb/v7e-m+fp/hard\libc_nano.a(lib_a-nano-mallocr.o)
                0x200001b4                __malloc_free_list
 .bss.__malloc_sbrk_start
                0x200001b8        0x4 c:/program files (x86)/gnu arm embedded toolchain/10 2020-q4-major/bin/../lib/gcc/arm-none-eabi/10.2.1/../../../../arm-none-eabi/lib/thumb/v7e-m+fp/hard\libc_nano.a(lib_a-nano-mallocr.o)
                0x200001b8                __malloc_sbrk_start
 .bss.errno     0x200001bc        0x4 c:/program files (x86)/gnu arm embedded toolchain/10 2020-q4-major/bin/../lib/gcc/arm-none-eabi/10.2.1/../../../../arm-none-eabi/lib/thumb/v7e-m+fp/hard\libc_nano.a(lib_a-reent.o)
                0x200001bc                errno
 .bss.heap_end.0
                0x200001c0        0x4 c:/program files (x86)/gnu arm embedded toolchain/10 2020-q4-major/bin/../lib/gcc/arm-none-eabi/10.2.1/../../../../arm-none-eabi/lib/thumb/v7e-m+fp/hard\libnosys.a(sbrk.o)
 *(COMMON)
                0x200001c4                . = ALIGN (0x4)
                0x200001c4                _ebss = .
                0x200001c4                __bss_end__ = _ebss

._user_heap_stack
                0x200001c4      0x604
                0x200001c8                . = ALIGN (0x8)
 *fill*         0x200001c4        0x4 
                0x200001c8                PROVIDE (end = .)
                [!provide]                PROVIDE (_end = .)
                0x200003c8                . = (. + _Min_Heap_Size)
 *fill*         0x200001c8      0x200 
                0x200007c8                . = (. + _Min_Stack_Size)
 *fill*         0x200003c8      0x400 
                0x200007c8                . = ALIGN (0x8)

/DISCARD/
 libc.a(*)
 libm.a(*)
 libgcc.a(*)

.ARM.attributes
                0x00000000       0x30
 *(.ARM.attributes)
 .ARM.attributes
                0x00000000       0x1e c:/program files (x86)/gnu arm embedded toolchain/10 2020-q4-major/bin/../lib/gcc/arm-none-eabi/10.2.1/thumb/v7e-m+fp/hard/crti.o
 .ARM.attributes
                0x0000001e       0x34 c:/program files (x86)/gnu arm embedded toolchain/10 2020-q4-major/bin/../lib/gcc/arm-none-eabi/10.2.1/thumb/v7e-m+fp/hard/crtbegin.o
 .ARM.attributes
                0x00000052       0x34 build/main.o
 .ARM.attributes
                0x00000086       0x34 build/GUI.o
 .ARM.attributes
                0x000000ba       0x34 build/lcd.o
 .ARM.attributes
                0x000000ee       0x34 build/led.o
 .ARM.attributes
                0x00000122       0x34 build/test.o
 .ARM.attributes
                0x00000156       0x34 build/usart.o
 .ARM.attributes
                0x0000018a       0x34 build/wkup.o
 .ARM.attributes
                0x000001be       0x34 build/delay.o
 .ARM.attributes
                0x000001f2       0x34 build/stm32f4xx_it.o
 .ARM.attributes
                0x00000226       0x34 build/misc.o
 .ARM.attributes
                0x0000025a       0x34 build/stm32f4xx_exti.o
 .ARM.attributes
                0x0000028e       0x34 build/stm32f4xx_fsmc.o
 .ARM.attributes
                0x000002c2       0x34 build/stm32f4xx_gpio.o
 .ARM.attributes
                0x000002f6       0x34 build/stm32f4xx_pwr.o
 .ARM.attributes
                0x0000032a       0x34 build/stm32f4xx_rcc.o
 .ARM.attributes
                0x0000035e       0x34 build/stm32f4xx_rtc.o
 .ARM.attributes
                0x00000392       0x34 build/stm32f4xx_syscfg.o
 .ARM.attributes
                0x000003c6       0x34 build/stm32f4xx_usart.o
 .ARM.attributes
                0x000003fa       0x34 build/system_stm32f4xx.o
 .ARM.attributes
                0x0000042e       0x21 build/startup_stm32f407xx.o
 .ARM.attributes
                0x0000044f       0x32 c:/program files (x86)/gnu arm embedded toolchain/10 2020-q4-major/bin/../lib/gcc/arm-none-eabi/10.2.1/../../../../arm-none-eabi/lib/thumb/v7e-m+fp/hard\libc_nano.a(lib_a-impure.o)
 .ARM.attributes
                0x00000481       0x34 c:/program files (x86)/gnu arm embedded toolchain/10 2020-q4-major/bin/../lib/gcc/arm-none-eabi/10.2.1/../../../../arm-none-eabi/lib/thumb/v7e-m+fp/hard\libc_nano.a(lib_a-init.o)
 .ARM.attributes
                0x000004b5       0x34 c:/program files (x86)/gnu arm embedded toolchain/10 2020-q4-major/bin/../lib/gcc/arm-none-eabi/10.2.1/../../../../arm-none-eabi/lib/thumb/v7e-m+fp/hard\libc_nano.a(lib_a-memset.o)
 .ARM.attributes
                0x000004e9       0x34 c:/program files (x86)/gnu arm embedded toolchain/10 2020-q4-major/bin/../lib/gcc/arm-none-eabi/10.2.1/../../../../arm-none-eabi/lib/thumb/v7e-m+fp/hard\libc_nano.a(lib_a-printf.o)
 .ARM.attributes
                0x0000051d       0x34 c:/program files (x86)/gnu arm embedded toolchain/10 2020-q4-major/bin/../lib/gcc/arm-none-eabi/10.2.1/../../../../arm-none-eabi/lib/thumb/v7e-m+fp/hard\libc_nano.a(lib_a-puts.o)
 .ARM.attributes
                0x00000551       0x17 c:/program files (x86)/gnu arm embedded toolchain/10 2020-q4-major/bin/../lib/gcc/arm-none-eabi/10.2.1/../../../../arm-none-eabi/lib/thumb/v7e-m+fp/hard\libc_nano.a(lib_a-strlen.o)
 .ARM.attributes
                0x00000568       0x34 c:/program files (x86)/gnu arm embedded toolchain/10 2020-q4-major/bin/../lib/gcc/arm-none-eabi/10.2.1/../../../../arm-none-eabi/lib/thumb/v7e-m+fp/hard\libc_nano.a(lib_a-wbuf.o)
 .ARM.attributes
                0x0000059c       0x34 c:/program files (x86)/gnu arm embedded toolchain/10 2020-q4-major/bin/../lib/gcc/arm-none-eabi/10.2.1/../../../../arm-none-eabi/lib/thumb/v7e-m+fp/hard\libc_nano.a(lib_a-wsetup.o)
 .ARM.attributes
                0x000005d0       0x34 c:/program files (x86)/gnu arm embedded toolchain/10 2020-q4-major/bin/../lib/gcc/arm-none-eabi/10.2.1/../../../../arm-none-eabi/lib/thumb/v7e-m+fp/hard\libc_nano.a(lib_a-fflush.o)
 .ARM.attributes
                0x00000604       0x34 c:/program files (x86)/gnu arm embedded toolchain/10 2020-q4-major/bin/../lib/gcc/arm-none-eabi/10.2.1/../../../../arm-none-eabi/lib/thumb/v7e-m+fp/hard\libc_nano.a(lib_a-findfp.o)
 .ARM.attributes
                0x00000638       0x34 c:/program files (x86)/gnu arm embedded toolchain/10 2020-q4-major/bin/../lib/gcc/arm-none-eabi/10.2.1/../../../../arm-none-eabi/lib/thumb/v7e-m+fp/hard\libc_nano.a(lib_a-fwalk.o)
 .ARM.attributes
                0x0000066c       0x34 c:/program files (x86)/gnu arm embedded toolchain/10 2020-q4-major/bin/../lib/gcc/arm-none-eabi/10.2.1/../../../../arm-none-eabi/lib/thumb/v7e-m+fp/hard\libc_nano.a(lib_a-lock.o)
 .ARM.attributes
                0x000006a0       0x34 c:/program files (x86)/gnu arm embedded toolchain/10 2020-q4-major/bin/../lib/gcc/arm-none-eabi/10.2.1/../../../../arm-none-eabi/lib/thumb/v7e-m+fp/hard\libc_nano.a(lib_a-makebuf.o)
 .ARM.attributes
                0x000006d4       0x34 c:/program files (x86)/gnu arm embedded toolchain/10 2020-q4-major/bin/../lib/gcc/arm-none-eabi/10.2.1/../../../../arm-none-eabi/lib/thumb/v7e-m+fp/hard\libc_nano.a(lib_a-nano-freer.o)
 .ARM.attributes
                0x00000708       0x34 c:/program files (x86)/gnu arm embedded toolchain/10 2020-q4-major/bin/../lib/gcc/arm-none-eabi/10.2.1/../../../../arm-none-eabi/lib/thumb/v7e-m+fp/hard\libc_nano.a(lib_a-nano-mallocr.o)
 .ARM.attributes
                0x0000073c       0x34 c:/program files (x86)/gnu arm embedded toolchain/10 2020-q4-major/bin/../lib/gcc/arm-none-eabi/10.2.1/../../../../arm-none-eabi/lib/thumb/v7e-m+fp/hard\libc_nano.a(lib_a-nano-vfprintf.o)
 .ARM.attributes
                0x00000770       0x34 c:/program files (x86)/gnu arm embedded toolchain/10 2020-q4-major/bin/../lib/gcc/arm-none-eabi/10.2.1/../../../../arm-none-eabi/lib/thumb/v7e-m+fp/hard\libc_nano.a(lib_a-nano-vfprintf_i.o)
 .ARM.attributes
                0x000007a4       0x34 c:/program files (x86)/gnu arm embedded toolchain/10 2020-q4-major/bin/../lib/gcc/arm-none-eabi/10.2.1/../../../../arm-none-eabi/lib/thumb/v7e-m+fp/hard\libc_nano.a(lib_a-sbrkr.o)
 .ARM.attributes
                0x000007d8       0x34 c:/program files (x86)/gnu arm embedded toolchain/10 2020-q4-major/bin/../lib/gcc/arm-none-eabi/10.2.1/../../../../arm-none-eabi/lib/thumb/v7e-m+fp/hard\libc_nano.a(lib_a-stdio.o)
 .ARM.attributes
                0x0000080c       0x34 c:/program files (x86)/gnu arm embedded toolchain/10 2020-q4-major/bin/../lib/gcc/arm-none-eabi/10.2.1/../../../../arm-none-eabi/lib/thumb/v7e-m+fp/hard\libc_nano.a(lib_a-writer.o)
 .ARM.attributes
                0x00000840       0x34 c:/program files (x86)/gnu arm embedded toolchain/10 2020-q4-major/bin/../lib/gcc/arm-none-eabi/10.2.1/../../../../arm-none-eabi/lib/thumb/v7e-m+fp/hard\libc_nano.a(lib_a-closer.o)
 .ARM.attributes
                0x00000874       0x34 c:/program files (x86)/gnu arm embedded toolchain/10 2020-q4-major/bin/../lib/gcc/arm-none-eabi/10.2.1/../../../../arm-none-eabi/lib/thumb/v7e-m+fp/hard\libc_nano.a(lib_a-fstatr.o)
 .ARM.attributes
                0x000008a8       0x34 c:/program files (x86)/gnu arm embedded toolchain/10 2020-q4-major/bin/../lib/gcc/arm-none-eabi/10.2.1/../../../../arm-none-eabi/lib/thumb/v7e-m+fp/hard\libc_nano.a(lib_a-isattyr.o)
 .ARM.attributes
                0x000008dc       0x34 c:/program files (x86)/gnu arm embedded toolchain/10 2020-q4-major/bin/../lib/gcc/arm-none-eabi/10.2.1/../../../../arm-none-eabi/lib/thumb/v7e-m+fp/hard\libc_nano.a(lib_a-lseekr.o)
 .ARM.attributes
                0x00000910       0x1c c:/program files (x86)/gnu arm embedded toolchain/10 2020-q4-major/bin/../lib/gcc/arm-none-eabi/10.2.1/../../../../arm-none-eabi/lib/thumb/v7e-m+fp/hard\libc_nano.a(lib_a-memchr.o)
 .ARM.attributes
                0x0000092c       0x34 c:/program files (x86)/gnu arm embedded toolchain/10 2020-q4-major/bin/../lib/gcc/arm-none-eabi/10.2.1/../../../../arm-none-eabi/lib/thumb/v7e-m+fp/hard\libc_nano.a(lib_a-mlock.o)
 .ARM.attributes
                0x00000960       0x34 c:/program files (x86)/gnu arm embedded toolchain/10 2020-q4-major/bin/../lib/gcc/arm-none-eabi/10.2.1/../../../../arm-none-eabi/lib/thumb/v7e-m+fp/hard\libc_nano.a(lib_a-readr.o)
 .ARM.attributes
                0x00000994       0x34 c:/program files (x86)/gnu arm embedded toolchain/10 2020-q4-major/bin/../lib/gcc/arm-none-eabi/10.2.1/../../../../arm-none-eabi/lib/thumb/v7e-m+fp/hard\libc_nano.a(lib_a-reent.o)
 .ARM.attributes
                0x000009c8       0x34 c:/program files (x86)/gnu arm embedded toolchain/10 2020-q4-major/bin/../lib/gcc/arm-none-eabi/10.2.1/../../../../arm-none-eabi/lib/thumb/v7e-m+fp/hard\libnosys.a(close.o)
 .ARM.attributes
                0x000009fc       0x34 c:/program files (x86)/gnu arm embedded toolchain/10 2020-q4-major/bin/../lib/gcc/arm-none-eabi/10.2.1/../../../../arm-none-eabi/lib/thumb/v7e-m+fp/hard\libnosys.a(fstat.o)
 .ARM.attributes
                0x00000a30       0x34 c:/program files (x86)/gnu arm embedded toolchain/10 2020-q4-major/bin/../lib/gcc/arm-none-eabi/10.2.1/../../../../arm-none-eabi/lib/thumb/v7e-m+fp/hard\libnosys.a(isatty.o)
 .ARM.attributes
                0x00000a64       0x34 c:/program files (x86)/gnu arm embedded toolchain/10 2020-q4-major/bin/../lib/gcc/arm-none-eabi/10.2.1/../../../../arm-none-eabi/lib/thumb/v7e-m+fp/hard\libnosys.a(lseek.o)
 .ARM.attributes
                0x00000a98       0x34 c:/program files (x86)/gnu arm embedded toolchain/10 2020-q4-major/bin/../lib/gcc/arm-none-eabi/10.2.1/../../../../arm-none-eabi/lib/thumb/v7e-m+fp/hard\libnosys.a(read.o)
 .ARM.attributes
                0x00000acc       0x34 c:/program files (x86)/gnu arm embedded toolchain/10 2020-q4-major/bin/../lib/gcc/arm-none-eabi/10.2.1/../../../../arm-none-eabi/lib/thumb/v7e-m+fp/hard\libnosys.a(sbrk.o)
 .ARM.attributes
                0x00000b00       0x34 c:/program files (x86)/gnu arm embedded toolchain/10 2020-q4-major/bin/../lib/gcc/arm-none-eabi/10.2.1/../../../../arm-none-eabi/lib/thumb/v7e-m+fp/hard\libnosys.a(write.o)
 .ARM.attributes
                0x00000b34       0x1e c:/program files (x86)/gnu arm embedded toolchain/10 2020-q4-major/bin/../lib/gcc/arm-none-eabi/10.2.1/thumb/v7e-m+fp/hard\libgcc.a(_arm_muldf3.o)
 .ARM.attributes
                0x00000b52       0x1e c:/program files (x86)/gnu arm embedded toolchain/10 2020-q4-major/bin/../lib/gcc/arm-none-eabi/10.2.1/thumb/v7e-m+fp/hard\libgcc.a(_arm_addsubdf3.o)
 .ARM.attributes
                0x00000b70       0x1e c:/program files (x86)/gnu arm embedded toolchain/10 2020-q4-major/bin/../lib/gcc/arm-none-eabi/10.2.1/thumb/v7e-m+fp/hard\libgcc.a(_arm_fixunsdfsi.o)
 .ARM.attributes
                0x00000b8e       0x1e c:/program files (x86)/gnu arm embedded toolchain/10 2020-q4-major/bin/../lib/gcc/arm-none-eabi/10.2.1/thumb/v7e-m+fp/hard/crtn.o
OUTPUT(build/template.elf elf32-littlearm)
LOAD linker stubs
LOAD c:/program files (x86)/gnu arm embedded toolchain/10 2020-q4-major/bin/../lib/gcc/arm-none-eabi/10.2.1/../../../../arm-none-eabi/lib/thumb/v7e-m+fp/hard\libc.a
LOAD c:/program files (x86)/gnu arm embedded toolchain/10 2020-q4-major/bin/../lib/gcc/arm-none-eabi/10.2.1/../../../../arm-none-eabi/lib/thumb/v7e-m+fp/hard\libm.a
LOAD c:/program files (x86)/gnu arm embedded toolchain/10 2020-q4-major/bin/../lib/gcc/arm-none-eabi/10.2.1/thumb/v7e-m+fp/hard\libgcc.a

.debug_info     0x00000000    0x1549e
 .debug_info    0x00000000      0x199 build/main.o
 .debug_info    0x00000199     0x2414 build/GUI.o
 .debug_info    0x000025ad     0xa521 build/lcd.o
 .debug_info    0x0000cace      0x382 build/led.o
 .debug_info    0x0000ce50      0x263 build/test.o
 .debug_info    0x0000d0b3     0x13f9 build/usart.o
 .debug_info    0x0000e4ac      0x93b build/wkup.o
 .debug_info    0x0000ede7      0x2b5 build/delay.o
 .debug_info    0x0000f09c      0x136 build/stm32f4xx_it.o
 .debug_info    0x0000f1d2      0x5eb build/misc.o
 .debug_info    0x0000f7bd      0x39a build/stm32f4xx_exti.o
 .debug_info    0x0000fb57      0xaa9 build/stm32f4xx_fsmc.o
 .debug_info    0x00010600      0x911 build/stm32f4xx_gpio.o
 .debug_info    0x00010f11      0x6c0 build/stm32f4xx_pwr.o
 .debug_info    0x000115d1     0x1111 build/stm32f4xx_rcc.o
 .debug_info    0x000126e2     0x1687 build/stm32f4xx_rtc.o
 .debug_info    0x00013d69      0x30e build/stm32f4xx_syscfg.o
 .debug_info    0x00014077      0xd2b build/stm32f4xx_usart.o
 .debug_info    0x00014da2      0x6da build/system_stm32f4xx.o
 .debug_info    0x0001547c       0x22 build/startup_stm32f407xx.o

.debug_abbrev   0x00000000     0x22a7
 .debug_abbrev  0x00000000       0x9c build/main.o
 .debug_abbrev  0x0000009c      0x2be build/GUI.o
 .debug_abbrev  0x0000035a      0x375 build/lcd.o
 .debug_abbrev  0x000006cf      0x148 build/led.o
 .debug_abbrev  0x00000817       0xbe build/test.o
 .debug_abbrev  0x000008d5      0x321 build/usart.o
 .debug_abbrev  0x00000bf6      0x1c6 build/wkup.o
 .debug_abbrev  0x00000dbc      0x155 build/delay.o
 .debug_abbrev  0x00000f11       0x46 build/stm32f4xx_it.o
 .debug_abbrev  0x00000f57      0x167 build/misc.o
 .debug_abbrev  0x000010be      0x213 build/stm32f4xx_exti.o
 .debug_abbrev  0x000012d1      0x200 build/stm32f4xx_fsmc.o
 .debug_abbrev  0x000014d1      0x249 build/stm32f4xx_gpio.o
 .debug_abbrev  0x0000171a      0x1e2 build/stm32f4xx_pwr.o
 .debug_abbrev  0x000018fc      0x240 build/stm32f4xx_rcc.o
 .debug_abbrev  0x00001b3c      0x250 build/stm32f4xx_rtc.o
 .debug_abbrev  0x00001d8c      0x194 build/stm32f4xx_syscfg.o
 .debug_abbrev  0x00001f20      0x1ec build/stm32f4xx_usart.o
 .debug_abbrev  0x0000210c      0x189 build/system_stm32f4xx.o
 .debug_abbrev  0x00002295       0x12 build/startup_stm32f407xx.o

.debug_loc      0x00000000     0x6d2f
 .debug_loc     0x00000000       0x20 build/main.o
 .debug_loc     0x00000020     0x2190 build/GUI.o
 .debug_loc     0x000021b0      0xabd build/lcd.o
 .debug_loc     0x00002c6d       0x38 build/led.o
 .debug_loc     0x00002ca5       0x38 build/test.o
 .debug_loc     0x00002cdd      0x113 build/usart.o
 .debug_loc     0x00002df0      0x11f build/wkup.o
 .debug_loc     0x00002f0f      0x142 build/delay.o
 .debug_loc     0x00003051      0x187 build/misc.o
 .debug_loc     0x000031d8      0x181 build/stm32f4xx_exti.o
 .debug_loc     0x00003359      0x6c7 build/stm32f4xx_fsmc.o
 .debug_loc     0x00003a20      0x4af build/stm32f4xx_gpio.o
 .debug_loc     0x00003ecf      0x14d build/stm32f4xx_pwr.o
 .debug_loc     0x0000401c      0xc16 build/stm32f4xx_rcc.o
 .debug_loc     0x00004c32     0x1601 build/stm32f4xx_rtc.o
 .debug_loc     0x00006233       0xdc build/stm32f4xx_syscfg.o
 .debug_loc     0x0000630f      0x870 build/stm32f4xx_usart.o
 .debug_loc     0x00006b7f      0x1b0 build/system_stm32f4xx.o

.debug_aranges  0x00000000      0xad8
 .debug_aranges
                0x00000000       0x20 build/main.o
 .debug_aranges
                0x00000020       0xf0 build/GUI.o
 .debug_aranges
                0x00000110       0xc0 build/lcd.o
 .debug_aranges
                0x000001d0       0x20 build/led.o
 .debug_aranges
                0x000001f0       0x20 build/test.o
 .debug_aranges
                0x00000210       0x38 build/usart.o
 .debug_aranges
                0x00000248       0x38 build/wkup.o
 .debug_aranges
                0x00000280       0x38 build/delay.o
 .debug_aranges
                0x000002b8       0x60 build/stm32f4xx_it.o
 .debug_aranges
                0x00000318       0x40 build/misc.o
 .debug_aranges
                0x00000358       0x58 build/stm32f4xx_exti.o
 .debug_aranges
                0x000003b0       0xb0 build/stm32f4xx_fsmc.o
 .debug_aranges
                0x00000460       0x88 build/stm32f4xx_gpio.o
 .debug_aranges
                0x000004e8       0xa8 build/stm32f4xx_pwr.o
 .debug_aranges
                0x00000590      0x1c0 build/stm32f4xx_rcc.o
 .debug_aranges
                0x00000750      0x1e0 build/stm32f4xx_rtc.o
 .debug_aranges
                0x00000930       0x50 build/stm32f4xx_syscfg.o
 .debug_aranges
                0x00000980      0x100 build/stm32f4xx_usart.o
 .debug_aranges
                0x00000a80       0x30 build/system_stm32f4xx.o
 .debug_aranges
                0x00000ab0       0x28 build/startup_stm32f407xx.o

.debug_ranges   0x00000000      0x9a0
 .debug_ranges  0x00000000       0x10 build/main.o
 .debug_ranges  0x00000010       0xe0 build/GUI.o
 .debug_ranges  0x000000f0       0xb0 build/lcd.o
 .debug_ranges  0x000001a0       0x10 build/led.o
 .debug_ranges  0x000001b0       0x10 build/test.o
 .debug_ranges  0x000001c0       0x28 build/usart.o
 .debug_ranges  0x000001e8       0x28 build/wkup.o
 .debug_ranges  0x00000210       0x28 build/delay.o
 .debug_ranges  0x00000238       0x50 build/stm32f4xx_it.o
 .debug_ranges  0x00000288       0x30 build/misc.o
 .debug_ranges  0x000002b8       0x48 build/stm32f4xx_exti.o
 .debug_ranges  0x00000300       0xa0 build/stm32f4xx_fsmc.o
 .debug_ranges  0x000003a0       0x78 build/stm32f4xx_gpio.o
 .debug_ranges  0x00000418       0x98 build/stm32f4xx_pwr.o
 .debug_ranges  0x000004b0      0x1b0 build/stm32f4xx_rcc.o
 .debug_ranges  0x00000660      0x1d0 build/stm32f4xx_rtc.o
 .debug_ranges  0x00000830       0x40 build/stm32f4xx_syscfg.o
 .debug_ranges  0x00000870       0xf0 build/stm32f4xx_usart.o
 .debug_ranges  0x00000960       0x20 build/system_stm32f4xx.o
 .debug_ranges  0x00000980       0x20 build/startup_stm32f407xx.o

.debug_line     0x00000000     0x8716
 .debug_line    0x00000000      0x1c6 build/main.o
 .debug_line    0x000001c6     0x1119 build/GUI.o
 .debug_line    0x000012df     0x1b49 build/lcd.o
 .debug_line    0x00002e28      0x1bb build/led.o
 .debug_line    0x00002fe3       0x78 build/test.o
 .debug_line    0x0000305b      0x424 build/usart.o
 .debug_line    0x0000347f      0x330 build/wkup.o
 .debug_line    0x000037af      0x2ca build/delay.o
 .debug_line    0x00003a79      0x129 build/stm32f4xx_it.o
 .debug_line    0x00003ba2      0x2c4 build/misc.o
 .debug_line    0x00003e66      0x365 build/stm32f4xx_exti.o
 .debug_line    0x000041cb      0x9a1 build/stm32f4xx_fsmc.o
 .debug_line    0x00004b6c      0x557 build/stm32f4xx_gpio.o
 .debug_line    0x000050c3      0x491 build/stm32f4xx_pwr.o
 .debug_line    0x00005554      0xc65 build/stm32f4xx_rcc.o
 .debug_line    0x000061b9     0x15be build/stm32f4xx_rtc.o
 .debug_line    0x00007777      0x26b build/stm32f4xx_syscfg.o
 .debug_line    0x000079e2      0x8ec build/stm32f4xx_usart.o
 .debug_line    0x000082ce      0x3d2 build/system_stm32f4xx.o
 .debug_line    0x000086a0       0x76 build/startup_stm32f407xx.o

.debug_str      0x00000000     0x3723
 .debug_str     0x00000000      0x193 build/main.o
                                0x1da (size before relaxing)
 .debug_str     0x00000193      0x340 build/GUI.o
                                0x4d8 (size before relaxing)
 .debug_str     0x000004d3      0x5ec build/lcd.o
                                0x861 (size before relaxing)
 .debug_str     0x00000abf       0x1c build/led.o
                                0x351 (size before relaxing)
 .debug_str     0x00000adb       0x1a build/test.o
                                0x198 (size before relaxing)
 .debug_str     0x00000af5      0xb0b build/usart.o
                                0xea2 (size before relaxing)
 .debug_str     0x00001600      0x1ee build/wkup.o
                                0xb07 (size before relaxing)
 .debug_str     0x000017ee       0x6c build/delay.o
                                0x20e (size before relaxing)
 .debug_str     0x0000185a       0xa8 build/stm32f4xx_it.o
                                0x1e7 (size before relaxing)
 .debug_str     0x00001902      0x149 build/misc.o
                                0x3c8 (size before relaxing)
 .debug_str     0x00001a4b       0xcc build/stm32f4xx_exti.o
                                0x346 (size before relaxing)
 .debug_str     0x00001b17      0x3ba build/stm32f4xx_fsmc.o
                                0x79d (size before relaxing)
 .debug_str     0x00001ed1      0x153 build/stm32f4xx_gpio.o
                                0x4b1 (size before relaxing)
 .debug_str     0x00002024      0x1c3 build/stm32f4xx_pwr.o
                                0x411 (size before relaxing)
 .debug_str     0x000021e7      0x6e5 build/stm32f4xx_rcc.o
                                0x9a6 (size before relaxing)
 .debug_str     0x000028cc      0x93b build/stm32f4xx_rtc.o
                                0xb42 (size before relaxing)
 .debug_str     0x00003207      0x14a build/stm32f4xx_syscfg.o
                                0x31f (size before relaxing)
 .debug_str     0x00003351      0x319 build/stm32f4xx_usart.o
                                0x6c9 (size before relaxing)
 .debug_str     0x0000366a       0x95 build/system_stm32f4xx.o
                                0x3b1 (size before relaxing)
 .debug_str     0x000036ff       0x24 build/startup_stm32f407xx.o
                                 0x3a (size before relaxing)

.comment        0x00000000       0x4d
 .comment       0x00000000       0x4d build/main.o
                                 0x4e (size before relaxing)
 .comment       0x0000004d       0x4e build/GUI.o
 .comment       0x0000004d       0x4e build/lcd.o
 .comment       0x0000004d       0x4e build/led.o
 .comment       0x0000004d       0x4e build/test.o
 .comment       0x0000004d       0x4e build/usart.o
 .comment       0x0000004d       0x4e build/wkup.o
 .comment       0x0000004d       0x4e build/delay.o
 .comment       0x0000004d       0x4e build/stm32f4xx_it.o
 .comment       0x0000004d       0x4e build/misc.o
 .comment       0x0000004d       0x4e build/stm32f4xx_exti.o
 .comment       0x0000004d       0x4e build/stm32f4xx_fsmc.o
 .comment       0x0000004d       0x4e build/stm32f4xx_gpio.o
 .comment       0x0000004d       0x4e build/stm32f4xx_pwr.o
 .comment       0x0000004d       0x4e build/stm32f4xx_rcc.o
 .comment       0x0000004d       0x4e build/stm32f4xx_rtc.o
 .comment       0x0000004d       0x4e build/stm32f4xx_syscfg.o
 .comment       0x0000004d       0x4e build/stm32f4xx_usart.o
 .comment       0x0000004d       0x4e build/system_stm32f4xx.o

.debug_frame    0x00000000     0x2264
 .debug_frame   0x00000000       0x28 build/main.o
 .debug_frame   0x00000028      0x40c build/GUI.o
 .debug_frame   0x00000434      0x220 build/lcd.o
 .debug_frame   0x00000654       0x30 build/led.o
 .debug_frame   0x00000684       0x30 build/test.o
 .debug_frame   0x000006b4       0x74 build/usart.o
 .debug_frame   0x00000728       0x7c build/wkup.o
 .debug_frame   0x000007a4       0x64 build/delay.o
 .debug_frame   0x00000808       0xa0 build/stm32f4xx_it.o
 .debug_frame   0x000008a8       0x60 build/misc.o
 .debug_frame   0x00000908       0xa0 build/stm32f4xx_exti.o
 .debug_frame   0x000009a8      0x15c build/stm32f4xx_fsmc.o
 .debug_frame   0x00000b04      0x118 build/stm32f4xx_gpio.o
 .debug_frame   0x00000c1c      0x138 build/stm32f4xx_pwr.o
 .debug_frame   0x00000d54      0x378 build/stm32f4xx_rcc.o
 .debug_frame   0x000010cc      0x4a4 build/stm32f4xx_rtc.o
 .debug_frame   0x00001570       0x94 build/stm32f4xx_syscfg.o
 .debug_frame   0x00001604      0x204 build/stm32f4xx_usart.o
 .debug_frame   0x00001808       0x54 build/system_stm32f4xx.o
 .debug_frame   0x0000185c       0x2c c:/program files (x86)/gnu arm embedded toolchain/10 2020-q4-major/bin/../lib/gcc/arm-none-eabi/10.2.1/../../../../arm-none-eabi/lib/thumb/v7e-m+fp/hard\libc_nano.a(lib_a-init.o)
 .debug_frame   0x00001888       0x20 c:/program files (x86)/gnu arm embedded toolchain/10 2020-q4-major/bin/../lib/gcc/arm-none-eabi/10.2.1/../../../../arm-none-eabi/lib/thumb/v7e-m+fp/hard\libc_nano.a(lib_a-memset.o)
 .debug_frame   0x000018a8       0x74 c:/program files (x86)/gnu arm embedded toolchain/10 2020-q4-major/bin/../lib/gcc/arm-none-eabi/10.2.1/../../../../arm-none-eabi/lib/thumb/v7e-m+fp/hard\libc_nano.a(lib_a-printf.o)
 .debug_frame   0x0000191c       0x3c c:/program files (x86)/gnu arm embedded toolchain/10 2020-q4-major/bin/../lib/gcc/arm-none-eabi/10.2.1/../../../../arm-none-eabi/lib/thumb/v7e-m+fp/hard\libc_nano.a(lib_a-puts.o)
 .debug_frame   0x00001958       0x40 c:/program files (x86)/gnu arm embedded toolchain/10 2020-q4-major/bin/../lib/gcc/arm-none-eabi/10.2.1/../../../../arm-none-eabi/lib/thumb/v7e-m+fp/hard\libc_nano.a(lib_a-wbuf.o)
 .debug_frame   0x00001998       0x2c c:/program files (x86)/gnu arm embedded toolchain/10 2020-q4-major/bin/../lib/gcc/arm-none-eabi/10.2.1/../../../../arm-none-eabi/lib/thumb/v7e-m+fp/hard\libc_nano.a(lib_a-wsetup.o)
 .debug_frame   0x000019c4       0x5c c:/program files (x86)/gnu arm embedded toolchain/10 2020-q4-major/bin/../lib/gcc/arm-none-eabi/10.2.1/../../../../arm-none-eabi/lib/thumb/v7e-m+fp/hard\libc_nano.a(lib_a-fflush.o)
 .debug_frame   0x00001a20      0x14c c:/program files (x86)/gnu arm embedded toolchain/10 2020-q4-major/bin/../lib/gcc/arm-none-eabi/10.2.1/../../../../arm-none-eabi/lib/thumb/v7e-m+fp/hard\libc_nano.a(lib_a-findfp.o)
 .debug_frame   0x00001b6c       0x54 c:/program files (x86)/gnu arm embedded toolchain/10 2020-q4-major/bin/../lib/gcc/arm-none-eabi/10.2.1/../../../../arm-none-eabi/lib/thumb/v7e-m+fp/hard\libc_nano.a(lib_a-fwalk.o)
 .debug_frame   0x00001bc0       0xb0 c:/program files (x86)/gnu arm embedded toolchain/10 2020-q4-major/bin/../lib/gcc/arm-none-eabi/10.2.1/../../../../arm-none-eabi/lib/thumb/v7e-m+fp/hard\libc_nano.a(lib_a-lock.o)
 .debug_frame   0x00001c70       0x58 c:/program files (x86)/gnu arm embedded toolchain/10 2020-q4-major/bin/../lib/gcc/arm-none-eabi/10.2.1/../../../../arm-none-eabi/lib/thumb/v7e-m+fp/hard\libc_nano.a(lib_a-makebuf.o)
 .debug_frame   0x00001cc8       0x38 c:/program files (x86)/gnu arm embedded toolchain/10 2020-q4-major/bin/../lib/gcc/arm-none-eabi/10.2.1/../../../../arm-none-eabi/lib/thumb/v7e-m+fp/hard\libc_nano.a(lib_a-nano-freer.o)
 .debug_frame   0x00001d00       0x30 c:/program files (x86)/gnu arm embedded toolchain/10 2020-q4-major/bin/../lib/gcc/arm-none-eabi/10.2.1/../../../../arm-none-eabi/lib/thumb/v7e-m+fp/hard\libc_nano.a(lib_a-nano-mallocr.o)
 .debug_frame   0x00001d30       0xac c:/program files (x86)/gnu arm embedded toolchain/10 2020-q4-major/bin/../lib/gcc/arm-none-eabi/10.2.1/../../../../arm-none-eabi/lib/thumb/v7e-m+fp/hard\libc_nano.a(lib_a-nano-vfprintf.o)
 .debug_frame   0x00001ddc       0x60 c:/program files (x86)/gnu arm embedded toolchain/10 2020-q4-major/bin/../lib/gcc/arm-none-eabi/10.2.1/../../../../arm-none-eabi/lib/thumb/v7e-m+fp/hard\libc_nano.a(lib_a-nano-vfprintf_i.o)
 .debug_frame   0x00001e3c       0x2c c:/program files (x86)/gnu arm embedded toolchain/10 2020-q4-major/bin/../lib/gcc/arm-none-eabi/10.2.1/../../../../arm-none-eabi/lib/thumb/v7e-m+fp/hard\libc_nano.a(lib_a-sbrkr.o)
 .debug_frame   0x00001e68       0x88 c:/program files (x86)/gnu arm embedded toolchain/10 2020-q4-major/bin/../lib/gcc/arm-none-eabi/10.2.1/../../../../arm-none-eabi/lib/thumb/v7e-m+fp/hard\libc_nano.a(lib_a-stdio.o)
 .debug_frame   0x00001ef0       0x2c c:/program files (x86)/gnu arm embedded toolchain/10 2020-q4-major/bin/../lib/gcc/arm-none-eabi/10.2.1/../../../../arm-none-eabi/lib/thumb/v7e-m+fp/hard\libc_nano.a(lib_a-writer.o)
 .debug_frame   0x00001f1c       0x2c c:/program files (x86)/gnu arm embedded toolchain/10 2020-q4-major/bin/../lib/gcc/arm-none-eabi/10.2.1/../../../../arm-none-eabi/lib/thumb/v7e-m+fp/hard\libc_nano.a(lib_a-closer.o)
 .debug_frame   0x00001f48       0x2c c:/program files (x86)/gnu arm embedded toolchain/10 2020-q4-major/bin/../lib/gcc/arm-none-eabi/10.2.1/../../../../arm-none-eabi/lib/thumb/v7e-m+fp/hard\libc_nano.a(lib_a-fstatr.o)
 .debug_frame   0x00001f74       0x2c c:/program files (x86)/gnu arm embedded toolchain/10 2020-q4-major/bin/../lib/gcc/arm-none-eabi/10.2.1/../../../../arm-none-eabi/lib/thumb/v7e-m+fp/hard\libc_nano.a(lib_a-isattyr.o)
 .debug_frame   0x00001fa0       0x2c c:/program files (x86)/gnu arm embedded toolchain/10 2020-q4-major/bin/../lib/gcc/arm-none-eabi/10.2.1/../../../../arm-none-eabi/lib/thumb/v7e-m+fp/hard\libc_nano.a(lib_a-lseekr.o)
 .debug_frame   0x00001fcc       0x30 c:/program files (x86)/gnu arm embedded toolchain/10 2020-q4-major/bin/../lib/gcc/arm-none-eabi/10.2.1/../../../../arm-none-eabi/lib/thumb/v7e-m+fp/hard\libc_nano.a(lib_a-mlock.o)
 .debug_frame   0x00001ffc       0x2c c:/program files (x86)/gnu arm embedded toolchain/10 2020-q4-major/bin/../lib/gcc/arm-none-eabi/10.2.1/../../../../arm-none-eabi/lib/thumb/v7e-m+fp/hard\libc_nano.a(lib_a-readr.o)
 .debug_frame   0x00002028       0x5c c:/program files (x86)/gnu arm embedded toolchain/10 2020-q4-major/bin/../lib/gcc/arm-none-eabi/10.2.1/../../../../arm-none-eabi/lib/thumb/v7e-m+fp/hard\libc_nano.a(lib_a-reent.o)
 .debug_frame   0x00002084       0x20 c:/program files (x86)/gnu arm embedded toolchain/10 2020-q4-major/bin/../lib/gcc/arm-none-eabi/10.2.1/../../../../arm-none-eabi/lib/thumb/v7e-m+fp/hard\libnosys.a(close.o)
 .debug_frame   0x000020a4       0x20 c:/program files (x86)/gnu arm embedded toolchain/10 2020-q4-major/bin/../lib/gcc/arm-none-eabi/10.2.1/../../../../arm-none-eabi/lib/thumb/v7e-m+fp/hard\libnosys.a(fstat.o)
 .debug_frame   0x000020c4       0x20 c:/program files (x86)/gnu arm embedded toolchain/10 2020-q4-major/bin/../lib/gcc/arm-none-eabi/10.2.1/../../../../arm-none-eabi/lib/thumb/v7e-m+fp/hard\libnosys.a(isatty.o)
 .debug_frame   0x000020e4       0x20 c:/program files (x86)/gnu arm embedded toolchain/10 2020-q4-major/bin/../lib/gcc/arm-none-eabi/10.2.1/../../../../arm-none-eabi/lib/thumb/v7e-m+fp/hard\libnosys.a(lseek.o)
 .debug_frame   0x00002104       0x20 c:/program files (x86)/gnu arm embedded toolchain/10 2020-q4-major/bin/../lib/gcc/arm-none-eabi/10.2.1/../../../../arm-none-eabi/lib/thumb/v7e-m+fp/hard\libnosys.a(read.o)
 .debug_frame   0x00002124       0x20 c:/program files (x86)/gnu arm embedded toolchain/10 2020-q4-major/bin/../lib/gcc/arm-none-eabi/10.2.1/../../../../arm-none-eabi/lib/thumb/v7e-m+fp/hard\libnosys.a(sbrk.o)
 .debug_frame   0x00002144       0x20 c:/program files (x86)/gnu arm embedded toolchain/10 2020-q4-major/bin/../lib/gcc/arm-none-eabi/10.2.1/../../../../arm-none-eabi/lib/thumb/v7e-m+fp/hard\libnosys.a(write.o)
 .debug_frame   0x00002164       0x30 c:/program files (x86)/gnu arm embedded toolchain/10 2020-q4-major/bin/../lib/gcc/arm-none-eabi/10.2.1/thumb/v7e-m+fp/hard\libgcc.a(_arm_muldf3.o)
 .debug_frame   0x00002194       0xac c:/program files (x86)/gnu arm embedded toolchain/10 2020-q4-major/bin/../lib/gcc/arm-none-eabi/10.2.1/thumb/v7e-m+fp/hard\libgcc.a(_arm_addsubdf3.o)
 .debug_frame   0x00002240       0x24 c:/program files (x86)/gnu arm embedded toolchain/10 2020-q4-major/bin/../lib/gcc/arm-none-eabi/10.2.1/thumb/v7e-m+fp/hard\libgcc.a(_arm_fixunsdfsi.o)

.stab           0x00000000       0x9c
 .stab          0x00000000       0x24 c:/program files (x86)/gnu arm embedded toolchain/10 2020-q4-major/bin/../lib/gcc/arm-none-eabi/10.2.1/../../../../arm-none-eabi/lib/thumb/v7e-m+fp/hard\libnosys.a(close.o)
 .stab          0x00000024       0x18 c:/program files (x86)/gnu arm embedded toolchain/10 2020-q4-major/bin/../lib/gcc/arm-none-eabi/10.2.1/../../../../arm-none-eabi/lib/thumb/v7e-m+fp/hard\libnosys.a(fstat.o)
                                 0x24 (size before relaxing)
 .stab          0x0000003c       0x18 c:/program files (x86)/gnu arm embedded toolchain/10 2020-q4-major/bin/../lib/gcc/arm-none-eabi/10.2.1/../../../../arm-none-eabi/lib/thumb/v7e-m+fp/hard\libnosys.a(isatty.o)
                                 0x24 (size before relaxing)
 .stab          0x00000054       0x18 c:/program files (x86)/gnu arm embedded toolchain/10 2020-q4-major/bin/../lib/gcc/arm-none-eabi/10.2.1/../../../../arm-none-eabi/lib/thumb/v7e-m+fp/hard\libnosys.a(lseek.o)
                                 0x24 (size before relaxing)
 .stab          0x0000006c       0x18 c:/program files (x86)/gnu arm embedded toolchain/10 2020-q4-major/bin/../lib/gcc/arm-none-eabi/10.2.1/../../../../arm-none-eabi/lib/thumb/v7e-m+fp/hard\libnosys.a(read.o)
                                 0x24 (size before relaxing)
 .stab          0x00000084       0x18 c:/program files (x86)/gnu arm embedded toolchain/10 2020-q4-major/bin/../lib/gcc/arm-none-eabi/10.2.1/../../../../arm-none-eabi/lib/thumb/v7e-m+fp/hard\libnosys.a(write.o)
                                 0x24 (size before relaxing)

.stabstr        0x00000000      0x14d
 .stabstr       0x00000000      0x14d c:/program files (x86)/gnu arm embedded toolchain/10 2020-q4-major/bin/../lib/gcc/arm-none-eabi/10.2.1/../../../../arm-none-eabi/lib/thumb/v7e-m+fp/hard\libnosys.a(close.o)

Cross Reference Table

Symbol                                            File
ADC_IRQHandler                                    build/startup_stm32f407xx.o
AHBPrescTable                                     build/system_stm32f4xx.o
BACK_COLOR                                        build/lcd.o
                                                  build/GUI.o
BusFault_Handler                                  build/stm32f4xx_it.o
CAN1_RX0_IRQHandler                               build/startup_stm32f407xx.o
CAN1_RX1_IRQHandler                               build/startup_stm32f407xx.o
CAN1_SCE_IRQHandler                               build/startup_stm32f407xx.o
CAN1_TX_IRQHandler                                build/startup_stm32f407xx.o
CAN2_RX0_IRQHandler                               build/startup_stm32f407xx.o
CAN2_RX1_IRQHandler                               build/startup_stm32f407xx.o
CAN2_SCE_IRQHandler                               build/startup_stm32f407xx.o
CAN2_TX_IRQHandler                                build/startup_stm32f407xx.o
Check_WKUP                                        build/wkup.o
Color_To_565                                      build/lcd.o
DCMI_IRQHandler                                   build/startup_stm32f407xx.o
DMA1_Stream0_IRQHandler                           build/startup_stm32f407xx.o
DMA1_Stream1_IRQHandler                           build/startup_stm32f407xx.o
DMA1_Stream2_IRQHandler                           build/startup_stm32f407xx.o
DMA1_Stream3_IRQHandler                           build/startup_stm32f407xx.o
DMA1_Stream4_IRQHandler                           build/startup_stm32f407xx.o
DMA1_Stream5_IRQHandler                           build/startup_stm32f407xx.o
DMA1_Stream6_IRQHandler                           build/startup_stm32f407xx.o
DMA1_Stream7_IRQHandler                           build/startup_stm32f407xx.o
DMA2_Stream0_IRQHandler                           build/startup_stm32f407xx.o
DMA2_Stream1_IRQHandler                           build/startup_stm32f407xx.o
DMA2_Stream2_IRQHandler                           build/startup_stm32f407xx.o
DMA2_Stream3_IRQHandler                           build/startup_stm32f407xx.o
DMA2_Stream4_IRQHandler                           build/startup_stm32f407xx.o
DMA2_Stream5_IRQHandler                           build/startup_stm32f407xx.o
DMA2_Stream6_IRQHandler                           build/startup_stm32f407xx.o
DMA2_Stream7_IRQHandler                           build/startup_stm32f407xx.o
DMA_ClearFlag                                     build/stm32f4xx_dma.o
DMA_ClearITPendingBit                             build/stm32f4xx_dma.o
DMA_Cmd                                           build/stm32f4xx_dma.o
DMA_DeInit                                        build/stm32f4xx_dma.o
DMA_DoubleBufferModeCmd                           build/stm32f4xx_dma.o
DMA_DoubleBufferModeConfig                        build/stm32f4xx_dma.o
DMA_FlowControllerConfig                          build/stm32f4xx_dma.o
DMA_GetCmdStatus                                  build/stm32f4xx_dma.o
DMA_GetCurrDataCounter                            build/stm32f4xx_dma.o
DMA_GetCurrentMemoryTarget                        build/stm32f4xx_dma.o
DMA_GetFIFOStatus                                 build/stm32f4xx_dma.o
DMA_GetFlagStatus                                 build/stm32f4xx_dma.o
DMA_GetITStatus                                   build/stm32f4xx_dma.o
DMA_ITConfig                                      build/stm32f4xx_dma.o
DMA_Init                                          build/stm32f4xx_dma.o
DMA_MemoryTargetConfig                            build/stm32f4xx_dma.o
DMA_PeriphIncOffsetSizeConfig                     build/stm32f4xx_dma.o
DMA_SetCurrDataCounter                            build/stm32f4xx_dma.o
DMA_StructInit                                    build/stm32f4xx_dma.o
DebugMon_Handler                                  build/stm32f4xx_it.o
Default_Handler                                   build/startup_stm32f407xx.o
DeviceCode                                        build/lcd.o
Draw_Button                                       build/GUI.o
Draw_DirectButton                                 build/GUI.o
Draw_TextBox                                      build/GUI.o
Draw_Triangel                                     build/GUI.o
Draw_Window                                       build/GUI.o
ETH_IRQHandler                                    build/startup_stm32f407xx.o
ETH_WKUP_IRQHandler                               build/startup_stm32f407xx.o
EXTI0_IRQHandler                                  build/wkup.o
EXTI15_10_IRQHandler                              build/startup_stm32f407xx.o
EXTI1_IRQHandler                                  build/startup_stm32f407xx.o
EXTI2_IRQHandler                                  build/startup_stm32f407xx.o
EXTI3_IRQHandler                                  build/startup_stm32f407xx.o
EXTI4_IRQHandler                                  build/startup_stm32f407xx.o
EXTI9_5_IRQHandler                                build/startup_stm32f407xx.o
EXTI_ClearFlag                                    build/stm32f4xx_exti.o
EXTI_ClearITPendingBit                            build/stm32f4xx_exti.o
                                                  build/wkup.o
EXTI_DeInit                                       build/stm32f4xx_exti.o
EXTI_GenerateSWInterrupt                          build/stm32f4xx_exti.o
EXTI_GetFlagStatus                                build/stm32f4xx_exti.o
EXTI_GetITStatus                                  build/stm32f4xx_exti.o
EXTI_Init                                         build/stm32f4xx_exti.o
                                                  build/wkup.o
EXTI_StructInit                                   build/stm32f4xx_exti.o
EscButton                                         build/GUI.o
FLASH_IRQHandler                                  build/startup_stm32f407xx.o
FPU_IRQHandler                                    build/startup_stm32f407xx.o
FSMC_ClearFlag                                    build/stm32f4xx_fsmc.o
FSMC_ClearITPendingBit                            build/stm32f4xx_fsmc.o
FSMC_DefaultTimingStruct                          build/stm32f4xx_fsmc.o
FSMC_GetECC                                       build/stm32f4xx_fsmc.o
FSMC_GetFlagStatus                                build/stm32f4xx_fsmc.o
FSMC_GetITStatus                                  build/stm32f4xx_fsmc.o
FSMC_IRQHandler                                   build/startup_stm32f407xx.o
FSMC_ITConfig                                     build/stm32f4xx_fsmc.o
FSMC_NANDCmd                                      build/stm32f4xx_fsmc.o
FSMC_NANDDeInit                                   build/stm32f4xx_fsmc.o
FSMC_NANDECCCmd                                   build/stm32f4xx_fsmc.o
FSMC_NANDInit                                     build/stm32f4xx_fsmc.o
FSMC_NANDStructInit                               build/stm32f4xx_fsmc.o
FSMC_NORSRAMCmd                                   build/stm32f4xx_fsmc.o
                                                  build/lcd.o
FSMC_NORSRAMDeInit                                build/stm32f4xx_fsmc.o
FSMC_NORSRAMInit                                  build/stm32f4xx_fsmc.o
                                                  build/lcd.o
FSMC_NORSRAMStructInit                            build/stm32f4xx_fsmc.o
FSMC_PCCARDCmd                                    build/stm32f4xx_fsmc.o
FSMC_PCCARDDeInit                                 build/stm32f4xx_fsmc.o
FSMC_PCCARDInit                                   build/stm32f4xx_fsmc.o
FSMC_PCCARDStructInit                             build/stm32f4xx_fsmc.o
Fill_Triangel                                     build/GUI.o
GPIO_DeInit                                       build/stm32f4xx_gpio.o
GPIO_Init                                         build/stm32f4xx_gpio.o
                                                  build/wkup.o
                                                  build/usart.o
                                                  build/led.o
                                                  build/lcd.o
GPIO_PinAFConfig                                  build/stm32f4xx_gpio.o
                                                  build/usart.o
                                                  build/lcd.o
GPIO_PinLockConfig                                build/stm32f4xx_gpio.o
GPIO_ReadInputData                                build/stm32f4xx_gpio.o
GPIO_ReadInputDataBit                             build/stm32f4xx_gpio.o
GPIO_ReadOutputData                               build/stm32f4xx_gpio.o
GPIO_ReadOutputDataBit                            build/stm32f4xx_gpio.o
GPIO_ResetBits                                    build/stm32f4xx_gpio.o
GPIO_SetBits                                      build/stm32f4xx_gpio.o
                                                  build/led.o
GPIO_StructInit                                   build/stm32f4xx_gpio.o
GPIO_ToggleBits                                   build/stm32f4xx_gpio.o
GPIO_Write                                        build/stm32f4xx_gpio.o
GPIO_WriteBit                                     build/stm32f4xx_gpio.o
GUI_DrawFont16                                    build/GUI.o
GUI_DrawFont24                                    build/GUI.o
GUI_DrawFont32                                    build/GUI.o
GUI_DrawPoint                                     build/GUI.o
Gui_Drawbmp16                                     build/GUI.o
Gui_StrCenter                                     build/GUI.o
                                                  build/test.o
HASH_RNG_IRQHandler                               build/startup_stm32f407xx.o
HardFault_Handler                                 build/stm32f4xx_it.o
I2C1_ER_IRQHandler                                build/startup_stm32f407xx.o
I2C1_EV_IRQHandler                                build/startup_stm32f407xx.o
I2C2_ER_IRQHandler                                build/startup_stm32f407xx.o
I2C2_EV_IRQHandler                                build/startup_stm32f407xx.o
I2C3_ER_IRQHandler                                build/startup_stm32f407xx.o
I2C3_EV_IRQHandler                                build/startup_stm32f407xx.o
I2C_ARPCmd                                        build/stm32f4xx_i2c.o
I2C_AcknowledgeConfig                             build/stm32f4xx_i2c.o
I2C_AnalogFilterCmd                               build/stm32f4xx_i2c.o
I2C_CalculatePEC                                  build/stm32f4xx_i2c.o
I2C_CheckEvent                                    build/stm32f4xx_i2c.o
I2C_ClearFlag                                     build/stm32f4xx_i2c.o
I2C_ClearITPendingBit                             build/stm32f4xx_i2c.o
I2C_Cmd                                           build/stm32f4xx_i2c.o
I2C_DMACmd                                        build/stm32f4xx_i2c.o
I2C_DMALastTransferCmd                            build/stm32f4xx_i2c.o
I2C_DeInit                                        build/stm32f4xx_i2c.o
I2C_DigitalFilterConfig                           build/stm32f4xx_i2c.o
I2C_DualAddressCmd                                build/stm32f4xx_i2c.o
I2C_FastModeDutyCycleConfig                       build/stm32f4xx_i2c.o
I2C_GeneralCallCmd                                build/stm32f4xx_i2c.o
I2C_GenerateSTART                                 build/stm32f4xx_i2c.o
I2C_GenerateSTOP                                  build/stm32f4xx_i2c.o
I2C_GetFlagStatus                                 build/stm32f4xx_i2c.o
I2C_GetITStatus                                   build/stm32f4xx_i2c.o
I2C_GetLastEvent                                  build/stm32f4xx_i2c.o
I2C_GetPEC                                        build/stm32f4xx_i2c.o
I2C_ITConfig                                      build/stm32f4xx_i2c.o
I2C_Init                                          build/stm32f4xx_i2c.o
I2C_NACKPositionConfig                            build/stm32f4xx_i2c.o
I2C_OwnAddress2Config                             build/stm32f4xx_i2c.o
I2C_PECPositionConfig                             build/stm32f4xx_i2c.o
I2C_ReadRegister                                  build/stm32f4xx_i2c.o
I2C_ReceiveData                                   build/stm32f4xx_i2c.o
I2C_SMBusAlertConfig                              build/stm32f4xx_i2c.o
I2C_Send7bitAddress                               build/stm32f4xx_i2c.o
I2C_SendData                                      build/stm32f4xx_i2c.o
I2C_SoftwareResetCmd                              build/stm32f4xx_i2c.o
I2C_StretchClockCmd                               build/stm32f4xx_i2c.o
I2C_StructInit                                    build/stm32f4xx_i2c.o
I2C_TransmitPEC                                   build/stm32f4xx_i2c.o
I2S_Cmd                                           build/stm32f4xx_spi.o
I2S_FullDuplexConfig                              build/stm32f4xx_spi.o
I2S_Init                                          build/stm32f4xx_spi.o
I2S_StructInit                                    build/stm32f4xx_spi.o
IWDG_Enable                                       build/stm32f4xx_iwdg.o
IWDG_GetFlagStatus                                build/stm32f4xx_iwdg.o
IWDG_ReloadCounter                                build/stm32f4xx_iwdg.o
IWDG_SetPrescaler                                 build/stm32f4xx_iwdg.o
IWDG_SetReload                                    build/stm32f4xx_iwdg.o
IWDG_WriteAccessCmd                               build/stm32f4xx_iwdg.o
LCD_Clear                                         build/lcd.o
LCD_Draw9Point                                    build/GUI.o
LCD_DrawFillRectangle                             build/GUI.o
LCD_DrawLine                                      build/GUI.o
LCD_DrawPoint                                     build/lcd.o
                                                  build/GUI.o
LCD_DrawRectangle                                 build/GUI.o
LCD_Fill                                          build/GUI.o
LCD_GPIOInit                                      build/lcd.o
LCD_Init                                          build/lcd.o
                                                  build/main.o
LCD_PWM_BackLightSet                              build/lcd.o
LCD_RD_DATA                                       build/lcd.o
LCD_ReadPoint                                     build/lcd.o
LCD_ReadRAM_Prepare                               build/lcd.o
LCD_ReadReg                                       build/lcd.o
LCD_Read_ID                                       build/lcd.o
LCD_SetCursor                                     build/lcd.o
                                                  build/GUI.o
LCD_SetWindows                                    build/lcd.o