Archive member included to satisfy reference by file (symbol)

d:/install/gnu arm embedded toolchain/10 2020-q4-major/bin/../lib/gcc/arm-none-eabi/10.2.1/../../../../arm-none-eabi/lib/thumb/v7e-m+fp/hard\libc_nano.a(lib_a-exit.o)
                              d:/install/gnu arm embedded toolchain/10 2020-q4-major/bin/../lib/gcc/arm-none-eabi/10.2.1/../../../../arm-none-eabi/lib/thumb/v7e-m+fp/hard/crt0.o (exit)
d:/install/gnu arm embedded toolchain/10 2020-q4-major/bin/../lib/gcc/arm-none-eabi/10.2.1/../../../../arm-none-eabi/lib/thumb/v7e-m+fp/hard\libc_nano.a(lib_a-impure.o)
                              d:/install/gnu arm embedded toolchain/10 2020-q4-major/bin/../lib/gcc/arm-none-eabi/10.2.1/../../../../arm-none-eabi/lib/thumb/v7e-m+fp/hard\libc_nano.a(lib_a-exit.o) (_global_impure_ptr)
d:/install/gnu arm embedded toolchain/10 2020-q4-major/bin/../lib/gcc/arm-none-eabi/10.2.1/../../../../arm-none-eabi/lib/thumb/v7e-m+fp/hard\libc_nano.a(lib_a-init.o)
                              d:/install/gnu arm embedded toolchain/10 2020-q4-major/bin/../lib/gcc/arm-none-eabi/10.2.1/../../../../arm-none-eabi/lib/thumb/v7e-m+fp/hard/crt0.o (__libc_init_array)
d:/install/gnu arm embedded toolchain/10 2020-q4-major/bin/../lib/gcc/arm-none-eabi/10.2.1/../../../../arm-none-eabi/lib/thumb/v7e-m+fp/hard\libc_nano.a(lib_a-memset.o)
                              d:/install/gnu arm embedded toolchain/10 2020-q4-major/bin/../lib/gcc/arm-none-eabi/10.2.1/../../../../arm-none-eabi/lib/thumb/v7e-m+fp/hard/crt0.o (memset)
d:/install/gnu arm embedded toolchain/10 2020-q4-major/bin/../lib/gcc/arm-none-eabi/10.2.1/../../../../arm-none-eabi/lib/thumb/v7e-m+fp/hard\libc_nano.a(lib_a-printf.o)
                              build/lcd.o (printf)
d:/install/gnu arm embedded toolchain/10 2020-q4-major/bin/../lib/gcc/arm-none-eabi/10.2.1/../../../../arm-none-eabi/lib/thumb/v7e-m+fp/hard\libc_nano.a(lib_a-puts.o)
                              build/lcd.o (puts)
d:/install/gnu arm embedded toolchain/10 2020-q4-major/bin/../lib/gcc/arm-none-eabi/10.2.1/../../../../arm-none-eabi/lib/thumb/v7e-m+fp/hard\libc_nano.a(lib_a-rand.o)
                              build/test.o (srand)
d:/install/gnu arm embedded toolchain/10 2020-q4-major/bin/../lib/gcc/arm-none-eabi/10.2.1/../../../../arm-none-eabi/lib/thumb/v7e-m+fp/hard\libc_nano.a(lib_a-sprintf.o)
                              build/test.o (sprintf)
d:/install/gnu arm embedded toolchain/10 2020-q4-major/bin/../lib/gcc/arm-none-eabi/10.2.1/../../../../arm-none-eabi/lib/thumb/v7e-m+fp/hard\libc_nano.a(lib_a-strlen.o)
                              build/GUI.o (strlen)
d:/install/gnu arm embedded toolchain/10 2020-q4-major/bin/../lib/gcc/arm-none-eabi/10.2.1/../../../../arm-none-eabi/lib/thumb/v7e-m+fp/hard\libc_nano.a(lib_a-wbuf.o)
                              d:/install/gnu arm embedded toolchain/10 2020-q4-major/bin/../lib/gcc/arm-none-eabi/10.2.1/../../../../arm-none-eabi/lib/thumb/v7e-m+fp/hard\libc_nano.a(lib_a-puts.o) (__swbuf_r)
d:/install/gnu arm embedded toolchain/10 2020-q4-major/bin/../lib/gcc/arm-none-eabi/10.2.1/../../../../arm-none-eabi/lib/thumb/v7e-m+fp/hard\libc_nano.a(lib_a-wsetup.o)
                              d:/install/gnu arm embedded toolchain/10 2020-q4-major/bin/../lib/gcc/arm-none-eabi/10.2.1/../../../../arm-none-eabi/lib/thumb/v7e-m+fp/hard\libc_nano.a(lib_a-puts.o) (__swsetup_r)
d:/install/gnu arm embedded toolchain/10 2020-q4-major/bin/../lib/gcc/arm-none-eabi/10.2.1/../../../../arm-none-eabi/lib/thumb/v7e-m+fp/hard\libc_nano.a(lib_a-assert.o)
                              d:/install/gnu arm embedded toolchain/10 2020-q4-major/bin/../lib/gcc/arm-none-eabi/10.2.1/../../../../arm-none-eabi/lib/thumb/v7e-m+fp/hard\libc_nano.a(lib_a-rand.o) (__assert_func)
d:/install/gnu arm embedded toolchain/10 2020-q4-major/bin/../lib/gcc/arm-none-eabi/10.2.1/../../../../arm-none-eabi/lib/thumb/v7e-m+fp/hard\libc_nano.a(lib_a-fflush.o)
                              d:/install/gnu arm embedded toolchain/10 2020-q4-major/bin/../lib/gcc/arm-none-eabi/10.2.1/../../../../arm-none-eabi/lib/thumb/v7e-m+fp/hard\libc_nano.a(lib_a-wbuf.o) (_fflush_r)
d:/install/gnu arm embedded toolchain/10 2020-q4-major/bin/../lib/gcc/arm-none-eabi/10.2.1/../../../../arm-none-eabi/lib/thumb/v7e-m+fp/hard\libc_nano.a(lib_a-findfp.o)
                              d:/install/gnu arm embedded toolchain/10 2020-q4-major/bin/../lib/gcc/arm-none-eabi/10.2.1/../../../../arm-none-eabi/lib/thumb/v7e-m+fp/hard\libc_nano.a(lib_a-printf.o) (__sinit)
d:/install/gnu arm embedded toolchain/10 2020-q4-major/bin/../lib/gcc/arm-none-eabi/10.2.1/../../../../arm-none-eabi/lib/thumb/v7e-m+fp/hard\libc_nano.a(lib_a-fprintf.o)
                              d:/install/gnu arm embedded toolchain/10 2020-q4-major/bin/../lib/gcc/arm-none-eabi/10.2.1/../../../../arm-none-eabi/lib/thumb/v7e-m+fp/hard\libc_nano.a(lib_a-assert.o) (fiprintf)
[...]
Memory Configuration

Name             Origin             Length             Attributes
RAM              0x20000000         0x00020000         xrw
CCMRAM           0x10000000         0x00010000         xrw
FLASH            0x08000000         0x00100000         xr
*default*        0x00000000         0xffffffff

Linker script and memory map

LOAD d:/install/gnu arm embedded toolchain/10 2020-q4-major/bin/../lib/gcc/arm-none-eabi/10.2.1/thumb/v7e-m+fp/hard/crti.o
LOAD d:/install/gnu arm embedded toolchain/10 2020-q4-major/bin/../lib/gcc/arm-none-eabi/10.2.1/thumb/v7e-m+fp/hard/crtbegin.o
LOAD d:/install/gnu arm embedded toolchain/10 2020-q4-major/bin/../lib/gcc/arm-none-eabi/10.2.1/../../../../arm-none-eabi/lib/thumb/v7e-m+fp/hard/crt0.o
LOAD build/main.o
LOAD build/delay.o
LOAD build/GUI.o
LOAD build/lcd.o
LOAD build/led.o
LOAD build/test.o
LOAD build/usart.o
LOAD build/stm32f4xx_it.o
LOAD build/misc.o
LOAD build/stm32f4xx_dma.o
LOAD build/stm32f4xx_fsmc.o
LOAD build/stm32f4xx_gpio.o
LOAD build/stm32f4xx_iwdg.o
LOAD build/stm32f4xx_pwr.o
LOAD build/stm32f4xx_rcc.o
LOAD build/stm32f4xx_rtc.o
LOAD build/stm32f4xx_sdio.o
LOAD build/stm32f4xx_spi.o
LOAD build/stm32f4xx_syscfg.o
LOAD build/stm32f4xx_tim.o
LOAD build/stm32f4xx_usart.o
LOAD build/system_stm32f4xx.o
LOAD build/startup_stm32f407xx.o
LOAD d:/install/gnu arm embedded toolchain/10 2020-q4-major/bin/../lib/gcc/arm-none-eabi/10.2.1/../../../../arm-none-eabi/lib/thumb/v7e-m+fp/hard\libc_nano.a
LOAD d:/install/gnu arm embedded toolchain/10 2020-q4-major/bin/../lib/gcc/arm-none-eabi/10.2.1/../../../../arm-none-eabi/lib/thumb/v7e-m+fp/hard\libm.a
LOAD d:/install/gnu arm embedded toolchain/10 2020-q4-major/bin/../lib/gcc/arm-none-eabi/10.2.1/../../../../arm-none-eabi/lib/thumb/v7e-m+fp/hard\libnosys.a
START GROUP
LOAD d:/install/gnu arm embedded toolchain/10 2020-q4-major/bin/../lib/gcc/arm-none-eabi/10.2.1/thumb/v7e-m+fp/hard\libgcc.a
LOAD d:/install/gnu arm embedded toolchain/10 2020-q4-major/bin/../lib/gcc/arm-none-eabi/10.2.1/../../../../arm-none-eabi/lib/thumb/v7e-m+fp/hard\libc_nano.a
END GROUP
START GROUP
LOAD d:/install/gnu arm embedded toolchain/10 2020-q4-major/bin/../lib/gcc/arm-none-eabi/10.2.1/thumb/v7e-m+fp/hard\libgcc.a
LOAD d:/install/gnu arm embedded toolchain/10 2020-q4-major/bin/../lib/gcc/arm-none-eabi/10.2.1/../../../../arm-none-eabi/lib/thumb/v7e-m+fp/hard\libc_nano.a
END GROUP
LOAD d:/install/gnu arm embedded toolchain/10 2020-q4-major/bin/../lib/gcc/arm-none-eabi/10.2.1/thumb/v7e-m+fp/hard/crtend.o
LOAD d:/install/gnu arm embedded toolchain/10 2020-q4-major/bin/../lib/gcc/arm-none-eabi/10.2.1/thumb/v7e-m+fp/hard/crtn.o
                0x20020000                _estack = 0x20020000
                0x00000200                _Min_Heap_Size = 0x200
                0x00000400                _Min_Stack_Size = 0x400

.isr_vector     0x08000000      0x188
                0x08000000                . = ALIGN (0x4)
 *(.isr_vector)
 .isr_vector    0x08000000      0x188 build/startup_stm32f407xx.o
                0x08000000                g_pfnVectors
                0x08000188                . = ALIGN (0x4)

.text           0x08000190     0x8640
                0x08000190                . = ALIGN (0x4)
 *(.text)
 .text          0x08000190       0x40 d:/install/gnu arm embedded toolchain/10 2020-q4-major/bin/../lib/gcc/arm-none-eabi/10.2.1/thumb/v7e-m+fp/hard/crtbegin.o
 .text          0x080001d0       0x10 d:/install/gnu arm embedded toolchain/10 2020-q4-major/bin/../lib/gcc/arm-none-eabi/10.2.1/../../../../arm-none-eabi/lib/thumb/v7e-m+fp/hard\libc_nano.a(lib_a-strlen.o)
                0x080001d0                strlen
 .text          0x080001e0       0xa0 d:/install/gnu arm embedded toolchain/10 2020-q4-major/bin/../lib/gcc/arm-none-eabi/10.2.1/../../../../arm-none-eabi/lib/thumb/v7e-m+fp/hard\libc_nano.a(lib_a-memchr.o)
                0x080001e0                memchr
 .text          0x08000280      0x254 d:/install/gnu arm embedded toolchain/10 2020-q4-major/bin/../lib/gcc/arm-none-eabi/10.2.1/thumb/v7e-m+fp/hard\libgcc.a(_arm_muldf3.o)
                0x08000280                __muldf3
                0x08000280                __aeabi_dmul
 .text          0x080004d4      0x378 d:/install/gnu arm embedded toolchain/10 2020-q4-major/bin/../lib/gcc/arm-none-eabi/10.2.1/thumb/v7e-m+fp/hard\libgcc.a(_arm_addsubdf3.o)
                0x080004d4                __aeabi_drsub
                0x080004dc                __aeabi_dsub
                0x080004dc                __subdf3
                0x080004e0                __aeabi_dadd
                0x080004e0                __adddf3
                0x08000758                __floatunsidf
                0x08000758                __aeabi_ui2d
                0x08000778                __floatsidf
                0x08000778                __aeabi_i2d
                0x0800079c                __aeabi_f2d
                0x0800079c                __extendsfdf2
                0x080007e0                __floatundidf
                0x080007e0                __aeabi_ul2d
                0x080007f0                __floatdidf
                0x080007f0                __aeabi_l2d
 .text          0x0800084c       0x40 d:/install/gnu arm embedded toolchain/10 2020-q4-major/bin/../lib/gcc/arm-none-eabi/10.2.1/thumb/v7e-m+fp/hard\libgcc.a(_arm_fixunsdfsi.o)
                0x0800084c                __aeabi_d2uiz
                0x0800084c                __fixunsdfsi
 *(.text*)
 .text.main     0x0800088c       0x74 build/main.o
                0x0800088c                main
 .text.delay_init
                0x08000900       0x2c build/delay.o
                0x08000900                delay_init
 .text.delay_us
                0x0800092c       0x40 build/delay.o
                0x0800092c                delay_us
 .text.delay_xms
                0x0800096c       0x40 build/delay.o
                0x0800096c                delay_xms
 .text.delay_ms
                0x080009ac       0x38 build/delay.o
                0x080009ac                delay_ms
 .text._swap    0x080009e4        0xa build/GUI.o
 .text.GUI_DrawPoint
                0x080009ee       0x10 build/GUI.o
                0x080009ee                GUI_DrawPoint
 *fill*         0x080009fe        0x2 
 .text.LCD_Fill
                0x08000a00       0x60 build/GUI.o
                0x08000a00                LCD_Fill
 .text.LCD_DrawLine
                0x08000a60       0x9e build/GUI.o
                0x08000a60                LCD_DrawLine
 .text.LCD_DrawRectangle
                0x08000afe       0x36 build/GUI.o
                0x08000afe                LCD_DrawRectangle
 .text.LCD_DrawFillRectangle
                0x08000b34       0x18 build/GUI.o
                0x08000b34                LCD_DrawFillRectangle
 .text._draw_circle_8
                0x08000b4c       0xa0 build/GUI.o
                0x08000b4c                _draw_circle_8
 .text.gui_circle
                0x08000bec       0x92 build/GUI.o
                0x08000bec                gui_circle
 .text.Draw_Triangel
                0x08000c7e       0x34 build/GUI.o
                0x08000c7e                Draw_Triangel
 *fill*         0x08000cb2        0x2 
 .text.Fill_Triangel
                0x08000cb4      0x1e4 build/GUI.o
                0x08000cb4                Fill_Triangel
 .text.LCD_ShowChar
                0x08000e98      0x140 build/GUI.o
                0x08000e98                LCD_ShowChar
 .text.LCD_ShowString
                0x08000fd8       0x64 build/GUI.o
                0x08000fd8                LCD_ShowString
 .text.mypow    0x0800103c       0x16 build/GUI.o
                0x0800103c                mypow
 *fill*         0x08001052        0x2 
 .text.LCD_ShowNum
                0x08001054       0xb0 build/GUI.o
                0x08001054                LCD_ShowNum
 .text.GUI_DrawFont16
                0x08001104      0x118 build/GUI.o
                0x08001104                GUI_DrawFont16
 .text.GUI_DrawFont24
                0x0800121c      0x114 build/GUI.o
                0x0800121c                GUI_DrawFont24
 .text.GUI_DrawFont32
                0x08001330      0x11c build/GUI.o
                0x08001330                GUI_DrawFont32
 .text.Show_Str
                0x0800144c      0x104 build/GUI.o
                0x0800144c                Show_Str
 .text.Gui_StrCenter
                0x08001550       0x48 build/GUI.o
                0x08001550                Gui_StrCenter
 .text.Gui_Drawbmp16
                0x08001598       0x58 build/GUI.o
                0x08001598                Gui_Drawbmp16
 .text.LCD_Draw9Point
                0x080015f0       0xb0 build/GUI.o
                0x080015f0                LCD_Draw9Point
 .text.Draw_TextBox
                0x080016a0       0xd0 build/GUI.o
                0x080016a0                Draw_TextBox
 .text.EscButton
                0x08001770       0xb0 build/GUI.o
                0x08001770                EscButton
 .text.Draw_Button
                0x08001820       0x30 build/GUI.o
                0x08001820                Draw_Button
 .text.SetButton
                0x08001850       0xb0 build/GUI.o
                0x08001850                SetButton
 .text.Draw_DirectButton
                0x08001900       0x8c build/GUI.o
                0x08001900                Draw_DirectButton
 .text.Draw_Window
                0x0800198c       0x80 build/GUI.o
                0x0800198c                Draw_Window
 .text.LCD_WR_REG
                0x08001a0c       0x24 build/lcd.o
                0x08001a0c                LCD_WR_REG
 .text.LCD_WR_DATA
                0x08001a30       0x24 build/lcd.o
                0x08001a30                LCD_WR_DATA
 .text.LCD_RD_DATA
                0x08001a54       0x1c build/lcd.o
                0x08001a54                LCD_RD_DATA
 .text.LCD_WriteReg
                0x08001a70       0x10 build/lcd.o
                0x08001a70                LCD_WriteReg
 .text.LCD_ReadReg
                0x08001a80       0x26 build/lcd.o
                0x08001a80                LCD_ReadReg
 *fill*         0x08001aa6        0x2 
 .text.LCD_WriteRAM_Prepare
                0x08001aa8       0x10 build/lcd.o
                0x08001aa8                LCD_WriteRAM_Prepare
 .text.LCD_ReadRAM_Prepare
                0x08001ab8       0x10 build/lcd.o
                0x08001ab8                LCD_ReadRAM_Prepare
 .text.Lcd_WriteData_16Bit
                0x08001ac8        0xc build/lcd.o
                0x08001ac8                Lcd_WriteData_16Bit
 .text.Color_To_565
                0x08001ad4       0x18 build/lcd.o
                0x08001ad4                Color_To_565
 .text.Lcd_ReadData_16Bit
                0x08001aec       0x90 build/lcd.o
                0x08001aec                Lcd_ReadData_16Bit
 *fill*         0x08001b7c        0x4 
 .text.LCD_PWM_BackLightSet
                0x08001b80       0x50 build/lcd.o
                0x08001b80                LCD_PWM_BackLightSet
 .text.LCD_GPIOInit
                0x08001bd0      0x1f4 build/lcd.o
                0x08001bd0                LCD_GPIOInit
 .text.LCD_Set_BWTR
                0x08001dc4       0xb8 build/lcd.o
                0x08001dc4                LCD_Set_BWTR
 .text.LCD_SetWindows
                0x08001e7c      0x260 build/lcd.o
                0x08001e7c                LCD_SetWindows
 .text.LCD_Clear
                0x080020dc       0x38 build/lcd.o
                0x080020dc                LCD_Clear
 .text.LCD_SetCursor
                0x08002114        0xc build/lcd.o
                0x08002114                LCD_SetCursor
 .text.LCD_DrawPoint
                0x08002120       0x14 build/lcd.o
                0x08002120                LCD_DrawPoint
 .text.LCD_ReadPoint
                0x08002134       0x2c build/lcd.o
                0x08002134                LCD_ReadPoint
 .text.LCD_direction
                0x08002160      0x230 build/lcd.o
                0x08002160                LCD_direction
 .text.LCD_Read_ID
                0x08002390      0x130 build/lcd.o
                0x08002390                LCD_Read_ID
 .text.LCD_Init
                0x080024c0     0x3054 build/lcd.o
                0x080024c0                LCD_Init
 .text.LED_Init
                0x08005514       0x58 build/led.o
                0x08005514                LED_Init
 .text.DrawTestPage
                0x0800556c       0x98 build/test.o
                0x0800556c                DrawTestPage
 .text.main_test
                0x08005604       0xc0 build/test.o
                0x08005604                main_test
 .text.Test_Color
                0x080056c4      0x100 build/test.o
                0x080056c4                Test_Color
 .text.Test_FillRec
                0x080057c4       0xb8 build/test.o
                0x080057c4                Test_FillRec
 .text.Test_Circle
                0x0800587c       0xa4 build/test.o
                0x0800587c                Test_Circle
 .text.English_Font_test
                0x08005920       0xc0 build/test.o
                0x08005920                English_Font_test
 .text.Test_Triangle
                0x080059e0       0xe0 build/test.o
                0x080059e0                Test_Triangle
 .text.Chinese_Font_test
                0x08005ac0       0x8c build/test.o
                0x08005ac0                Chinese_Font_test
 .text.Pic_test
                0x08005b4c       0x90 build/test.o
                0x08005b4c                Pic_test
 .text.Rotate_Test
                0x08005bdc       0x88 build/test.o
                0x08005bdc                Rotate_Test
 .text.Test_Read
                0x08005c64      0x100 build/test.o
                0x08005c64                Test_Read
 .text.POINT_Test
                0x08005d64      0x1d4 build/test.o
                0x08005d64                POINT_Test
 .text.Combo_Test
                0x08005f38      0x294 build/test.o
                0x08005f38                Combo_Test
 .text.ProgresBar_Test
                0x080061cc      0x150 build/test.o
                0x080061cc                ProgresBar_Test
 .text.BarReport_Test
                0x0800631c      0x168 build/test.o
                0x0800631c                BarReport_Test
 .text.Window_Test
                0x08006484       0x9c build/test.o
                0x08006484                Window_Test
 .text.Button_Test
                0x08006520      0x340 build/test.o
                0x08006520                Button_Test
 .text.Test_Dynamic_Num
                0x08006860      0x1a8 build/test.o
                0x08006860                Test_Dynamic_Num
 .text.USART1_Init
                0x08006a08       0xb8 build/usart.o
                0x08006a08                USART1_Init
 .text.USART1_IRQHandler
                0x08006ac0       0x7c build/usart.o
                0x08006ac0                USART1_IRQHandler
 .text.NMI_Handler
                0x08006b3c        0x2 build/stm32f4xx_it.o
                0x08006b3c                NMI_Handler
 .text.HardFault_Handler
                0x08006b3e        0x2 build/stm32f4xx_it.o
                0x08006b3e                HardFault_Handler
 .text.MemManage_Handler
                0x08006b40        0x2 build/stm32f4xx_it.o
                0x08006b40                MemManage_Handler
 .text.BusFault_Handler
                0x08006b42        0x2 build/stm32f4xx_it.o
                0x08006b42                BusFault_Handler
 .text.UsageFault_Handler
                0x08006b44        0x2 build/stm32f4xx_it.o
                0x08006b44                UsageFault_Handler
 .text.SVC_Handler
                0x08006b46        0x2 build/stm32f4xx_it.o
                0x08006b46                SVC_Handler
 .text.DebugMon_Handler
                0x08006b48        0x2 build/stm32f4xx_it.o
                0x08006b48                DebugMon_Handler
 .text.PendSV_Handler
                0x08006b4a        0x2 build/stm32f4xx_it.o
                0x08006b4a                PendSV_Handler
 .text.SysTick_Handler
                0x08006b4c        0x2 build/stm32f4xx_it.o
                0x08006b4c                SysTick_Handler
 *fill*         0x08006b4e        0x2 
 .text.NVIC_PriorityGroupConfig
                0x08006b50       0x14 build/misc.o
                0x08006b50                NVIC_PriorityGroupConfig
 .text.NVIC_Init
                0x08006b64       0x64 build/misc.o
                0x08006b64                NVIC_Init
 .text.SysTick_CLKSourceConfig
                0x08006bc8       0x20 build/misc.o
                0x08006bc8                SysTick_CLKSourceConfig
 .text.FSMC_NORSRAMInit
                0x08006be8       0xc8 build/stm32f4xx_fsmc.o
                0x08006be8                FSMC_NORSRAMInit
 .text.FSMC_NORSRAMCmd
                0x08006cb0       0x2c build/stm32f4xx_fsmc.o
                0x08006cb0                FSMC_NORSRAMCmd
 .text.GPIO_Init
                0x08006cdc       0xa6 build/stm32f4xx_gpio.o
                0x08006cdc                GPIO_Init
 .text.GPIO_SetBits
                0x08006d82        0x4 build/stm32f4xx_gpio.o
                0x08006d82                GPIO_SetBits
 .text.GPIO_PinAFConfig
                0x08006d86       0x34 build/stm32f4xx_gpio.o
                0x08006d86                GPIO_PinAFConfig
 *fill*         0x08006dba        0x2 
 .text.RCC_GetClocksFreq
                0x08006dbc       0xb8 build/stm32f4xx_rcc.o
                0x08006dbc                RCC_GetClocksFreq
 .text.RCC_AHB1PeriphClockCmd
                0x08006e74       0x1c build/stm32f4xx_rcc.o
                0x08006e74                RCC_AHB1PeriphClockCmd
 .text.RCC_AHB3PeriphClockCmd
                0x08006e90       0x1c build/stm32f4xx_rcc.o
                0x08006e90                RCC_AHB3PeriphClockCmd
 .text.RCC_APB2PeriphClockCmd
                0x08006eac       0x1c build/stm32f4xx_rcc.o
                0x08006eac                RCC_APB2PeriphClockCmd
 .text.USART_Init
                0x08006ec8       0xcc build/stm32f4xx_usart.o
                0x08006ec8                USART_Init
 .text.USART_Cmd
                0x08006f94       0x1c build/stm32f4xx_usart.o
                0x08006f94                USART_Cmd
 .text.USART_ReceiveData
                0x08006fb0        0x8 build/stm32f4xx_usart.o
                0x08006fb0                USART_ReceiveData
 .text.USART_ITConfig
                0x08006fb8       0x36 build/stm32f4xx_usart.o
                0x08006fb8                USART_ITConfig
 .text.USART_ClearFlag
                0x08006fee        0x8 build/stm32f4xx_usart.o
                0x08006fee                USART_ClearFlag
 .text.USART_GetITStatus
                0x08006ff6       0x4a build/stm32f4xx_usart.o
                0x08006ff6                USART_GetITStatus
 .text.SetSysClock
                0x08007040       0xc4 build/system_stm32f4xx.o
 .text.SystemInit
                0x08007104       0x50 build/system_stm32f4xx.o
                0x08007104                SystemInit
 .text.Reset_Handler
                0x08007154       0x50 build/startup_stm32f407xx.o
                0x08007154                Reset_Handler
 .text.Default_Handler
                0x080071a4        0x2 build/startup_stm32f407xx.o
                0x080071a4                RTC_Alarm_IRQHandler
                0x080071a4                HASH_RNG_IRQHandler
                0x080071a4                EXTI2_IRQHandler
                0x080071a4                TIM8_CC_IRQHandler
                0x080071a4                TIM1_CC_IRQHandler
                0x080071a4                DMA2_Stream5_IRQHandler
                0x080071a4                DMA1_Stream5_IRQHandler
                0x080071a4                PVD_IRQHandler
                0x080071a4                SDIO_IRQHandler
                0x080071a4                TAMP_STAMP_IRQHandler
                0x080071a4                CAN2_RX1_IRQHandler
                0x080071a4                EXTI3_IRQHandler
                0x080071a4                TIM8_TRG_COM_TIM14_IRQHandler
                0x080071a4                TIM1_UP_TIM10_IRQHandler
                0x080071a4                TIM8_UP_TIM13_IRQHandler
                0x080071a4                I2C3_ER_IRQHandler
                0x080071a4                EXTI0_IRQHandler
                0x080071a4                I2C2_EV_IRQHandler
                0x080071a4                DMA1_Stream2_IRQHandler
                0x080071a4                CAN1_RX0_IRQHandler
                0x080071a4                FPU_IRQHandler
                0x080071a4                OTG_HS_WKUP_IRQHandler
                0x080071a4                CAN2_SCE_IRQHandler
                0x080071a4                DMA2_Stream2_IRQHandler
                0x080071a4                SPI1_IRQHandler
                0x080071a4                TIM6_DAC_IRQHandler
                0x080071a4                TIM1_BRK_TIM9_IRQHandler
                0x080071a4                DCMI_IRQHandler
                0x080071a4                CAN2_RX0_IRQHandler
                0x080071a4                DMA2_Stream3_IRQHandler
                0x080071a4                USART6_IRQHandler
                0x080071a4                USART3_IRQHandler
                0x080071a4                CAN1_RX1_IRQHandler
                0x080071a4                UART5_IRQHandler
                0x080071a4                DMA2_Stream0_IRQHandler
                0x080071a4                TIM4_IRQHandler
                0x080071a4                I2C1_EV_IRQHandler
                0x080071a4                DMA1_Stream6_IRQHandler
                0x080071a4                DMA1_Stream1_IRQHandler
                0x080071a4                UART4_IRQHandler
                0x080071a4                TIM3_IRQHandler
                0x080071a4                RCC_IRQHandler
                0x080071a4                TIM8_BRK_TIM12_IRQHandler
                0x080071a4                Default_Handler
                0x080071a4                EXTI15_10_IRQHandler
                0x080071a4                ADC_IRQHandler
                0x080071a4                DMA1_Stream7_IRQHandler
                0x080071a4                TIM7_IRQHandler
                0x080071a4                CAN2_TX_IRQHandler
                0x080071a4                TIM5_IRQHandler
                0x080071a4                DMA2_Stream7_IRQHandler
                0x080071a4                I2C3_EV_IRQHandler
                0x080071a4                EXTI9_5_IRQHandler
                0x080071a4                RTC_WKUP_IRQHandler
                0x080071a4                ETH_WKUP_IRQHandler
                0x080071a4                SPI2_IRQHandler
                0x080071a4                OTG_HS_EP1_IN_IRQHandler
                0x080071a4                DMA1_Stream0_IRQHandler
                0x080071a4                CAN1_TX_IRQHandler
                0x080071a4                EXTI4_IRQHandler
                0x080071a4                FSMC_IRQHandler
                0x080071a4                ETH_IRQHandler
                0x080071a4                OTG_HS_EP1_OUT_IRQHandler
                0x080071a4                WWDG_IRQHandler
                0x080071a4                TIM2_IRQHandler
                0x080071a4                OTG_FS_WKUP_IRQHandler
                0x080071a4                TIM1_TRG_COM_TIM11_IRQHandler
                0x080071a4                OTG_HS_IRQHandler
                0x080071a4                EXTI1_IRQHandler
                0x080071a4                USART2_IRQHandler
                0x080071a4                I2C2_ER_IRQHandler
                0x080071a4                DMA2_Stream1_IRQHandler
                0x080071a4                CAN1_SCE_IRQHandler
                0x080071a4                FLASH_IRQHandler
                0x080071a4                DMA2_Stream4_IRQHandler
                0x080071a4                OTG_FS_IRQHandler
                0x080071a4                SPI3_IRQHandler
                0x080071a4                DMA1_Stream4_IRQHandler
                0x080071a4                I2C1_ER_IRQHandler
                0x080071a4                DMA2_Stream6_IRQHandler
                0x080071a4                DMA1_Stream3_IRQHandler
 *fill*         0x080071a6        0x2 
 .text.__libc_init_array
                0x080071a8       0x48 d:/install/gnu arm embedded toolchain/10 2020-q4-major/bin/../lib/gcc/arm-none-eabi/10.2.1/../../../../arm-none-eabi/lib/thumb/v7e-m+fp/hard\libc_nano.a(lib_a-init.o)
                0x080071a8                __libc_init_array
 .text.memset   0x080071f0       0x10 d:/install/gnu arm embedded toolchain/10 2020-q4-major/bin/../lib/gcc/arm-none-eabi/10.2.1/../../../../arm-none-eabi/lib/thumb/v7e-m+fp/hard\libc_nano.a(lib_a-memset.o)
                0x080071f0                memset
 .text.printf   0x08007200       0x30 d:/install/gnu arm embedded toolchain/10 2020-q4-major/bin/../lib/gcc/arm-none-eabi/10.2.1/../../../../arm-none-eabi/lib/thumb/v7e-m+fp/hard\libc_nano.a(lib_a-printf.o)
                0x08007200                iprintf
                0x08007200                printf
 .text._puts_r  0x08007230       0xdc d:/install/gnu arm embedded toolchain/10 2020-q4-major/bin/../lib/gcc/arm-none-eabi/10.2.1/../../../../arm-none-eabi/lib/thumb/v7e-m+fp/hard\libc_nano.a(lib_a-puts.o)
                0x08007230                _puts_r
 .text.puts     0x0800730c       0x10 d:/install/gnu arm embedded toolchain/10 2020-q4-major/bin/../lib/gcc/arm-none-eabi/10.2.1/../../../../arm-none-eabi/lib/thumb/v7e-m+fp/hard\libc_nano.a(lib_a-puts.o)
                0x0800730c                puts
 .text.srand    0x0800731c       0x5c d:/install/gnu arm embedded toolchain/10 2020-q4-major/bin/../lib/gcc/arm-none-eabi/10.2.1/../../../../arm-none-eabi/lib/thumb/v7e-m+fp/hard\libc_nano.a(lib_a-rand.o)
                0x0800731c                srand
 .text.rand     0x08007378       0x7c d:/install/gnu arm embedded toolchain/10 2020-q4-major/bin/../lib/gcc/arm-none-eabi/10.2.1/../../../../arm-none-eabi/lib/thumb/v7e-m+fp/hard\libc_nano.a(lib_a-rand.o)
                0x08007378                rand
 .text.sprintf  0x080073f4       0x40 d:/install/gnu arm embedded toolchain/10 2020-q4-major/bin/../lib/gcc/arm-none-eabi/10.2.1/../../../../arm-none-eabi/lib/thumb/v7e-m+fp/hard\libc_nano.a(lib_a-sprintf.o)
                0x080073f4                siprintf
                0x080073f4                sprintf
 .text.__swbuf_r
                0x08007434       0xa4 d:/install/gnu arm embedded toolchain/10 2020-q4-major/bin/../lib/gcc/arm-none-eabi/10.2.1/../../../../arm-none-eabi/lib/thumb/v7e-m+fp/hard\libc_nano.a(lib_a-wbuf.o)
                0x08007434                __swbuf_r
 .text.__swsetup_r
                0x080074d8       0xdc d:/install/gnu arm embedded toolchain/10 2020-q4-major/bin/../lib/gcc/arm-none-eabi/10.2.1/../../../../arm-none-eabi/lib/thumb/v7e-m+fp/hard\libc_nano.a(lib_a-wsetup.o)
                0x080074d8                __swsetup_r
 .text.__assert_func
                0x080075b4       0x3c d:/install/gnu arm embedded toolchain/10 2020-q4-major/bin/../lib/gcc/arm-none-eabi/10.2.1/../../../../arm-none-eabi/lib/thumb/v7e-m+fp/hard\libc_nano.a(lib_a-assert.o)
                0x080075b4                __assert_func
 .text.__sflush_r
                0x080075f0      0x10c d:/install/gnu arm embedded toolchain/10 2020-q4-major/bin/../lib/gcc/arm-none-eabi/10.2.1/../../../../arm-none-eabi/lib/thumb/v7e-m+fp/hard\libc_nano.a(lib_a-fflush.o)
                0x080075f0                __sflush_r
 .text._fflush_r
                0x080076fc       0x78 d:/install/gnu arm embedded toolchain/10 2020-q4-major/bin/../lib/gcc/arm-none-eabi/10.2.1/../../../../arm-none-eabi/lib/thumb/v7e-m+fp/hard\libc_nano.a(lib_a-fflush.o)
                0x080076fc                _fflush_r
 .text.std      0x08007774       0x48 d:/install/gnu arm embedded toolchain/10 2020-q4-major/bin/../lib/gcc/arm-none-eabi/10.2.1/../../../../arm-none-eabi/lib/thumb/v7e-m+fp/hard\libc_nano.a(lib_a-findfp.o)
 .text._cleanup_r
                0x080077bc        0xc d:/install/gnu arm embedded toolchain/10 2020-q4-major/bin/../lib/gcc/arm-none-eabi/10.2.1/../../../../arm-none-eabi/lib/thumb/v7e-m+fp/hard\libc_nano.a(lib_a-findfp.o)
                0x080077bc                _cleanup_r
 .text.__sfmoreglue
                0x080077c8       0x2c d:/install/gnu arm embedded toolchain/10 2020-q4-major/bin/../lib/gcc/arm-none-eabi/10.2.1/../../../../arm-none-eabi/lib/thumb/v7e-m+fp/hard\libc_nano.a(lib_a-findfp.o)
                0x080077c8                __sfmoreglue
 .text.__sfp_lock_acquire
                0x080077f4        0xc d:/install/gnu arm embedded toolchain/10 2020-q4-major/bin/../lib/gcc/arm-none-eabi/10.2.1/../../../../arm-none-eabi/lib/thumb/v7e-m+fp/hard\libc_nano.a(lib_a-findfp.o)
                0x080077f4                __sfp_lock_acquire
 .text.__sfp_lock_release
                0x08007800        0xc d:/install/gnu arm embedded toolchain/10 2020-q4-major/bin/../lib/gcc/arm-none-eabi/10.2.1/../../../../arm-none-eabi/lib/thumb/v7e-m+fp/hard\libc_nano.a(lib_a-findfp.o)
                0x08007800                __sfp_lock_release
 .text.__sinit_lock_acquire
                0x0800780c        0xc d:/install/gnu arm embedded toolchain/10 2020-q4-major/bin/../lib/gcc/arm-none-eabi/10.2.1/../../../../arm-none-eabi/lib/thumb/v7e-m+fp/hard\libc_nano.a(lib_a-findfp.o)
                0x0800780c                __sinit_lock_acquire
 .text.__sinit_lock_release
                0x08007818        0xc d:/install/gnu arm embedded toolchain/10 2020-q4-major/bin/../lib/gcc/arm-none-eabi/10.2.1/../../../../arm-none-eabi/lib/thumb/v7e-m+fp/hard\libc_nano.a(lib_a-findfp.o)
                0x08007818                __sinit_lock_release
 .text.__sinit  0x08007824       0x70 d:/install/gnu arm embedded toolchain/10 2020-q4-major/bin/../lib/gcc/arm-none-eabi/10.2.1/../../../../arm-none-eabi/lib/thumb/v7e-m+fp/hard\libc_nano.a(lib_a-findfp.o)
                0x08007824                __sinit
 .text.__sfp    0x08007894       0x8c d:/install/gnu arm embedded toolchain/10 2020-q4-major/bin/../lib/gcc/arm-none-eabi/10.2.1/../../../../arm-none-eabi/lib/thumb/v7e-m+fp/hard\libc_nano.a(lib_a-findfp.o)
                0x08007894                __sfp
 .text.fprintf  0x08007920       0x24 d:/install/gnu arm embedded toolchain/10 2020-q4-major/bin/../lib/gcc/arm-none-eabi/10.2.1/../../../../arm-none-eabi/lib/thumb/v7e-m+fp/hard\libc_nano.a(lib_a-fprintf.o)
                0x08007920                fiprintf
                0x08007920                fprintf
 .text._fwalk_reent
                0x08007944       0x3e d:/install/gnu arm embedded toolchain/10 2020-q4-major/bin/../lib/gcc/arm-none-eabi/10.2.1/../../../../arm-none-eabi/lib/thumb/v7e-m+fp/hard\libc_nano.a(lib_a-fwalk.o)
                0x08007944                _fwalk_reent
 .text.__retarget_lock_init_recursive
                0x08007982        0x2 d:/install/gnu arm embedded toolchain/10 2020-q4-major/bin/../lib/gcc/arm-none-eabi/10.2.1/../../../../arm-none-eabi/lib/thumb/v7e-m+fp/hard\libc_nano.a(lib_a-lock.o)
                0x08007982                __retarget_lock_init_recursive
 .text.__retarget_lock_acquire_recursive
                0x08007984        0x2 d:/install/gnu arm embedded toolchain/10 2020-q4-major/bin/../lib/gcc/arm-none-eabi/10.2.1/../../../../arm-none-eabi/lib/thumb/v7e-m+fp/hard\libc_nano.a(lib_a-lock.o)
                0x08007984                __retarget_lock_acquire_recursive
 .text.__retarget_lock_release_recursive
                0x08007986        0x2 d:/install/gnu arm embedded toolchain/10 2020-q4-major/bin/../lib/gcc/arm-none-eabi/10.2.1/../../../../arm-none-eabi/lib/thumb/v7e-m+fp/hard\libc_nano.a(lib_a-lock.o)
                0x08007986                __retarget_lock_release_recursive
 .text.__swhatbuf_r
                0x08007988       0x4a d:/install/gnu arm embedded toolchain/10 2020-q4-major/bin/../lib/gcc/arm-none-eabi/10.2.1/../../../../arm-none-eabi/lib/thumb/v7e-m+fp/hard\libc_nano.a(lib_a-makebuf.o)
                0x08007988                __swhatbuf_r
 *fill*         0x080079d2        0x2 
 .text.__smakebuf_r
                0x080079d4       0x80 d:/install/gnu arm embedded toolchain/10 2020-q4-major/bin/../lib/gcc/arm-none-eabi/10.2.1/../../../../arm-none-eabi/lib/thumb/v7e-m+fp/hard\libc_nano.a(lib_a-makebuf.o)
                0x080079d4                __smakebuf_r
 .text.malloc   0x08007a54       0x10 d:/install/gnu arm embedded toolchain/10 2020-q4-major/bin/../lib/gcc/arm-none-eabi/10.2.1/../../../../arm-none-eabi/lib/thumb/v7e-m+fp/hard\libc_nano.a(lib_a-malloc.o)
                0x08007a54                malloc
 .text._free_r  0x08007a64       0x98 d:/install/gnu arm embedded toolchain/10 2020-q4-major/bin/../lib/gcc/arm-none-eabi/10.2.1/../../../../arm-none-eabi/lib/thumb/v7e-m+fp/hard\libc_nano.a(lib_a-nano-freer.o)
                0x08007a64                _free_r
 .text._malloc_r
                0x08007afc       0xb4 d:/install/gnu arm embedded toolchain/10 2020-q4-major/bin/../lib/gcc/arm-none-eabi/10.2.1/../../../../arm-none-eabi/lib/thumb/v7e-m+fp/hard\libc_nano.a(lib_a-nano-mallocr.o)
                0x08007afc                _malloc_r
 .text.__ssputs_r
                0x08007bb0       0xb6 d:/install/gnu arm embedded toolchain/10 2020-q4-major/bin/../lib/gcc/arm-none-eabi/10.2.1/../../../../arm-none-eabi/lib/thumb/v7e-m+fp/hard\libc_nano.a(lib_a-nano-svfprintf.o)
                0x08007bb0                __ssputs_r
 *fill*         0x08007c66        0x2 
 .text._svfprintf_r
                0x08007c68      0x200 d:/install/gnu arm embedded toolchain/10 2020-q4-major/bin/../lib/gcc/arm-none-eabi/10.2.1/../../../../arm-none-eabi/lib/thumb/v7e-m+fp/hard\libc_nano.a(lib_a-nano-svfprintf.o)
                0x08007c68                _svfiprintf_r
                0x08007c68                _svfprintf_r
 .text.__sfputc_r
                0x08007e68       0x2e d:/install/gnu arm embedded toolchain/10 2020-q4-major/bin/../lib/gcc/arm-none-eabi/10.2.1/../../../../arm-none-eabi/lib/thumb/v7e-m+fp/hard\libc_nano.a(lib_a-nano-vfprintf.o)
 .text.__sfputs_r
                0x08007e96       0x24 d:/install/gnu arm embedded toolchain/10 2020-q4-major/bin/../lib/gcc/arm-none-eabi/10.2.1/../../../../arm-none-eabi/lib/thumb/v7e-m+fp/hard\libc_nano.a(lib_a-nano-vfprintf.o)
                0x08007e96                __sfputs_r
 *fill*         0x08007eba        0x2 
 .text._vfprintf_r
                0x08007ebc      0x260 d:/install/gnu arm embedded toolchain/10 2020-q4-major/bin/../lib/gcc/arm-none-eabi/10.2.1/../../../../arm-none-eabi/lib/thumb/v7e-m+fp/hard\libc_nano.a(lib_a-nano-vfprintf.o)
                0x08007ebc                _vfprintf_r
                0x08007ebc                _vfiprintf_r
 .text._printf_common
                0x0800811c       0xda d:/install/gnu arm embedded toolchain/10 2020-q4-major/bin/../lib/gcc/arm-none-eabi/10.2.1/../../../../arm-none-eabi/lib/thumb/v7e-m+fp/hard\libc_nano.a(lib_a-nano-vfprintf_i.o)
                0x0800811c                _printf_common
 *fill*         0x080081f6        0x2 
 .text._printf_i
                0x080081f8      0x24c d:/install/gnu arm embedded toolchain/10 2020-q4-major/bin/../lib/gcc/arm-none-eabi/10.2.1/../../../../arm-none-eabi/lib/thumb/v7e-m+fp/hard\libc_nano.a(lib_a-nano-vfprintf_i.o)
                0x080081f8                _printf_i
 .text._sbrk_r  0x08008444       0x20 d:/install/gnu arm embedded toolchain/10 2020-q4-major/bin/../lib/gcc/arm-none-eabi/10.2.1/../../../../arm-none-eabi/lib/thumb/v7e-m+fp/hard\libc_nano.a(lib_a-sbrkr.o)
                0x08008444                _sbrk_r
 .text.__sread  0x08008464       0x22 d:/install/gnu arm embedded toolchain/10 2020-q4-major/bin/../lib/gcc/arm-none-eabi/10.2.1/../../../../arm-none-eabi/lib/thumb/v7e-m+fp/hard\libc_nano.a(lib_a-stdio.o)
                0x08008464                __sread
 .text.__swrite
                0x08008486       0x38 d:/install/gnu arm embedded toolchain/10 2020-q4-major/bin/../lib/gcc/arm-none-eabi/10.2.1/../../../../arm-none-eabi/lib/thumb/v7e-m+fp/hard\libc_nano.a(lib_a-stdio.o)
                0x08008486                __swrite
 .text.__sseek  0x080084be       0x24 d:/install/gnu arm embedded toolchain/10 2020-q4-major/bin/../lib/gcc/arm-none-eabi/10.2.1/../../../../arm-none-eabi/lib/thumb/v7e-m+fp/hard\libc_nano.a(lib_a-stdio.o)
                0x080084be                __sseek
 .text.__sclose
                0x080084e2        0x8 d:/install/gnu arm embedded toolchain/10 2020-q4-major/bin/../lib/gcc/arm-none-eabi/10.2.1/../../../../arm-none-eabi/lib/thumb/v7e-m+fp/hard\libc_nano.a(lib_a-stdio.o)
                0x080084e2                __sclose
 *fill*         0x080084ea        0x2 
 .text._write_r
                0x080084ec       0x24 d:/install/gnu arm embedded toolchain/10 2020-q4-major/bin/../lib/gcc/arm-none-eabi/10.2.1/../../../../arm-none-eabi/lib/thumb/v7e-m+fp/hard\libc_nano.a(lib_a-writer.o)
                0x080084ec                _write_r
 .text.abort    0x08008510        0xe d:/install/gnu arm embedded toolchain/10 2020-q4-major/bin/../lib/gcc/arm-none-eabi/10.2.1/../../../../arm-none-eabi/lib/thumb/v7e-m+fp/hard\libc_nano.a(lib_a-abort.o)
                0x08008510                abort
 *fill*         0x0800851e        0x2 
 .text._close_r
                0x08008520       0x20 d:/install/gnu arm embedded toolchain/10 2020-q4-major/bin/../lib/gcc/arm-none-eabi/10.2.1/../../../../arm-none-eabi/lib/thumb/v7e-m+fp/hard\libc_nano.a(lib_a-closer.o)
                0x08008520                _close_r
 .text._fstat_r
                0x08008540       0x24 d:/install/gnu arm embedded toolchain/10 2020-q4-major/bin/../lib/gcc/arm-none-eabi/10.2.1/../../../../arm-none-eabi/lib/thumb/v7e-m+fp/hard\libc_nano.a(lib_a-fstatr.o)
                0x08008540                _fstat_r
 .text._isatty_r
                0x08008564       0x20 d:/install/gnu arm embedded toolchain/10 2020-q4-major/bin/../lib/gcc/arm-none-eabi/10.2.1/../../../../arm-none-eabi/lib/thumb/v7e-m+fp/hard\libc_nano.a(lib_a-isattyr.o)
                0x08008564                _isatty_r
 .text._lseek_r
                0x08008584       0x24 d:/install/gnu arm embedded toolchain/10 2020-q4-major/bin/../lib/gcc/arm-none-eabi/10.2.1/../../../../arm-none-eabi/lib/thumb/v7e-m+fp/hard\libc_nano.a(lib_a-lseekr.o)
                0x08008584                _lseek_r
 .text.memcpy   0x080085a8       0x1c d:/install/gnu arm embedded toolchain/10 2020-q4-major/bin/../lib/gcc/arm-none-eabi/10.2.1/../../../../arm-none-eabi/lib/thumb/v7e-m+fp/hard\libc_nano.a(lib_a-memcpy-stub.o)
                0x080085a8                memcpy
 .text.memmove  0x080085c4       0x34 d:/install/gnu arm embedded toolchain/10 2020-q4-major/bin/../lib/gcc/arm-none-eabi/10.2.1/../../../../arm-none-eabi/lib/thumb/v7e-m+fp/hard\libc_nano.a(lib_a-memmove.o)
                0x080085c4                memmove
 .text.__malloc_lock
                0x080085f8        0xc d:/install/gnu arm embedded toolchain/10 2020-q4-major/bin/../lib/gcc/arm-none-eabi/10.2.1/../../../../arm-none-eabi/lib/thumb/v7e-m+fp/hard\libc_nano.a(lib_a-mlock.o)
                0x080085f8                __malloc_lock
 .text.__malloc_unlock
                0x08008604        0xc d:/install/gnu arm embedded toolchain/10 2020-q4-major/bin/../lib/gcc/arm-none-eabi/10.2.1/../../../../arm-none-eabi/lib/thumb/v7e-m+fp/hard\libc_nano.a(lib_a-mlock.o)
                0x08008604                __malloc_unlock
 .text._realloc_r
                0x08008610       0x4c d:/install/gnu arm embedded toolchain/10 2020-q4-major/bin/../lib/gcc/arm-none-eabi/10.2.1/../../../../arm-none-eabi/lib/thumb/v7e-m+fp/hard\libc_nano.a(lib_a-nano-reallocr.o)
                0x08008610                _realloc_r
 .text._read_r  0x0800865c       0x24 d:/install/gnu arm embedded toolchain/10 2020-q4-major/bin/../lib/gcc/arm-none-eabi/10.2.1/../../../../arm-none-eabi/lib/thumb/v7e-m+fp/hard\libc_nano.a(lib_a-readr.o)
                0x0800865c                _read_r
 .text._raise_r
                0x08008680       0x50 d:/install/gnu arm embedded toolchain/10 2020-q4-major/bin/../lib/gcc/arm-none-eabi/10.2.1/../../../../arm-none-eabi/lib/thumb/v7e-m+fp/hard\libc_nano.a(lib_a-signal.o)
                0x08008680                _raise_r
 .text.raise    0x080086d0       0x10 d:/install/gnu arm embedded toolchain/10 2020-q4-major/bin/../lib/gcc/arm-none-eabi/10.2.1/../../../../arm-none-eabi/lib/thumb/v7e-m+fp/hard\libc_nano.a(lib_a-signal.o)
                0x080086d0                raise
 .text._kill_r  0x080086e0       0x24 d:/install/gnu arm embedded toolchain/10 2020-q4-major/bin/../lib/gcc/arm-none-eabi/10.2.1/../../../../arm-none-eabi/lib/thumb/v7e-m+fp/hard\libc_nano.a(lib_a-signalr.o)
                0x080086e0                _kill_r
 .text._getpid_r
                0x08008704        0x4 d:/install/gnu arm embedded toolchain/10 2020-q4-major/bin/../lib/gcc/arm-none-eabi/10.2.1/../../../../arm-none-eabi/lib/thumb/v7e-m+fp/hard\libc_nano.a(lib_a-signalr.o)
                0x08008704                _getpid_r
 .text._malloc_usable_size_r
                0x08008708       0x10 d:/install/gnu arm embedded toolchain/10 2020-q4-major/bin/../lib/gcc/arm-none-eabi/10.2.1/../../../../arm-none-eabi/lib/thumb/v7e-m+fp/hard\libc_nano.a(lib_a-nano-msizer.o)
                0x08008708                _malloc_usable_size_r
 .text._close   0x08008718       0x10 d:/install/gnu arm embedded toolchain/10 2020-q4-major/bin/../lib/gcc/arm-none-eabi/10.2.1/../../../../arm-none-eabi/lib/thumb/v7e-m+fp/hard\libnosys.a(close.o)
                0x08008718                _close
 .text._fstat   0x08008728       0x10 d:/install/gnu arm embedded toolchain/10 2020-q4-major/bin/../lib/gcc/arm-none-eabi/10.2.1/../../../../arm-none-eabi/lib/thumb/v7e-m+fp/hard\libnosys.a(fstat.o)
                0x08008728                _fstat
 .text._getpid  0x08008738       0x10 d:/install/gnu arm embedded toolchain/10 2020-q4-major/bin/../lib/gcc/arm-none-eabi/10.2.1/../../../../arm-none-eabi/lib/thumb/v7e-m+fp/hard\libnosys.a(getpid.o)
                0x08008738                _getpid
 .text._isatty  0x08008748       0x10 d:/install/gnu arm embedded toolchain/10 2020-q4-major/bin/../lib/gcc/arm-none-eabi/10.2.1/../../../../arm-none-eabi/lib/thumb/v7e-m+fp/hard\libnosys.a(isatty.o)
                0x08008748                _isatty
 .text._kill    0x08008758       0x10 d:/install/gnu arm embedded toolchain/10 2020-q4-major/bin/../lib/gcc/arm-none-eabi/10.2.1/../../../../arm-none-eabi/lib/thumb/v7e-m+fp/hard\libnosys.a(kill.o)
                0x08008758                _kill
 .text._lseek   0x08008768       0x10 d:/install/gnu arm embedded toolchain/10 2020-q4-major/bin/../lib/gcc/arm-none-eabi/10.2.1/../../../../arm-none-eabi/lib/thumb/v7e-m+fp/hard\libnosys.a(lseek.o)
                0x08008768                _lseek
 .text._read    0x08008778       0x10 d:/install/gnu arm embedded toolchain/10 2020-q4-major/bin/../lib/gcc/arm-none-eabi/10.2.1/../../../../arm-none-eabi/lib/thumb/v7e-m+fp/hard\libnosys.a(read.o)
                0x08008778                _read
 .text._sbrk    0x08008788       0x1c d:/install/gnu arm embedded toolchain/10 2020-q4-major/bin/../lib/gcc/arm-none-eabi/10.2.1/../../../../arm-none-eabi/lib/thumb/v7e-m+fp/hard\libnosys.a(sbrk.o)
                0x08008788                _sbrk
 .text._write   0x080087a4       0x10 d:/install/gnu arm embedded toolchain/10 2020-q4-major/bin/../lib/gcc/arm-none-eabi/10.2.1/../../../../arm-none-eabi/lib/thumb/v7e-m+fp/hard\libnosys.a(write.o)
                0x080087a4                _write
 .text._exit    0x080087b4        0x4 d:/install/gnu arm embedded toolchain/10 2020-q4-major/bin/../lib/gcc/arm-none-eabi/10.2.1/../../../../arm-none-eabi/lib/thumb/v7e-m+fp/hard\libnosys.a(_exit.o)
                0x080087b4                _exit
 *(.glue_7)
 .glue_7        0x080087b8        0x0 linker stubs
 *(.glue_7t)
 .glue_7t       0x080087b8        0x0 linker stubs
 *(.eh_frame)
 .eh_frame      0x080087b8        0x0 d:/install/gnu arm embedded toolchain/10 2020-q4-major/bin/../lib/gcc/arm-none-eabi/10.2.1/thumb/v7e-m+fp/hard/crtbegin.o
 *(.init)
 .init          0x080087b8        0x4 d:/install/gnu arm embedded toolchain/10 2020-q4-major/bin/../lib/gcc/arm-none-eabi/10.2.1/thumb/v7e-m+fp/hard/crti.o
                0x080087b8                _init
 .init          0x080087bc        0x8 d:/install/gnu arm embedded toolchain/10 2020-q4-major/bin/../lib/gcc/arm-none-eabi/10.2.1/thumb/v7e-m+fp/hard/crtn.o
 *(.fini)
 .fini          0x080087c4        0x4 d:/install/gnu arm embedded toolchain/10 2020-q4-major/bin/../lib/gcc/arm-none-eabi/10.2.1/thumb/v7e-m+fp/hard/crti.o
                0x080087c4                _fini
 .fini          0x080087c8        0x8 d:/install/gnu arm embedded toolchain/10 2020-q4-major/bin/../lib/gcc/arm-none-eabi/10.2.1/thumb/v7e-m+fp/hard/crtn.o
                0x080087d0                . = ALIGN (0x4)
                0x080087d0                _etext = .

.vfp11_veneer   0x080087d0        0x0
 .vfp11_veneer  0x080087d0        0x0 linker stubs

.v4_bx          0x080087d0        0x0
 .v4_bx         0x080087d0        0x0 linker stubs

.iplt           0x080087d0        0x0
 .iplt          0x080087d0        0x0 d:/install/gnu arm embedded toolchain/10 2020-q4-major/bin/../lib/gcc/arm-none-eabi/10.2.1/thumb/v7e-m+fp/hard/crtbegin.o

.rodata         0x080087d0     0x2bb8
                0x080087d0                . = ALIGN (0x4)
 *(.rodata)
 .rodata        0x080087d0       0x10 build/test.o
 *(.rodata*)
 .rodata.asc2_1206
                0x080087e0      0x474 build/GUI.o
                0x080087e0                asc2_1206
 .rodata.asc2_1608
                0x08008c54      0x5f0 build/GUI.o
                0x08008c54                asc2_1608
 .rodata.tfont16
                0x08009244      0x990 build/GUI.o
                0x08009244                tfont16
 .rodata.tfont24
                0x08009bd4      0x206 build/GUI.o
                0x08009bd4                tfont24
 *fill*         0x08009dda        0x2 
 .rodata.tfont32
                0x08009ddc      0x208 build/GUI.o
                0x08009ddc                tfont32
 .rodata.LCD_Init.str1.4
                0x08009fe4       0x1f build/lcd.o
 *fill*         0x0800a003        0x1 
 .rodata.str1.4
                0x0800a004       0x35 build/test.o
 *fill*         0x0800a039        0x3 
 .rodata.DrawTestPage.str1.4
                0x0800a03c       0x17 build/test.o
 *fill*         0x0800a053        0x1 
 .rodata.main_test.str1.4
                0x0800a054       0xa1 build/test.o
                                 0xb1 (size before relaxing)
 *fill*         0x0800a0f5        0x3 
 .rodata.Test_Color.str1.4
                0x0800a0f8       0x1e build/test.o
 *fill*         0x0800a116        0x2 
 .rodata.Test_FillRec.str1.4
                0x0800a118       0x16 build/test.o
 *fill*         0x0800a12e        0x2 
 .rodata.Test_Circle.str1.4
                0x0800a130       0x16 build/test.o
 *fill*         0x0800a146        0x2 
 .rodata.English_Font_test.str1.4
                0x0800a148      0x102 build/test.o
 *fill*         0x0800a24a        0x2 
 .rodata.Test_Triangle.str1.4
                0x0800a24c       0x1b build/test.o
 *fill*         0x0800a267        0x1 
 .rodata.Chinese_Font_test.str1.4
                0x0800a268       0x5f build/test.o
 *fill*         0x0800a2c7        0x1 
 .rodata.Pic_test.str1.4
                0x0800a2c8       0x17 build/test.o
 *fill*         0x0800a2df        0x1 
 .rodata.Rotate_Test.str1.4
                0x0800a2e0       0x14 build/test.o
 .rodata.Test_Read.str1.4
                0x0800a2f4       0x42 build/test.o
 *fill*         0x0800a336        0x2 
 .rodata.POINT_Test.str1.4
                0x0800a338       0x21 build/test.o
 *fill*         0x0800a359        0x3 
 .rodata.Combo_Test.str1.4
                0x0800a35c       0x3d build/test.o
 *fill*         0x0800a399        0x3 
 .rodata.ProgresBar_Test.str1.4
                0x0800a39c       0x3b build/test.o
 *fill*         0x0800a3d7        0x1 
 .rodata.BarReport_Test.str1.4
                0x0800a3d8       0x15 build/test.o
 *fill*         0x0800a3ed        0x3 
 .rodata.Window_Test.str1.4
                0x0800a3f0       0x12 build/test.o
 *fill*         0x0800a402        0x2 
 .rodata.Button_Test.str1.4
                0x0800a404       0xe6 build/test.o
 *fill*         0x0800a4ea        0x2 
 .rodata.Test_Dynamic_Num.str1.4
                0x0800a4ec       0xb3 build/test.o
 *fill*         0x0800a59f        0x1 
 .rodata.gImage_qq
                0x0800a5a0      0xc80 build/test.o
                0x0800a5a0                gImage_qq
 .rodata._global_impure_ptr
                0x0800b220        0x4 d:/install/gnu arm embedded toolchain/10 2020-q4-major/bin/../lib/gcc/arm-none-eabi/10.2.1/../../../../arm-none-eabi/lib/thumb/v7e-m+fp/hard\libc_nano.a(lib_a-impure.o)
                0x0800b220                _global_impure_ptr
 .rodata.srand.str1.1
                0x0800b224       0x94 d:/install/gnu arm embedded toolchain/10 2020-q4-major/bin/../lib/gcc/arm-none-eabi/10.2.1/../../../../arm-none-eabi/lib/thumb/v7e-m+fp/hard\libc_nano.a(lib_a-rand.o)
 .rodata.__assert_func.str1.1
                0x0800b2b8       0x3c d:/install/gnu arm embedded toolchain/10 2020-q4-major/bin/../lib/gcc/arm-none-eabi/10.2.1/../../../../arm-none-eabi/lib/thumb/v7e-m+fp/hard\libc_nano.a(lib_a-assert.o)
                                 0x3d (size before relaxing)
 .rodata.__sf_fake_stderr
                0x0800b2f4       0x20 d:/install/gnu arm embedded toolchain/10 2020-q4-major/bin/../lib/gcc/arm-none-eabi/10.2.1/../../../../arm-none-eabi/lib/thumb/v7e-m+fp/hard\libc_nano.a(lib_a-findfp.o)
                0x0800b2f4                __sf_fake_stderr
 .rodata.__sf_fake_stdin
                0x0800b314       0x20 d:/install/gnu arm embedded toolchain/10 2020-q4-major/bin/../lib/gcc/arm-none-eabi/10.2.1/../../../../arm-none-eabi/lib/thumb/v7e-m+fp/hard\libc_nano.a(lib_a-findfp.o)
                0x0800b314                __sf_fake_stdin
 .rodata.__sf_fake_stdout
                0x0800b334       0x20 d:/install/gnu arm embedded toolchain/10 2020-q4-major/bin/../lib/gcc/arm-none-eabi/10.2.1/../../../../arm-none-eabi/lib/thumb/v7e-m+fp/hard\libc_nano.a(lib_a-findfp.o)
                0x0800b334                __sf_fake_stdout
 .rodata._svfprintf_r.str1.1
                0x0800b354       0x11 d:/install/gnu arm embedded toolchain/10 2020-q4-major/bin/../lib/gcc/arm-none-eabi/10.2.1/../../../../arm-none-eabi/lib/thumb/v7e-m+fp/hard\libc_nano.a(lib_a-nano-svfprintf.o)
 .rodata._vfprintf_r.str1.1
                0x0800b365       0x11 d:/install/gnu arm embedded toolchain/10 2020-q4-major/bin/../lib/gcc/arm-none-eabi/10.2.1/../../../../arm-none-eabi/lib/thumb/v7e-m+fp/hard\libc_nano.a(lib_a-nano-vfprintf.o)
 .rodata._printf_i.str1.1
                0x0800b365       0x22 d:/install/gnu arm embedded toolchain/10 2020-q4-major/bin/../lib/gcc/arm-none-eabi/10.2.1/../../../../arm-none-eabi/lib/thumb/v7e-m+fp/hard\libc_nano.a(lib_a-nano-vfprintf_i.o)
                0x0800b388                . = ALIGN (0x4)
 *fill*         0x0800b387        0x1 

.rel.dyn        0x0800b388        0x0
 .rel.iplt      0x0800b388        0x0 d:/install/gnu arm embedded toolchain/10 2020-q4-major/bin/../lib/gcc/arm-none-eabi/10.2.1/thumb/v7e-m+fp/hard/crtbegin.o

.ARM.extab
 *(.ARM.extab* .gnu.linkonce.armextab.*)

.ARM            0x0800b388        0x0
                0x0800b388                __exidx_start = .
 *(.ARM.exidx*)
                0x0800b388                __exidx_end = .

.preinit_array  0x0800b388        0x0
                0x0800b388                PROVIDE (__preinit_array_start = .)
 *(.preinit_array*)
                0x0800b388                PROVIDE (__preinit_array_end = .)

.init_array     0x0800b388        0x4
                0x0800b388                PROVIDE (__init_array_start = .)
 *(SORT_BY_NAME(.init_array.*))
 *(.init_array*)
 .init_array    0x0800b388        0x4 d:/install/gnu arm embedded toolchain/10 2020-q4-major/bin/../lib/gcc/arm-none-eabi/10.2.1/thumb/v7e-m+fp/hard/crtbegin.o
                0x0800b38c                PROVIDE (__init_array_end = .)

.fini_array     0x0800b38c        0x4
                [!provide]                PROVIDE (__fini_array_start = .)
 *(SORT_BY_NAME(.fini_array.*))
 *(.fini_array*)
 .fini_array    0x0800b38c        0x4 d:/install/gnu arm embedded toolchain/10 2020-q4-major/bin/../lib/gcc/arm-none-eabi/10.2.1/thumb/v7e-m+fp/hard/crtbegin.o
                [!provide]                PROVIDE (__fini_array_end = .)
                0x0800b390                _sidata = LOADADDR (.data)

.data           0x20000000       0x94 load address 0x0800b390
                0x20000000                . = ALIGN (0x4)
                0x20000000                _sdata = .
 *(.data)
 *(.data*)
 .data.BACK_COLOR
                0x20000000        0x2 build/lcd.o
                0x20000000                BACK_COLOR
 *fill*         0x20000002        0x2 
 .data.ColorTab
                0x20000004        0xa build/test.o
                0x20000004                ColorTab
 *fill*         0x2000000e        0x2 
 .data.ColornTab
                0x20000010       0x10 build/test.o
                0x20000010                ColornTab
 .data.APBAHBPrescTable
                0x20000020       0x10 build/stm32f4xx_rcc.o
 .data._impure_ptr
                0x20000030        0x4 d:/install/gnu arm embedded toolchain/10 2020-q4-major/bin/../lib/gcc/arm-none-eabi/10.2.1/../../../../arm-none-eabi/lib/thumb/v7e-m+fp/hard\libc_nano.a(lib_a-impure.o)
                0x20000030                _impure_ptr
 .data.impure_data
                0x20000034       0x60 d:/install/gnu arm embedded toolchain/10 2020-q4-major/bin/../lib/gcc/arm-none-eabi/10.2.1/../../../../arm-none-eabi/lib/thumb/v7e-m+fp/hard\libc_nano.a(lib_a-impure.o)
                0x20000094                . = ALIGN (0x4)
                0x20000094                _edata = .
                0x0800b424                _siccmram = LOADADDR (.ccmram)

.igot.plt       0x20000094        0x0 load address 0x0800b424
 .igot.plt      0x20000094        0x0 d:/install/gnu arm embedded toolchain/10 2020-q4-major/bin/../lib/gcc/arm-none-eabi/10.2.1/thumb/v7e-m+fp/hard/crtbegin.o

.ccmram         0x10000000        0x0 load address 0x0800b424
                0x10000000                . = ALIGN (0x4)
                0x10000000                _sccmram = .
 *(.ccmram)
 *(.ccmram*)
                0x10000000                . = ALIGN (0x4)
                0x10000000                _eccmram = .
                0x10000000                . = ALIGN (0x4)

.bss            0x20000094      0x154
                0x20000094                _sbss = .
                0x20000094                __bss_start__ = _sbss
 *(.bss)
 .bss           0x20000094       0x1c d:/install/gnu arm embedded toolchain/10 2020-q4-major/bin/../lib/gcc/arm-none-eabi/10.2.1/thumb/v7e-m+fp/hard/crtbegin.o
 *(.bss*)
 .bss.fac_ms    0x200000b0        0x2 build/delay.o
 .bss.fac_us    0x200000b2        0x1 build/delay.o
 *fill*         0x200000b3        0x1 
 .bss.POINT_COLOR
                0x200000b4        0x2 build/lcd.o
                0x200000b4                POINT_COLOR
 *fill*         0x200000b6        0x2 
 .bss.lcddev    0x200000b8       0x16 build/lcd.o
                0x200000b8                lcddev
 *fill*         0x200000ce        0x2 
 .bss.USART_RX_BUF
                0x200000d0      0x100 build/usart.o
                0x200000d0                USART_RX_BUF
 .bss.USART_RX_STA
                0x200001d0        0x2 build/usart.o
                0x200001d0                USART_RX_STA
 .bss.__lock___malloc_recursive_mutex
                0x200001d2        0x1 d:/install/gnu arm embedded toolchain/10 2020-q4-major/bin/../lib/gcc/arm-none-eabi/10.2.1/../../../../arm-none-eabi/lib/thumb/v7e-m+fp/hard\libc_nano.a(lib_a-lock.o)
                0x200001d2                __lock___malloc_recursive_mutex
 .bss.__lock___sfp_recursive_mutex
                0x200001d3        0x1 d:/install/gnu arm embedded toolchain/10 2020-q4-major/bin/../lib/gcc/arm-none-eabi/10.2.1/../../../../arm-none-eabi/lib/thumb/v7e-m+fp/hard\libc_nano.a(lib_a-lock.o)
                0x200001d3                __lock___sfp_recursive_mutex
 .bss.__lock___sinit_recursive_mutex
                0x200001d4        0x1 d:/install/gnu arm embedded toolchain/10 2020-q4-major/bin/../lib/gcc/arm-none-eabi/10.2.1/../../../../arm-none-eabi/lib/thumb/v7e-m+fp/hard\libc_nano.a(lib_a-lock.o)
                0x200001d4                __lock___sinit_recursive_mutex
 *fill*         0x200001d5        0x3 
 .bss.__malloc_free_list
                0x200001d8        0x4 d:/install/gnu arm embedded toolchain/10 2020-q4-major/bin/../lib/gcc/arm-none-eabi/10.2.1/../../../../arm-none-eabi/lib/thumb/v7e-m+fp/hard\libc_nano.a(lib_a-nano-mallocr.o)
                0x200001d8                __malloc_free_list
 .bss.__malloc_sbrk_start
                0x200001dc        0x4 d:/install/gnu arm embedded toolchain/10 2020-q4-major/bin/../lib/gcc/arm-none-eabi/10.2.1/../../../../arm-none-eabi/lib/thumb/v7e-m+fp/hard\libc_nano.a(lib_a-nano-mallocr.o)
                0x200001dc                __malloc_sbrk_start
 .bss.errno     0x200001e0        0x4 d:/install/gnu arm embedded toolchain/10 2020-q4-major/bin/../lib/gcc/arm-none-eabi/10.2.1/../../../../arm-none-eabi/lib/thumb/v7e-m+fp/hard\libc_nano.a(lib_a-reent.o)
                0x200001e0                errno
 .bss.heap_end.0
                0x200001e4        0x4 d:/install/gnu arm embedded toolchain/10 2020-q4-major/bin/../lib/gcc/arm-none-eabi/10.2.1/../../../../arm-none-eabi/lib/thumb/v7e-m+fp/hard\libnosys.a(sbrk.o)
 *(COMMON)
                0x200001e8                . = ALIGN (0x4)
                0x200001e8                _ebss = .
                0x200001e8                __bss_end__ = _ebss

._user_heap_stack
                0x200001e8      0x600
                0x200001e8                . = ALIGN (0x8)
                0x200001e8                PROVIDE (end = .)
                [!provide]                PROVIDE (_end = .)
                0x200003e8                . = (. + _Min_Heap_Size)
 *fill*         0x200001e8      0x200 
                0x200007e8                . = (. + _Min_Stack_Size)
 *fill*         0x200003e8      0x400 
                0x200007e8                . = ALIGN (0x8)

/DISCARD/
 libc.a(*)
 libm.a(*)
 libgcc.a(*)

.ARM.attributes
                0x00000000       0x30
 *(.ARM.attributes)
 .ARM.attributes
                0x00000000       0x1e d:/install/gnu arm embedded toolchain/10 2020-q4-major/bin/../lib/gcc/arm-none-eabi/10.2.1/thumb/v7e-m+fp/hard/crti.o
 .ARM.attributes
                0x0000001e       0x34 d:/install/gnu arm embedded toolchain/10 2020-q4-major/bin/../lib/gcc/arm-none-eabi/10.2.1/thumb/v7e-m+fp/hard/crtbegin.o
 .ARM.attributes
                0x00000052       0x34 build/main.o
 .ARM.attributes
                0x00000086       0x34 build/delay.o
 .ARM.attributes
                0x000000ba       0x34 build/GUI.o
 .ARM.attributes
                0x000000ee       0x34 build/lcd.o
 .ARM.attributes
                0x00000122       0x34 build/led.o
 .ARM.attributes
                0x00000156       0x34 build/test.o
 .ARM.attributes
                0x0000018a       0x34 build/usart.o
 .ARM.attributes
                0x000001be       0x34 build/stm32f4xx_it.o
 .ARM.attributes
                0x000001f2       0x34 build/misc.o
 .ARM.attributes
                0x00000226       0x34 build/stm32f4xx_fsmc.o
 .ARM.attributes
                0x0000025a       0x34 build/stm32f4xx_gpio.o
 .ARM.attributes
                0x0000028e       0x34 build/stm32f4xx_rcc.o
 .ARM.attributes
                0x000002c2       0x34 build/stm32f4xx_usart.o
 .ARM.attributes
                0x000002f6       0x34 build/system_stm32f4xx.o
 .ARM.attributes
                0x0000032a       0x21 build/startup_stm32f407xx.o
 .ARM.attributes
                0x0000034b       0x32 d:/install/gnu arm embedded toolchain/10 2020-q4-major/bin/../lib/gcc/arm-none-eabi/10.2.1/../../../../arm-none-eabi/lib/thumb/v7e-m+fp/hard\libc_nano.a(lib_a-impure.o)
 .ARM.attributes
                0x0000037d       0x34 d:/install/gnu arm embedded toolchain/10 2020-q4-major/bin/../lib/gcc/arm-none-eabi/10.2.1/../../../../arm-none-eabi/lib/thumb/v7e-m+fp/hard\libc_nano.a(lib_a-init.o)
 .ARM.attributes
                0x000003b1       0x34 d:/install/gnu arm embedded toolchain/10 2020-q4-major/bin/../lib/gcc/arm-none-eabi/10.2.1/../../../../arm-none-eabi/lib/thumb/v7e-m+fp/hard\libc_nano.a(lib_a-memset.o)
 .ARM.attributes
                0x000003e5       0x34 d:/install/gnu arm embedded toolchain/10 2020-q4-major/bin/../lib/gcc/arm-none-eabi/10.2.1/../../../../arm-none-eabi/lib/thumb/v7e-m+fp/hard\libc_nano.a(lib_a-printf.o)
 .ARM.attributes
                0x00000419       0x34 d:/install/gnu arm embedded toolchain/10 2020-q4-major/bin/../lib/gcc/arm-none-eabi/10.2.1/../../../../arm-none-eabi/lib/thumb/v7e-m+fp/hard\libc_nano.a(lib_a-puts.o)
 .ARM.attributes
                0x0000044d       0x34 d:/install/gnu arm embedded toolchain/10 2020-q4-major/bin/../lib/gcc/arm-none-eabi/10.2.1/../../../../arm-none-eabi/lib/thumb/v7e-m+fp/hard\libc_nano.a(lib_a-rand.o)
 .ARM.attributes
                0x00000481       0x34 d:/install/gnu arm embedded toolchain/10 2020-q4-major/bin/../lib/gcc/arm-none-eabi/10.2.1/../../../../arm-none-eabi/lib/thumb/v7e-m+fp/hard\libc_nano.a(lib_a-sprintf.o)
 .ARM.attributes
                0x000004b5       0x17 d:/install/gnu arm embedded toolchain/10 2020-q4-major/bin/../lib/gcc/arm-none-eabi/10.2.1/../../../../arm-none-eabi/lib/thumb/v7e-m+fp/hard\libc_nano.a(lib_a-strlen.o)
 .ARM.attributes
                0x000004cc       0x34 d:/install/gnu arm embedded toolchain/10 2020-q4-major/bin/../lib/gcc/arm-none-eabi/10.2.1/../../../../arm-none-eabi/lib/thumb/v7e-m+fp/hard\libc_nano.a(lib_a-wbuf.o)
 .ARM.attributes
                0x00000500       0x34 d:/install/gnu arm embedded toolchain/10 2020-q4-major/bin/../lib/gcc/arm-none-eabi/10.2.1/../../../../arm-none-eabi/lib/thumb/v7e-m+fp/hard\libc_nano.a(lib_a-wsetup.o)
 .ARM.attributes
                0x00000534       0x34 d:/install/gnu arm embedded toolchain/10 2020-q4-major/bin/../lib/gcc/arm-none-eabi/10.2.1/../../../../arm-none-eabi/lib/thumb/v7e-m+fp/hard\libc_nano.a(lib_a-assert.o)
 .ARM.attributes
                0x00000568       0x34 d:/install/gnu arm embedded toolchain/10 2020-q4-major/bin/../lib/gcc/arm-none-eabi/10.2.1/../../../../arm-none-eabi/lib/thumb/v7e-m+fp/hard\libc_nano.a(lib_a-fflush.o)
 .ARM.attributes
                0x0000059c       0x34 d:/install/gnu arm embedded toolchain/10 2020-q4-major/bin/../lib/gcc/arm-none-eabi/10.2.1/../../../../arm-none-eabi/lib/thumb/v7e-m+fp/hard\libc_nano.a(lib_a-findfp.o)
 .ARM.attributes
                0x000005d0       0x34 d:/install/gnu arm embedded toolchain/10 2020-q4-major/bin/../lib/gcc/arm-none-eabi/10.2.1/../../../../arm-none-eabi/lib/thumb/v7e-m+fp/hard\libc_nano.a(lib_a-fprintf.o)
 .ARM.attributes
                0x00000604       0x34 d:/install/gnu arm embedded toolchain/10 2020-q4-major/bin/../lib/gcc/arm-none-eabi/10.2.1/../../../../arm-none-eabi/lib/thumb/v7e-m+fp/hard\libc_nano.a(lib_a-fwalk.o)
 .ARM.attributes
                0x00000638       0x34 d:/install/gnu arm embedded toolchain/10 2020-q4-major/bin/../lib/gcc/arm-none-eabi/10.2.1/../../../../arm-none-eabi/lib/thumb/v7e-m+fp/hard\libc_nano.a(lib_a-lock.o)
 .ARM.attributes
                0x0000066c       0x34 d:/install/gnu arm embedded toolchain/10 2020-q4-major/bin/../lib/gcc/arm-none-eabi/10.2.1/../../../../arm-none-eabi/lib/thumb/v7e-m+fp/hard\libc_nano.a(lib_a-makebuf.o)
 .ARM.attributes
                0x000006a0       0x34 d:/install/gnu arm embedded toolchain/10 2020-q4-major/bin/../lib/gcc/arm-none-eabi/10.2.1/../../../../arm-none-eabi/lib/thumb/v7e-m+fp/hard\libc_nano.a(lib_a-malloc.o)
 .ARM.attributes
                0x000006d4       0x34 d:/install/gnu arm embedded toolchain/10 2020-q4-major/bin/../lib/gcc/arm-none-eabi/10.2.1/../../../../arm-none-eabi/lib/thumb/v7e-m+fp/hard\libc_nano.a(lib_a-nano-freer.o)
 .ARM.attributes
                0x00000708       0x34 d:/install/gnu arm embedded toolchain/10 2020-q4-major/bin/../lib/gcc/arm-none-eabi/10.2.1/../../../../arm-none-eabi/lib/thumb/v7e-m+fp/hard\libc_nano.a(lib_a-nano-mallocr.o)
 .ARM.attributes
                0x0000073c       0x34 d:/install/gnu arm embedded toolchain/10 2020-q4-major/bin/../lib/gcc/arm-none-eabi/10.2.1/../../../../arm-none-eabi/lib/thumb/v7e-m+fp/hard\libc_nano.a(lib_a-nano-svfprintf.o)
 .ARM.attributes
                0x00000770       0x34 d:/install/gnu arm embedded toolchain/10 2020-q4-major/bin/../lib/gcc/arm-none-eabi/10.2.1/../../../../arm-none-eabi/lib/thumb/v7e-m+fp/hard\libc_nano.a(lib_a-nano-vfprintf.o)
 .ARM.attributes
                0x000007a4       0x34 d:/install/gnu arm embedded toolchain/10 2020-q4-major/bin/../lib/gcc/arm-none-eabi/10.2.1/../../../../arm-none-eabi/lib/thumb/v7e-m+fp/hard\libc_nano.a(lib_a-nano-vfprintf_i.o)
 .ARM.attributes
                0x000007d8       0x34 d:/install/gnu arm embedded toolchain/10 2020-q4-major/bin/../lib/gcc/arm-none-eabi/10.2.1/../../../../arm-none-eabi/lib/thumb/v7e-m+fp/hard\libc_nano.a(lib_a-sbrkr.o)
 .ARM.attributes
                0x0000080c       0x34 d:/install/gnu arm embedded toolchain/10 2020-q4-major/bin/../lib/gcc/arm-none-eabi/10.2.1/../../../../arm-none-eabi/lib/thumb/v7e-m+fp/hard\libc_nano.a(lib_a-stdio.o)
 .ARM.attributes
                0x00000840       0x34 d:/install/gnu arm embedded toolchain/10 2020-q4-major/bin/../lib/gcc/arm-none-eabi/10.2.1/../../../../arm-none-eabi/lib/thumb/v7e-m+fp/hard\libc_nano.a(lib_a-writer.o)
 .ARM.attributes
                0x00000874       0x34 d:/install/gnu arm embedded toolchain/10 2020-q4-major/bin/../lib/gcc/arm-none-eabi/10.2.1/../../../../arm-none-eabi/lib/thumb/v7e-m+fp/hard\libc_nano.a(lib_a-abort.o)
 .ARM.attributes
                0x000008a8       0x34 d:/install/gnu arm embedded toolchain/10 2020-q4-major/bin/../lib/gcc/arm-none-eabi/10.2.1/../../../../arm-none-eabi/lib/thumb/v7e-m+fp/hard\libc_nano.a(lib_a-closer.o)
 .ARM.attributes
                0x000008dc       0x34 d:/install/gnu arm embedded toolchain/10 2020-q4-major/bin/../lib/gcc/arm-none-eabi/10.2.1/../../../../arm-none-eabi/lib/thumb/v7e-m+fp/hard\libc_nano.a(lib_a-fstatr.o)
 .ARM.attributes
                0x00000910       0x34 d:/install/gnu arm embedded toolchain/10 2020-q4-major/bin/../lib/gcc/arm-none-eabi/10.2.1/../../../../arm-none-eabi/lib/thumb/v7e-m+fp/hard\libc_nano.a(lib_a-isattyr.o)
 .ARM.attributes
                0x00000944       0x34 d:/install/gnu arm embedded toolchain/10 2020-q4-major/bin/../lib/gcc/arm-none-eabi/10.2.1/../../../../arm-none-eabi/lib/thumb/v7e-m+fp/hard\libc_nano.a(lib_a-lseekr.o)
 .ARM.attributes
                0x00000978       0x1c d:/install/gnu arm embedded toolchain/10 2020-q4-major/bin/../lib/gcc/arm-none-eabi/10.2.1/../../../../arm-none-eabi/lib/thumb/v7e-m+fp/hard\libc_nano.a(lib_a-memchr.o)
 .ARM.attributes
                0x00000994       0x34 d:/install/gnu arm embedded toolchain/10 2020-q4-major/bin/../lib/gcc/arm-none-eabi/10.2.1/../../../../arm-none-eabi/lib/thumb/v7e-m+fp/hard\libc_nano.a(lib_a-memcpy-stub.o)
 .ARM.attributes
                0x000009c8       0x34 d:/install/gnu arm embedded toolchain/10 2020-q4-major/bin/../lib/gcc/arm-none-eabi/10.2.1/../../../../arm-none-eabi/lib/thumb/v7e-m+fp/hard\libc_nano.a(lib_a-memmove.o)
 .ARM.attributes
                0x000009fc       0x34 d:/install/gnu arm embedded toolchain/10 2020-q4-major/bin/../lib/gcc/arm-none-eabi/10.2.1/../../../../arm-none-eabi/lib/thumb/v7e-m+fp/hard\libc_nano.a(lib_a-mlock.o)
 .ARM.attributes
                0x00000a30       0x34 d:/install/gnu arm embedded toolchain/10 2020-q4-major/bin/../lib/gcc/arm-none-eabi/10.2.1/../../../../arm-none-eabi/lib/thumb/v7e-m+fp/hard\libc_nano.a(lib_a-nano-reallocr.o)
 .ARM.attributes
                0x00000a64       0x34 d:/install/gnu arm embedded toolchain/10 2020-q4-major/bin/../lib/gcc/arm-none-eabi/10.2.1/../../../../arm-none-eabi/lib/thumb/v7e-m+fp/hard\libc_nano.a(lib_a-readr.o)
 .ARM.attributes
                0x00000a98       0x34 d:/install/gnu arm embedded toolchain/10 2020-q4-major/bin/../lib/gcc/arm-none-eabi/10.2.1/../../../../arm-none-eabi/lib/thumb/v7e-m+fp/hard\libc_nano.a(lib_a-reent.o)
 .ARM.attributes
                0x00000acc       0x34 d:/install/gnu arm embedded toolchain/10 2020-q4-major/bin/../lib/gcc/arm-none-eabi/10.2.1/../../../../arm-none-eabi/lib/thumb/v7e-m+fp/hard\libc_nano.a(lib_a-signal.o)
 .ARM.attributes
                0x00000b00       0x34 d:/install/gnu arm embedded toolchain/10 2020-q4-major/bin/../lib/gcc/arm-none-eabi/10.2.1/../../../../arm-none-eabi/lib/thumb/v7e-m+fp/hard\libc_nano.a(lib_a-signalr.o)
 .ARM.attributes
                0x00000b34       0x34 d:/install/gnu arm embedded toolchain/10 2020-q4-major/bin/../lib/gcc/arm-none-eabi/10.2.1/../../../../arm-none-eabi/lib/thumb/v7e-m+fp/hard\libc_nano.a(lib_a-nano-msizer.o)
 .ARM.attributes
                0x00000b68       0x34 d:/install/gnu arm embedded toolchain/10 2020-q4-major/bin/../lib/gcc/arm-none-eabi/10.2.1/../../../../arm-none-eabi/lib/thumb/v7e-m+fp/hard\libnosys.a(close.o)
 .ARM.attributes
                0x00000b9c       0x34 d:/install/gnu arm embedded toolchain/10 2020-q4-major/bin/../lib/gcc/arm-none-eabi/10.2.1/../../../../arm-none-eabi/lib/thumb/v7e-m+fp/hard\libnosys.a(fstat.o)
 .ARM.attributes
                0x00000bd0       0x34 d:/install/gnu arm embedded toolchain/10 2020-q4-major/bin/../lib/gcc/arm-none-eabi/10.2.1/../../../../arm-none-eabi/lib/thumb/v7e-m+fp/hard\libnosys.a(getpid.o)
 .ARM.attributes
                0x00000c04       0x34 d:/install/gnu arm embedded toolchain/10 2020-q4-major/bin/../lib/gcc/arm-none-eabi/10.2.1/../../../../arm-none-eabi/lib/thumb/v7e-m+fp/hard\libnosys.a(isatty.o)
 .ARM.attributes
                0x00000c38       0x34 d:/install/gnu arm embedded toolchain/10 2020-q4-major/bin/../lib/gcc/arm-none-eabi/10.2.1/../../../../arm-none-eabi/lib/thumb/v7e-m+fp/hard\libnosys.a(kill.o)
 .ARM.attributes
                0x00000c6c       0x34 d:/install/gnu arm embedded toolchain/10 2020-q4-major/bin/../lib/gcc/arm-none-eabi/10.2.1/../../../../arm-none-eabi/lib/thumb/v7e-m+fp/hard\libnosys.a(lseek.o)
 .ARM.attributes
                0x00000ca0       0x34 d:/install/gnu arm embedded toolchain/10 2020-q4-major/bin/../lib/gcc/arm-none-eabi/10.2.1/../../../../arm-none-eabi/lib/thumb/v7e-m+fp/hard\libnosys.a(read.o)
 .ARM.attributes
                0x00000cd4       0x34 d:/install/gnu arm embedded toolchain/10 2020-q4-major/bin/../lib/gcc/arm-none-eabi/10.2.1/../../../../arm-none-eabi/lib/thumb/v7e-m+fp/hard\libnosys.a(sbrk.o)
 .ARM.attributes
                0x00000d08       0x34 d:/install/gnu arm embedded toolchain/10 2020-q4-major/bin/../lib/gcc/arm-none-eabi/10.2.1/../../../../arm-none-eabi/lib/thumb/v7e-m+fp/hard\libnosys.a(write.o)
 .ARM.attributes
                0x00000d3c       0x34 d:/install/gnu arm embedded toolchain/10 2020-q4-major/bin/../lib/gcc/arm-none-eabi/10.2.1/../../../../arm-none-eabi/lib/thumb/v7e-m+fp/hard\libnosys.a(_exit.o)
 .ARM.attributes
                0x00000d70       0x1e d:/install/gnu arm embedded toolchain/10 2020-q4-major/bin/../lib/gcc/arm-none-eabi/10.2.1/thumb/v7e-m+fp/hard\libgcc.a(_arm_muldf3.o)
 .ARM.attributes
                0x00000d8e       0x1e d:/install/gnu arm embedded toolchain/10 2020-q4-major/bin/../lib/gcc/arm-none-eabi/10.2.1/thumb/v7e-m+fp/hard\libgcc.a(_arm_addsubdf3.o)
 .ARM.attributes
                0x00000dac       0x1e d:/install/gnu arm embedded toolchain/10 2020-q4-major/bin/../lib/gcc/arm-none-eabi/10.2.1/thumb/v7e-m+fp/hard\libgcc.a(_arm_fixunsdfsi.o)
 .ARM.attributes
                0x00000dca       0x1e d:/install/gnu arm embedded toolchain/10 2020-q4-major/bin/../lib/gcc/arm-none-eabi/10.2.1/thumb/v7e-m+fp/hard/crtn.o
OUTPUT(build/template.elf elf32-littlearm)
LOAD linker stubs
LOAD d:/install/gnu arm embedded toolchain/10 2020-q4-major/bin/../lib/gcc/arm-none-eabi/10.2.1/../../../../arm-none-eabi/lib/thumb/v7e-m+fp/hard\libc.a
LOAD d:/install/gnu arm embedded toolchain/10 2020-q4-major/bin/../lib/gcc/arm-none-eabi/10.2.1/../../../../arm-none-eabi/lib/thumb/v7e-m+fp/hard\libm.a
LOAD d:/install/gnu arm embedded toolchain/10 2020-q4-major/bin/../lib/gcc/arm-none-eabi/10.2.1/thumb/v7e-m+fp/hard\libgcc.a

.debug_info     0x00000000    0x152cc
 .debug_info    0x00000000      0x2d4 build/main.o
 .debug_info    0x000002d4      0x2b5 build/delay.o
 .debug_info    0x00000589     0x2414 build/GUI.o
 .debug_info    0x0000299d     0xa521 build/lcd.o
 .debug_info    0x0000cebe      0x382 build/led.o
 .debug_info    0x0000d240     0x2cac build/test.o
 .debug_info    0x0000feec     0x13cd build/usart.o
 .debug_info    0x000112b9      0x136 build/stm32f4xx_it.o
 .debug_info    0x000113ef      0x5eb build/misc.o
 .debug_info    0x000119da      0xaa9 build/stm32f4xx_fsmc.o
 .debug_info    0x00012483      0x911 build/stm32f4xx_gpio.o
 .debug_info    0x00012d94     0x1111 build/stm32f4xx_rcc.o
 .debug_info    0x00013ea5      0xd2b build/stm32f4xx_usart.o
 .debug_info    0x00014bd0      0x6da build/system_stm32f4xx.o
 .debug_info    0x000152aa       0x22 build/startup_stm32f407xx.o

.debug_abbrev   0x00000000     0x1a1b
 .debug_abbrev  0x00000000       0x91 build/main.o
 .debug_abbrev  0x00000091      0x155 build/delay.o
 .debug_abbrev  0x000001e6      0x2be build/GUI.o
 .debug_abbrev  0x000004a4      0x375 build/lcd.o
 .debug_abbrev  0x00000819      0x148 build/led.o
 .debug_abbrev  0x00000961      0x1dc build/test.o
 .debug_abbrev  0x00000b3d      0x321 build/usart.o
 .debug_abbrev  0x00000e5e       0x46 build/stm32f4xx_it.o
 .debug_abbrev  0x00000ea4      0x167 build/misc.o
 .debug_abbrev  0x0000100b      0x200 build/stm32f4xx_fsmc.o
 .debug_abbrev  0x0000120b      0x249 build/stm32f4xx_gpio.o
 .debug_abbrev  0x00001454      0x240 build/stm32f4xx_rcc.o
 .debug_abbrev  0x00001694      0x1ec build/stm32f4xx_usart.o
 .debug_abbrev  0x00001880      0x189 build/system_stm32f4xx.o
 .debug_abbrev  0x00001a09       0x12 build/startup_stm32f407xx.o

.debug_loc      0x00000000     0x5a10
 .debug_loc     0x00000000       0x20 build/main.o
 .debug_loc     0x00000020      0x142 build/delay.o
 .debug_loc     0x00000162     0x2190 build/GUI.o
 .debug_loc     0x000022f2      0xabd build/lcd.o
 .debug_loc     0x00002daf       0x38 build/led.o
 .debug_loc     0x00002de7      0x7e3 build/test.o
 .debug_loc     0x000035ca      0x113 build/usart.o
 .debug_loc     0x000036dd      0x187 build/misc.o
 .debug_loc     0x00003864      0x6c7 build/stm32f4xx_fsmc.o
 .debug_loc     0x00003f2b      0x4af build/stm32f4xx_gpio.o
 .debug_loc     0x000043da      0xc16 build/stm32f4xx_rcc.o
 .debug_loc     0x00004ff0      0x870 build/stm32f4xx_usart.o
 .debug_loc     0x00005860      0x1b0 build/system_stm32f4xx.o

.debug_aranges  0x00000000      0x7f8
 .debug_aranges
                0x00000000       0x20 build/main.o
 .debug_aranges
                0x00000020       0x38 build/delay.o
 .debug_aranges
                0x00000058       0xf0 build/GUI.o
 .debug_aranges
                0x00000148       0xc0 build/lcd.o
 .debug_aranges
                0x00000208       0x20 build/led.o
 .debug_aranges
                0x00000228       0xa8 build/test.o
 .debug_aranges
                0x000002d0       0x38 build/usart.o
 .debug_aranges
                0x00000308       0x60 build/stm32f4xx_it.o
 .debug_aranges
                0x00000368       0x40 build/misc.o
 .debug_aranges
                0x000003a8       0xb0 build/stm32f4xx_fsmc.o
 .debug_aranges
                0x00000458       0x88 build/stm32f4xx_gpio.o
 .debug_aranges
                0x000004e0      0x1c0 build/stm32f4xx_rcc.o
 .debug_aranges
                0x000006a0      0x100 build/stm32f4xx_usart.o
 .debug_aranges
                0x000007a0       0x30 build/system_stm32f4xx.o
 .debug_aranges
                0x000007d0       0x28 build/startup_stm32f407xx.o

.debug_ranges   0x00000000      0x710
 .debug_ranges  0x00000000       0x10 build/main.o
 .debug_ranges  0x00000010       0x28 build/delay.o
 .debug_ranges  0x00000038       0xe0 build/GUI.o
 .debug_ranges  0x00000118       0xb0 build/lcd.o
 .debug_ranges  0x000001c8       0x10 build/led.o
 .debug_ranges  0x000001d8       0x98 build/test.o
 .debug_ranges  0x00000270       0x28 build/usart.o
 .debug_ranges  0x00000298       0x50 build/stm32f4xx_it.o
 .debug_ranges  0x000002e8       0x30 build/misc.o
 .debug_ranges  0x00000318       0xa0 build/stm32f4xx_fsmc.o
 .debug_ranges  0x000003b8       0x78 build/stm32f4xx_gpio.o
 .debug_ranges  0x00000430      0x1b0 build/stm32f4xx_rcc.o
 .debug_ranges  0x000005e0       0xf0 build/stm32f4xx_usart.o
 .debug_ranges  0x000006d0       0x20 build/system_stm32f4xx.o
 .debug_ranges  0x000006f0       0x20 build/startup_stm32f407xx.o

.debug_line     0x00000000     0x7055
 .debug_line    0x00000000      0x1f6 build/main.o
 .debug_line    0x000001f6      0x2ca build/delay.o
 .debug_line    0x000004c0     0x1119 build/GUI.o
 .debug_line    0x000015d9     0x1b49 build/lcd.o
 .debug_line    0x00003122      0x1bb build/led.o
 .debug_line    0x000032dd      0xd2b build/test.o
 .debug_line    0x00004008      0x3cf build/usart.o
 .debug_line    0x000043d7      0x129 build/stm32f4xx_it.o
 .debug_line    0x00004500      0x2c4 build/misc.o
 .debug_line    0x000047c4      0x9a1 build/stm32f4xx_fsmc.o
 .debug_line    0x00005165      0x557 build/stm32f4xx_gpio.o
 .debug_line    0x000056bc      0xc65 build/stm32f4xx_rcc.o
 .debug_line    0x00006321      0x8ec build/stm32f4xx_usart.o
 .debug_line    0x00006c0d      0x3d2 build/system_stm32f4xx.o
 .debug_line    0x00006fdf       0x76 build/startup_stm32f407xx.o

.debug_str      0x00000000     0x29ae
 .debug_str     0x00000000      0x252 build/main.o
                                0x299 (size before relaxing)
 .debug_str     0x00000252       0x93 build/delay.o
                                0x20f (size before relaxing)
 .debug_str     0x000002e5      0x32b build/GUI.o
                                0x4d9 (size before relaxing)
 .debug_str     0x00000610      0x5d6 build/lcd.o
                                0x862 (size before relaxing)
 .debug_str     0x00000be6       0x1c build/led.o
                                0x352 (size before relaxing)
 .debug_str     0x00000c02       0x68 build/test.o
                                0x48b (size before relaxing)
 .debug_str     0x00000c6a      0xb13 build/usart.o
                                0xe94 (size before relaxing)
 .debug_str     0x0000177d       0xa8 build/stm32f4xx_it.o
                                0x1e8 (size before relaxing)
 .debug_str     0x00001825      0x149 build/misc.o
                                0x3c9 (size before relaxing)
 .debug_str     0x0000196e      0x3c4 build/stm32f4xx_fsmc.o
                                0x79e (size before relaxing)
 .debug_str     0x00001d32      0x170 build/stm32f4xx_gpio.o
                                0x4b2 (size before relaxing)
 .debug_str     0x00001ea2      0x71a build/stm32f4xx_rcc.o
                                0x9a7 (size before relaxing)
 .debug_str     0x000025bc      0x32d build/stm32f4xx_usart.o
                                0x6ca (size before relaxing)
 .debug_str     0x000028e9       0xa1 build/system_stm32f4xx.o
                                0x3b2 (size before relaxing)
 .debug_str     0x0000298a       0x24 build/startup_stm32f407xx.o
                                 0x3b (size before relaxing)

.comment        0x00000000       0x4d
 .comment       0x00000000       0x4d build/main.o
                                 0x4e (size before relaxing)
 .comment       0x0000004d       0x4e build/delay.o
 .comment       0x0000004d       0x4e build/GUI.o
 .comment       0x0000004d       0x4e build/lcd.o
 .comment       0x0000004d       0x4e build/led.o
 .comment       0x0000004d       0x4e build/test.o
 .comment       0x0000004d       0x4e build/usart.o
 .comment       0x0000004d       0x4e build/stm32f4xx_it.o
 .comment       0x0000004d       0x4e build/misc.o
 .comment       0x0000004d       0x4e build/stm32f4xx_fsmc.o
 .comment       0x0000004d       0x4e build/stm32f4xx_gpio.o
 .comment       0x0000004d       0x4e build/stm32f4xx_rcc.o
 .comment       0x0000004d       0x4e build/stm32f4xx_usart.o
 .comment       0x0000004d       0x4e build/system_stm32f4xx.o

.debug_frame    0x00000000     0x2194
 .debug_frame   0x00000000       0x28 build/main.o
 .debug_frame   0x00000028       0x64 build/delay.o
 .debug_frame   0x0000008c      0x40c build/GUI.o
 .debug_frame   0x00000498      0x220 build/lcd.o
 .debug_frame   0x000006b8       0x30 build/led.o
 .debug_frame   0x000006e8      0x29c build/test.o
 .debug_frame   0x00000984       0x74 build/usart.o
 .debug_frame   0x000009f8       0xa0 build/stm32f4xx_it.o
 .debug_frame   0x00000a98       0x60 build/misc.o
 .debug_frame   0x00000af8      0x15c build/stm32f4xx_fsmc.o
 .debug_frame   0x00000c54      0x118 build/stm32f4xx_gpio.o
 .debug_frame   0x00000d6c      0x378 build/stm32f4xx_rcc.o
 .debug_frame   0x000010e4      0x204 build/stm32f4xx_usart.o
 .debug_frame   0x000012e8       0x54 build/system_stm32f4xx.o
 .debug_frame   0x0000133c       0x2c d:/install/gnu arm embedded toolchain/10 2020-q4-major/bin/../lib/gcc/arm-none-eabi/10.2.1/../../../../arm-none-eabi/lib/thumb/v7e-m+fp/hard\libc_nano.a(lib_a-init.o)
 .debug_frame   0x00001368       0x20 d:/install/gnu arm embedded toolchain/10 2020-q4-major/bin/../lib/gcc/arm-none-eabi/10.2.1/../../../../arm-none-eabi/lib/thumb/v7e-m+fp/hard\libc_nano.a(lib_a-memset.o)
 .debug_frame   0x00001388       0x74 d:/install/gnu arm embedded toolchain/10 2020-q4-major/bin/../lib/gcc/arm-none-eabi/10.2.1/../../../../arm-none-eabi/lib/thumb/v7e-m+fp/hard\libc_nano.a(lib_a-printf.o)
 .debug_frame   0x000013fc       0x3c d:/install/gnu arm embedded toolchain/10 2020-q4-major/bin/../lib/gcc/arm-none-eabi/10.2.1/../../../../arm-none-eabi/lib/thumb/v7e-m+fp/hard\libc_nano.a(lib_a-puts.o)
 .debug_frame   0x00001438       0x44 d:/install/gnu arm embedded toolchain/10 2020-q4-major/bin/../lib/gcc/arm-none-eabi/10.2.1/../../../../arm-none-eabi/lib/thumb/v7e-m+fp/hard\libc_nano.a(lib_a-rand.o)
 .debug_frame   0x0000147c       0x6c d:/install/gnu arm embedded toolchain/10 2020-q4-major/bin/../lib/gcc/arm-none-eabi/10.2.1/../../../../arm-none-eabi/lib/thumb/v7e-m+fp/hard\libc_nano.a(lib_a-sprintf.o)
 .debug_frame   0x000014e8       0x40 d:/install/gnu arm embedded toolchain/10 2020-q4-major/bin/../lib/gcc/arm-none-eabi/10.2.1/../../../../arm-none-eabi/lib/thumb/v7e-m+fp/hard\libc_nano.a(lib_a-wbuf.o)
 .debug_frame   0x00001528       0x2c d:/install/gnu arm embedded toolchain/10 2020-q4-major/bin/../lib/gcc/arm-none-eabi/10.2.1/../../../../arm-none-eabi/lib/thumb/v7e-m+fp/hard\libc_nano.a(lib_a-wsetup.o)
 .debug_frame   0x00001554       0x40 d:/install/gnu arm embedded toolchain/10 2020-q4-major/bin/../lib/gcc/arm-none-eabi/10.2.1/../../../../arm-none-eabi/lib/thumb/v7e-m+fp/hard\libc_nano.a(lib_a-assert.o)
 .debug_frame   0x00001594       0x5c d:/install/gnu arm embedded toolchain/10 2020-q4-major/bin/../lib/gcc/arm-none-eabi/10.2.1/../../../../arm-none-eabi/lib/thumb/v7e-m+fp/hard\libc_nano.a(lib_a-fflush.o)
 .debug_frame   0x000015f0      0x14c d:/install/gnu arm embedded toolchain/10 2020-q4-major/bin/../lib/gcc/arm-none-eabi/10.2.1/../../../../arm-none-eabi/lib/thumb/v7e-m+fp/hard\libc_nano.a(lib_a-findfp.o)
 .debug_frame   0x0000173c       0x64 d:/install/gnu arm embedded toolchain/10 2020-q4-major/bin/../lib/gcc/arm-none-eabi/10.2.1/../../../../arm-none-eabi/lib/thumb/v7e-m+fp/hard\libc_nano.a(lib_a-fprintf.o)
 .debug_frame   0x000017a0       0x54 d:/install/gnu arm embedded toolchain/10 2020-q4-major/bin/../lib/gcc/arm-none-eabi/10.2.1/../../../../arm-none-eabi/lib/thumb/v7e-m+fp/hard\libc_nano.a(lib_a-fwalk.o)
 .debug_frame   0x000017f4       0xb0 d:/install/gnu arm embedded toolchain/10 2020-q4-major/bin/../lib/gcc/arm-none-eabi/10.2.1/../../../../arm-none-eabi/lib/thumb/v7e-m+fp/hard\libc_nano.a(lib_a-lock.o)
 .debug_frame   0x000018a4       0x58 d:/install/gnu arm embedded toolchain/10 2020-q4-major/bin/../lib/gcc/arm-none-eabi/10.2.1/../../../../arm-none-eabi/lib/thumb/v7e-m+fp/hard\libc_nano.a(lib_a-makebuf.o)
 .debug_frame   0x000018fc       0x30 d:/install/gnu arm embedded toolchain/10 2020-q4-major/bin/../lib/gcc/arm-none-eabi/10.2.1/../../../../arm-none-eabi/lib/thumb/v7e-m+fp/hard\libc_nano.a(lib_a-malloc.o)
 .debug_frame   0x0000192c       0x38 d:/install/gnu arm embedded toolchain/10 2020-q4-major/bin/../lib/gcc/arm-none-eabi/10.2.1/../../../../arm-none-eabi/lib/thumb/v7e-m+fp/hard\libc_nano.a(lib_a-nano-freer.o)
 .debug_frame   0x00001964       0x30 d:/install/gnu arm embedded toolchain/10 2020-q4-major/bin/../lib/gcc/arm-none-eabi/10.2.1/../../../../arm-none-eabi/lib/thumb/v7e-m+fp/hard\libc_nano.a(lib_a-nano-mallocr.o)
 .debug_frame   0x00001994       0x90 d:/install/gnu arm embedded toolchain/10 2020-q4-major/bin/../lib/gcc/arm-none-eabi/10.2.1/../../../../arm-none-eabi/lib/thumb/v7e-m+fp/hard\libc_nano.a(lib_a-nano-svfprintf.o)
 .debug_frame   0x00001a24       0xac d:/install/gnu arm embedded toolchain/10 2020-q4-major/bin/../lib/gcc/arm-none-eabi/10.2.1/../../../../arm-none-eabi/lib/thumb/v7e-m+fp/hard\libc_nano.a(lib_a-nano-vfprintf.o)
 .debug_frame   0x00001ad0       0x60 d:/install/gnu arm embedded toolchain/10 2020-q4-major/bin/../lib/gcc/arm-none-eabi/10.2.1/../../../../arm-none-eabi/lib/thumb/v7e-m+fp/hard\libc_nano.a(lib_a-nano-vfprintf_i.o)
 .debug_frame   0x00001b30       0x2c d:/install/gnu arm embedded toolchain/10 2020-q4-major/bin/../lib/gcc/arm-none-eabi/10.2.1/../../../../arm-none-eabi/lib/thumb/v7e-m+fp/hard\libc_nano.a(lib_a-sbrkr.o)
 .debug_frame   0x00001b5c       0x88 d:/install/gnu arm embedded toolchain/10 2020-q4-major/bin/../lib/gcc/arm-none-eabi/10.2.1/../../../../arm-none-eabi/lib/thumb/v7e-m+fp/hard\libc_nano.a(lib_a-stdio.o)
 .debug_frame   0x00001be4       0x2c d:/install/gnu arm embedded toolchain/10 2020-q4-major/bin/../lib/gcc/arm-none-eabi/10.2.1/../../../../arm-none-eabi/lib/thumb/v7e-m+fp/hard\libc_nano.a(lib_a-writer.o)
 .debug_frame   0x00001c10       0x28 d:/install/gnu arm embedded toolchain/10 2020-q4-major/bin/../lib/gcc/arm-none-eabi/10.2.1/../../../../arm-none-eabi/lib/thumb/v7e-m+fp/hard\libc_nano.a(lib_a-abort.o)
 .debug_frame   0x00001c38       0x2c d:/install/gnu arm embedded toolchain/10 2020-q4-major/bin/../lib/gcc/arm-none-eabi/10.2.1/../../../../arm-none-eabi/lib/thumb/v7e-m+fp/hard\libc_nano.a(lib_a-closer.o)
 .debug_frame   0x00001c64       0x2c d:/install/gnu arm embedded toolchain/10 2020-q4-major/bin/../lib/gcc/arm-none-eabi/10.2.1/../../../../arm-none-eabi/lib/thumb/v7e-m+fp/hard\libc_nano.a(lib_a-fstatr.o)
 .debug_frame   0x00001c90       0x2c d:/install/gnu arm embedded toolchain/10 2020-q4-major/bin/../lib/gcc/arm-none-eabi/10.2.1/../../../../arm-none-eabi/lib/thumb/v7e-m+fp/hard\libc_nano.a(lib_a-isattyr.o)
 .debug_frame   0x00001cbc       0x2c d:/install/gnu arm embedded toolchain/10 2020-q4-major/bin/../lib/gcc/arm-none-eabi/10.2.1/../../../../arm-none-eabi/lib/thumb/v7e-m+fp/hard\libc_nano.a(lib_a-lseekr.o)
 .debug_frame   0x00001ce8       0x28 d:/install/gnu arm embedded toolchain/10 2020-q4-major/bin/../lib/gcc/arm-none-eabi/10.2.1/../../../../arm-none-eabi/lib/thumb/v7e-m+fp/hard\libc_nano.a(lib_a-memcpy-stub.o)
 .debug_frame   0x00001d10       0x28 d:/install/gnu arm embedded toolchain/10 2020-q4-major/bin/../lib/gcc/arm-none-eabi/10.2.1/../../../../arm-none-eabi/lib/thumb/v7e-m+fp/hard\libc_nano.a(lib_a-memmove.o)
 .debug_frame   0x00001d38       0x30 d:/install/gnu arm embedded toolchain/10 2020-q4-major/bin/../lib/gcc/arm-none-eabi/10.2.1/../../../../arm-none-eabi/lib/thumb/v7e-m+fp/hard\libc_nano.a(lib_a-mlock.o)
 .debug_frame   0x00001d68       0x3c d:/install/gnu arm embedded toolchain/10 2020-q4-major/bin/../lib/gcc/arm-none-eabi/10.2.1/../../../../arm-none-eabi/lib/thumb/v7e-m+fp/hard\libc_nano.a(lib_a-nano-reallocr.o)
 .debug_frame   0x00001da4       0x2c d:/install/gnu arm embedded toolchain/10 2020-q4-major/bin/../lib/gcc/arm-none-eabi/10.2.1/../../../../arm-none-eabi/lib/thumb/v7e-m+fp/hard\libc_nano.a(lib_a-readr.o)
 .debug_frame   0x00001dd0       0x5c d:/install/gnu arm embedded toolchain/10 2020-q4-major/bin/../lib/gcc/arm-none-eabi/10.2.1/../../../../arm-none-eabi/lib/thumb/v7e-m+fp/hard\libc_nano.a(lib_a-reent.o)
 .debug_frame   0x00001e2c       0xcc d:/install/gnu arm embedded toolchain/10 2020-q4-major/bin/../lib/gcc/arm-none-eabi/10.2.1/../../../../arm-none-eabi/lib/thumb/v7e-m+fp/hard\libc_nano.a(lib_a-signal.o)
 .debug_frame   0x00001ef8       0x3c d:/install/gnu arm embedded toolchain/10 2020-q4-major/bin/../lib/gcc/arm-none-eabi/10.2.1/../../../../arm-none-eabi/lib/thumb/v7e-m+fp/hard\libc_nano.a(lib_a-signalr.o)
 .debug_frame   0x00001f34       0x20 d:/install/gnu arm embedded toolchain/10 2020-q4-major/bin/../lib/gcc/arm-none-eabi/10.2.1/../../../../arm-none-eabi/lib/thumb/v7e-m+fp/hard\libc_nano.a(lib_a-nano-msizer.o)
 .debug_frame   0x00001f54       0x20 d:/install/gnu arm embedded toolchain/10 2020-q4-major/bin/../lib/gcc/arm-none-eabi/10.2.1/../../../../arm-none-eabi/lib/thumb/v7e-m+fp/hard\libnosys.a(close.o)
 .debug_frame   0x00001f74       0x20 d:/install/gnu arm embedded toolchain/10 2020-q4-major/bin/../lib/gcc/arm-none-eabi/10.2.1/../../../../arm-none-eabi/lib/thumb/v7e-m+fp/hard\libnosys.a(fstat.o)
 .debug_frame   0x00001f94       0x20 d:/install/gnu arm embedded toolchain/10 2020-q4-major/bin/../lib/gcc/arm-none-eabi/10.2.1/../../../../arm-none-eabi/lib/thumb/v7e-m+fp/hard\libnosys.a(getpid.o)
 .debug_frame   0x00001fb4       0x20 d:/install/gnu arm embedded toolchain/10 2020-q4-major/bin/../lib/gcc/arm-none-eabi/10.2.1/../../../../arm-none-eabi/lib/thumb/v7e-m+fp/hard\libnosys.a(isatty.o)
 .debug_frame   0x00001fd4       0x20 d:/install/gnu arm embedded toolchain/10 2020-q4-major/bin/../lib/gcc/arm-none-eabi/10.2.1/../../../../arm-none-eabi/lib/thumb/v7e-m+fp/hard\libnosys.a(kill.o)
 .debug_frame   0x00001ff4       0x20 d:/install/gnu arm embedded toolchain/10 2020-q4-major/bin/../lib/gcc/arm-none-eabi/10.2.1/../../../../arm-none-eabi/lib/thumb/v7e-m+fp/hard\libnosys.a(lseek.o)
 .debug_frame   0x00002014       0x20 d:/install/gnu arm embedded toolchain/10 2020-q4-major/bin/../lib/gcc/arm-none-eabi/10.2.1/../../../../arm-none-eabi/lib/thumb/v7e-m+fp/hard\libnosys.a(read.o)
 .debug_frame   0x00002034       0x20 d:/install/gnu arm embedded toolchain/10 2020-q4-major/bin/../lib/gcc/arm-none-eabi/10.2.1/../../../../arm-none-eabi/lib/thumb/v7e-m+fp/hard\libnosys.a(sbrk.o)
 .debug_frame   0x00002054       0x20 d:/install/gnu arm embedded toolchain/10 2020-q4-major/bin/../lib/gcc/arm-none-eabi/10.2.1/../../../../arm-none-eabi/lib/thumb/v7e-m+fp/hard\libnosys.a(write.o)
 .debug_frame   0x00002074       0x20 d:/install/gnu arm embedded toolchain/10 2020-q4-major/bin/../lib/gcc/arm-none-eabi/10.2.1/../../../../arm-none-eabi/lib/thumb/v7e-m+fp/hard\libnosys.a(_exit.o)
 .debug_frame   0x00002094       0x30 d:/install/gnu arm embedded toolchain/10 2020-q4-major/bin/../lib/gcc/arm-none-eabi/10.2.1/thumb/v7e-m+fp/hard\libgcc.a(_arm_muldf3.o)
 .debug_frame   0x000020c4       0xac d:/install/gnu arm embedded toolchain/10 2020-q4-major/bin/../lib/gcc/arm-none-eabi/10.2.1/thumb/v7e-m+fp/hard\libgcc.a(_arm_addsubdf3.o)
 .debug_frame   0x00002170       0x24 d:/install/gnu arm embedded toolchain/10 2020-q4-major/bin/../lib/gcc/arm-none-eabi/10.2.1/thumb/v7e-m+fp/hard\libgcc.a(_arm_fixunsdfsi.o)

.stab           0x00000000       0xcc
 .stab          0x00000000       0x24 d:/install/gnu arm embedded toolchain/10 2020-q4-major/bin/../lib/gcc/arm-none-eabi/10.2.1/../../../../arm-none-eabi/lib/thumb/v7e-m+fp/hard\libnosys.a(close.o)
 .stab          0x00000024       0x18 d:/install/gnu arm embedded toolchain/10 2020-q4-major/bin/../lib/gcc/arm-none-eabi/10.2.1/../../../../arm-none-eabi/lib/thumb/v7e-m+fp/hard\libnosys.a(fstat.o)
                                 0x24 (size before relaxing)
 .stab          0x0000003c       0x18 d:/install/gnu arm embedded toolchain/10 2020-q4-major/bin/../lib/gcc/arm-none-eabi/10.2.1/../../../../arm-none-eabi/lib/thumb/v7e-m+fp/hard\libnosys.a(getpid.o)
                                 0x24 (size before relaxing)
 .stab          0x00000054       0x18 d:/install/gnu arm embedded toolchain/10 2020-q4-major/bin/../lib/gcc/arm-none-eabi/10.2.1/../../../../arm-none-eabi/lib/thumb/v7e-m+fp/hard\libnosys.a(isatty.o)
                                 0x24 (size before relaxing)
 .stab          0x0000006c       0x18 d:/install/gnu arm embedded toolchain/10 2020-q4-major/bin/../lib/gcc/arm-none-eabi/10.2.1/../../../../arm-none-eabi/lib/thumb/v7e-m+fp/hard\libnosys.a(kill.o)
                                 0x24 (size before relaxing)
 .stab          0x00000084       0x18 d:/install/gnu arm embedded toolchain/10 2020-q4-major/bin/../lib/gcc/arm-none-eabi/10.2.1/../../../../arm-none-eabi/lib/thumb/v7e-m+fp/hard\libnosys.a(lseek.o)
                                 0x24 (size before relaxing)
 .stab          0x0000009c       0x18 d:/install/gnu arm embedded toolchain/10 2020-q4-major/bin/../lib/gcc/arm-none-eabi/10.2.1/../../../../arm-none-eabi/lib/thumb/v7e-m+fp/hard\libnosys.a(read.o)
                                 0x24 (size before relaxing)
 .stab          0x000000b4       0x18 d:/install/gnu arm embedded toolchain/10 2020-q4-major/bin/../lib/gcc/arm-none-eabi/10.2.1/../../../../arm-none-eabi/lib/thumb/v7e-m+fp/hard\libnosys.a(write.o)
                                 0x24 (size before relaxing)

.stabstr        0x00000000      0x1b9
 .stabstr       0x00000000      0x1b9 d:/install/gnu arm embedded toolchain/10 2020-q4-major/bin/../lib/gcc/arm-none-eabi/10.2.1/../../../../arm-none-eabi/lib/thumb/v7e-m+fp/hard\libnosys.a(close.o)

Cross Reference Table

Symbol                                            File
ADC_IRQHandler                                    build/startup_stm32f407xx.o
AHBPrescTable                                     build/system_stm32f4xx.o
BACK_COLOR                                        build/lcd.o
                                                  build/test.o
                                                  build/GUI.o
BarReport_Test                                    build/test.o
                                                  build/main.o
BusFault_Handler                                  build/stm32f4xx_it.o