Archive member included to satisfy reference by file (symbol)

c:/program files (x86)/gnu arm embedded toolchain/10 2020-q4-major/bin/../lib/gcc/arm-none-eabi/10.2.1/../../../../arm-none-eabi/lib/thumb/v7e-m+fp/hard\libc_nano.a(lib_a-exit.o)
                              c:/program files (x86)/gnu arm embedded toolchain/10 2020-q4-major/bin/../lib/gcc/arm-none-eabi/10.2.1/../../../../arm-none-eabi/lib/thumb/v7e-m+fp/hard/crt0.o (exit)
c:/program files (x86)/gnu arm embedded toolchain/10 2020-q4-major/bin/../lib/gcc/arm-none-eabi/10.2.1/../../../../arm-none-eabi/lib/thumb/v7e-m+fp/hard\libc_nano.a(lib_a-impure.o)
                              c:/program files (x86)/gnu arm embedded toolchain/10 2020-q4-major/bin/../lib/gcc/arm-none-eabi/10.2.1/../../../../arm-none-eabi/lib/thumb/v7e-m+fp/hard\libc_nano.a(lib_a-exit.o) (_global_impure_ptr)
c:/program files (x86)/gnu arm embedded toolchain/10 2020-q4-major/bin/../lib/gcc/arm-none-eabi/10.2.1/../../../../arm-none-eabi/lib/thumb/v7e-m+fp/hard\libc_nano.a(lib_a-init.o)
                              c:/program files (x86)/gnu arm embedded toolchain/10 2020-q4-major/bin/../lib/gcc/arm-none-eabi/10.2.1/../../../../arm-none-eabi/lib/thumb/v7e-m+fp/hard/crt0.o (__libc_init_array)
c:/program files (x86)/gnu arm embedded toolchain/10 2020-q4-major/bin/../lib/gcc/arm-none-eabi/10.2.1/../../../../arm-none-eabi/lib/thumb/v7e-m+fp/hard\libc_nano.a(lib_a-memset.o)
                              c:/program files (x86)/gnu arm embedded toolchain/10 2020-q4-major/bin/../lib/gcc/arm-none-eabi/10.2.1/../../../../arm-none-eabi/lib/thumb/v7e-m+fp/hard/crt0.o (memset)
c:/program files (x86)/gnu arm embedded toolchain/10 2020-q4-major/bin/../lib/gcc/arm-none-eabi/10.2.1/../../../../arm-none-eabi/lib/thumb/v7e-m+fp/hard\libc_nano.a(lib_a-printf.o)
                              build/lcd.o (printf)
c:/program files (x86)/gnu arm embedded toolchain/10 2020-q4-major/bin/../lib/gcc/arm-none-eabi/10.2.1/../../../../arm-none-eabi/lib/thumb/v7e-m+fp/hard\libc_nano.a(lib_a-puts.o)
                              build/main.o (puts)
c:/program files (x86)/gnu arm embedded toolchain/10 2020-q4-major/bin/../lib/gcc/arm-none-eabi/10.2.1/../../../../arm-none-eabi/lib/thumb/v7e-m+fp/hard\libc_nano.a(lib_a-strlen.o)
                              build/GUI.o (strlen)
c:/program files (x86)/gnu arm embedded toolchain/10 2020-q4-major/bin/../lib/gcc/arm-none-eabi/10.2.1/../../../../arm-none-eabi/lib/thumb/v7e-m+fp/hard\libc_nano.a(lib_a-wbuf.o)
                              c:/program files (x86)/gnu arm embedded toolchain/10 2020-q4-major/bin/../lib/gcc/arm-none-eabi/10.2.1/../../../../arm-none-eabi/lib/thumb/v7e-m+fp/hard\libc_nano.a(lib_a-puts.o) (__swbuf_r)
c:/program files (x86)/gnu arm embedded toolchain/10 2020-q4-major/bin/../lib/gcc/arm-none-eabi/10.2.1/../../../../arm-none-eabi/lib/thumb/v7e-m+fp/hard\libc_nano.a(lib_a-wsetup.o)
                              c:/program files (x86)/gnu arm embedded toolchain/10 2020-q4-major/bin/../lib/gcc/arm-none-eabi/10.2.1/../../../../arm-none-eabi/lib/thumb/v7e-m+fp/hard\libc_nano.a(lib_a-puts.o) (__swsetup_r)
c:/program files (x86)/gnu arm embedded toolchain/10 2020-q4-major/bin/../lib/gcc/arm-none-eabi/10.2.1/../../../../arm-none-eabi/lib/thumb/v7e-m+fp/hard\libc_nano.a(lib_a-fflush.o)
                              c:/program files (x86)/gnu arm embedded toolchain/10 2020-q4-major/bin/../lib/gcc/arm-none-eabi/10.2.1/../../../../arm-none-eabi/lib/thumb/v7e-m+fp/hard\libc_nano.a(lib_a-wbuf.o) (_fflush_r)
c:/program files (x86)/gnu arm embedded toolchain/10 2020-q4-major/bin/../lib/gcc/arm-none-eabi/10.2.1/../../../../arm-none-eabi/lib/thumb/v7e-m+fp/hard\libc_nano.a(lib_a-findfp.o)
                              c:/program files (x86)/gnu arm embedded toolchain/10 2020-q4-major/bin/../lib/gcc/arm-none-eabi/10.2.1/../../../../arm-none-eabi/lib/thumb/v7e-m+fp/hard\libc_nano.a(lib_a-printf.o) (__sinit)
c:/program files (x86)/gnu arm embedded toolchain/10 2020-q4-major/bin/../lib/gcc/arm-none-eabi/10.2.1/../../../../arm-none-eabi/lib/thumb/v7e-m+fp/hard\libc_nano.a(lib_a-fwalk.o)
                              c:/program files (x86)/gnu arm embedded toolchain/10 2020-q4-major/bin/../lib/gcc/arm-none-eabi/10.2.1/../../../../arm-none-eabi/lib/thumb/v7e-m+fp/hard\libc_nano.a(lib_a-findfp.o) (_fwalk)
c:/program files (x86)/gnu arm embedded toolchain/10 2020-q4-major/bin/../lib/gcc/arm-none-eabi/10.2.1/../../../../arm-none-eabi/lib/thumb/v7e-m+fp/hard\libc_nano.a(lib_a-lock.o)
                              c:/program files (x86)/gnu arm embedded toolchain/10 2020-q4-major/bin/../lib/gcc/arm-none-eabi/10.2.1/../../../../arm-none-eabi/lib/thumb/v7e-m+fp/hard\libc_nano.a(lib_a-findfp.o) (__retarget_lock_init_recursive)
c:/program files (x86)/gnu arm embedded toolchain/10 2020-q4-major/bin/../lib/gcc/arm-none-eabi/10.2.1/../../../../arm-none-eabi/lib/thumb/v7e-m+fp/hard\libc_nano.a(lib_a-makebuf.o)
[...]
Memory Configuration

Name             Origin             Length             Attributes
RAM              0x20000000         0x00020000         xrw
CCMRAM           0x10000000         0x00010000         xrw
FLASH            0x08000000         0x00100000         xr
*default*        0x00000000         0xffffffff

Linker script and memory map

LOAD c:/program files (x86)/gnu arm embedded toolchain/10 2020-q4-major/bin/../lib/gcc/arm-none-eabi/10.2.1/thumb/v7e-m+fp/hard/crti.o
LOAD c:/program files (x86)/gnu arm embedded toolchain/10 2020-q4-major/bin/../lib/gcc/arm-none-eabi/10.2.1/thumb/v7e-m+fp/hard/crtbegin.o
LOAD c:/program files (x86)/gnu arm embedded toolchain/10 2020-q4-major/bin/../lib/gcc/arm-none-eabi/10.2.1/../../../../arm-none-eabi/lib/thumb/v7e-m+fp/hard/crt0.o
LOAD build/main.o
LOAD build/delay.o
LOAD build/flash.o
LOAD build/GUI.o
LOAD build/key.o
LOAD build/lcd.o
LOAD build/led.o
LOAD build/usart.o
LOAD build/stm32f4xx_it.o
LOAD build/misc.o
LOAD build/stm32f4xx_dma.o
LOAD build/stm32f4xx_exti.o
LOAD build/stm32f4xx_flash.o
LOAD build/stm32f4xx_fsmc.o
LOAD build/stm32f4xx_gpio.o
LOAD build/stm32f4xx_i2c.o
LOAD build/stm32f4xx_iwdg.o
LOAD build/stm32f4xx_pwr.o
LOAD build/stm32f4xx_rcc.o
LOAD build/stm32f4xx_rtc.o
LOAD build/stm32f4xx_sdio.o
LOAD build/stm32f4xx_spi.o
LOAD build/stm32f4xx_syscfg.o
LOAD build/stm32f4xx_tim.o
LOAD build/stm32f4xx_usart.o
LOAD build/system_stm32f4xx.o
LOAD build/startup_stm32f407xx.o
LOAD c:/program files (x86)/gnu arm embedded toolchain/10 2020-q4-major/bin/../lib/gcc/arm-none-eabi/10.2.1/../../../../arm-none-eabi/lib/thumb/v7e-m+fp/hard\libc_nano.a
LOAD c:/program files (x86)/gnu arm embedded toolchain/10 2020-q4-major/bin/../lib/gcc/arm-none-eabi/10.2.1/../../../../arm-none-eabi/lib/thumb/v7e-m+fp/hard\libm.a
LOAD c:/program files (x86)/gnu arm embedded toolchain/10 2020-q4-major/bin/../lib/gcc/arm-none-eabi/10.2.1/../../../../arm-none-eabi/lib/thumb/v7e-m+fp/hard\libnosys.a
START GROUP
LOAD c:/program files (x86)/gnu arm embedded toolchain/10 2020-q4-major/bin/../lib/gcc/arm-none-eabi/10.2.1/thumb/v7e-m+fp/hard\libgcc.a
LOAD c:/program files (x86)/gnu arm embedded toolchain/10 2020-q4-major/bin/../lib/gcc/arm-none-eabi/10.2.1/../../../../arm-none-eabi/lib/thumb/v7e-m+fp/hard\libc_nano.a
END GROUP
START GROUP
LOAD c:/program files (x86)/gnu arm embedded toolchain/10 2020-q4-major/bin/../lib/gcc/arm-none-eabi/10.2.1/thumb/v7e-m+fp/hard\libgcc.a
LOAD c:/program files (x86)/gnu arm embedded toolchain/10 2020-q4-major/bin/../lib/gcc/arm-none-eabi/10.2.1/../../../../arm-none-eabi/lib/thumb/v7e-m+fp/hard\libc_nano.a
END GROUP
LOAD c:/program files (x86)/gnu arm embedded toolchain/10 2020-q4-major/bin/../lib/gcc/arm-none-eabi/10.2.1/thumb/v7e-m+fp/hard/crtend.o
LOAD c:/program files (x86)/gnu arm embedded toolchain/10 2020-q4-major/bin/../lib/gcc/arm-none-eabi/10.2.1/thumb/v7e-m+fp/hard/crtn.o
                0x20020000                _estack = 0x20020000
                0x00000200                _Min_Heap_Size = 0x200
                0x00000400                _Min_Stack_Size = 0x400

.isr_vector     0x08000000      0x188
                0x08000000                . = ALIGN (0x4)
 *(.isr_vector)
 .isr_vector    0x08000000      0x188 build/startup_stm32f407xx.o
                0x08000000                g_pfnVectors
                0x08000188                . = ALIGN (0x4)

.text           0x08000190     0x6640
                0x08000190                . = ALIGN (0x4)
 *(.text)
 .text          0x08000190       0x40 c:/program files (x86)/gnu arm embedded toolchain/10 2020-q4-major/bin/../lib/gcc/arm-none-eabi/10.2.1/thumb/v7e-m+fp/hard/crtbegin.o
 .text          0x080001d0       0x10 c:/program files (x86)/gnu arm embedded toolchain/10 2020-q4-major/bin/../lib/gcc/arm-none-eabi/10.2.1/../../../../arm-none-eabi/lib/thumb/v7e-m+fp/hard\libc_nano.a(lib_a-strlen.o)
                0x080001d0                strlen
 .text          0x080001e0       0xa0 c:/program files (x86)/gnu arm embedded toolchain/10 2020-q4-major/bin/../lib/gcc/arm-none-eabi/10.2.1/../../../../arm-none-eabi/lib/thumb/v7e-m+fp/hard\libc_nano.a(lib_a-memchr.o)
                0x080001e0                memchr
 .text          0x08000280      0x254 c:/program files (x86)/gnu arm embedded toolchain/10 2020-q4-major/bin/../lib/gcc/arm-none-eabi/10.2.1/thumb/v7e-m+fp/hard\libgcc.a(_arm_muldf3.o)
                0x08000280                __muldf3
                0x08000280                __aeabi_dmul
 .text          0x080004d4      0x378 c:/program files (x86)/gnu arm embedded toolchain/10 2020-q4-major/bin/../lib/gcc/arm-none-eabi/10.2.1/thumb/v7e-m+fp/hard\libgcc.a(_arm_addsubdf3.o)
                0x080004d4                __aeabi_drsub
                0x080004dc                __aeabi_dsub
                0x080004dc                __subdf3
                0x080004e0                __aeabi_dadd
                0x080004e0                __adddf3
                0x08000758                __floatunsidf
                0x08000758                __aeabi_ui2d
                0x08000778                __floatsidf
                0x08000778                __aeabi_i2d
                0x0800079c                __aeabi_f2d
                0x0800079c                __extendsfdf2
                0x080007e0                __floatundidf
                0x080007e0                __aeabi_ul2d
                0x080007f0                __floatdidf
                0x080007f0                __aeabi_l2d
 .text          0x0800084c       0x40 c:/program files (x86)/gnu arm embedded toolchain/10 2020-q4-major/bin/../lib/gcc/arm-none-eabi/10.2.1/thumb/v7e-m+fp/hard\libgcc.a(_arm_fixunsdfsi.o)
                0x0800084c                __aeabi_d2uiz
                0x0800084c                __fixunsdfsi
 *(.text*)
 .text.FLASH_test
                0x0800088c       0x94 build/main.o
                0x0800088c                FLASH_test
 .text.Show_FLASH_Write
                0x08000920       0x7c build/main.o
                0x08000920                Show_FLASH_Write
 .text.Show_FLASH_Read
                0x0800099c       0x84 build/main.o
                0x0800099c                Show_FLASH_Read
 .text.main     0x08000a20       0x80 build/main.o
                0x08000a20                main
 .text.delay_init
                0x08000aa0       0x2c build/delay.o
                0x08000aa0                delay_init
 .text.delay_us
                0x08000acc       0x40 build/delay.o
                0x08000acc                delay_us
 .text.delay_xms
                0x08000b0c       0x40 build/delay.o
                0x08000b0c                delay_xms
 .text.delay_ms
                0x08000b4c       0x38 build/delay.o
                0x08000b4c                delay_ms
 .text.FLASH_ReadWord
                0x08000b84        0x4 build/flash.o
                0x08000b84                FLASH_ReadWord
 .text.FLASH_GetFlashSector
                0x08000b88       0x8c build/flash.o
                0x08000b88                FLASH_GetFlashSector
 .text.FLASH_Write
                0x08000c14       0x8c build/flash.o
                0x08000c14                FLASH_Write
 .text.FLASH_Read
                0x08000ca0       0x20 build/flash.o
                0x08000ca0                FLASH_Read
 .text.LCD_Fill
                0x08000cc0       0x60 build/GUI.o
                0x08000cc0                LCD_Fill
 .text.LCD_ShowChar
                0x08000d20      0x140 build/GUI.o
                0x08000d20                LCD_ShowChar
 .text.GUI_DrawFont16
                0x08000e60      0x118 build/GUI.o
                0x08000e60                GUI_DrawFont16
 .text.GUI_DrawFont24
                0x08000f78      0x114 build/GUI.o
                0x08000f78                GUI_DrawFont24
 .text.GUI_DrawFont32
                0x0800108c      0x11c build/GUI.o
                0x0800108c                GUI_DrawFont32
 .text.Show_Str
                0x080011a8      0x104 build/GUI.o
                0x080011a8                Show_Str
 .text.Gui_StrCenter
                0x080012ac       0x48 build/GUI.o
                0x080012ac                Gui_StrCenter
 .text.KEY_Init
                0x080012f4       0x48 build/key.o
                0x080012f4                KEY_Init
 .text.KEY_Scan
                0x0800133c       0x7c build/key.o
                0x0800133c                KEY_Scan
 .text.LCD_WR_REG
                0x080013b8       0x24 build/lcd.o
                0x080013b8                LCD_WR_REG
 .text.LCD_WR_DATA
                0x080013dc       0x24 build/lcd.o
                0x080013dc                LCD_WR_DATA
 .text.LCD_RD_DATA
                0x08001400       0x1c build/lcd.o
                0x08001400                LCD_RD_DATA
 .text.LCD_WriteReg
                0x0800141c       0x10 build/lcd.o
                0x0800141c                LCD_WriteReg
 .text.LCD_ReadReg
                0x0800142c       0x26 build/lcd.o
                0x0800142c                LCD_ReadReg
 *fill*         0x08001452        0x2 
 .text.LCD_WriteRAM_Prepare
                0x08001454       0x10 build/lcd.o
                0x08001454                LCD_WriteRAM_Prepare
 .text.Lcd_WriteData_16Bit
                0x08001464        0xc build/lcd.o
                0x08001464                Lcd_WriteData_16Bit
 .text.LCD_PWM_BackLightSet
                0x08001470       0x50 build/lcd.o
                0x08001470                LCD_PWM_BackLightSet
 .text.LCD_GPIOInit
                0x080014c0      0x1f4 build/lcd.o
                0x080014c0                LCD_GPIOInit
 .text.LCD_Set_BWTR
                0x080016b4       0xb8 build/lcd.o
                0x080016b4                LCD_Set_BWTR
 .text.LCD_SetWindows
                0x0800176c      0x260 build/lcd.o
                0x0800176c                LCD_SetWindows
 .text.LCD_Clear
                0x080019cc       0x38 build/lcd.o
                0x080019cc                LCD_Clear
 .text.LCD_SetCursor
                0x08001a04        0xc build/lcd.o
                0x08001a04                LCD_SetCursor
 .text.LCD_DrawPoint
                0x08001a10       0x14 build/lcd.o
                0x08001a10                LCD_DrawPoint
 .text.LCD_direction
                0x08001a24      0x230 build/lcd.o
                0x08001a24                LCD_direction
 .text.LCD_Read_ID
                0x08001c54      0x130 build/lcd.o
                0x08001c54                LCD_Read_ID
 .text.LCD_Init
                0x08001d84     0x3054 build/lcd.o
                0x08001d84                LCD_Init
 .text.LED_Init
                0x08004dd8       0x58 build/led.o
                0x08004dd8                LED_Init
 .text.USART1_Init
                0x08004e30       0xb8 build/usart.o
                0x08004e30                USART1_Init
 .text.USART1_IRQHandler
                0x08004ee8       0x7c build/usart.o
                0x08004ee8                USART1_IRQHandler
 .text.NMI_Handler
                0x08004f64        0x2 build/stm32f4xx_it.o
                0x08004f64                NMI_Handler
 .text.HardFault_Handler
                0x08004f66        0x2 build/stm32f4xx_it.o
                0x08004f66                HardFault_Handler
 .text.MemManage_Handler
                0x08004f68        0x2 build/stm32f4xx_it.o
                0x08004f68                MemManage_Handler
 .text.BusFault_Handler
                0x08004f6a        0x2 build/stm32f4xx_it.o
                0x08004f6a                BusFault_Handler
 .text.UsageFault_Handler
                0x08004f6c        0x2 build/stm32f4xx_it.o
                0x08004f6c                UsageFault_Handler
 .text.SVC_Handler
                0x08004f6e        0x2 build/stm32f4xx_it.o
                0x08004f6e                SVC_Handler
 .text.DebugMon_Handler
                0x08004f70        0x2 build/stm32f4xx_it.o
                0x08004f70                DebugMon_Handler
 .text.PendSV_Handler
                0x08004f72        0x2 build/stm32f4xx_it.o
                0x08004f72                PendSV_Handler
 .text.SysTick_Handler
                0x08004f74        0x2 build/stm32f4xx_it.o
                0x08004f74                SysTick_Handler
 *fill*         0x08004f76        0x2 
 .text.NVIC_PriorityGroupConfig
                0x08004f78       0x14 build/misc.o
                0x08004f78                NVIC_PriorityGroupConfig
 .text.NVIC_Init
                0x08004f8c       0x64 build/misc.o
                0x08004f8c                NVIC_Init
 .text.SysTick_CLKSourceConfig
                0x08004ff0       0x20 build/misc.o
                0x08004ff0                SysTick_CLKSourceConfig
 .text.FLASH_DataCacheCmd
                0x08005010       0x20 build/stm32f4xx_flash.o
                0x08005010                FLASH_DataCacheCmd
 .text.FLASH_Unlock
                0x08005030       0x20 build/stm32f4xx_flash.o
                0x08005030                FLASH_Unlock
 .text.FLASH_Lock
                0x08005050       0x10 build/stm32f4xx_flash.o
                0x08005050                FLASH_Lock
 .text.FLASH_GetStatus
                0x08005060       0x50 build/stm32f4xx_flash.o
                0x08005060                FLASH_GetStatus
 .text.FLASH_WaitForLastOperation
                0x080050b0       0x30 build/stm32f4xx_flash.o
                0x080050b0                FLASH_WaitForLastOperation
 .text.FLASH_EraseSector
                0x080050e0       0x70 build/stm32f4xx_flash.o
                0x080050e0                FLASH_EraseSector
 .text.FLASH_ProgramWord
                0x08005150       0x40 build/stm32f4xx_flash.o
                0x08005150                FLASH_ProgramWord
 .text.FSMC_NORSRAMInit
                0x08005190       0xc8 build/stm32f4xx_fsmc.o
                0x08005190                FSMC_NORSRAMInit
 .text.FSMC_NORSRAMCmd
                0x08005258       0x2c build/stm32f4xx_fsmc.o
                0x08005258                FSMC_NORSRAMCmd
 .text.GPIO_Init
                0x08005284       0xa6 build/stm32f4xx_gpio.o
                0x08005284                GPIO_Init
 .text.GPIO_SetBits
                0x0800532a        0x4 build/stm32f4xx_gpio.o
                0x0800532a                GPIO_SetBits
 .text.GPIO_PinAFConfig
                0x0800532e       0x34 build/stm32f4xx_gpio.o
                0x0800532e                GPIO_PinAFConfig
 *fill*         0x08005362        0x2 
 .text.RCC_GetClocksFreq
                0x08005364       0xb8 build/stm32f4xx_rcc.o
                0x08005364                RCC_GetClocksFreq
 .text.RCC_AHB1PeriphClockCmd
                0x0800541c       0x1c build/stm32f4xx_rcc.o
                0x0800541c                RCC_AHB1PeriphClockCmd
 .text.RCC_AHB3PeriphClockCmd
                0x08005438       0x1c build/stm32f4xx_rcc.o
                0x08005438                RCC_AHB3PeriphClockCmd
 .text.RCC_APB2PeriphClockCmd
                0x08005454       0x1c build/stm32f4xx_rcc.o
                0x08005454                RCC_APB2PeriphClockCmd
 .text.USART_Init
                0x08005470       0xcc build/stm32f4xx_usart.o
                0x08005470                USART_Init
 .text.USART_Cmd
                0x0800553c       0x1c build/stm32f4xx_usart.o
                0x0800553c                USART_Cmd
 .text.USART_ReceiveData
                0x08005558        0x8 build/stm32f4xx_usart.o
                0x08005558                USART_ReceiveData
 .text.USART_ITConfig
                0x08005560       0x36 build/stm32f4xx_usart.o
                0x08005560                USART_ITConfig
 .text.USART_ClearFlag
                0x08005596        0x8 build/stm32f4xx_usart.o
                0x08005596                USART_ClearFlag
 .text.USART_GetITStatus
                0x0800559e       0x4a build/stm32f4xx_usart.o
                0x0800559e                USART_GetITStatus
 .text.SetSysClock
                0x080055e8       0xc4 build/system_stm32f4xx.o
 .text.SystemInit
                0x080056ac       0x50 build/system_stm32f4xx.o
                0x080056ac                SystemInit
 .text.Reset_Handler
                0x080056fc       0x50 build/startup_stm32f407xx.o
                0x080056fc                Reset_Handler
 .text.Default_Handler
                0x0800574c        0x2 build/startup_stm32f407xx.o
                0x0800574c                RTC_Alarm_IRQHandler
                0x0800574c                HASH_RNG_IRQHandler
                0x0800574c                EXTI2_IRQHandler
                0x0800574c                TIM8_CC_IRQHandler
                0x0800574c                TIM1_CC_IRQHandler
                0x0800574c                DMA2_Stream5_IRQHandler
                0x0800574c                DMA1_Stream5_IRQHandler
                0x0800574c                PVD_IRQHandler
                0x0800574c                SDIO_IRQHandler
                0x0800574c                TAMP_STAMP_IRQHandler
                0x0800574c                CAN2_RX1_IRQHandler
                0x0800574c                EXTI3_IRQHandler
                0x0800574c                TIM8_TRG_COM_TIM14_IRQHandler
                0x0800574c                TIM1_UP_TIM10_IRQHandler
                0x0800574c                TIM8_UP_TIM13_IRQHandler
                0x0800574c                I2C3_ER_IRQHandler
                0x0800574c                EXTI0_IRQHandler
                0x0800574c                I2C2_EV_IRQHandler
                0x0800574c                DMA1_Stream2_IRQHandler
                0x0800574c                CAN1_RX0_IRQHandler
                0x0800574c                FPU_IRQHandler
                0x0800574c                OTG_HS_WKUP_IRQHandler
                0x0800574c                CAN2_SCE_IRQHandler
                0x0800574c                DMA2_Stream2_IRQHandler
                0x0800574c                SPI1_IRQHandler
                0x0800574c                TIM6_DAC_IRQHandler
                0x0800574c                TIM1_BRK_TIM9_IRQHandler
                0x0800574c                DCMI_IRQHandler
                0x0800574c                CAN2_RX0_IRQHandler
                0x0800574c                DMA2_Stream3_IRQHandler
                0x0800574c                USART6_IRQHandler
                0x0800574c                USART3_IRQHandler
                0x0800574c                CAN1_RX1_IRQHandler
                0x0800574c                UART5_IRQHandler
                0x0800574c                DMA2_Stream0_IRQHandler
                0x0800574c                TIM4_IRQHandler
                0x0800574c                I2C1_EV_IRQHandler
                0x0800574c                DMA1_Stream6_IRQHandler
                0x0800574c                DMA1_Stream1_IRQHandler
                0x0800574c                UART4_IRQHandler
                0x0800574c                TIM3_IRQHandler
                0x0800574c                RCC_IRQHandler
                0x0800574c                TIM8_BRK_TIM12_IRQHandler
                0x0800574c                Default_Handler
                0x0800574c                EXTI15_10_IRQHandler
                0x0800574c                ADC_IRQHandler
                0x0800574c                DMA1_Stream7_IRQHandler
                0x0800574c                TIM7_IRQHandler
                0x0800574c                CAN2_TX_IRQHandler
                0x0800574c                TIM5_IRQHandler
                0x0800574c                DMA2_Stream7_IRQHandler
                0x0800574c                I2C3_EV_IRQHandler
                0x0800574c                EXTI9_5_IRQHandler
                0x0800574c                RTC_WKUP_IRQHandler
                0x0800574c                ETH_WKUP_IRQHandler
                0x0800574c                SPI2_IRQHandler
                0x0800574c                OTG_HS_EP1_IN_IRQHandler
                0x0800574c                DMA1_Stream0_IRQHandler
                0x0800574c                CAN1_TX_IRQHandler
                0x0800574c                EXTI4_IRQHandler
                0x0800574c                FSMC_IRQHandler
                0x0800574c                ETH_IRQHandler
                0x0800574c                OTG_HS_EP1_OUT_IRQHandler
                0x0800574c                WWDG_IRQHandler
                0x0800574c                TIM2_IRQHandler
                0x0800574c                OTG_FS_WKUP_IRQHandler
                0x0800574c                TIM1_TRG_COM_TIM11_IRQHandler
                0x0800574c                OTG_HS_IRQHandler
                0x0800574c                EXTI1_IRQHandler
                0x0800574c                USART2_IRQHandler
                0x0800574c                I2C2_ER_IRQHandler
                0x0800574c                DMA2_Stream1_IRQHandler
                0x0800574c                CAN1_SCE_IRQHandler
                0x0800574c                FLASH_IRQHandler
                0x0800574c                DMA2_Stream4_IRQHandler
                0x0800574c                OTG_FS_IRQHandler
                0x0800574c                SPI3_IRQHandler
                0x0800574c                DMA1_Stream4_IRQHandler
                0x0800574c                I2C1_ER_IRQHandler
                0x0800574c                DMA2_Stream6_IRQHandler
                0x0800574c                DMA1_Stream3_IRQHandler
 *fill*         0x0800574e        0x2 
 .text.__libc_init_array
                0x08005750       0x48 c:/program files (x86)/gnu arm embedded toolchain/10 2020-q4-major/bin/../lib/gcc/arm-none-eabi/10.2.1/../../../../arm-none-eabi/lib/thumb/v7e-m+fp/hard\libc_nano.a(lib_a-init.o)
                0x08005750                __libc_init_array
 .text.memset   0x08005798       0x10 c:/program files (x86)/gnu arm embedded toolchain/10 2020-q4-major/bin/../lib/gcc/arm-none-eabi/10.2.1/../../../../arm-none-eabi/lib/thumb/v7e-m+fp/hard\libc_nano.a(lib_a-memset.o)
                0x08005798                memset
 .text.printf   0x080057a8       0x30 c:/program files (x86)/gnu arm embedded toolchain/10 2020-q4-major/bin/../lib/gcc/arm-none-eabi/10.2.1/../../../../arm-none-eabi/lib/thumb/v7e-m+fp/hard\libc_nano.a(lib_a-printf.o)
                0x080057a8                iprintf
                0x080057a8                printf
 .text._puts_r  0x080057d8       0xdc c:/program files (x86)/gnu arm embedded toolchain/10 2020-q4-major/bin/../lib/gcc/arm-none-eabi/10.2.1/../../../../arm-none-eabi/lib/thumb/v7e-m+fp/hard\libc_nano.a(lib_a-puts.o)
                0x080057d8                _puts_r
 .text.puts     0x080058b4       0x10 c:/program files (x86)/gnu arm embedded toolchain/10 2020-q4-major/bin/../lib/gcc/arm-none-eabi/10.2.1/../../../../arm-none-eabi/lib/thumb/v7e-m+fp/hard\libc_nano.a(lib_a-puts.o)
                0x080058b4                puts
 .text.__swbuf_r
                0x080058c4       0xa4 c:/program files (x86)/gnu arm embedded toolchain/10 2020-q4-major/bin/../lib/gcc/arm-none-eabi/10.2.1/../../../../arm-none-eabi/lib/thumb/v7e-m+fp/hard\libc_nano.a(lib_a-wbuf.o)
                0x080058c4                __swbuf_r
 .text.__swsetup_r
                0x08005968       0xdc c:/program files (x86)/gnu arm embedded toolchain/10 2020-q4-major/bin/../lib/gcc/arm-none-eabi/10.2.1/../../../../arm-none-eabi/lib/thumb/v7e-m+fp/hard\libc_nano.a(lib_a-wsetup.o)
                0x08005968                __swsetup_r
 .text.__sflush_r
                0x08005a44      0x10c c:/program files (x86)/gnu arm embedded toolchain/10 2020-q4-major/bin/../lib/gcc/arm-none-eabi/10.2.1/../../../../arm-none-eabi/lib/thumb/v7e-m+fp/hard\libc_nano.a(lib_a-fflush.o)
                0x08005a44                __sflush_r
 .text._fflush_r
                0x08005b50       0x78 c:/program files (x86)/gnu arm embedded toolchain/10 2020-q4-major/bin/../lib/gcc/arm-none-eabi/10.2.1/../../../../arm-none-eabi/lib/thumb/v7e-m+fp/hard\libc_nano.a(lib_a-fflush.o)
                0x08005b50                _fflush_r
 .text.std      0x08005bc8       0x48 c:/program files (x86)/gnu arm embedded toolchain/10 2020-q4-major/bin/../lib/gcc/arm-none-eabi/10.2.1/../../../../arm-none-eabi/lib/thumb/v7e-m+fp/hard\libc_nano.a(lib_a-findfp.o)
 .text._cleanup_r
                0x08005c10        0xc c:/program files (x86)/gnu arm embedded toolchain/10 2020-q4-major/bin/../lib/gcc/arm-none-eabi/10.2.1/../../../../arm-none-eabi/lib/thumb/v7e-m+fp/hard\libc_nano.a(lib_a-findfp.o)
                0x08005c10                _cleanup_r
 .text.__sfmoreglue
                0x08005c1c       0x2c c:/program files (x86)/gnu arm embedded toolchain/10 2020-q4-major/bin/../lib/gcc/arm-none-eabi/10.2.1/../../../../arm-none-eabi/lib/thumb/v7e-m+fp/hard\libc_nano.a(lib_a-findfp.o)
                0x08005c1c                __sfmoreglue
 .text.__sfp_lock_acquire
                0x08005c48        0xc c:/program files (x86)/gnu arm embedded toolchain/10 2020-q4-major/bin/../lib/gcc/arm-none-eabi/10.2.1/../../../../arm-none-eabi/lib/thumb/v7e-m+fp/hard\libc_nano.a(lib_a-findfp.o)
                0x08005c48                __sfp_lock_acquire
 .text.__sfp_lock_release
                0x08005c54        0xc c:/program files (x86)/gnu arm embedded toolchain/10 2020-q4-major/bin/../lib/gcc/arm-none-eabi/10.2.1/../../../../arm-none-eabi/lib/thumb/v7e-m+fp/hard\libc_nano.a(lib_a-findfp.o)
                0x08005c54                __sfp_lock_release
 .text.__sinit_lock_acquire
                0x08005c60        0xc c:/program files (x86)/gnu arm embedded toolchain/10 2020-q4-major/bin/../lib/gcc/arm-none-eabi/10.2.1/../../../../arm-none-eabi/lib/thumb/v7e-m+fp/hard\libc_nano.a(lib_a-findfp.o)
                0x08005c60                __sinit_lock_acquire
 .text.__sinit_lock_release
                0x08005c6c        0xc c:/program files (x86)/gnu arm embedded toolchain/10 2020-q4-major/bin/../lib/gcc/arm-none-eabi/10.2.1/../../../../arm-none-eabi/lib/thumb/v7e-m+fp/hard\libc_nano.a(lib_a-findfp.o)
                0x08005c6c                __sinit_lock_release
 .text.__sinit  0x08005c78       0x70 c:/program files (x86)/gnu arm embedded toolchain/10 2020-q4-major/bin/../lib/gcc/arm-none-eabi/10.2.1/../../../../arm-none-eabi/lib/thumb/v7e-m+fp/hard\libc_nano.a(lib_a-findfp.o)
                0x08005c78                __sinit
 .text.__sfp    0x08005ce8       0x8c c:/program files (x86)/gnu arm embedded toolchain/10 2020-q4-major/bin/../lib/gcc/arm-none-eabi/10.2.1/../../../../arm-none-eabi/lib/thumb/v7e-m+fp/hard\libc_nano.a(lib_a-findfp.o)
                0x08005ce8                __sfp
 .text._fwalk_reent
                0x08005d74       0x3e c:/program files (x86)/gnu arm embedded toolchain/10 2020-q4-major/bin/../lib/gcc/arm-none-eabi/10.2.1/../../../../arm-none-eabi/lib/thumb/v7e-m+fp/hard\libc_nano.a(lib_a-fwalk.o)
                0x08005d74                _fwalk_reent
 .text.__retarget_lock_init_recursive
                0x08005db2        0x2 c:/program files (x86)/gnu arm embedded toolchain/10 2020-q4-major/bin/../lib/gcc/arm-none-eabi/10.2.1/../../../../arm-none-eabi/lib/thumb/v7e-m+fp/hard\libc_nano.a(lib_a-lock.o)
                0x08005db2                __retarget_lock_init_recursive
 .text.__retarget_lock_acquire_recursive
                0x08005db4        0x2 c:/program files (x86)/gnu arm embedded toolchain/10 2020-q4-major/bin/../lib/gcc/arm-none-eabi/10.2.1/../../../../arm-none-eabi/lib/thumb/v7e-m+fp/hard\libc_nano.a(lib_a-lock.o)
                0x08005db4                __retarget_lock_acquire_recursive
 .text.__retarget_lock_release_recursive
                0x08005db6        0x2 c:/program files (x86)/gnu arm embedded toolchain/10 2020-q4-major/bin/../lib/gcc/arm-none-eabi/10.2.1/../../../../arm-none-eabi/lib/thumb/v7e-m+fp/hard\libc_nano.a(lib_a-lock.o)
                0x08005db6                __retarget_lock_release_recursive
 .text.__swhatbuf_r
                0x08005db8       0x4a c:/program files (x86)/gnu arm embedded toolchain/10 2020-q4-major/bin/../lib/gcc/arm-none-eabi/10.2.1/../../../../arm-none-eabi/lib/thumb/v7e-m+fp/hard\libc_nano.a(lib_a-makebuf.o)
                0x08005db8                __swhatbuf_r
 *fill*         0x08005e02        0x2 
 .text.__smakebuf_r
                0x08005e04       0x80 c:/program files (x86)/gnu arm embedded toolchain/10 2020-q4-major/bin/../lib/gcc/arm-none-eabi/10.2.1/../../../../arm-none-eabi/lib/thumb/v7e-m+fp/hard\libc_nano.a(lib_a-makebuf.o)
                0x08005e04                __smakebuf_r
 .text._free_r  0x08005e84       0x98 c:/program files (x86)/gnu arm embedded toolchain/10 2020-q4-major/bin/../lib/gcc/arm-none-eabi/10.2.1/../../../../arm-none-eabi/lib/thumb/v7e-m+fp/hard\libc_nano.a(lib_a-nano-freer.o)
                0x08005e84                _free_r
 .text._malloc_r
                0x08005f1c       0xb4 c:/program files (x86)/gnu arm embedded toolchain/10 2020-q4-major/bin/../lib/gcc/arm-none-eabi/10.2.1/../../../../arm-none-eabi/lib/thumb/v7e-m+fp/hard\libc_nano.a(lib_a-nano-mallocr.o)
                0x08005f1c                _malloc_r
 .text.__sfputc_r
                0x08005fd0       0x2e c:/program files (x86)/gnu arm embedded toolchain/10 2020-q4-major/bin/../lib/gcc/arm-none-eabi/10.2.1/../../../../arm-none-eabi/lib/thumb/v7e-m+fp/hard\libc_nano.a(lib_a-nano-vfprintf.o)
 .text.__sfputs_r
                0x08005ffe       0x24 c:/program files (x86)/gnu arm embedded toolchain/10 2020-q4-major/bin/../lib/gcc/arm-none-eabi/10.2.1/../../../../arm-none-eabi/lib/thumb/v7e-m+fp/hard\libc_nano.a(lib_a-nano-vfprintf.o)
                0x08005ffe                __sfputs_r
 *fill*         0x08006022        0x2 
 .text._vfprintf_r
                0x08006024      0x260 c:/program files (x86)/gnu arm embedded toolchain/10 2020-q4-major/bin/../lib/gcc/arm-none-eabi/10.2.1/../../../../arm-none-eabi/lib/thumb/v7e-m+fp/hard\libc_nano.a(lib_a-nano-vfprintf.o)
                0x08006024                _vfprintf_r
                0x08006024                _vfiprintf_r
 .text._printf_common
                0x08006284       0xda c:/program files (x86)/gnu arm embedded toolchain/10 2020-q4-major/bin/../lib/gcc/arm-none-eabi/10.2.1/../../../../arm-none-eabi/lib/thumb/v7e-m+fp/hard\libc_nano.a(lib_a-nano-vfprintf_i.o)
                0x08006284                _printf_common
 *fill*         0x0800635e        0x2 
 .text._printf_i
                0x08006360      0x24c c:/program files (x86)/gnu arm embedded toolchain/10 2020-q4-major/bin/../lib/gcc/arm-none-eabi/10.2.1/../../../../arm-none-eabi/lib/thumb/v7e-m+fp/hard\libc_nano.a(lib_a-nano-vfprintf_i.o)
                0x08006360                _printf_i
 .text._sbrk_r  0x080065ac       0x20 c:/program files (x86)/gnu arm embedded toolchain/10 2020-q4-major/bin/../lib/gcc/arm-none-eabi/10.2.1/../../../../arm-none-eabi/lib/thumb/v7e-m+fp/hard\libc_nano.a(lib_a-sbrkr.o)
                0x080065ac                _sbrk_r
 .text.__sread  0x080065cc       0x22 c:/program files (x86)/gnu arm embedded toolchain/10 2020-q4-major/bin/../lib/gcc/arm-none-eabi/10.2.1/../../../../arm-none-eabi/lib/thumb/v7e-m+fp/hard\libc_nano.a(lib_a-stdio.o)
                0x080065cc                __sread
 .text.__swrite
                0x080065ee       0x38 c:/program files (x86)/gnu arm embedded toolchain/10 2020-q4-major/bin/../lib/gcc/arm-none-eabi/10.2.1/../../../../arm-none-eabi/lib/thumb/v7e-m+fp/hard\libc_nano.a(lib_a-stdio.o)
                0x080065ee                __swrite
 .text.__sseek  0x08006626       0x24 c:/program files (x86)/gnu arm embedded toolchain/10 2020-q4-major/bin/../lib/gcc/arm-none-eabi/10.2.1/../../../../arm-none-eabi/lib/thumb/v7e-m+fp/hard\libc_nano.a(lib_a-stdio.o)
                0x08006626                __sseek
 .text.__sclose
                0x0800664a        0x8 c:/program files (x86)/gnu arm embedded toolchain/10 2020-q4-major/bin/../lib/gcc/arm-none-eabi/10.2.1/../../../../arm-none-eabi/lib/thumb/v7e-m+fp/hard\libc_nano.a(lib_a-stdio.o)
                0x0800664a                __sclose
 *fill*         0x08006652        0x2 
 .text._write_r
                0x08006654       0x24 c:/program files (x86)/gnu arm embedded toolchain/10 2020-q4-major/bin/../lib/gcc/arm-none-eabi/10.2.1/../../../../arm-none-eabi/lib/thumb/v7e-m+fp/hard\libc_nano.a(lib_a-writer.o)
                0x08006654                _write_r
 .text._close_r
                0x08006678       0x20 c:/program files (x86)/gnu arm embedded toolchain/10 2020-q4-major/bin/../lib/gcc/arm-none-eabi/10.2.1/../../../../arm-none-eabi/lib/thumb/v7e-m+fp/hard\libc_nano.a(lib_a-closer.o)
                0x08006678                _close_r
 .text._fstat_r
                0x08006698       0x24 c:/program files (x86)/gnu arm embedded toolchain/10 2020-q4-major/bin/../lib/gcc/arm-none-eabi/10.2.1/../../../../arm-none-eabi/lib/thumb/v7e-m+fp/hard\libc_nano.a(lib_a-fstatr.o)
                0x08006698                _fstat_r
 .text._isatty_r
                0x080066bc       0x20 c:/program files (x86)/gnu arm embedded toolchain/10 2020-q4-major/bin/../lib/gcc/arm-none-eabi/10.2.1/../../../../arm-none-eabi/lib/thumb/v7e-m+fp/hard\libc_nano.a(lib_a-isattyr.o)
                0x080066bc                _isatty_r
 .text._lseek_r
                0x080066dc       0x24 c:/program files (x86)/gnu arm embedded toolchain/10 2020-q4-major/bin/../lib/gcc/arm-none-eabi/10.2.1/../../../../arm-none-eabi/lib/thumb/v7e-m+fp/hard\libc_nano.a(lib_a-lseekr.o)
                0x080066dc                _lseek_r
 .text.__malloc_lock
                0x08006700        0xc c:/program files (x86)/gnu arm embedded toolchain/10 2020-q4-major/bin/../lib/gcc/arm-none-eabi/10.2.1/../../../../arm-none-eabi/lib/thumb/v7e-m+fp/hard\libc_nano.a(lib_a-mlock.o)
                0x08006700                __malloc_lock
 .text.__malloc_unlock
                0x0800670c        0xc c:/program files (x86)/gnu arm embedded toolchain/10 2020-q4-major/bin/../lib/gcc/arm-none-eabi/10.2.1/../../../../arm-none-eabi/lib/thumb/v7e-m+fp/hard\libc_nano.a(lib_a-mlock.o)
                0x0800670c                __malloc_unlock
 .text._read_r  0x08006718       0x24 c:/program files (x86)/gnu arm embedded toolchain/10 2020-q4-major/bin/../lib/gcc/arm-none-eabi/10.2.1/../../../../arm-none-eabi/lib/thumb/v7e-m+fp/hard\libc_nano.a(lib_a-readr.o)
                0x08006718                _read_r
 .text._close   0x0800673c       0x10 c:/program files (x86)/gnu arm embedded toolchain/10 2020-q4-major/bin/../lib/gcc/arm-none-eabi/10.2.1/../../../../arm-none-eabi/lib/thumb/v7e-m+fp/hard\libnosys.a(close.o)
                0x0800673c                _close
 .text._fstat   0x0800674c       0x10 c:/program files (x86)/gnu arm embedded toolchain/10 2020-q4-major/bin/../lib/gcc/arm-none-eabi/10.2.1/../../../../arm-none-eabi/lib/thumb/v7e-m+fp/hard\libnosys.a(fstat.o)
                0x0800674c                _fstat
 .text._isatty  0x0800675c       0x10 c:/program files (x86)/gnu arm embedded toolchain/10 2020-q4-major/bin/../lib/gcc/arm-none-eabi/10.2.1/../../../../arm-none-eabi/lib/thumb/v7e-m+fp/hard\libnosys.a(isatty.o)
                0x0800675c                _isatty
 .text._lseek   0x0800676c       0x10 c:/program files (x86)/gnu arm embedded toolchain/10 2020-q4-major/bin/../lib/gcc/arm-none-eabi/10.2.1/../../../../arm-none-eabi/lib/thumb/v7e-m+fp/hard\libnosys.a(lseek.o)
                0x0800676c                _lseek
 .text._read    0x0800677c       0x10 c:/program files (x86)/gnu arm embedded toolchain/10 2020-q4-major/bin/../lib/gcc/arm-none-eabi/10.2.1/../../../../arm-none-eabi/lib/thumb/v7e-m+fp/hard\libnosys.a(read.o)
                0x0800677c                _read
 .text._sbrk    0x0800678c       0x1c c:/program files (x86)/gnu arm embedded toolchain/10 2020-q4-major/bin/../lib/gcc/arm-none-eabi/10.2.1/../../../../arm-none-eabi/lib/thumb/v7e-m+fp/hard\libnosys.a(sbrk.o)
                0x0800678c                _sbrk
 .text._write   0x080067a8       0x10 c:/program files (x86)/gnu arm embedded toolchain/10 2020-q4-major/bin/../lib/gcc/arm-none-eabi/10.2.1/../../../../arm-none-eabi/lib/thumb/v7e-m+fp/hard\libnosys.a(write.o)
                0x080067a8                _write
 *(.glue_7)
 .glue_7        0x080067b8        0x0 linker stubs
 *(.glue_7t)
 .glue_7t       0x080067b8        0x0 linker stubs
 *(.eh_frame)
 .eh_frame      0x080067b8        0x0 c:/program files (x86)/gnu arm embedded toolchain/10 2020-q4-major/bin/../lib/gcc/arm-none-eabi/10.2.1/thumb/v7e-m+fp/hard/crtbegin.o
 *(.init)
 .init          0x080067b8        0x4 c:/program files (x86)/gnu arm embedded toolchain/10 2020-q4-major/bin/../lib/gcc/arm-none-eabi/10.2.1/thumb/v7e-m+fp/hard/crti.o
                0x080067b8                _init
 .init          0x080067bc        0x8 c:/program files (x86)/gnu arm embedded toolchain/10 2020-q4-major/bin/../lib/gcc/arm-none-eabi/10.2.1/thumb/v7e-m+fp/hard/crtn.o
 *(.fini)
 .fini          0x080067c4        0x4 c:/program files (x86)/gnu arm embedded toolchain/10 2020-q4-major/bin/../lib/gcc/arm-none-eabi/10.2.1/thumb/v7e-m+fp/hard/crti.o
                0x080067c4                _fini
 .fini          0x080067c8        0x8 c:/program files (x86)/gnu arm embedded toolchain/10 2020-q4-major/bin/../lib/gcc/arm-none-eabi/10.2.1/thumb/v7e-m+fp/hard/crtn.o
                0x080067d0                . = ALIGN (0x4)
                0x080067d0                _etext = .

.vfp11_veneer   0x080067d0        0x0
 .vfp11_veneer  0x080067d0        0x0 linker stubs

.v4_bx          0x080067d0        0x0
 .v4_bx         0x080067d0        0x0 linker stubs

.iplt           0x080067d0        0x0
 .iplt          0x080067d0        0x0 c:/program files (x86)/gnu arm embedded toolchain/10 2020-q4-major/bin/../lib/gcc/arm-none-eabi/10.2.1/thumb/v7e-m+fp/hard/crtbegin.o

.rodata         0x080067d0     0x19c4
                0x080067d0                . = ALIGN (0x4)
 *(.rodata)
 *(.rodata*)
 .rodata.FLASH_test.str1.4
                0x080067d0       0x8b build/main.o
 *fill*         0x0800685b        0x1 
 .rodata.Show_FLASH_Write.str1.4
                0x0800685c       0x2e build/main.o
 *fill*         0x0800688a        0x2 
 .rodata.Show_FLASH_Read.str1.4
                0x0800688c       0x2f build/main.o
 *fill*         0x080068bb        0x1 
 .rodata.send_test
                0x080068bc       0x19 build/main.o
                0x080068bc                send_test
 *fill*         0x080068d5        0x3 
 .rodata.asc2_1206
                0x080068d8      0x474 build/GUI.o
                0x080068d8                asc2_1206
 .rodata.asc2_1608
                0x08006d4c      0x5f0 build/GUI.o
                0x08006d4c                asc2_1608
 .rodata.tfont16
                0x0800733c      0x990 build/GUI.o
                0x0800733c                tfont16
 .rodata.tfont24
                0x08007ccc      0x206 build/GUI.o
                0x08007ccc                tfont24
 *fill*         0x08007ed2        0x2 
 .rodata.tfont32
                0x08007ed4      0x208 build/GUI.o
                0x08007ed4                tfont32
 .rodata.LCD_Init.str1.4
                0x080080dc       0x1f build/lcd.o
 *fill*         0x080080fb        0x1 
 .rodata._global_impure_ptr
                0x080080fc        0x4 c:/program files (x86)/gnu arm embedded toolchain/10 2020-q4-major/bin/../lib/gcc/arm-none-eabi/10.2.1/../../../../arm-none-eabi/lib/thumb/v7e-m+fp/hard\libc_nano.a(lib_a-impure.o)
                0x080080fc                _global_impure_ptr
 .rodata.__sf_fake_stderr
                0x08008100       0x20 c:/program files (x86)/gnu arm embedded toolchain/10 2020-q4-major/bin/../lib/gcc/arm-none-eabi/10.2.1/../../../../arm-none-eabi/lib/thumb/v7e-m+fp/hard\libc_nano.a(lib_a-findfp.o)
                0x08008100                __sf_fake_stderr
 .rodata.__sf_fake_stdin
                0x08008120       0x20 c:/program files (x86)/gnu arm embedded toolchain/10 2020-q4-major/bin/../lib/gcc/arm-none-eabi/10.2.1/../../../../arm-none-eabi/lib/thumb/v7e-m+fp/hard\libc_nano.a(lib_a-findfp.o)
                0x08008120                __sf_fake_stdin
 .rodata.__sf_fake_stdout
                0x08008140       0x20 c:/program files (x86)/gnu arm embedded toolchain/10 2020-q4-major/bin/../lib/gcc/arm-none-eabi/10.2.1/../../../../arm-none-eabi/lib/thumb/v7e-m+fp/hard\libc_nano.a(lib_a-findfp.o)
                0x08008140                __sf_fake_stdout
 .rodata._vfprintf_r.str1.1
                0x08008160       0x11 c:/program files (x86)/gnu arm embedded toolchain/10 2020-q4-major/bin/../lib/gcc/arm-none-eabi/10.2.1/../../../../arm-none-eabi/lib/thumb/v7e-m+fp/hard\libc_nano.a(lib_a-nano-vfprintf.o)
 .rodata._printf_i.str1.1
                0x08008171       0x22 c:/program files (x86)/gnu arm embedded toolchain/10 2020-q4-major/bin/../lib/gcc/arm-none-eabi/10.2.1/../../../../arm-none-eabi/lib/thumb/v7e-m+fp/hard\libc_nano.a(lib_a-nano-vfprintf_i.o)
                0x08008194                . = ALIGN (0x4)
 *fill*         0x08008193        0x1 

.rel.dyn        0x08008194        0x0
 .rel.iplt      0x08008194        0x0 c:/program files (x86)/gnu arm embedded toolchain/10 2020-q4-major/bin/../lib/gcc/arm-none-eabi/10.2.1/thumb/v7e-m+fp/hard/crtbegin.o

.ARM.extab
 *(.ARM.extab* .gnu.linkonce.armextab.*)

.ARM            0x08008194        0x0
                0x08008194                __exidx_start = .
 *(.ARM.exidx*)
                0x08008194                __exidx_end = .

.preinit_array  0x08008194        0x0
                0x08008194                PROVIDE (__preinit_array_start = .)
 *(.preinit_array*)
                0x08008194                PROVIDE (__preinit_array_end = .)

.init_array     0x08008194        0x4
                0x08008194                PROVIDE (__init_array_start = .)
 *(SORT_BY_NAME(.init_array.*))
 *(.init_array*)
 .init_array    0x08008194        0x4 c:/program files (x86)/gnu arm embedded toolchain/10 2020-q4-major/bin/../lib/gcc/arm-none-eabi/10.2.1/thumb/v7e-m+fp/hard/crtbegin.o
                0x08008198                PROVIDE (__init_array_end = .)

.fini_array     0x08008198        0x4
                [!provide]                PROVIDE (__fini_array_start = .)
 *(SORT_BY_NAME(.fini_array.*))
 *(.fini_array*)
 .fini_array    0x08008198        0x4 c:/program files (x86)/gnu arm embedded toolchain/10 2020-q4-major/bin/../lib/gcc/arm-none-eabi/10.2.1/thumb/v7e-m+fp/hard/crtbegin.o
                [!provide]                PROVIDE (__fini_array_end = .)
                0x0800819c                _sidata = LOADADDR (.data)

.data           0x20000000       0x78 load address 0x0800819c
                0x20000000                . = ALIGN (0x4)
                0x20000000                _sdata = .
 *(.data)
 *(.data*)
 .data.key_up.0
                0x20000000        0x1 build/key.o
 *fill*         0x20000001        0x3 
 .data.APBAHBPrescTable
                0x20000004       0x10 build/stm32f4xx_rcc.o
 .data._impure_ptr
                0x20000014        0x4 c:/program files (x86)/gnu arm embedded toolchain/10 2020-q4-major/bin/../lib/gcc/arm-none-eabi/10.2.1/../../../../arm-none-eabi/lib/thumb/v7e-m+fp/hard\libc_nano.a(lib_a-impure.o)
                0x20000014                _impure_ptr
 .data.impure_data
                0x20000018       0x60 c:/program files (x86)/gnu arm embedded toolchain/10 2020-q4-major/bin/../lib/gcc/arm-none-eabi/10.2.1/../../../../arm-none-eabi/lib/thumb/v7e-m+fp/hard\libc_nano.a(lib_a-impure.o)
                0x20000078                . = ALIGN (0x4)
                0x20000078                _edata = .
                0x08008214                _siccmram = LOADADDR (.ccmram)

.igot.plt       0x20000078        0x0 load address 0x08008214
 .igot.plt      0x20000078        0x0 c:/program files (x86)/gnu arm embedded toolchain/10 2020-q4-major/bin/../lib/gcc/arm-none-eabi/10.2.1/thumb/v7e-m+fp/hard/crtbegin.o

.ccmram         0x10000000        0x0 load address 0x08008214
                0x10000000                . = ALIGN (0x4)
                0x10000000                _sccmram = .
 *(.ccmram)
 *(.ccmram*)
                0x10000000                . = ALIGN (0x4)
                0x10000000                _eccmram = .
                0x10000000                . = ALIGN (0x4)

.bss            0x20000078      0x15c
                0x20000078                _sbss = .
                0x20000078                __bss_start__ = _sbss
 *(.bss)
 .bss           0x20000078       0x1c c:/program files (x86)/gnu arm embedded toolchain/10 2020-q4-major/bin/../lib/gcc/arm-none-eabi/10.2.1/thumb/v7e-m+fp/hard/crtbegin.o
 *(.bss*)
 .bss.rece_buf  0x20000094        0x7 build/main.o
                0x20000094                rece_buf
 *fill*         0x2000009b        0x1 
 .bss.fac_ms    0x2000009c        0x2 build/delay.o
 .bss.fac_us    0x2000009e        0x1 build/delay.o
 *fill*         0x2000009f        0x1 
 .bss.POINT_COLOR
                0x200000a0        0x2 build/lcd.o
                0x200000a0                POINT_COLOR
 *fill*         0x200000a2        0x2 
 .bss.lcddev    0x200000a4       0x16 build/lcd.o
                0x200000a4                lcddev
 *fill*         0x200000ba        0x2 
 .bss.USART_RX_BUF
                0x200000bc      0x100 build/usart.o
                0x200000bc                USART_RX_BUF
 .bss.USART_RX_STA
                0x200001bc        0x2 build/usart.o
                0x200001bc                USART_RX_STA
 .bss.__lock___malloc_recursive_mutex
                0x200001be        0x1 c:/program files (x86)/gnu arm embedded toolchain/10 2020-q4-major/bin/../lib/gcc/arm-none-eabi/10.2.1/../../../../arm-none-eabi/lib/thumb/v7e-m+fp/hard\libc_nano.a(lib_a-lock.o)
                0x200001be                __lock___malloc_recursive_mutex
 .bss.__lock___sfp_recursive_mutex
                0x200001bf        0x1 c:/program files (x86)/gnu arm embedded toolchain/10 2020-q4-major/bin/../lib/gcc/arm-none-eabi/10.2.1/../../../../arm-none-eabi/lib/thumb/v7e-m+fp/hard\libc_nano.a(lib_a-lock.o)
                0x200001bf                __lock___sfp_recursive_mutex
 .bss.__lock___sinit_recursive_mutex
                0x200001c0        0x1 c:/program files (x86)/gnu arm embedded toolchain/10 2020-q4-major/bin/../lib/gcc/arm-none-eabi/10.2.1/../../../../arm-none-eabi/lib/thumb/v7e-m+fp/hard\libc_nano.a(lib_a-lock.o)
                0x200001c0                __lock___sinit_recursive_mutex
 *fill*         0x200001c1        0x3 
 .bss.__malloc_free_list
                0x200001c4        0x4 c:/program files (x86)/gnu arm embedded toolchain/10 2020-q4-major/bin/../lib/gcc/arm-none-eabi/10.2.1/../../../../arm-none-eabi/lib/thumb/v7e-m+fp/hard\libc_nano.a(lib_a-nano-mallocr.o)
                0x200001c4                __malloc_free_list
 .bss.__malloc_sbrk_start
                0x200001c8        0x4 c:/program files (x86)/gnu arm embedded toolchain/10 2020-q4-major/bin/../lib/gcc/arm-none-eabi/10.2.1/../../../../arm-none-eabi/lib/thumb/v7e-m+fp/hard\libc_nano.a(lib_a-nano-mallocr.o)
                0x200001c8                __malloc_sbrk_start
 .bss.errno     0x200001cc        0x4 c:/program files (x86)/gnu arm embedded toolchain/10 2020-q4-major/bin/../lib/gcc/arm-none-eabi/10.2.1/../../../../arm-none-eabi/lib/thumb/v7e-m+fp/hard\libc_nano.a(lib_a-reent.o)
                0x200001cc                errno
 .bss.heap_end.0
                0x200001d0        0x4 c:/program files (x86)/gnu arm embedded toolchain/10 2020-q4-major/bin/../lib/gcc/arm-none-eabi/10.2.1/../../../../arm-none-eabi/lib/thumb/v7e-m+fp/hard\libnosys.a(sbrk.o)
 *(COMMON)
                0x200001d4                . = ALIGN (0x4)
                0x200001d4                _ebss = .
                0x200001d4                __bss_end__ = _ebss

._user_heap_stack
                0x200001d4      0x604
                0x200001d8                . = ALIGN (0x8)
 *fill*         0x200001d4        0x4 
                0x200001d8                PROVIDE (end = .)
                [!provide]                PROVIDE (_end = .)
                0x200003d8                . = (. + _Min_Heap_Size)
 *fill*         0x200001d8      0x200 
                0x200007d8                . = (. + _Min_Stack_Size)
 *fill*         0x200003d8      0x400 
                0x200007d8                . = ALIGN (0x8)

/DISCARD/
 libc.a(*)
 libm.a(*)
 libgcc.a(*)

.ARM.attributes
                0x00000000       0x30
 *(.ARM.attributes)
 .ARM.attributes
                0x00000000       0x1e c:/program files (x86)/gnu arm embedded toolchain/10 2020-q4-major/bin/../lib/gcc/arm-none-eabi/10.2.1/thumb/v7e-m+fp/hard/crti.o
 .ARM.attributes
                0x0000001e       0x34 c:/program files (x86)/gnu arm embedded toolchain/10 2020-q4-major/bin/../lib/gcc/arm-none-eabi/10.2.1/thumb/v7e-m+fp/hard/crtbegin.o
 .ARM.attributes
                0x00000052       0x34 build/main.o
 .ARM.attributes
                0x00000086       0x34 build/delay.o
 .ARM.attributes
                0x000000ba       0x34 build/flash.o
 .ARM.attributes
                0x000000ee       0x34 build/GUI.o
 .ARM.attributes
                0x00000122       0x34 build/key.o
 .ARM.attributes
                0x00000156       0x34 build/lcd.o
 .ARM.attributes
                0x0000018a       0x34 build/led.o
 .ARM.attributes
                0x000001be       0x34 build/usart.o
 .ARM.attributes
                0x000001f2       0x34 build/stm32f4xx_it.o
 .ARM.attributes
                0x00000226       0x34 build/misc.o
 .ARM.attributes
                0x0000025a       0x34 build/stm32f4xx_flash.o
 .ARM.attributes
                0x0000028e       0x34 build/stm32f4xx_fsmc.o
 .ARM.attributes
                0x000002c2       0x34 build/stm32f4xx_gpio.o
 .ARM.attributes
                0x000002f6       0x34 build/stm32f4xx_rcc.o
 .ARM.attributes
                0x0000032a       0x34 build/stm32f4xx_usart.o
 .ARM.attributes
                0x0000035e       0x34 build/system_stm32f4xx.o
 .ARM.attributes
                0x00000392       0x21 build/startup_stm32f407xx.o
 .ARM.attributes
                0x000003b3       0x32 c:/program files (x86)/gnu arm embedded toolchain/10 2020-q4-major/bin/../lib/gcc/arm-none-eabi/10.2.1/../../../../arm-none-eabi/lib/thumb/v7e-m+fp/hard\libc_nano.a(lib_a-impure.o)
 .ARM.attributes
                0x000003e5       0x34 c:/program files (x86)/gnu arm embedded toolchain/10 2020-q4-major/bin/../lib/gcc/arm-none-eabi/10.2.1/../../../../arm-none-eabi/lib/thumb/v7e-m+fp/hard\libc_nano.a(lib_a-init.o)
 .ARM.attributes
                0x00000419       0x34 c:/program files (x86)/gnu arm embedded toolchain/10 2020-q4-major/bin/../lib/gcc/arm-none-eabi/10.2.1/../../../../arm-none-eabi/lib/thumb/v7e-m+fp/hard\libc_nano.a(lib_a-memset.o)
 .ARM.attributes
                0x0000044d       0x34 c:/program files (x86)/gnu arm embedded toolchain/10 2020-q4-major/bin/../lib/gcc/arm-none-eabi/10.2.1/../../../../arm-none-eabi/lib/thumb/v7e-m+fp/hard\libc_nano.a(lib_a-printf.o)
 .ARM.attributes
                0x00000481       0x34 c:/program files (x86)/gnu arm embedded toolchain/10 2020-q4-major/bin/../lib/gcc/arm-none-eabi/10.2.1/../../../../arm-none-eabi/lib/thumb/v7e-m+fp/hard\libc_nano.a(lib_a-puts.o)
 .ARM.attributes
                0x000004b5       0x17 c:/program files (x86)/gnu arm embedded toolchain/10 2020-q4-major/bin/../lib/gcc/arm-none-eabi/10.2.1/../../../../arm-none-eabi/lib/thumb/v7e-m+fp/hard\libc_nano.a(lib_a-strlen.o)
 .ARM.attributes
                0x000004cc       0x34 c:/program files (x86)/gnu arm embedded toolchain/10 2020-q4-major/bin/../lib/gcc/arm-none-eabi/10.2.1/../../../../arm-none-eabi/lib/thumb/v7e-m+fp/hard\libc_nano.a(lib_a-wbuf.o)
 .ARM.attributes
                0x00000500       0x34 c:/program files (x86)/gnu arm embedded toolchain/10 2020-q4-major/bin/../lib/gcc/arm-none-eabi/10.2.1/../../../../arm-none-eabi/lib/thumb/v7e-m+fp/hard\libc_nano.a(lib_a-wsetup.o)
 .ARM.attributes
                0x00000534       0x34 c:/program files (x86)/gnu arm embedded toolchain/10 2020-q4-major/bin/../lib/gcc/arm-none-eabi/10.2.1/../../../../arm-none-eabi/lib/thumb/v7e-m+fp/hard\libc_nano.a(lib_a-fflush.o)
 .ARM.attributes
                0x00000568       0x34 c:/program files (x86)/gnu arm embedded toolchain/10 2020-q4-major/bin/../lib/gcc/arm-none-eabi/10.2.1/../../../../arm-none-eabi/lib/thumb/v7e-m+fp/hard\libc_nano.a(lib_a-findfp.o)
 .ARM.attributes
                0x0000059c       0x34 c:/program files (x86)/gnu arm embedded toolchain/10 2020-q4-major/bin/../lib/gcc/arm-none-eabi/10.2.1/../../../../arm-none-eabi/lib/thumb/v7e-m+fp/hard\libc_nano.a(lib_a-fwalk.o)
 .ARM.attributes
                0x000005d0       0x34 c:/program files (x86)/gnu arm embedded toolchain/10 2020-q4-major/bin/../lib/gcc/arm-none-eabi/10.2.1/../../../../arm-none-eabi/lib/thumb/v7e-m+fp/hard\libc_nano.a(lib_a-lock.o)
 .ARM.attributes
                0x00000604       0x34 c:/program files (x86)/gnu arm embedded toolchain/10 2020-q4-major/bin/../lib/gcc/arm-none-eabi/10.2.1/../../../../arm-none-eabi/lib/thumb/v7e-m+fp/hard\libc_nano.a(lib_a-makebuf.o)
 .ARM.attributes
                0x00000638       0x34 c:/program files (x86)/gnu arm embedded toolchain/10 2020-q4-major/bin/../lib/gcc/arm-none-eabi/10.2.1/../../../../arm-none-eabi/lib/thumb/v7e-m+fp/hard\libc_nano.a(lib_a-nano-freer.o)
 .ARM.attributes
                0x0000066c       0x34 c:/program files (x86)/gnu arm embedded toolchain/10 2020-q4-major/bin/../lib/gcc/arm-none-eabi/10.2.1/../../../../arm-none-eabi/lib/thumb/v7e-m+fp/hard\libc_nano.a(lib_a-nano-mallocr.o)
 .ARM.attributes
                0x000006a0       0x34 c:/program files (x86)/gnu arm embedded toolchain/10 2020-q4-major/bin/../lib/gcc/arm-none-eabi/10.2.1/../../../../arm-none-eabi/lib/thumb/v7e-m+fp/hard\libc_nano.a(lib_a-nano-vfprintf.o)
 .ARM.attributes
                0x000006d4       0x34 c:/program files (x86)/gnu arm embedded toolchain/10 2020-q4-major/bin/../lib/gcc/arm-none-eabi/10.2.1/../../../../arm-none-eabi/lib/thumb/v7e-m+fp/hard\libc_nano.a(lib_a-nano-vfprintf_i.o)
 .ARM.attributes
                0x00000708       0x34 c:/program files (x86)/gnu arm embedded toolchain/10 2020-q4-major/bin/../lib/gcc/arm-none-eabi/10.2.1/../../../../arm-none-eabi/lib/thumb/v7e-m+fp/hard\libc_nano.a(lib_a-sbrkr.o)
 .ARM.attributes
                0x0000073c       0x34 c:/program files (x86)/gnu arm embedded toolchain/10 2020-q4-major/bin/../lib/gcc/arm-none-eabi/10.2.1/../../../../arm-none-eabi/lib/thumb/v7e-m+fp/hard\libc_nano.a(lib_a-stdio.o)
 .ARM.attributes
                0x00000770       0x34 c:/program files (x86)/gnu arm embedded toolchain/10 2020-q4-major/bin/../lib/gcc/arm-none-eabi/10.2.1/../../../../arm-none-eabi/lib/thumb/v7e-m+fp/hard\libc_nano.a(lib_a-writer.o)
 .ARM.attributes
                0x000007a4       0x34 c:/program files (x86)/gnu arm embedded toolchain/10 2020-q4-major/bin/../lib/gcc/arm-none-eabi/10.2.1/../../../../arm-none-eabi/lib/thumb/v7e-m+fp/hard\libc_nano.a(lib_a-closer.o)
 .ARM.attributes
                0x000007d8       0x34 c:/program files (x86)/gnu arm embedded toolchain/10 2020-q4-major/bin/../lib/gcc/arm-none-eabi/10.2.1/../../../../arm-none-eabi/lib/thumb/v7e-m+fp/hard\libc_nano.a(lib_a-fstatr.o)
 .ARM.attributes
                0x0000080c       0x34 c:/program files (x86)/gnu arm embedded toolchain/10 2020-q4-major/bin/../lib/gcc/arm-none-eabi/10.2.1/../../../../arm-none-eabi/lib/thumb/v7e-m+fp/hard\libc_nano.a(lib_a-isattyr.o)
 .ARM.attributes
                0x00000840       0x34 c:/program files (x86)/gnu arm embedded toolchain/10 2020-q4-major/bin/../lib/gcc/arm-none-eabi/10.2.1/../../../../arm-none-eabi/lib/thumb/v7e-m+fp/hard\libc_nano.a(lib_a-lseekr.o)
 .ARM.attributes
                0x00000874       0x1c c:/program files (x86)/gnu arm embedded toolchain/10 2020-q4-major/bin/../lib/gcc/arm-none-eabi/10.2.1/../../../../arm-none-eabi/lib/thumb/v7e-m+fp/hard\libc_nano.a(lib_a-memchr.o)
 .ARM.attributes
                0x00000890       0x34 c:/program files (x86)/gnu arm embedded toolchain/10 2020-q4-major/bin/../lib/gcc/arm-none-eabi/10.2.1/../../../../arm-none-eabi/lib/thumb/v7e-m+fp/hard\libc_nano.a(lib_a-mlock.o)
 .ARM.attributes
                0x000008c4       0x34 c:/program files (x86)/gnu arm embedded toolchain/10 2020-q4-major/bin/../lib/gcc/arm-none-eabi/10.2.1/../../../../arm-none-eabi/lib/thumb/v7e-m+fp/hard\libc_nano.a(lib_a-readr.o)
 .ARM.attributes
                0x000008f8       0x34 c:/program files (x86)/gnu arm embedded toolchain/10 2020-q4-major/bin/../lib/gcc/arm-none-eabi/10.2.1/../../../../arm-none-eabi/lib/thumb/v7e-m+fp/hard\libc_nano.a(lib_a-reent.o)
 .ARM.attributes
                0x0000092c       0x34 c:/program files (x86)/gnu arm embedded toolchain/10 2020-q4-major/bin/../lib/gcc/arm-none-eabi/10.2.1/../../../../arm-none-eabi/lib/thumb/v7e-m+fp/hard\libnosys.a(close.o)
 .ARM.attributes
                0x00000960       0x34 c:/program files (x86)/gnu arm embedded toolchain/10 2020-q4-major/bin/../lib/gcc/arm-none-eabi/10.2.1/../../../../arm-none-eabi/lib/thumb/v7e-m+fp/hard\libnosys.a(fstat.o)
 .ARM.attributes
                0x00000994       0x34 c:/program files (x86)/gnu arm embedded toolchain/10 2020-q4-major/bin/../lib/gcc/arm-none-eabi/10.2.1/../../../../arm-none-eabi/lib/thumb/v7e-m+fp/hard\libnosys.a(isatty.o)
 .ARM.attributes
                0x000009c8       0x34 c:/program files (x86)/gnu arm embedded toolchain/10 2020-q4-major/bin/../lib/gcc/arm-none-eabi/10.2.1/../../../../arm-none-eabi/lib/thumb/v7e-m+fp/hard\libnosys.a(lseek.o)
 .ARM.attributes
                0x000009fc       0x34 c:/program files (x86)/gnu arm embedded toolchain/10 2020-q4-major/bin/../lib/gcc/arm-none-eabi/10.2.1/../../../../arm-none-eabi/lib/thumb/v7e-m+fp/hard\libnosys.a(read.o)
 .ARM.attributes
                0x00000a30       0x34 c:/program files (x86)/gnu arm embedded toolchain/10 2020-q4-major/bin/../lib/gcc/arm-none-eabi/10.2.1/../../../../arm-none-eabi/lib/thumb/v7e-m+fp/hard\libnosys.a(sbrk.o)
 .ARM.attributes
                0x00000a64       0x34 c:/program files (x86)/gnu arm embedded toolchain/10 2020-q4-major/bin/../lib/gcc/arm-none-eabi/10.2.1/../../../../arm-none-eabi/lib/thumb/v7e-m+fp/hard\libnosys.a(write.o)
 .ARM.attributes
                0x00000a98       0x1e c:/program files (x86)/gnu arm embedded toolchain/10 2020-q4-major/bin/../lib/gcc/arm-none-eabi/10.2.1/thumb/v7e-m+fp/hard\libgcc.a(_arm_muldf3.o)
 .ARM.attributes
                0x00000ab6       0x1e c:/program files (x86)/gnu arm embedded toolchain/10 2020-q4-major/bin/../lib/gcc/arm-none-eabi/10.2.1/thumb/v7e-m+fp/hard\libgcc.a(_arm_addsubdf3.o)
 .ARM.attributes
                0x00000ad4       0x1e c:/program files (x86)/gnu arm embedded toolchain/10 2020-q4-major/bin/../lib/gcc/arm-none-eabi/10.2.1/thumb/v7e-m+fp/hard\libgcc.a(_arm_fixunsdfsi.o)
 .ARM.attributes
                0x00000af2       0x1e c:/program files (x86)/gnu arm embedded toolchain/10 2020-q4-major/bin/../lib/gcc/arm-none-eabi/10.2.1/thumb/v7e-m+fp/hard/crtn.o
OUTPUT(build/template.elf elf32-littlearm)
LOAD linker stubs
LOAD c:/program files (x86)/gnu arm embedded toolchain/10 2020-q4-major/bin/../lib/gcc/arm-none-eabi/10.2.1/../../../../arm-none-eabi/lib/thumb/v7e-m+fp/hard\libc.a
LOAD c:/program files (x86)/gnu arm embedded toolchain/10 2020-q4-major/bin/../lib/gcc/arm-none-eabi/10.2.1/../../../../arm-none-eabi/lib/thumb/v7e-m+fp/hard\libm.a
LOAD c:/program files (x86)/gnu arm embedded toolchain/10 2020-q4-major/bin/../lib/gcc/arm-none-eabi/10.2.1/thumb/v7e-m+fp/hard\libgcc.a

.debug_info     0x00000000    0x13e11
 .debug_info    0x00000000      0x6b8 build/main.o
 .debug_info    0x000006b8      0x2b5 build/delay.o
 .debug_info    0x0000096d      0x39e build/flash.o
 .debug_info    0x00000d0b     0x245f build/GUI.o
 .debug_info    0x0000316a      0x3cc build/key.o
 .debug_info    0x00003536     0xa521 build/lcd.o
 .debug_info    0x0000da57      0x382 build/led.o
 .debug_info    0x0000ddd9     0x13f9 build/usart.o
 .debug_info    0x0000f1d2      0x136 build/stm32f4xx_it.o
 .debug_info    0x0000f308      0x5eb build/misc.o
 .debug_info    0x0000f8f3      0xc2c build/stm32f4xx_flash.o
 .debug_info    0x0001051f      0xaa9 build/stm32f4xx_fsmc.o
 .debug_info    0x00010fc8      0x911 build/stm32f4xx_gpio.o
 .debug_info    0x000118d9     0x1111 build/stm32f4xx_rcc.o
 .debug_info    0x000129ea      0xd2b build/stm32f4xx_usart.o
 .debug_info    0x00013715      0x6da build/system_stm32f4xx.o
 .debug_info    0x00013def       0x22 build/startup_stm32f407xx.o

.debug_abbrev   0x00000000     0x1de0
 .debug_abbrev  0x00000000      0x171 build/main.o
 .debug_abbrev  0x00000171      0x155 build/delay.o
 .debug_abbrev  0x000002c6      0x151 build/flash.o
 .debug_abbrev  0x00000417      0x2be build/GUI.o
 .debug_abbrev  0x000006d5      0x19d build/key.o
 .debug_abbrev  0x00000872      0x375 build/lcd.o
 .debug_abbrev  0x00000be7      0x148 build/led.o
 .debug_abbrev  0x00000d2f      0x321 build/usart.o
 .debug_abbrev  0x00001050       0x46 build/stm32f4xx_it.o
 .debug_abbrev  0x00001096      0x167 build/misc.o
 .debug_abbrev  0x000011fd      0x1d3 build/stm32f4xx_flash.o
 .debug_abbrev  0x000013d0      0x200 build/stm32f4xx_fsmc.o
 .debug_abbrev  0x000015d0      0x249 build/stm32f4xx_gpio.o
 .debug_abbrev  0x00001819      0x240 build/stm32f4xx_rcc.o
 .debug_abbrev  0x00001a59      0x1ec build/stm32f4xx_usart.o
 .debug_abbrev  0x00001c45      0x189 build/system_stm32f4xx.o
 .debug_abbrev  0x00001dce       0x12 build/startup_stm32f407xx.o

.debug_loc      0x00000000     0x63be
 .debug_loc     0x00000000      0x119 build/main.o
 .debug_loc     0x00000119      0x142 build/delay.o
 .debug_loc     0x0000025b      0x465 build/flash.o
 .debug_loc     0x000006c0     0x21b4 build/GUI.o
 .debug_loc     0x00002874       0xd4 build/key.o
 .debug_loc     0x00002948      0xabd build/lcd.o
 .debug_loc     0x00003405       0x38 build/led.o
 .debug_loc     0x0000343d      0x113 build/usart.o
 .debug_loc     0x00003550      0x187 build/misc.o
 .debug_loc     0x000036d7      0xb3b build/stm32f4xx_flash.o
 .debug_loc     0x00004212      0x6c7 build/stm32f4xx_fsmc.o
 .debug_loc     0x000048d9      0x4af build/stm32f4xx_gpio.o
 .debug_loc     0x00004d88      0xc16 build/stm32f4xx_rcc.o
 .debug_loc     0x0000599e      0x870 build/stm32f4xx_usart.o
 .debug_loc     0x0000620e      0x1b0 build/system_stm32f4xx.o

.debug_aranges  0x00000000      0x920
 .debug_aranges
                0x00000000       0x38 build/main.o
 .debug_aranges
                0x00000038       0x38 build/delay.o
 .debug_aranges
                0x00000070       0x38 build/flash.o
 .debug_aranges
                0x000000a8       0xf0 build/GUI.o
 .debug_aranges
                0x00000198       0x28 build/key.o
 .debug_aranges
                0x000001c0       0xc0 build/lcd.o
 .debug_aranges
                0x00000280       0x20 build/led.o
 .debug_aranges
                0x000002a0       0x38 build/usart.o
 .debug_aranges
                0x000002d8       0x60 build/stm32f4xx_it.o
 .debug_aranges
                0x00000338       0x40 build/misc.o
 .debug_aranges
                0x00000378      0x158 build/stm32f4xx_flash.o
 .debug_aranges
                0x000004d0       0xb0 build/stm32f4xx_fsmc.o
 .debug_aranges
                0x00000580       0x88 build/stm32f4xx_gpio.o
 .debug_aranges
                0x00000608      0x1c0 build/stm32f4xx_rcc.o
 .debug_aranges
                0x000007c8      0x100 build/stm32f4xx_usart.o
 .debug_aranges
                0x000008c8       0x30 build/system_stm32f4xx.o
 .debug_aranges
                0x000008f8       0x28 build/startup_stm32f407xx.o

.debug_ranges   0x00000000      0x818
 .debug_ranges  0x00000000       0x28 build/main.o
 .debug_ranges  0x00000028       0x28 build/delay.o
 .debug_ranges  0x00000050       0x28 build/flash.o
 .debug_ranges  0x00000078       0xe0 build/GUI.o
 .debug_ranges  0x00000158       0x18 build/key.o
 .debug_ranges  0x00000170       0xb0 build/lcd.o
 .debug_ranges  0x00000220       0x10 build/led.o
 .debug_ranges  0x00000230       0x28 build/usart.o
 .debug_ranges  0x00000258       0x50 build/stm32f4xx_it.o
 .debug_ranges  0x000002a8       0x30 build/misc.o
 .debug_ranges  0x000002d8      0x148 build/stm32f4xx_flash.o
 .debug_ranges  0x00000420       0xa0 build/stm32f4xx_fsmc.o
 .debug_ranges  0x000004c0       0x78 build/stm32f4xx_gpio.o
 .debug_ranges  0x00000538      0x1b0 build/stm32f4xx_rcc.o
 .debug_ranges  0x000006e8       0xf0 build/stm32f4xx_usart.o
 .debug_ranges  0x000007d8       0x20 build/system_stm32f4xx.o
 .debug_ranges  0x000007f8       0x20 build/startup_stm32f407xx.o

.debug_line     0x00000000     0x74c6
 .debug_line    0x00000000      0x28f build/main.o
 .debug_line    0x0000028f      0x2ca build/delay.o
 .debug_line    0x00000559      0x325 build/flash.o
 .debug_line    0x0000087e     0x1130 build/GUI.o
 .debug_line    0x000019ae      0x272 build/key.o
 .debug_line    0x00001c20     0x1b49 build/lcd.o
 .debug_line    0x00003769      0x1bb build/led.o
 .debug_line    0x00003924      0x424 build/usart.o
 .debug_line    0x00003d48      0x129 build/stm32f4xx_it.o
 .debug_line    0x00003e71      0x2c4 build/misc.o
 .debug_line    0x00004135      0xb00 build/stm32f4xx_flash.o
 .debug_line    0x00004c35      0x9a1 build/stm32f4xx_fsmc.o
 .debug_line    0x000055d6      0x557 build/stm32f4xx_gpio.o
 .debug_line    0x00005b2d      0xc65 build/stm32f4xx_rcc.o
 .debug_line    0x00006792      0x8ec build/stm32f4xx_usart.o
 .debug_line    0x0000707e      0x3d2 build/system_stm32f4xx.o
 .debug_line    0x00007450       0x76 build/startup_stm32f407xx.o

.debug_str      0x00000000     0x2de4
 .debug_str     0x00000000      0x261 build/main.o
                                0x2e2 (size before relaxing)
 .debug_str     0x00000261       0x75 build/delay.o
                                0x20d (size before relaxing)
 .debug_str     0x000002d6      0x17c build/flash.o
                                0x328 (size before relaxing)
 .debug_str     0x00000452      0x2ca build/GUI.o
                                0x4dc (size before relaxing)
 .debug_str     0x0000071c      0x1cc build/key.o
                                0x373 (size before relaxing)
 .debug_str     0x000008e8      0x40f build/lcd.o
                                0x860 (size before relaxing)
 .debug_str     0x00000cf7       0x1c build/led.o
                                0x350 (size before relaxing)
 .debug_str     0x00000d13      0xb0b build/usart.o
                                0xea1 (size before relaxing)
 .debug_str     0x0000181e       0xa8 build/stm32f4xx_it.o
                                0x1e6 (size before relaxing)
 .debug_str     0x000018c6      0x149 build/misc.o
                                0x3c7 (size before relaxing)
 .debug_str     0x00001a0f      0x3d6 build/stm32f4xx_flash.o
                                0x698 (size before relaxing)
 .debug_str     0x00001de5      0x3ba build/stm32f4xx_fsmc.o
                                0x79c (size before relaxing)
 .debug_str     0x0000219f      0x170 build/stm32f4xx_gpio.o
                                0x4b0 (size before relaxing)
 .debug_str     0x0000230f      0x71a build/stm32f4xx_rcc.o
                                0x9a5 (size before relaxing)
 .debug_str     0x00002a29      0x319 build/stm32f4xx_usart.o
                                0x6c8 (size before relaxing)
 .debug_str     0x00002d42       0x7e build/system_stm32f4xx.o
                                0x3b0 (size before relaxing)
 .debug_str     0x00002dc0       0x24 build/startup_stm32f407xx.o
                                 0x39 (size before relaxing)

.comment        0x00000000       0x4d
 .comment       0x00000000       0x4d build/main.o
                                 0x4e (size before relaxing)
 .comment       0x0000004d       0x4e build/delay.o
 .comment       0x0000004d       0x4e build/flash.o
 .comment       0x0000004d       0x4e build/GUI.o
 .comment       0x0000004d       0x4e build/key.o
 .comment       0x0000004d       0x4e build/lcd.o
 .comment       0x0000004d       0x4e build/led.o
 .comment       0x0000004d       0x4e build/usart.o
 .comment       0x0000004d       0x4e build/stm32f4xx_it.o
 .comment       0x0000004d       0x4e build/misc.o
 .comment       0x0000004d       0x4e build/stm32f4xx_flash.o
 .comment       0x0000004d       0x4e build/stm32f4xx_fsmc.o
 .comment       0x0000004d       0x4e build/stm32f4xx_gpio.o
 .comment       0x0000004d       0x4e build/stm32f4xx_rcc.o
 .comment       0x0000004d       0x4e build/stm32f4xx_usart.o
 .comment       0x0000004d       0x4e build/system_stm32f4xx.o

.debug_frame    0x00000000     0x1f14
 .debug_frame   0x00000000       0x90 build/main.o
 .debug_frame   0x00000090       0x64 build/delay.o
 .debug_frame   0x000000f4       0x78 build/flash.o
 .debug_frame   0x0000016c      0x40c build/GUI.o
 .debug_frame   0x00000578       0x48 build/key.o
 .debug_frame   0x000005c0      0x220 build/lcd.o
 .debug_frame   0x000007e0       0x30 build/led.o
 .debug_frame   0x00000810       0x74 build/usart.o
 .debug_frame   0x00000884       0xa0 build/stm32f4xx_it.o
 .debug_frame   0x00000924       0x60 build/misc.o
 .debug_frame   0x00000984      0x344 build/stm32f4xx_flash.o
 .debug_frame   0x00000cc8      0x15c build/stm32f4xx_fsmc.o
 .debug_frame   0x00000e24      0x118 build/stm32f4xx_gpio.o
 .debug_frame   0x00000f3c      0x378 build/stm32f4xx_rcc.o
 .debug_frame   0x000012b4      0x204 build/stm32f4xx_usart.o
 .debug_frame   0x000014b8       0x54 build/system_stm32f4xx.o
 .debug_frame   0x0000150c       0x2c c:/program files (x86)/gnu arm embedded toolchain/10 2020-q4-major/bin/../lib/gcc/arm-none-eabi/10.2.1/../../../../arm-none-eabi/lib/thumb/v7e-m+fp/hard\libc_nano.a(lib_a-init.o)
 .debug_frame   0x00001538       0x20 c:/program files (x86)/gnu arm embedded toolchain/10 2020-q4-major/bin/../lib/gcc/arm-none-eabi/10.2.1/../../../../arm-none-eabi/lib/thumb/v7e-m+fp/hard\libc_nano.a(lib_a-memset.o)
 .debug_frame   0x00001558       0x74 c:/program files (x86)/gnu arm embedded toolchain/10 2020-q4-major/bin/../lib/gcc/arm-none-eabi/10.2.1/../../../../arm-none-eabi/lib/thumb/v7e-m+fp/hard\libc_nano.a(lib_a-printf.o)
 .debug_frame   0x000015cc       0x3c c:/program files (x86)/gnu arm embedded toolchain/10 2020-q4-major/bin/../lib/gcc/arm-none-eabi/10.2.1/../../../../arm-none-eabi/lib/thumb/v7e-m+fp/hard\libc_nano.a(lib_a-puts.o)
 .debug_frame   0x00001608       0x40 c:/program files (x86)/gnu arm embedded toolchain/10 2020-q4-major/bin/../lib/gcc/arm-none-eabi/10.2.1/../../../../arm-none-eabi/lib/thumb/v7e-m+fp/hard\libc_nano.a(lib_a-wbuf.o)
 .debug_frame   0x00001648       0x2c c:/program files (x86)/gnu arm embedded toolchain/10 2020-q4-major/bin/../lib/gcc/arm-none-eabi/10.2.1/../../../../arm-none-eabi/lib/thumb/v7e-m+fp/hard\libc_nano.a(lib_a-wsetup.o)
 .debug_frame   0x00001674       0x5c c:/program files (x86)/gnu arm embedded toolchain/10 2020-q4-major/bin/../lib/gcc/arm-none-eabi/10.2.1/../../../../arm-none-eabi/lib/thumb/v7e-m+fp/hard\libc_nano.a(lib_a-fflush.o)
 .debug_frame   0x000016d0      0x14c c:/program files (x86)/gnu arm embedded toolchain/10 2020-q4-major/bin/../lib/gcc/arm-none-eabi/10.2.1/../../../../arm-none-eabi/lib/thumb/v7e-m+fp/hard\libc_nano.a(lib_a-findfp.o)
 .debug_frame   0x0000181c       0x54 c:/program files (x86)/gnu arm embedded toolchain/10 2020-q4-major/bin/../lib/gcc/arm-none-eabi/10.2.1/../../../../arm-none-eabi/lib/thumb/v7e-m+fp/hard\libc_nano.a(lib_a-fwalk.o)
 .debug_frame   0x00001870       0xb0 c:/program files (x86)/gnu arm embedded toolchain/10 2020-q4-major/bin/../lib/gcc/arm-none-eabi/10.2.1/../../../../arm-none-eabi/lib/thumb/v7e-m+fp/hard\libc_nano.a(lib_a-lock.o)
 .debug_frame   0x00001920       0x58 c:/program files (x86)/gnu arm embedded toolchain/10 2020-q4-major/bin/../lib/gcc/arm-none-eabi/10.2.1/../../../../arm-none-eabi/lib/thumb/v7e-m+fp/hard\libc_nano.a(lib_a-makebuf.o)
 .debug_frame   0x00001978       0x38 c:/program files (x86)/gnu arm embedded toolchain/10 2020-q4-major/bin/../lib/gcc/arm-none-eabi/10.2.1/../../../../arm-none-eabi/lib/thumb/v7e-m+fp/hard\libc_nano.a(lib_a-nano-freer.o)
 .debug_frame   0x000019b0       0x30 c:/program files (x86)/gnu arm embedded toolchain/10 2020-q4-major/bin/../lib/gcc/arm-none-eabi/10.2.1/../../../../arm-none-eabi/lib/thumb/v7e-m+fp/hard\libc_nano.a(lib_a-nano-mallocr.o)
 .debug_frame   0x000019e0       0xac c:/program files (x86)/gnu arm embedded toolchain/10 2020-q4-major/bin/../lib/gcc/arm-none-eabi/10.2.1/../../../../arm-none-eabi/lib/thumb/v7e-m+fp/hard\libc_nano.a(lib_a-nano-vfprintf.o)
 .debug_frame   0x00001a8c       0x60 c:/program files (x86)/gnu arm embedded toolchain/10 2020-q4-major/bin/../lib/gcc/arm-none-eabi/10.2.1/../../../../arm-none-eabi/lib/thumb/v7e-m+fp/hard\libc_nano.a(lib_a-nano-vfprintf_i.o)
 .debug_frame   0x00001aec       0x2c c:/program files (x86)/gnu arm embedded toolchain/10 2020-q4-major/bin/../lib/gcc/arm-none-eabi/10.2.1/../../../../arm-none-eabi/lib/thumb/v7e-m+fp/hard\libc_nano.a(lib_a-sbrkr.o)
 .debug_frame   0x00001b18       0x88 c:/program files (x86)/gnu arm embedded toolchain/10 2020-q4-major/bin/../lib/gcc/arm-none-eabi/10.2.1/../../../../arm-none-eabi/lib/thumb/v7e-m+fp/hard\libc_nano.a(lib_a-stdio.o)
 .debug_frame   0x00001ba0       0x2c c:/program files (x86)/gnu arm embedded toolchain/10 2020-q4-major/bin/../lib/gcc/arm-none-eabi/10.2.1/../../../../arm-none-eabi/lib/thumb/v7e-m+fp/hard\libc_nano.a(lib_a-writer.o)
 .debug_frame   0x00001bcc       0x2c c:/program files (x86)/gnu arm embedded toolchain/10 2020-q4-major/bin/../lib/gcc/arm-none-eabi/10.2.1/../../../../arm-none-eabi/lib/thumb/v7e-m+fp/hard\libc_nano.a(lib_a-closer.o)
 .debug_frame   0x00001bf8       0x2c c:/program files (x86)/gnu arm embedded toolchain/10 2020-q4-major/bin/../lib/gcc/arm-none-eabi/10.2.1/../../../../arm-none-eabi/lib/thumb/v7e-m+fp/hard\libc_nano.a(lib_a-fstatr.o)
 .debug_frame   0x00001c24       0x2c c:/program files (x86)/gnu arm embedded toolchain/10 2020-q4-major/bin/../lib/gcc/arm-none-eabi/10.2.1/../../../../arm-none-eabi/lib/thumb/v7e-m+fp/hard\libc_nano.a(lib_a-isattyr.o)
 .debug_frame   0x00001c50       0x2c c:/program files (x86)/gnu arm embedded toolchain/10 2020-q4-major/bin/../lib/gcc/arm-none-eabi/10.2.1/../../../../arm-none-eabi/lib/thumb/v7e-m+fp/hard\libc_nano.a(lib_a-lseekr.o)
 .debug_frame   0x00001c7c       0x30 c:/program files (x86)/gnu arm embedded toolchain/10 2020-q4-major/bin/../lib/gcc/arm-none-eabi/10.2.1/../../../../arm-none-eabi/lib/thumb/v7e-m+fp/hard\libc_nano.a(lib_a-mlock.o)
 .debug_frame   0x00001cac       0x2c c:/program files (x86)/gnu arm embedded toolchain/10 2020-q4-major/bin/../lib/gcc/arm-none-eabi/10.2.1/../../../../arm-none-eabi/lib/thumb/v7e-m+fp/hard\libc_nano.a(lib_a-readr.o)
 .debug_frame   0x00001cd8       0x5c c:/program files (x86)/gnu arm embedded toolchain/10 2020-q4-major/bin/../lib/gcc/arm-none-eabi/10.2.1/../../../../arm-none-eabi/lib/thumb/v7e-m+fp/hard\libc_nano.a(lib_a-reent.o)
 .debug_frame   0x00001d34       0x20 c:/program files (x86)/gnu arm embedded toolchain/10 2020-q4-major/bin/../lib/gcc/arm-none-eabi/10.2.1/../../../../arm-none-eabi/lib/thumb/v7e-m+fp/hard\libnosys.a(close.o)
 .debug_frame   0x00001d54       0x20 c:/program files (x86)/gnu arm embedded toolchain/10 2020-q4-major/bin/../lib/gcc/arm-none-eabi/10.2.1/../../../../arm-none-eabi/lib/thumb/v7e-m+fp/hard\libnosys.a(fstat.o)
 .debug_frame   0x00001d74       0x20 c:/program files (x86)/gnu arm embedded toolchain/10 2020-q4-major/bin/../lib/gcc/arm-none-eabi/10.2.1/../../../../arm-none-eabi/lib/thumb/v7e-m+fp/hard\libnosys.a(isatty.o)
 .debug_frame   0x00001d94       0x20 c:/program files (x86)/gnu arm embedded toolchain/10 2020-q4-major/bin/../lib/gcc/arm-none-eabi/10.2.1/../../../../arm-none-eabi/lib/thumb/v7e-m+fp/hard\libnosys.a(lseek.o)
 .debug_frame   0x00001db4       0x20 c:/program files (x86)/gnu arm embedded toolchain/10 2020-q4-major/bin/../lib/gcc/arm-none-eabi/10.2.1/../../../../arm-none-eabi/lib/thumb/v7e-m+fp/hard\libnosys.a(read.o)
 .debug_frame   0x00001dd4       0x20 c:/program files (x86)/gnu arm embedded toolchain/10 2020-q4-major/bin/../lib/gcc/arm-none-eabi/10.2.1/../../../../arm-none-eabi/lib/thumb/v7e-m+fp/hard\libnosys.a(sbrk.o)
 .debug_frame   0x00001df4       0x20 c:/program files (x86)/gnu arm embedded toolchain/10 2020-q4-major/bin/../lib/gcc/arm-none-eabi/10.2.1/../../../../arm-none-eabi/lib/thumb/v7e-m+fp/hard\libnosys.a(write.o)
 .debug_frame   0x00001e14       0x30 c:/program files (x86)/gnu arm embedded toolchain/10 2020-q4-major/bin/../lib/gcc/arm-none-eabi/10.2.1/thumb/v7e-m+fp/hard\libgcc.a(_arm_muldf3.o)
 .debug_frame   0x00001e44       0xac c:/program files (x86)/gnu arm embedded toolchain/10 2020-q4-major/bin/../lib/gcc/arm-none-eabi/10.2.1/thumb/v7e-m+fp/hard\libgcc.a(_arm_addsubdf3.o)
 .debug_frame   0x00001ef0       0x24 c:/program files (x86)/gnu arm embedded toolchain/10 2020-q4-major/bin/../lib/gcc/arm-none-eabi/10.2.1/thumb/v7e-m+fp/hard\libgcc.a(_arm_fixunsdfsi.o)

.stab           0x00000000       0x9c
 .stab          0x00000000       0x24 c:/program files (x86)/gnu arm embedded toolchain/10 2020-q4-major/bin/../lib/gcc/arm-none-eabi/10.2.1/../../../../arm-none-eabi/lib/thumb/v7e-m+fp/hard\libnosys.a(close.o)
 .stab          0x00000024       0x18 c:/program files (x86)/gnu arm embedded toolchain/10 2020-q4-major/bin/../lib/gcc/arm-none-eabi/10.2.1/../../../../arm-none-eabi/lib/thumb/v7e-m+fp/hard\libnosys.a(fstat.o)
                                 0x24 (size before relaxing)
 .stab          0x0000003c       0x18 c:/program files (x86)/gnu arm embedded toolchain/10 2020-q4-major/bin/../lib/gcc/arm-none-eabi/10.2.1/../../../../arm-none-eabi/lib/thumb/v7e-m+fp/hard\libnosys.a(isatty.o)
                                 0x24 (size before relaxing)
 .stab          0x00000054       0x18 c:/program files (x86)/gnu arm embedded toolchain/10 2020-q4-major/bin/../lib/gcc/arm-none-eabi/10.2.1/../../../../arm-none-eabi/lib/thumb/v7e-m+fp/hard\libnosys.a(lseek.o)
                                 0x24 (size before relaxing)
 .stab          0x0000006c       0x18 c:/program files (x86)/gnu arm embedded toolchain/10 2020-q4-major/bin/../lib/gcc/arm-none-eabi/10.2.1/../../../../arm-none-eabi/lib/thumb/v7e-m+fp/hard\libnosys.a(read.o)
                                 0x24 (size before relaxing)
 .stab          0x00000084       0x18 c:/program files (x86)/gnu arm embedded toolchain/10 2020-q4-major/bin/../lib/gcc/arm-none-eabi/10.2.1/../../../../arm-none-eabi/lib/thumb/v7e-m+fp/hard\libnosys.a(write.o)
                                 0x24 (size before relaxing)

.stabstr        0x00000000      0x14d
 .stabstr       0x00000000      0x14d c:/program files (x86)/gnu arm embedded toolchain/10 2020-q4-major/bin/../lib/gcc/arm-none-eabi/10.2.1/../../../../arm-none-eabi/lib/thumb/v7e-m+fp/hard\libnosys.a(close.o)

Cross Reference Table

Symbol                                            File
ADC_IRQHandler                                    build/startup_stm32f407xx.o
AHBPrescTable                                     build/system_stm32f4xx.o
BACK_COLOR                                        build/lcd.o
                                                  build/GUI.o
BusFault_Handler                                  build/stm32f4xx_it.o
CAN1_RX0_IRQHandler                               build/startup_stm32f407xx.o
CAN1_RX1_IRQHandler                               build/startup_stm32f407xx.o
CAN1_SCE_IRQHandler                               build/startup_stm32f407xx.o
CAN1_TX_IRQHandler                                build/startup_stm32f407xx.o
CAN2_RX0_IRQHandler                               build/startup_stm32f407xx.o
CAN2_RX1_IRQHandler                               build/startup_stm32f407xx.o
CAN2_SCE_IRQHandler                               build/startup_stm32f407xx.o
CAN2_TX_IRQHandler                                build/startup_stm32f407xx.o
Color_To_565                                      build/lcd.o
DCMI_IRQHandler                                   build/startup_stm32f407xx.o
DMA1_Stream0_IRQHandler                           build/startup_stm32f407xx.o
DMA1_Stream1_IRQHandler                           build/startup_stm32f407xx.o
DMA1_Stream2_IRQHandler                           build/startup_stm32f407xx.o
DMA1_Stream3_IRQHandler                           build/startup_stm32f407xx.o
DMA1_Stream4_IRQHandler                           build/startup_stm32f407xx.o
DMA1_Stream5_IRQHandler                           build/startup_stm32f407xx.o
DMA1_Stream6_IRQHandler                           build/startup_stm32f407xx.o
DMA1_Stream7_IRQHandler                           build/startup_stm32f407xx.o
DMA2_Stream0_IRQHandler                           build/startup_stm32f407xx.o
DMA2_Stream1_IRQHandler                           build/startup_stm32f407xx.o
DMA2_Stream2_IRQHandler                           build/startup_stm32f407xx.o
DMA2_Stream3_IRQHandler                           build/startup_stm32f407xx.o
DMA2_Stream4_IRQHandler                           build/startup_stm32f407xx.o
DMA2_Stream5_IRQHandler                           build/startup_stm32f407xx.o
DMA2_Stream6_IRQHandler                           build/startup_stm32f407xx.o
DMA2_Stream7_IRQHandler                           build/startup_stm32f407xx.o
DMA_ClearFlag                                     build/stm32f4xx_dma.o
DMA_ClearITPendingBit                             build/stm32f4xx_dma.o
DMA_Cmd                                           build/stm32f4xx_dma.o
DMA_DeInit                                        build/stm32f4xx_dma.o
DMA_DoubleBufferModeCmd                           build/stm32f4xx_dma.o
DMA_DoubleBufferModeConfig                        build/stm32f4xx_dma.o
DMA_FlowControllerConfig                          build/stm32f4xx_dma.o
DMA_GetCmdStatus                                  build/stm32f4xx_dma.o
DMA_GetCurrDataCounter                            build/stm32f4xx_dma.o
DMA_GetCurrentMemoryTarget                        build/stm32f4xx_dma.o
DMA_GetFIFOStatus                                 build/stm32f4xx_dma.o
DMA_GetFlagStatus                                 build/stm32f4xx_dma.o
DMA_GetITStatus                                   build/stm32f4xx_dma.o
DMA_ITConfig                                      build/stm32f4xx_dma.o
DMA_Init                                          build/stm32f4xx_dma.o
DMA_MemoryTargetConfig                            build/stm32f4xx_dma.o
DMA_PeriphIncOffsetSizeConfig                     build/stm32f4xx_dma.o
DMA_SetCurrDataCounter                            build/stm32f4xx_dma.o
DMA_StructInit                                    build/stm32f4xx_dma.o
DebugMon_Handler                                  build/stm32f4xx_it.o
Default_Handler                                   build/startup_stm32f407xx.o
DeviceCode                                        build/lcd.o
Draw_Button                                       build/GUI.o
Draw_DirectButton                                 build/GUI.o
Draw_TextBox                                      build/GUI.o
Draw_Triangel                                     build/GUI.o
Draw_Window                                       build/GUI.o
ETH_IRQHandler                                    build/startup_stm32f407xx.o
ETH_WKUP_IRQHandler                               build/startup_stm32f407xx.o
EXTI0_IRQHandler                                  build/startup_stm32f407xx.o
EXTI15_10_IRQHandler                              build/startup_stm32f407xx.o
EXTI1_IRQHandler                                  build/startup_stm32f407xx.o
EXTI2_IRQHandler                                  build/startup_stm32f407xx.o
EXTI3_IRQHandler                                  build/startup_stm32f407xx.o
EXTI4_IRQHandler                                  build/startup_stm32f407xx.o
EXTI9_5_IRQHandler                                build/startup_stm32f407xx.o
EXTI_ClearFlag                                    build/stm32f4xx_exti.o
EXTI_ClearITPendingBit                            build/stm32f4xx_exti.o
EXTI_DeInit                                       build/stm32f4xx_exti.o
EXTI_GenerateSWInterrupt                          build/stm32f4xx_exti.o
EXTI_GetFlagStatus                                build/stm32f4xx_exti.o
EXTI_GetITStatus                                  build/stm32f4xx_exti.o
EXTI_Init                                         build/stm32f4xx_exti.o
EXTI_StructInit                                   build/stm32f4xx_exti.o
EscButton                                         build/GUI.o
FLASH_ClearFlag                                   build/stm32f4xx_flash.o
FLASH_DataCacheCmd                                build/stm32f4xx_flash.o
                                                  build/flash.o
FLASH_DataCacheReset                              build/stm32f4xx_flash.o
FLASH_EraseAllBank1Sectors                        build/stm32f4xx_flash.o
FLASH_EraseAllBank2Sectors                        build/stm32f4xx_flash.o
FLASH_EraseAllSectors                             build/stm32f4xx_flash.o
FLASH_EraseSector                                 build/stm32f4xx_flash.o
                                                  build/flash.o
FLASH_GetFlagStatus                               build/stm32f4xx_flash.o
FLASH_GetFlashSector                              build/flash.o
FLASH_GetStatus                                   build/stm32f4xx_flash.o
FLASH_IRQHandler                                  build/startup_stm32f407xx.o
FLASH_ITConfig                                    build/stm32f4xx_flash.o
FLASH_InstructionCacheCmd                         build/stm32f4xx_flash.o
FLASH_InstructionCacheReset                       build/stm32f4xx_flash.o
FLASH_Lock                                        build/stm32f4xx_flash.o
                                                  build/flash.o
FLASH_OB_BORConfig                                build/stm32f4xx_flash.o
FLASH_OB_BootConfig                               build/stm32f4xx_flash.o
FLASH_OB_GetBOR                                   build/stm32f4xx_flash.o
FLASH_OB_GetPCROP                                 build/stm32f4xx_flash.o
FLASH_OB_GetPCROP1                                build/stm32f4xx_flash.o
FLASH_OB_GetRDP                                   build/stm32f4xx_flash.o
FLASH_OB_GetUser                                  build/stm32f4xx_flash.o
FLASH_OB_GetWRP                                   build/stm32f4xx_flash.o
FLASH_OB_GetWRP1                                  build/stm32f4xx_flash.o
FLASH_OB_Launch                                   build/stm32f4xx_flash.o
FLASH_OB_Lock                                     build/stm32f4xx_flash.o
FLASH_OB_PCROP1Config                             build/stm32f4xx_flash.o
FLASH_OB_PCROPConfig                              build/stm32f4xx_flash.o
FLASH_OB_PCROPSelectionConfig                     build/stm32f4xx_flash.o
FLASH_OB_RDPConfig                                build/stm32f4xx_flash.o
FLASH_OB_Unlock                                   build/stm32f4xx_flash.o
FLASH_OB_UserConfig                               build/stm32f4xx_flash.o
FLASH_OB_WRP1Config                               build/stm32f4xx_flash.o
FLASH_OB_WRPConfig                                build/stm32f4xx_flash.o
FLASH_PrefetchBufferCmd                           build/stm32f4xx_flash.o
FLASH_ProgramByte                                 build/stm32f4xx_flash.o
FLASH_ProgramDoubleWord                           build/stm32f4xx_flash.o
FLASH_ProgramHalfWord                             build/stm32f4xx_flash.o
FLASH_ProgramWord                                 build/stm32f4xx_flash.o
                                                  build/flash.o
FLASH_Read                                        build/flash.o
                                                  build/main.o
FLASH_ReadWord                                    build/flash.o
FLASH_SetLatency                                  build/stm32f4xx_flash.o
FLASH_Unlock                                      build/stm32f4xx_flash.o
                                                  build/flash.o
FLASH_WaitForLastOperation                        build/stm32f4xx_flash.o
FLASH_Write                                       build/flash.o
                                                  build/main.o
FLASH_test                                        build/main.o
FPU_IRQHandler                                    build/startup_stm32f407xx.o
FSMC_ClearFlag                                    build/stm32f4xx_fsmc.o
FSMC_ClearITPendingBit                            build/stm32f4xx_fsmc.o
FSMC_DefaultTimingStruct                          build/stm32f4xx_fsmc.o
FSMC_GetECC                                       build/stm32f4xx_fsmc.o
FSMC_GetFlagStatus                                build/stm32f4xx_fsmc.o
FSMC_GetITStatus                                  build/stm32f4xx_fsmc.o
FSMC_IRQHandler                                   build/startup_stm32f407xx.o
FSMC_ITConfig                                     build/stm32f4xx_fsmc.o
FSMC_NANDCmd                                      build/stm32f4xx_fsmc.o
FSMC_NANDDeInit                                   build/stm32f4xx_fsmc.o
FSMC_NANDECCCmd                                   build/stm32f4xx_fsmc.o
FSMC_NANDInit                                     build/stm32f4xx_fsmc.o
FSMC_NANDStructInit                               build/stm32f4xx_fsmc.o
FSMC_NORSRAMCmd                                   build/stm32f4xx_fsmc.o
                                                  build/lcd.o
FSMC_NORSRAMDeInit                                build/stm32f4xx_fsmc.o
FSMC_NORSRAMInit                                  build/stm32f4xx_fsmc.o
                                                  build/lcd.o
FSMC_NORSRAMStructInit                            build/stm32f4xx_fsmc.o
FSMC_PCCARDCmd                                    build/stm32f4xx_fsmc.o
FSMC_PCCARDDeInit                                 build/stm32f4xx_fsmc.o
FSMC_PCCARDInit                                   build/stm32f4xx_fsmc.o
FSMC_PCCARDStructInit                             build/stm32f4xx_fsmc.o
Fill_Triangel                                     build/GUI.o
GPIO_DeInit                                       build/stm32f4xx_gpio.o
GPIO_Init                                         build/stm32f4xx_gpio.o
                                                  build/usart.o
                                                  build/led.o
                                                  build/lcd.o
                                                  build/key.o
GPIO_PinAFConfig                                  build/stm32f4xx_gpio.o
                                                  build/usart.o
                                                  build/lcd.o
GPIO_PinLockConfig                                build/stm32f4xx_gpio.o
GPIO_ReadInputData                                build/stm32f4xx_gpio.o
GPIO_ReadInputDataBit                             build/stm32f4xx_gpio.o
GPIO_ReadOutputData                               build/stm32f4xx_gpio.o
GPIO_ReadOutputDataBit                            build/stm32f4xx_gpio.o
GPIO_ResetBits                                    build/stm32f4xx_gpio.o
GPIO_SetBits                                      build/stm32f4xx_gpio.o
                                                  build/led.o
GPIO_StructInit                                   build/stm32f4xx_gpio.o
GPIO_ToggleBits                                   build/stm32f4xx_gpio.o
GPIO_Write                                        build/stm32f4xx_gpio.o
GPIO_WriteBit                                     build/stm32f4xx_gpio.o
GUI_DrawFont16                                    build/GUI.o
GUI_DrawFont24                                    build/GUI.o
GUI_DrawFont32                                    build/GUI.o
GUI_DrawPoint                                     build/GUI.o
Gui_Drawbmp16                                     build/GUI.o
Gui_StrCenter                                     build/GUI.o
                                                  build/main.o
HASH_RNG_IRQHandler                               build/startup_stm32f407xx.o
HardFault_Handler                                 build/stm32f4xx_it.o
I2C1_ER_IRQHandler                                build/startup_stm32f407xx.o
I2C1_EV_IRQHandler                                build/startup_stm32f407xx.o
I2C2_ER_IRQHandler                                build/startup_stm32f407xx.o
I2C2_EV_IRQHandler                                build/startup_stm32f407xx.o
I2C3_ER_IRQHandler                                build/startup_stm32f407xx.o
I2C3_EV_IRQHandler                                build/startup_stm32f407xx.o
I2C_ARPCmd                                        build/stm32f4xx_i2c.o
I2C_AcknowledgeConfig                             build/stm32f4xx_i2c.o
I2C_AnalogFilterCmd                               build/stm32f4xx_i2c.o
I2C_CalculatePEC                                  build/stm32f4xx_i2c.o
I2C_CheckEvent                                    build/stm32f4xx_i2c.o
I2C_ClearFlag                                     build/stm32f4xx_i2c.o
I2C_ClearITPendingBit                             build/stm32f4xx_i2c.o
I2C_Cmd                                           build/stm32f4xx_i2c.o
I2C_DMACmd                                        build/stm32f4xx_i2c.o
I2C_DMALastTransferCmd                            build/stm32f4xx_i2c.o
I2C_DeInit                                        build/stm32f4xx_i2c.o
I2C_DigitalFilterConfig                           build/stm32f4xx_i2c.o
I2C_DualAddressCmd                                build/stm32f4xx_i2c.o
I2C_FastModeDutyCycleConfig                       build/stm32f4xx_i2c.o
I2C_GeneralCallCmd                                build/stm32f4xx_i2c.o
I2C_GenerateSTART                                 build/stm32f4xx_i2c.o
I2C_GenerateSTOP                                  build/stm32f4xx_i2c.o
I2C_GetFlagStatus                                 build/stm32f4xx_i2c.o
I2C_GetITStatus                                   build/stm32f4xx_i2c.o
I2C_GetLastEvent                                  build/stm32f4xx_i2c.o
I2C_GetPEC                                        build/stm32f4xx_i2c.o
I2C_ITConfig                                      build/stm32f4xx_i2c.o
I2C_Init                                          build/stm32f4xx_i2c.o
I2C_NACKPositionConfig                            build/stm32f4xx_i2c.o
I2C_OwnAddress2Config                             build/stm32f4xx_i2c.o
I2C_PECPositionConfig                             build/stm32f4xx_i2c.o
I2C_ReadRegister                                  build/stm32f4xx_i2c.o
I2C_ReceiveData                                   build/stm32f4xx_i2c.o
I2C_SMBusAlertConfig                              build/stm32f4xx_i2c.o
I2C_Send7bitAddress                               build/stm32f4xx_i2c.o
I2C_SendData                                      build/stm32f4xx_i2c.o