Archive member included to satisfy reference by file (symbol)

d:/install/gnu arm embedded toolchain/10 2020-q4-major/bin/../lib/gcc/arm-none-eabi/10.2.1/../../../../arm-none-eabi/lib/thumb/v7e-m+fp/hard\libc_nano.a(lib_a-exit.o)
                              d:/install/gnu arm embedded toolchain/10 2020-q4-major/bin/../lib/gcc/arm-none-eabi/10.2.1/../../../../arm-none-eabi/lib/thumb/v7e-m+fp/hard/crt0.o (exit)
d:/install/gnu arm embedded toolchain/10 2020-q4-major/bin/../lib/gcc/arm-none-eabi/10.2.1/../../../../arm-none-eabi/lib/thumb/v7e-m+fp/hard\libc_nano.a(lib_a-impure.o)
                              d:/install/gnu arm embedded toolchain/10 2020-q4-major/bin/../lib/gcc/arm-none-eabi/10.2.1/../../../../arm-none-eabi/lib/thumb/v7e-m+fp/hard\libc_nano.a(lib_a-exit.o) (_global_impure_ptr)
d:/install/gnu arm embedded toolchain/10 2020-q4-major/bin/../lib/gcc/arm-none-eabi/10.2.1/../../../../arm-none-eabi/lib/thumb/v7e-m+fp/hard\libc_nano.a(lib_a-init.o)
                              d:/install/gnu arm embedded toolchain/10 2020-q4-major/bin/../lib/gcc/arm-none-eabi/10.2.1/../../../../arm-none-eabi/lib/thumb/v7e-m+fp/hard/crt0.o (__libc_init_array)
d:/install/gnu arm embedded toolchain/10 2020-q4-major/bin/../lib/gcc/arm-none-eabi/10.2.1/../../../../arm-none-eabi/lib/thumb/v7e-m+fp/hard\libc_nano.a(lib_a-memcpy-stub.o)
                              build/sdio_sdcard.o (memcpy)
d:/install/gnu arm embedded toolchain/10 2020-q4-major/bin/../lib/gcc/arm-none-eabi/10.2.1/../../../../arm-none-eabi/lib/thumb/v7e-m+fp/hard\libc_nano.a(lib_a-memset.o)
                              d:/install/gnu arm embedded toolchain/10 2020-q4-major/bin/../lib/gcc/arm-none-eabi/10.2.1/../../../../arm-none-eabi/lib/thumb/v7e-m+fp/hard/crt0.o (memset)
d:/install/gnu arm embedded toolchain/10 2020-q4-major/bin/../lib/gcc/arm-none-eabi/10.2.1/../../../../arm-none-eabi/lib/thumb/v7e-m+fp/hard\libc_nano.a(lib_a-printf.o)
                              build/fattester.o (printf)
d:/install/gnu arm embedded toolchain/10 2020-q4-major/bin/../lib/gcc/arm-none-eabi/10.2.1/../../../../arm-none-eabi/lib/thumb/v7e-m+fp/hard\libc_nano.a(lib_a-putchar.o)
                              build/fattester.o (putchar)
d:/install/gnu arm embedded toolchain/10 2020-q4-major/bin/../lib/gcc/arm-none-eabi/10.2.1/../../../../arm-none-eabi/lib/thumb/v7e-m+fp/hard\libc_nano.a(lib_a-puts.o)
                              build/fattester.o (puts)
d:/install/gnu arm embedded toolchain/10 2020-q4-major/bin/../lib/gcc/arm-none-eabi/10.2.1/../../../../arm-none-eabi/lib/thumb/v7e-m+fp/hard\libc_nano.a(lib_a-strcat.o)
                              build/test.o (strcat)
d:/install/gnu arm embedded toolchain/10 2020-q4-major/bin/../lib/gcc/arm-none-eabi/10.2.1/../../../../arm-none-eabi/lib/thumb/v7e-m+fp/hard\libc_nano.a(lib_a-strcmp.o)
                              build/exfuns.o (strcmp)
d:/install/gnu arm embedded toolchain/10 2020-q4-major/bin/../lib/gcc/arm-none-eabi/10.2.1/../../../../arm-none-eabi/lib/thumb/v7e-m+fp/hard\libc_nano.a(lib_a-strcpy.o)
                              build/exfuns.o (strcpy)
d:/install/gnu arm embedded toolchain/10 2020-q4-major/bin/../lib/gcc/arm-none-eabi/10.2.1/../../../../arm-none-eabi/lib/thumb/v7e-m+fp/hard\libc_nano.a(lib_a-strlen.o)
                              build/fontupd.o (strlen)
d:/install/gnu arm embedded toolchain/10 2020-q4-major/bin/../lib/gcc/arm-none-eabi/10.2.1/../../../../arm-none-eabi/lib/thumb/v7e-m+fp/hard\libc_nano.a(lib_a-wbuf.o)
                              d:/install/gnu arm embedded toolchain/10 2020-q4-major/bin/../lib/gcc/arm-none-eabi/10.2.1/../../../../arm-none-eabi/lib/thumb/v7e-m+fp/hard\libc_nano.a(lib_a-puts.o) (__swbuf_r)
d:/install/gnu arm embedded toolchain/10 2020-q4-major/bin/../lib/gcc/arm-none-eabi/10.2.1/../../../../arm-none-eabi/lib/thumb/v7e-m+fp/hard\libc_nano.a(lib_a-wsetup.o)
                              d:/install/gnu arm embedded toolchain/10 2020-q4-major/bin/../lib/gcc/arm-none-eabi/10.2.1/../../../../arm-none-eabi/lib/thumb/v7e-m+fp/hard\libc_nano.a(lib_a-puts.o) (__swsetup_r)
d:/install/gnu arm embedded toolchain/10 2020-q4-major/bin/../lib/gcc/arm-none-eabi/10.2.1/../../../../arm-none-eabi/lib/thumb/v7e-m+fp/hard\libc_nano.a(lib_a-fflush.o)
                              d:/install/gnu arm embedded toolchain/10 2020-q4-major/bin/../lib/gcc/arm-none-eabi/10.2.1/../../../../arm-none-eabi/lib/thumb/v7e-m+fp/hard\libc_nano.a(lib_a-wbuf.o) (_fflush_r)
d:/install/gnu arm embedded toolchain/10 2020-q4-major/bin/../lib/gcc/arm-none-eabi/10.2.1/../../../../arm-none-eabi/lib/thumb/v7e-m+fp/hard\libc_nano.a(lib_a-findfp.o)
                              d:/install/gnu arm embedded toolchain/10 2020-q4-major/bin/../lib/gcc/arm-none-eabi/10.2.1/../../../../arm-none-eabi/lib/thumb/v7e-m+fp/hard\libc_nano.a(lib_a-printf.o) (__sinit)
[...]
Memory Configuration

Name             Origin             Length             Attributes
RAM              0x20000000         0x00020000         xrw
CCMRAM           0x10000000         0x00010000         xrw
FLASH            0x08000000         0x00100000         xr
*default*        0x00000000         0xffffffff

Linker script and memory map

LOAD d:/install/gnu arm embedded toolchain/10 2020-q4-major/bin/../lib/gcc/arm-none-eabi/10.2.1/thumb/v7e-m+fp/hard/crti.o
LOAD d:/install/gnu arm embedded toolchain/10 2020-q4-major/bin/../lib/gcc/arm-none-eabi/10.2.1/thumb/v7e-m+fp/hard/crtbegin.o
LOAD d:/install/gnu arm embedded toolchain/10 2020-q4-major/bin/../lib/gcc/arm-none-eabi/10.2.1/../../../../arm-none-eabi/lib/thumb/v7e-m+fp/hard/crt0.o
LOAD build/bmp.o
LOAD build/delay.o
LOAD build/diskio.o
LOAD build/exfuns.o
LOAD build/fattester.o
LOAD build/ff.o
LOAD build/fontupd.o
LOAD build/gif.o
LOAD build/GUI.o
LOAD build/key.o
LOAD build/lcd.o
LOAD build/led.o
LOAD build/main.o
LOAD build/malloc.o
LOAD build/mycc936.o
LOAD build/piclib.o
LOAD build/sdio_sdcard.o
LOAD build/spi.o
LOAD build/test.o
LOAD build/text.o
LOAD build/tjpgd.o
LOAD build/usart.o
LOAD build/w25q64.o
LOAD build/sys.o
LOAD build/stm32f4xx_it.o
LOAD build/misc.o
LOAD build/stm32f4xx_dma.o
LOAD build/stm32f4xx_exti.o
LOAD build/stm32f4xx_flash.o
LOAD build/stm32f4xx_fsmc.o
LOAD build/stm32f4xx_gpio.o
LOAD build/stm32f4xx_i2c.o
LOAD build/stm32f4xx_iwdg.o
LOAD build/stm32f4xx_pwr.o
LOAD build/stm32f4xx_rcc.o
LOAD build/stm32f4xx_rtc.o
LOAD build/stm32f4xx_sdio.o
LOAD build/stm32f4xx_spi.o
LOAD build/stm32f4xx_syscfg.o
LOAD build/stm32f4xx_tim.o
LOAD build/stm32f4xx_usart.o
LOAD build/system_stm32f4xx.o
LOAD build/startup_stm32f407xx.o
LOAD d:/install/gnu arm embedded toolchain/10 2020-q4-major/bin/../lib/gcc/arm-none-eabi/10.2.1/../../../../arm-none-eabi/lib/thumb/v7e-m+fp/hard\libc_nano.a
LOAD d:/install/gnu arm embedded toolchain/10 2020-q4-major/bin/../lib/gcc/arm-none-eabi/10.2.1/../../../../arm-none-eabi/lib/thumb/v7e-m+fp/hard\libm.a
LOAD d:/install/gnu arm embedded toolchain/10 2020-q4-major/bin/../lib/gcc/arm-none-eabi/10.2.1/../../../../arm-none-eabi/lib/thumb/v7e-m+fp/hard\libnosys.a
START GROUP
LOAD d:/install/gnu arm embedded toolchain/10 2020-q4-major/bin/../lib/gcc/arm-none-eabi/10.2.1/thumb/v7e-m+fp/hard\libgcc.a
LOAD d:/install/gnu arm embedded toolchain/10 2020-q4-major/bin/../lib/gcc/arm-none-eabi/10.2.1/../../../../arm-none-eabi/lib/thumb/v7e-m+fp/hard\libc_nano.a
END GROUP
START GROUP
LOAD d:/install/gnu arm embedded toolchain/10 2020-q4-major/bin/../lib/gcc/arm-none-eabi/10.2.1/thumb/v7e-m+fp/hard\libgcc.a
LOAD d:/install/gnu arm embedded toolchain/10 2020-q4-major/bin/../lib/gcc/arm-none-eabi/10.2.1/../../../../arm-none-eabi/lib/thumb/v7e-m+fp/hard\libc_nano.a
END GROUP
LOAD d:/install/gnu arm embedded toolchain/10 2020-q4-major/bin/../lib/gcc/arm-none-eabi/10.2.1/thumb/v7e-m+fp/hard/crtend.o
LOAD d:/install/gnu arm embedded toolchain/10 2020-q4-major/bin/../lib/gcc/arm-none-eabi/10.2.1/thumb/v7e-m+fp/hard/crtn.o
                0x20020000                _estack = 0x20020000
                0x00000200                _Min_Heap_Size = 0x200
                0x00000400                _Min_Stack_Size = 0x400

.isr_vector     0x08000000      0x188
                0x08000000                . = ALIGN (0x4)
 *(.isr_vector)
 .isr_vector    0x08000000      0x188 build/startup_stm32f407xx.o
                0x08000000                g_pfnVectors
                0x08000188                . = ALIGN (0x4)

.text           0x08000190     0xd2e8
                0x08000190                . = ALIGN (0x4)
 *(.text)
 .text          0x08000190       0x40 d:/install/gnu arm embedded toolchain/10 2020-q4-major/bin/../lib/gcc/arm-none-eabi/10.2.1/thumb/v7e-m+fp/hard/crtbegin.o
 .text          0x080001d0       0x14 d:/install/gnu arm embedded toolchain/10 2020-q4-major/bin/../lib/gcc/arm-none-eabi/10.2.1/../../../../arm-none-eabi/lib/thumb/v7e-m+fp/hard\libc_nano.a(lib_a-strcmp.o)
                0x080001d0                strcmp
 .text          0x080001e4       0x10 d:/install/gnu arm embedded toolchain/10 2020-q4-major/bin/../lib/gcc/arm-none-eabi/10.2.1/../../../../arm-none-eabi/lib/thumb/v7e-m+fp/hard\libc_nano.a(lib_a-strlen.o)
                0x080001e4                strlen
 *fill*         0x080001f4        0xc 
 .text          0x08000200       0xa0 d:/install/gnu arm embedded toolchain/10 2020-q4-major/bin/../lib/gcc/arm-none-eabi/10.2.1/../../../../arm-none-eabi/lib/thumb/v7e-m+fp/hard\libc_nano.a(lib_a-memchr.o)
                0x08000200                memchr
 .text          0x080002a0      0x254 d:/install/gnu arm embedded toolchain/10 2020-q4-major/bin/../lib/gcc/arm-none-eabi/10.2.1/thumb/v7e-m+fp/hard\libgcc.a(_arm_muldf3.o)
                0x080002a0                __muldf3
                0x080002a0                __aeabi_dmul
 .text          0x080004f4      0x378 d:/install/gnu arm embedded toolchain/10 2020-q4-major/bin/../lib/gcc/arm-none-eabi/10.2.1/thumb/v7e-m+fp/hard\libgcc.a(_arm_addsubdf3.o)
                0x080004f4                __aeabi_drsub
                0x080004fc                __aeabi_dsub
                0x080004fc                __subdf3
                0x08000500                __aeabi_dadd
                0x08000500                __adddf3
                0x08000778                __floatunsidf
                0x08000778                __aeabi_ui2d
                0x08000798                __floatsidf
                0x08000798                __aeabi_i2d
                0x080007bc                __aeabi_f2d
                0x080007bc                __extendsfdf2
                0x08000800                __floatundidf
                0x08000800                __aeabi_ul2d
                0x08000810                __floatdidf
                0x08000810                __aeabi_l2d
 .text          0x0800086c       0x40 d:/install/gnu arm embedded toolchain/10 2020-q4-major/bin/../lib/gcc/arm-none-eabi/10.2.1/thumb/v7e-m+fp/hard\libgcc.a(_arm_fixunsdfsi.o)
                0x0800086c                __aeabi_d2uiz
                0x0800086c                __fixunsdfsi
 *(.text*)
 .text.stdbmp_decode
                0x080008ac      0x2ac build/bmp.o
                0x080008ac                stdbmp_decode
 .text.delay_init
                0x08000b58       0x2c build/delay.o
                0x08000b58                delay_init
 .text.delay_us
                0x08000b84       0x40 build/delay.o
                0x08000b84                delay_us
 .text.delay_xms
                0x08000bc4       0x40 build/delay.o
                0x08000bc4                delay_xms
 .text.delay_ms
                0x08000c04       0x38 build/delay.o
                0x08000c04                delay_ms
 .text.disk_initialize
                0x08000c3c       0x2c build/diskio.o
                0x08000c3c                disk_initialize
 .text.disk_status
                0x08000c68        0x4 build/diskio.o
                0x08000c68                disk_status
 .text.disk_read
                0x08000c6c       0x44 build/diskio.o
                0x08000c6c                disk_read
 .text.disk_write
                0x08000cb0       0x44 build/diskio.o
                0x08000cb0                disk_write
 .text.disk_ioctl
                0x08000cf4       0x94 build/diskio.o
                0x08000cf4                disk_ioctl
 .text.get_fattime
                0x08000d88        0x4 build/diskio.o
                0x08000d88                get_fattime
 .text.ff_memalloc
                0x08000d8c        0xc build/diskio.o
                0x08000d8c                ff_memalloc
 .text.ff_memfree
                0x08000d98        0xc build/diskio.o
                0x08000d98                ff_memfree
 .text.exfuns_init
                0x08000da4       0x84 build/exfuns.o
                0x08000da4                exfuns_init
 .text.char_upper
                0x08000e28        0xe build/exfuns.o
                0x08000e28                char_upper
 *fill*         0x08000e36        0x2 
 .text.f_typetell
                0x08000e38       0xa4 build/exfuns.o
                0x08000e38                f_typetell
 .text.mem_cpy  0x08000edc       0x14 build/ff.o
 .text.mem_set  0x08000ef0       0x10 build/ff.o
 .text.mem_cmp  0x08000f00       0x20 build/ff.o
 .text.chk_chr  0x08000f20       0x10 build/ff.o
 .text.clmt_clust
                0x08000f30       0x22 build/ff.o
 .text.ld_clust
                0x08000f52       0x20 build/ff.o
 .text.st_clust
                0x08000f72       0x14 build/ff.o
 *fill*         0x08000f86        0x2 
 .text.pick_lfn
                0x08000f88       0x80 build/ff.o
 .text.fit_lfn  0x08001008       0x78 build/ff.o
 .text.gen_numname
                0x08001080       0xb6 build/ff.o
 .text.sum_sfn  0x08001136       0x20 build/ff.o
 .text.get_ldnumber
                0x08001156       0x50 build/ff.o
 .text.sync_window
                0x080011a6       0x54 build/ff.o
 .text.move_window
                0x080011fa       0x32 build/ff.o
 .text.check_fs
                0x0800122c       0x8c build/ff.o
 .text.validate
                0x080012b8       0x34 build/ff.o
 .text.find_volume
                0x080012ec      0x39c build/ff.o
 .text.get_fileinfo
                0x08001688       0xe8 build/ff.o
 .text.create_name
                0x08001770      0x270 build/ff.o
 .text.cmp_lfn  0x080019e0       0x88 build/ff.o
 .text.sync_fs  0x08001a68       0xbc build/ff.o
 .text.clust2sect
                0x08001b24       0x18 build/ff.o
                0x08001b24                clust2sect
 .text.get_fat  0x08001b3c       0xe8 build/ff.o
                0x08001b3c                get_fat
 .text.put_fat  0x08001c24      0x112 build/ff.o
                0x08001c24                put_fat
 .text.create_chain
                0x08001d36       0xbc build/ff.o
 .text.dir_next
                0x08001df2      0x108 build/ff.o
 .text.dir_read
                0x08001efa       0xb4 build/ff.o
 .text.remove_chain
                0x08001fae       0x68 build/ff.o
 .text.dir_sdi  0x08002016       0x96 build/ff.o
                0x08002016                dir_sdi
 .text.dir_find
                0x080020ac       0xca build/ff.o
 .text.follow_path
                0x08002176       0x7c build/ff.o
 .text.dir_alloc
                0x080021f2       0x4e build/ff.o
 .text.dir_register
                0x08002240      0x12c build/ff.o
 .text.f_mount  0x0800236c       0x58 build/ff.o
                0x0800236c                f_mount
 .text.f_open   0x080023c4      0x17e build/ff.o
                0x080023c4                f_open
 .text.f_read   0x08002542      0x1c0 build/ff.o
                0x08002542                f_read
 .text.f_sync   0x08002702       0x9a build/ff.o
                0x08002702                f_sync
 .text.f_close  0x0800279c       0x1a build/ff.o
                0x0800279c                f_close
 .text.f_lseek  0x080027b6      0x294 build/ff.o
                0x080027b6                f_lseek
 .text.f_opendir
                0x08002a4a       0x86 build/ff.o
                0x08002a4a                f_opendir
 .text.f_readdir
                0x08002ad0       0x72 build/ff.o
                0x08002ad0                f_readdir
 *fill*         0x08002b42        0x2 
 .text.fupd_prog
                0x08002b44       0x88 build/fontupd.o
                0x08002b44                fupd_prog
 .text.updata_fontx
                0x08002bcc      0x114 build/fontupd.o
                0x08002bcc                updata_fontx
 .text.update_font
                0x08002ce0      0x3a4 build/fontupd.o
                0x08002ce0                update_font
 .text.font_init
                0x08003084       0x40 build/fontupd.o
                0x08003084                font_init
 .text.gif_check_head
                0x080030c4       0x64 build/gif.o
                0x080030c4                gif_check_head
 .text.gif_getrgb565
                0x08003128       0x1a build/gif.o
                0x08003128                gif_getrgb565
 .text.gif_readcolortbl
                0x08003142       0x40 build/gif.o
                0x08003142                gif_readcolortbl
 .text.gif_getinfo
                0x08003182       0x42 build/gif.o
                0x08003182                gif_getinfo
 .text.gif_savegctbl
                0x080031c4       0x22 build/gif.o
                0x080031c4                gif_savegctbl
 .text.gif_recovergctbl
                0x080031e6       0x22 build/gif.o
                0x080031e6                gif_recovergctbl
 .text.gif_initlzw
                0x08003208       0x98 build/gif.o
                0x08003208                gif_initlzw
 .text.gif_getdatablock
                0x080032a0       0x52 build/gif.o
                0x080032a0                gif_getdatablock
 .text.gif_readextension
                0x080032f2       0xa8 build/gif.o
                0x080032f2                gif_readextension
 *fill*         0x0800339a        0x2 
 .text.gif_getnextcode
                0x0800339c      0x138 build/gif.o
                0x0800339c                gif_getnextcode
 .text.gif_getnextbyte
                0x080034d4      0x262 build/gif.o
                0x080034d4                gif_getnextbyte
 *fill*         0x08003736        0x2 
 .text.gif_dispimage
                0x08003738      0x1f0 build/gif.o
                0x08003738                gif_dispimage
 .text.gif_clear2bkcolor
                0x08003928      0x188 build/gif.o
                0x08003928                gif_clear2bkcolor
 .text.gif_drawimage
                0x08003ab0      0x130 build/gif.o
                0x08003ab0                gif_drawimage
 .text.gif_decode
                0x08003be0      0x124 build/gif.o
                0x08003be0                gif_decode
 .text.GUI_DrawPoint
                0x08003d04       0x10 build/GUI.o
                0x08003d04                GUI_DrawPoint
 .text.LCD_Fill
                0x08003d14       0x60 build/GUI.o
                0x08003d14                LCD_Fill
 .text.LCD_Fill_Colors
                0x08003d74       0x5a build/GUI.o
                0x08003d74                LCD_Fill_Colors
 *fill*         0x08003dce        0x2 
 .text.LCD_ShowChar
                0x08003dd0      0x140 build/GUI.o
                0x08003dd0                LCD_ShowChar
 .text.LCD_ShowString
                0x08003f10       0x64 build/GUI.o
                0x08003f10                LCD_ShowString
 .text.mypow    0x08003f74       0x16 build/GUI.o
                0x08003f74                mypow
 *fill*         0x08003f8a        0x2 
 .text.LCD_ShowNum
                0x08003f8c       0xd8 build/GUI.o
                0x08003f8c                LCD_ShowNum
 .text.Gui_StrCenter
                0x08004064       0x48 build/GUI.o
                0x08004064                Gui_StrCenter
 .text.KEY_Init
                0x080040ac       0x48 build/key.o
                0x080040ac                KEY_Init
 .text.KEY_Scan
                0x080040f4       0x7c build/key.o
                0x080040f4                KEY_Scan
 .text.LCD_WR_REG
                0x08004170       0x24 build/lcd.o
                0x08004170                LCD_WR_REG
 .text.LCD_WR_DATA
                0x08004194       0x24 build/lcd.o
                0x08004194                LCD_WR_DATA
 .text.LCD_RD_DATA
                0x080041b8       0x1c build/lcd.o
                0x080041b8                LCD_RD_DATA
 .text.LCD_WriteReg
                0x080041d4       0x10 build/lcd.o
                0x080041d4                LCD_WriteReg
 .text.LCD_ReadReg
                0x080041e4       0x26 build/lcd.o
                0x080041e4                LCD_ReadReg
 *fill*         0x0800420a        0x2 
 .text.LCD_WriteRAM_Prepare
                0x0800420c       0x10 build/lcd.o
                0x0800420c                LCD_WriteRAM_Prepare
 .text.LCD_ReadRAM_Prepare
                0x0800421c       0x10 build/lcd.o
                0x0800421c                LCD_ReadRAM_Prepare
 .text.Lcd_WriteData_16Bit
                0x0800422c        0xc build/lcd.o
                0x0800422c                Lcd_WriteData_16Bit
 .text.Color_To_565
                0x08004238       0x18 build/lcd.o
                0x08004238                Color_To_565
 .text.Lcd_ReadData_16Bit
                0x08004250       0x90 build/lcd.o
                0x08004250                Lcd_ReadData_16Bit
 .text.LCD_PWM_BackLightSet
                0x080042e0       0x50 build/lcd.o
                0x080042e0                LCD_PWM_BackLightSet
 .text.LCD_GPIOInit
                0x08004330      0x1f4 build/lcd.o
                0x08004330                LCD_GPIOInit
 .text.LCD_Set_BWTR
                0x08004524       0xb8 build/lcd.o
                0x08004524                LCD_Set_BWTR
 .text.LCD_SetWindows
                0x080045dc      0x260 build/lcd.o
                0x080045dc                LCD_SetWindows
 .text.LCD_Clear
                0x0800483c       0x38 build/lcd.o
                0x0800483c                LCD_Clear
 .text.LCD_SetCursor
                0x08004874        0xc build/lcd.o
                0x08004874                LCD_SetCursor
 .text.LCD_DrawPoint
                0x08004880       0x14 build/lcd.o
                0x08004880                LCD_DrawPoint
 .text.LCD_ReadPoint
                0x08004894       0x2c build/lcd.o
                0x08004894                LCD_ReadPoint
 .text.LCD_direction
                0x080048c0      0x230 build/lcd.o
                0x080048c0                LCD_direction
 .text.LCD_Read_ID
                0x08004af0      0x130 build/lcd.o
                0x08004af0                LCD_Read_ID
 .text.LCD_Init
                0x08004c20     0x3054 build/lcd.o
                0x08004c20                LCD_Init
 .text.LED_Init
                0x08007c74       0x58 build/led.o
                0x08007c74                LED_Init
 .text.main     0x08007ccc       0x70 build/main.o
                0x08007ccc                main
 .text.my_mem_perused
                0x08007d3c       0x40 build/malloc.o
                0x08007d3c                my_mem_perused
 .text.mymemset
                0x08007d7c       0x10 build/malloc.o
                0x08007d7c                mymemset
 .text.my_mem_init
                0x08007d8c       0x44 build/malloc.o
                0x08007d8c                my_mem_init
 .text.my_mem_malloc
                0x08007dd0       0x9c build/malloc.o
                0x08007dd0                my_mem_malloc
 .text.my_mem_free
                0x08007e6c       0x6c build/malloc.o
                0x08007e6c                my_mem_free
 .text.myfree   0x08007ed8       0x1c build/malloc.o
                0x08007ed8                myfree
 .text.mymalloc
                0x08007ef4       0x24 build/malloc.o
                0x08007ef4                mymalloc
 .text.ff_convert
                0x08007f18       0x78 build/mycc936.o
                0x08007f18                ff_convert
 .text.ff_wtoupper
                0x08007f90       0x24 build/mycc936.o
                0x08007f90                ff_wtoupper
 .text.piclib_draw_hline
                0x08007fb4       0x38 build/piclib.o
                0x08007fb4                piclib_draw_hline
 .text.piclib_fill_color
                0x08007fec       0x20 build/piclib.o
                0x08007fec                piclib_fill_color
 .text.piclib_init
                0x0800800c       0x58 build/piclib.o
                0x0800800c                piclib_init
 .text.ai_draw_init
                0x08008064       0xb4 build/piclib.o
                0x08008064                ai_draw_init
 .text.is_element_ok
                0x08008118       0x28 build/piclib.o
                0x08008118                is_element_ok
 .text.ai_load_picfile
                0x08008140       0xcc build/piclib.o
                0x08008140                ai_load_picfile
 .text.pic_memalloc
                0x0800820c        0xc build/piclib.o
                0x0800820c                pic_memalloc
 .text.pic_memfree
                0x08008218        0xc build/piclib.o
                0x08008218                pic_memfree
 .text.SDIO_Register_Deinit
                0x08008224       0x24 build/sdio_sdcard.o
                0x08008224                SDIO_Register_Deinit
 .text.SDIO_Clock_Set
                0x08008248       0x14 build/sdio_sdcard.o
                0x08008248                SDIO_Clock_Set
 .text.SD_GetCardInfo
                0x0800825c      0x270 build/sdio_sdcard.o
                0x0800825c                SD_GetCardInfo
 .text.SD_SetDeviceMode
                0x080084cc       0x14 build/sdio_sdcard.o
                0x080084cc                SD_SetDeviceMode
 .text.CmdError
                0x080084e0       0x28 build/sdio_sdcard.o
                0x080084e0                CmdError
 .text.CmdResp7Error
                0x08008508       0x40 build/sdio_sdcard.o
                0x08008508                CmdResp7Error
 .text.CmdResp1Error
                0x08008548       0x54 build/sdio_sdcard.o
                0x08008548                CmdResp1Error
 .text.SD_SelectDeselect
                0x0800859c       0x2c build/sdio_sdcard.o
                0x0800859c                SD_SelectDeselect
 .text.SD_ProcessIRQSrc
                0x080085c8      0x138 build/sdio_sdcard.o
                0x080085c8                SD_ProcessIRQSrc
 .text.SDIO_IRQHandler
                0x08008700        0x8 build/sdio_sdcard.o
                0x08008700                SDIO_IRQHandler
 .text.CmdResp3Error
                0x08008708       0x30 build/sdio_sdcard.o
                0x08008708                CmdResp3Error
 .text.SD_PowerON
                0x08008738      0x1a4 build/sdio_sdcard.o
                0x08008738                SD_PowerON
 .text.CmdResp2Error
                0x080088dc       0x4c build/sdio_sdcard.o
                0x080088dc                CmdResp2Error
 .text.CmdResp6Error
                0x08008928       0x80 build/sdio_sdcard.o
                0x08008928                CmdResp6Error
 .text.SD_InitializeCards
                0x080089a8      0x134 build/sdio_sdcard.o
                0x080089a8                SD_InitializeCards
 .text.IsCardProgramming
                0x08008adc       0x9c build/sdio_sdcard.o
                0x08008adc                IsCardProgramming
 .text.FindSCR  0x08008b78      0x16c build/sdio_sdcard.o
                0x08008b78                FindSCR
 .text.SDEnWideBus
                0x08008ce4       0x90 build/sdio_sdcard.o
                0x08008ce4                SDEnWideBus
 .text.SD_EnableWideBusOperation
                0x08008d74       0x48 build/sdio_sdcard.o
                0x08008d74                SD_EnableWideBusOperation
 .text.SD_Init  0x08008dbc      0x160 build/sdio_sdcard.o
                0x08008dbc                SD_Init
 .text.convert_from_bytes_to_power_of_two
                0x08008f1c       0x12 build/sdio_sdcard.o
                0x08008f1c                convert_from_bytes_to_power_of_two
 *fill*         0x08008f2e        0x2 
 .text.SD_DMA_Config
                0x08008f30       0x80 build/sdio_sdcard.o
                0x08008f30                SD_DMA_Config
 .text.SD_ReadBlock
                0x08008fb0      0x244 build/sdio_sdcard.o
                0x08008fb0                SD_ReadBlock
 .text.SD_ReadMultiBlocks
                0x080091f4      0x2a4 build/sdio_sdcard.o
                0x080091f4                SD_ReadMultiBlocks
 .text.SD_WriteBlock
                0x08009498      0x334 build/sdio_sdcard.o
                0x08009498                SD_WriteBlock
 .text.SD_WriteMultiBlocks
                0x080097cc      0x364 build/sdio_sdcard.o
                0x080097cc                SD_WriteMultiBlocks
 .text.SD_ReadDisk
                0x08009b30       0x80 build/sdio_sdcard.o
                0x08009b30                SD_ReadDisk
 .text.SD_WriteDisk
                0x08009bb0       0x78 build/sdio_sdcard.o
                0x08009bb0                SD_WriteDisk
 .text.SPI1_SetSpeed
                0x08009c28       0x28 build/spi.o
                0x08009c28                SPI1_SetSpeed
 .text.SPI1_ReadWriteByte
                0x08009c50       0x34 build/spi.o
                0x08009c50                SPI1_ReadWriteByte
 .text.SPI1_Init
                0x08009c84       0xc8 build/spi.o
                0x08009c84                SPI1_Init
 .text.Check_SDCard
                0x08009d4c       0x94 build/test.o
                0x08009d4c                Check_SDCard
 .text.Check_Font
                0x08009de0      0x164 build/test.o
                0x08009de0                Check_Font
 .text.SDCard_test
                0x08009f44       0x94 build/test.o
                0x08009f44                SDCard_test
 .text.pic_get_tnum
                0x08009fd8       0x5c build/test.o
                0x08009fd8                pic_get_tnum
 .text.Show_Picture
                0x0800a034      0x2d4 build/test.o
                0x0800a034                Show_Picture
 .text.Get_HzMat
                0x0800a308       0xac build/text.o
                0x0800a308                Get_HzMat
 .text.Show_Font
                0x0800a3b4       0xb4 build/text.o
                0x0800a3b4                Show_Font
 .text.Show_Str
                0x0800a468       0xd4 build/text.o
                0x0800a468                Show_Str
 .text.alloc_pool
                0x0800a53c       0x1e build/tjpgd.o
 *fill*         0x0800a55a        0x2 
 .text.create_qt_tbl
                0x0800a55c       0x78 build/tjpgd.o
 .text.create_huffman_tbl
                0x0800a5d4       0xf8 build/tjpgd.o
 .text.bitext   0x0800a6cc       0x8c build/tjpgd.o
 .text.huffext  0x0800a758       0xd4 build/tjpgd.o
 .text.block_idct
                0x0800a82c      0x1d8 build/tjpgd.o
 .text.mcu_load
                0x0800aa04      0x198 build/tjpgd.o
 .text.mcu_output
                0x0800ab9c      0x344 build/tjpgd.o
 .text.restart  0x0800aee0       0x74 build/tjpgd.o
 .text.jpeg_out_func_fill
                0x0800af54       0x4c build/tjpgd.o
                0x0800af54                jpeg_out_func_fill
 .text.jpeg_in_func
                0x0800afa0       0x28 build/tjpgd.o
                0x0800afa0                jpeg_in_func
 .text.jpeg_out_func_point
                0x0800afc8       0xc4 build/tjpgd.o
                0x0800afc8                jpeg_out_func_point
 .text.jd_prepare
                0x0800b08c      0x37e build/tjpgd.o
                0x0800b08c                jd_prepare
 .text.jd_decomp
                0x0800b40a       0x8c build/tjpgd.o
                0x0800b40a                jd_decomp
 *fill*         0x0800b496        0x2 
 .text.jpeg_mallocall
                0x0800b498       0x48 build/tjpgd.o
                0x0800b498                jpeg_mallocall
 .text.jpeg_freeall
                0x0800b4e0       0x28 build/tjpgd.o
                0x0800b4e0                jpeg_freeall
 .text.jpg_decode
                0x0800b508       0xe0 build/tjpgd.o
                0x0800b508                jpg_decode
 .text.USART1_Init
                0x0800b5e8       0xb8 build/usart.o
                0x0800b5e8                USART1_Init
 .text.USART1_IRQHandler
                0x0800b6a0       0x7c build/usart.o
                0x0800b6a0                USART1_IRQHandler
 .text.W25Q64_ReadSR
                0x0800b71c       0x24 build/w25q64.o
                0x0800b71c                W25Q64_ReadSR
 .text.W25Q64_Write_Enable
                0x0800b740       0x1c build/w25q64.o
                0x0800b740                W25Q64_Write_Enable
 .text.W25QXX_ReadID
                0x0800b75c       0x44 build/w25q64.o
                0x0800b75c                W25QXX_ReadID
 .text.W25Q64_Init
                0x0800b7a0       0x60 build/w25q64.o
                0x0800b7a0                W25Q64_Init
 .text.W25Q64_Read
                0x0800b800       0x4c build/w25q64.o
                0x0800b800                W25Q64_Read
 .text.W25Q64_Wait_Busy
                0x0800b84c        0xe build/w25q64.o
                0x0800b84c                W25Q64_Wait_Busy
 *fill*         0x0800b85a        0x2 
 .text.W25Q64_Write_Page
                0x0800b85c       0x54 build/w25q64.o
                0x0800b85c                W25Q64_Write_Page
 .text.W25Q64_Write_NoCheck
                0x0800b8b0       0x3e build/w25q64.o
                0x0800b8b0                W25Q64_Write_NoCheck
 *fill*         0x0800b8ee        0x2 
 .text.W25Q64_Erase_Sector
                0x0800b8f0       0x44 build/w25q64.o
                0x0800b8f0                W25Q64_Erase_Sector
 .text.W25Q64_Write
                0x0800b934       0xa4 build/w25q64.o
                0x0800b934                W25Q64_Write
 .text.INTX_DISABLE
                0x0800b9d8        0x6 build/sys.o
                0x0800b9d8                INTX_DISABLE
 .text.INTX_ENABLE
                0x0800b9de        0x6 build/sys.o
                0x0800b9de                INTX_ENABLE
 .text.NMI_Handler
                0x0800b9e4        0x2 build/stm32f4xx_it.o
                0x0800b9e4                NMI_Handler
 .text.HardFault_Handler
                0x0800b9e6        0x2 build/stm32f4xx_it.o
                0x0800b9e6                HardFault_Handler
 .text.MemManage_Handler
                0x0800b9e8        0x2 build/stm32f4xx_it.o
                0x0800b9e8                MemManage_Handler
 .text.BusFault_Handler
                0x0800b9ea        0x2 build/stm32f4xx_it.o
                0x0800b9ea                BusFault_Handler
 .text.UsageFault_Handler
                0x0800b9ec        0x2 build/stm32f4xx_it.o
                0x0800b9ec                UsageFault_Handler
 .text.SVC_Handler
                0x0800b9ee        0x2 build/stm32f4xx_it.o
                0x0800b9ee                SVC_Handler
 .text.DebugMon_Handler
                0x0800b9f0        0x2 build/stm32f4xx_it.o
                0x0800b9f0                DebugMon_Handler
 .text.PendSV_Handler
                0x0800b9f2        0x2 build/stm32f4xx_it.o
                0x0800b9f2                PendSV_Handler
 .text.SysTick_Handler
                0x0800b9f4        0x2 build/stm32f4xx_it.o
                0x0800b9f4                SysTick_Handler
 *fill*         0x0800b9f6        0x2 
 .text.NVIC_PriorityGroupConfig
                0x0800b9f8       0x14 build/misc.o
                0x0800b9f8                NVIC_PriorityGroupConfig
 .text.NVIC_Init
                0x0800ba0c       0x64 build/misc.o
                0x0800ba0c                NVIC_Init
 .text.SysTick_CLKSourceConfig
                0x0800ba70       0x20 build/misc.o
                0x0800ba70                SysTick_CLKSourceConfig
 .text.DMA_DeInit
                0x0800ba90      0x158 build/stm32f4xx_dma.o
                0x0800ba90                DMA_DeInit
 .text.DMA_Init
                0x0800bbe8       0x58 build/stm32f4xx_dma.o
                0x0800bbe8                DMA_Init
 .text.DMA_Cmd  0x0800bc40       0x16 build/stm32f4xx_dma.o
                0x0800bc40                DMA_Cmd
 .text.DMA_FlowControllerConfig
                0x0800bc56       0x16 build/stm32f4xx_dma.o
                0x0800bc56                DMA_FlowControllerConfig
 .text.DMA_GetCmdStatus
                0x0800bc6c       0x10 build/stm32f4xx_dma.o
                0x0800bc6c                DMA_GetCmdStatus
 .text.FSMC_NORSRAMInit
                0x0800bc7c       0xc8 build/stm32f4xx_fsmc.o
                0x0800bc7c                FSMC_NORSRAMInit
 .text.FSMC_NORSRAMCmd
                0x0800bd44       0x2c build/stm32f4xx_fsmc.o
                0x0800bd44                FSMC_NORSRAMCmd
 .text.GPIO_Init
                0x0800bd70       0xa6 build/stm32f4xx_gpio.o
                0x0800bd70                GPIO_Init
 .text.GPIO_SetBits
                0x0800be16        0x4 build/stm32f4xx_gpio.o
                0x0800be16                GPIO_SetBits
 .text.GPIO_PinAFConfig
                0x0800be1a       0x34 build/stm32f4xx_gpio.o
                0x0800be1a                GPIO_PinAFConfig
 *fill*         0x0800be4e        0x2 
 .text.RCC_GetClocksFreq
                0x0800be50       0xb8 build/stm32f4xx_rcc.o
                0x0800be50                RCC_GetClocksFreq
 .text.RCC_AHB1PeriphClockCmd
                0x0800bf08       0x1c build/stm32f4xx_rcc.o
                0x0800bf08                RCC_AHB1PeriphClockCmd
 .text.RCC_AHB3PeriphClockCmd
                0x0800bf24       0x1c build/stm32f4xx_rcc.o
                0x0800bf24                RCC_AHB3PeriphClockCmd
 .text.RCC_APB2PeriphClockCmd
                0x0800bf40       0x1c build/stm32f4xx_rcc.o
                0x0800bf40                RCC_APB2PeriphClockCmd
 .text.RCC_APB2PeriphResetCmd
                0x0800bf5c       0x1c build/stm32f4xx_rcc.o
                0x0800bf5c                RCC_APB2PeriphResetCmd
 .text.SDIO_Init
                0x0800bf78       0x34 build/stm32f4xx_sdio.o
                0x0800bf78                SDIO_Init
 .text.SDIO_SetPowerState
                0x0800bfac        0xc build/stm32f4xx_sdio.o
                0x0800bfac                SDIO_SetPowerState
 .text.SDIO_GetPowerState
                0x0800bfb8       0x10 build/stm32f4xx_sdio.o
                0x0800bfb8                SDIO_GetPowerState
 .text.SDIO_SendCommand
                0x0800bfc8       0x30 build/stm32f4xx_sdio.o
                0x0800bfc8                SDIO_SendCommand
 .text.SDIO_DataConfig
                0x0800bff8       0x30 build/stm32f4xx_sdio.o
                0x0800bff8                SDIO_DataConfig
 .text.SDIO_GetFlagStatus
                0x0800c028       0x14 build/stm32f4xx_sdio.o
                0x0800c028                SDIO_GetFlagStatus
 .text.SDIO_ClearFlag
                0x0800c03c        0xc build/stm32f4xx_sdio.o
                0x0800c03c                SDIO_ClearFlag
 .text.SPI_Init
                0x0800c048       0x4e build/stm32f4xx_spi.o
                0x0800c048                SPI_Init
 .text.SPI_Cmd  0x0800c096       0x1c build/stm32f4xx_spi.o
                0x0800c096                SPI_Cmd
 .text.SPI_I2S_ReceiveData
                0x0800c0b2        0x6 build/stm32f4xx_spi.o
                0x0800c0b2                SPI_I2S_ReceiveData
 .text.SPI_I2S_SendData
                0x0800c0b8        0x4 build/stm32f4xx_spi.o
                0x0800c0b8                SPI_I2S_SendData
 .text.SPI_I2S_GetFlagStatus
                0x0800c0bc        0xe build/stm32f4xx_spi.o
                0x0800c0bc                SPI_I2S_GetFlagStatus
 *fill*         0x0800c0ca        0x2 
 .text.USART_Init
                0x0800c0cc       0xcc build/stm32f4xx_usart.o
                0x0800c0cc                USART_Init
 .text.USART_Cmd
                0x0800c198       0x1c build/stm32f4xx_usart.o
                0x0800c198                USART_Cmd
 .text.USART_ReceiveData
                0x0800c1b4        0x8 build/stm32f4xx_usart.o
                0x0800c1b4                USART_ReceiveData
 .text.USART_ITConfig
                0x0800c1bc       0x36 build/stm32f4xx_usart.o
                0x0800c1bc                USART_ITConfig
 .text.USART_ClearFlag
                0x0800c1f2        0x8 build/stm32f4xx_usart.o
                0x0800c1f2                USART_ClearFlag
 .text.USART_GetITStatus
                0x0800c1fa       0x4a build/stm32f4xx_usart.o
                0x0800c1fa                USART_GetITStatus
 .text.SetSysClock
                0x0800c244       0xc4 build/system_stm32f4xx.o
 .text.SystemInit
                0x0800c308       0x50 build/system_stm32f4xx.o
                0x0800c308                SystemInit
 .text.Reset_Handler
                0x0800c358       0x50 build/startup_stm32f407xx.o
                0x0800c358                Reset_Handler
 .text.Default_Handler
                0x0800c3a8        0x2 build/startup_stm32f407xx.o
                0x0800c3a8                RTC_Alarm_IRQHandler
                0x0800c3a8                HASH_RNG_IRQHandler
                0x0800c3a8                EXTI2_IRQHandler
                0x0800c3a8                TIM8_CC_IRQHandler
                0x0800c3a8                TIM1_CC_IRQHandler
                0x0800c3a8                DMA2_Stream5_IRQHandler
                0x0800c3a8                DMA1_Stream5_IRQHandler
                0x0800c3a8                PVD_IRQHandler
                0x0800c3a8                TAMP_STAMP_IRQHandler
                0x0800c3a8                CAN2_RX1_IRQHandler
                0x0800c3a8                EXTI3_IRQHandler
                0x0800c3a8                TIM8_TRG_COM_TIM14_IRQHandler
                0x0800c3a8                TIM1_UP_TIM10_IRQHandler
                0x0800c3a8                TIM8_UP_TIM13_IRQHandler
                0x0800c3a8                I2C3_ER_IRQHandler
                0x0800c3a8                EXTI0_IRQHandler
                0x0800c3a8                I2C2_EV_IRQHandler
                0x0800c3a8                DMA1_Stream2_IRQHandler
                0x0800c3a8                CAN1_RX0_IRQHandler
                0x0800c3a8                FPU_IRQHandler
                0x0800c3a8                OTG_HS_WKUP_IRQHandler
                0x0800c3a8                CAN2_SCE_IRQHandler
                0x0800c3a8                DMA2_Stream2_IRQHandler
                0x0800c3a8                SPI1_IRQHandler
                0x0800c3a8                TIM6_DAC_IRQHandler
                0x0800c3a8                TIM1_BRK_TIM9_IRQHandler
                0x0800c3a8                DCMI_IRQHandler
                0x0800c3a8                CAN2_RX0_IRQHandler
                0x0800c3a8                DMA2_Stream3_IRQHandler
                0x0800c3a8                USART6_IRQHandler
                0x0800c3a8                USART3_IRQHandler
                0x0800c3a8                CAN1_RX1_IRQHandler
                0x0800c3a8                UART5_IRQHandler
                0x0800c3a8                DMA2_Stream0_IRQHandler
                0x0800c3a8                TIM4_IRQHandler
                0x0800c3a8                I2C1_EV_IRQHandler
                0x0800c3a8                DMA1_Stream6_IRQHandler
                0x0800c3a8                DMA1_Stream1_IRQHandler
                0x0800c3a8                UART4_IRQHandler
                0x0800c3a8                TIM3_IRQHandler
                0x0800c3a8                RCC_IRQHandler
                0x0800c3a8                TIM8_BRK_TIM12_IRQHandler
                0x0800c3a8                Default_Handler
                0x0800c3a8                EXTI15_10_IRQHandler
                0x0800c3a8                ADC_IRQHandler
                0x0800c3a8                DMA1_Stream7_IRQHandler
                0x0800c3a8                TIM7_IRQHandler
                0x0800c3a8                CAN2_TX_IRQHandler
                0x0800c3a8                TIM5_IRQHandler
                0x0800c3a8                DMA2_Stream7_IRQHandler
                0x0800c3a8                I2C3_EV_IRQHandler
                0x0800c3a8                EXTI9_5_IRQHandler
                0x0800c3a8                RTC_WKUP_IRQHandler
                0x0800c3a8                ETH_WKUP_IRQHandler
                0x0800c3a8                SPI2_IRQHandler
                0x0800c3a8                OTG_HS_EP1_IN_IRQHandler
                0x0800c3a8                DMA1_Stream0_IRQHandler
                0x0800c3a8                CAN1_TX_IRQHandler
                0x0800c3a8                EXTI4_IRQHandler
                0x0800c3a8                FSMC_IRQHandler
                0x0800c3a8                ETH_IRQHandler
                0x0800c3a8                OTG_HS_EP1_OUT_IRQHandler
                0x0800c3a8                WWDG_IRQHandler
                0x0800c3a8                TIM2_IRQHandler
                0x0800c3a8                OTG_FS_WKUP_IRQHandler
                0x0800c3a8                TIM1_TRG_COM_TIM11_IRQHandler
                0x0800c3a8                OTG_HS_IRQHandler
                0x0800c3a8                EXTI1_IRQHandler
                0x0800c3a8                USART2_IRQHandler
                0x0800c3a8                I2C2_ER_IRQHandler
                0x0800c3a8                DMA2_Stream1_IRQHandler
                0x0800c3a8                CAN1_SCE_IRQHandler
                0x0800c3a8                FLASH_IRQHandler
                0x0800c3a8                DMA2_Stream4_IRQHandler
                0x0800c3a8                OTG_FS_IRQHandler
                0x0800c3a8                SPI3_IRQHandler
                0x0800c3a8                DMA1_Stream4_IRQHandler
                0x0800c3a8                I2C1_ER_IRQHandler
                0x0800c3a8                DMA2_Stream6_IRQHandler
                0x0800c3a8                DMA1_Stream3_IRQHandler
 *fill*         0x0800c3aa        0x2 
 .text.__libc_init_array
                0x0800c3ac       0x48 d:/install/gnu arm embedded toolchain/10 2020-q4-major/bin/../lib/gcc/arm-none-eabi/10.2.1/../../../../arm-none-eabi/lib/thumb/v7e-m+fp/hard\libc_nano.a(lib_a-init.o)
                0x0800c3ac                __libc_init_array
 .text.memcpy   0x0800c3f4       0x1c d:/install/gnu arm embedded toolchain/10 2020-q4-major/bin/../lib/gcc/arm-none-eabi/10.2.1/../../../../arm-none-eabi/lib/thumb/v7e-m+fp/hard\libc_nano.a(lib_a-memcpy-stub.o)
                0x0800c3f4                memcpy
 .text.memset   0x0800c410       0x10 d:/install/gnu arm embedded toolchain/10 2020-q4-major/bin/../lib/gcc/arm-none-eabi/10.2.1/../../../../arm-none-eabi/lib/thumb/v7e-m+fp/hard\libc_nano.a(lib_a-memset.o)
                0x0800c410                memset
 .text.printf   0x0800c420       0x30 d:/install/gnu arm embedded toolchain/10 2020-q4-major/bin/../lib/gcc/arm-none-eabi/10.2.1/../../../../arm-none-eabi/lib/thumb/v7e-m+fp/hard\libc_nano.a(lib_a-printf.o)
                0x0800c420                iprintf
                0x0800c420                printf
 .text._puts_r  0x0800c450       0xdc d:/install/gnu arm embedded toolchain/10 2020-q4-major/bin/../lib/gcc/arm-none-eabi/10.2.1/../../../../arm-none-eabi/lib/thumb/v7e-m+fp/hard\libc_nano.a(lib_a-puts.o)
                0x0800c450                _puts_r
 .text.puts     0x0800c52c       0x10 d:/install/gnu arm embedded toolchain/10 2020-q4-major/bin/../lib/gcc/arm-none-eabi/10.2.1/../../../../arm-none-eabi/lib/thumb/v7e-m+fp/hard\libc_nano.a(lib_a-puts.o)
                0x0800c52c                puts
 .text.strcat   0x0800c53c       0x1e d:/install/gnu arm embedded toolchain/10 2020-q4-major/bin/../lib/gcc/arm-none-eabi/10.2.1/../../../../arm-none-eabi/lib/thumb/v7e-m+fp/hard\libc_nano.a(lib_a-strcat.o)
                0x0800c53c                strcat
 .text.strcpy   0x0800c55a       0x10 d:/install/gnu arm embedded toolchain/10 2020-q4-major/bin/../lib/gcc/arm-none-eabi/10.2.1/../../../../arm-none-eabi/lib/thumb/v7e-m+fp/hard\libc_nano.a(lib_a-strcpy.o)
                0x0800c55a                strcpy
 *fill*         0x0800c56a        0x2 
 .text.__swbuf_r
                0x0800c56c       0xa4 d:/install/gnu arm embedded toolchain/10 2020-q4-major/bin/../lib/gcc/arm-none-eabi/10.2.1/../../../../arm-none-eabi/lib/thumb/v7e-m+fp/hard\libc_nano.a(lib_a-wbuf.o)
                0x0800c56c                __swbuf_r
 .text.__swsetup_r
                0x0800c610       0xdc d:/install/gnu arm embedded toolchain/10 2020-q4-major/bin/../lib/gcc/arm-none-eabi/10.2.1/../../../../arm-none-eabi/lib/thumb/v7e-m+fp/hard\libc_nano.a(lib_a-wsetup.o)
                0x0800c610                __swsetup_r
 .text.__sflush_r
                0x0800c6ec      0x10c d:/install/gnu arm embedded toolchain/10 2020-q4-major/bin/../lib/gcc/arm-none-eabi/10.2.1/../../../../arm-none-eabi/lib/thumb/v7e-m+fp/hard\libc_nano.a(lib_a-fflush.o)
                0x0800c6ec                __sflush_r
 .text._fflush_r
                0x0800c7f8       0x78 d:/install/gnu arm embedded toolchain/10 2020-q4-major/bin/../lib/gcc/arm-none-eabi/10.2.1/../../../../arm-none-eabi/lib/thumb/v7e-m+fp/hard\libc_nano.a(lib_a-fflush.o)
                0x0800c7f8                _fflush_r
 .text.std      0x0800c870       0x48 d:/install/gnu arm embedded toolchain/10 2020-q4-major/bin/../lib/gcc/arm-none-eabi/10.2.1/../../../../arm-none-eabi/lib/thumb/v7e-m+fp/hard\libc_nano.a(lib_a-findfp.o)
 .text._cleanup_r
                0x0800c8b8        0xc d:/install/gnu arm embedded toolchain/10 2020-q4-major/bin/../lib/gcc/arm-none-eabi/10.2.1/../../../../arm-none-eabi/lib/thumb/v7e-m+fp/hard\libc_nano.a(lib_a-findfp.o)
                0x0800c8b8                _cleanup_r
 .text.__sfmoreglue
                0x0800c8c4       0x2c d:/install/gnu arm embedded toolchain/10 2020-q4-major/bin/../lib/gcc/arm-none-eabi/10.2.1/../../../../arm-none-eabi/lib/thumb/v7e-m+fp/hard\libc_nano.a(lib_a-findfp.o)
                0x0800c8c4                __sfmoreglue
 .text.__sfp_lock_acquire
                0x0800c8f0        0xc d:/install/gnu arm embedded toolchain/10 2020-q4-major/bin/../lib/gcc/arm-none-eabi/10.2.1/../../../../arm-none-eabi/lib/thumb/v7e-m+fp/hard\libc_nano.a(lib_a-findfp.o)
                0x0800c8f0                __sfp_lock_acquire
 .text.__sfp_lock_release
                0x0800c8fc        0xc d:/install/gnu arm embedded toolchain/10 2020-q4-major/bin/../lib/gcc/arm-none-eabi/10.2.1/../../../../arm-none-eabi/lib/thumb/v7e-m+fp/hard\libc_nano.a(lib_a-findfp.o)
                0x0800c8fc                __sfp_lock_release
 .text.__sinit_lock_acquire
                0x0800c908        0xc d:/install/gnu arm embedded toolchain/10 2020-q4-major/bin/../lib/gcc/arm-none-eabi/10.2.1/../../../../arm-none-eabi/lib/thumb/v7e-m+fp/hard\libc_nano.a(lib_a-findfp.o)
                0x0800c908                __sinit_lock_acquire
 .text.__sinit_lock_release
                0x0800c914        0xc d:/install/gnu arm embedded toolchain/10 2020-q4-major/bin/../lib/gcc/arm-none-eabi/10.2.1/../../../../arm-none-eabi/lib/thumb/v7e-m+fp/hard\libc_nano.a(lib_a-findfp.o)
                0x0800c914                __sinit_lock_release
 .text.__sinit  0x0800c920       0x70 d:/install/gnu arm embedded toolchain/10 2020-q4-major/bin/../lib/gcc/arm-none-eabi/10.2.1/../../../../arm-none-eabi/lib/thumb/v7e-m+fp/hard\libc_nano.a(lib_a-findfp.o)
                0x0800c920                __sinit
 .text.__sfp    0x0800c990       0x8c d:/install/gnu arm embedded toolchain/10 2020-q4-major/bin/../lib/gcc/arm-none-eabi/10.2.1/../../../../arm-none-eabi/lib/thumb/v7e-m+fp/hard\libc_nano.a(lib_a-findfp.o)
                0x0800c990                __sfp
 .text._fwalk_reent
                0x0800ca1c       0x3e d:/install/gnu arm embedded toolchain/10 2020-q4-major/bin/../lib/gcc/arm-none-eabi/10.2.1/../../../../arm-none-eabi/lib/thumb/v7e-m+fp/hard\libc_nano.a(lib_a-fwalk.o)
                0x0800ca1c                _fwalk_reent
 .text.__retarget_lock_init_recursive
                0x0800ca5a        0x2 d:/install/gnu arm embedded toolchain/10 2020-q4-major/bin/../lib/gcc/arm-none-eabi/10.2.1/../../../../arm-none-eabi/lib/thumb/v7e-m+fp/hard\libc_nano.a(lib_a-lock.o)
                0x0800ca5a                __retarget_lock_init_recursive
 .text.__retarget_lock_acquire_recursive
                0x0800ca5c        0x2 d:/install/gnu arm embedded toolchain/10 2020-q4-major/bin/../lib/gcc/arm-none-eabi/10.2.1/../../../../arm-none-eabi/lib/thumb/v7e-m+fp/hard\libc_nano.a(lib_a-lock.o)
                0x0800ca5c                __retarget_lock_acquire_recursive
 .text.__retarget_lock_release_recursive
                0x0800ca5e        0x2 d:/install/gnu arm embedded toolchain/10 2020-q4-major/bin/../lib/gcc/arm-none-eabi/10.2.1/../../../../arm-none-eabi/lib/thumb/v7e-m+fp/hard\libc_nano.a(lib_a-lock.o)
                0x0800ca5e                __retarget_lock_release_recursive
 .text.__swhatbuf_r
                0x0800ca60       0x4a d:/install/gnu arm embedded toolchain/10 2020-q4-major/bin/../lib/gcc/arm-none-eabi/10.2.1/../../../../arm-none-eabi/lib/thumb/v7e-m+fp/hard\libc_nano.a(lib_a-makebuf.o)
                0x0800ca60                __swhatbuf_r
 *fill*         0x0800caaa        0x2 
 .text.__smakebuf_r
                0x0800caac       0x80 d:/install/gnu arm embedded toolchain/10 2020-q4-major/bin/../lib/gcc/arm-none-eabi/10.2.1/../../../../arm-none-eabi/lib/thumb/v7e-m+fp/hard\libc_nano.a(lib_a-makebuf.o)
                0x0800caac                __smakebuf_r
 .text._free_r  0x0800cb2c       0x98 d:/install/gnu arm embedded toolchain/10 2020-q4-major/bin/../lib/gcc/arm-none-eabi/10.2.1/../../../../arm-none-eabi/lib/thumb/v7e-m+fp/hard\libc_nano.a(lib_a-nano-freer.o)
                0x0800cb2c                _free_r
 .text._malloc_r
                0x0800cbc4       0xb4 d:/install/gnu arm embedded toolchain/10 2020-q4-major/bin/../lib/gcc/arm-none-eabi/10.2.1/../../../../arm-none-eabi/lib/thumb/v7e-m+fp/hard\libc_nano.a(lib_a-nano-mallocr.o)
                0x0800cbc4                _malloc_r
 .text.__sfputc_r
                0x0800cc78       0x2e d:/install/gnu arm embedded toolchain/10 2020-q4-major/bin/../lib/gcc/arm-none-eabi/10.2.1/../../../../arm-none-eabi/lib/thumb/v7e-m+fp/hard\libc_nano.a(lib_a-nano-vfprintf.o)
 .text.__sfputs_r
                0x0800cca6       0x24 d:/install/gnu arm embedded toolchain/10 2020-q4-major/bin/../lib/gcc/arm-none-eabi/10.2.1/../../../../arm-none-eabi/lib/thumb/v7e-m+fp/hard\libc_nano.a(lib_a-nano-vfprintf.o)
                0x0800cca6                __sfputs_r
 *fill*         0x0800ccca        0x2 
 .text._vfprintf_r
                0x0800cccc      0x260 d:/install/gnu arm embedded toolchain/10 2020-q4-major/bin/../lib/gcc/arm-none-eabi/10.2.1/../../../../arm-none-eabi/lib/thumb/v7e-m+fp/hard\libc_nano.a(lib_a-nano-vfprintf.o)
                0x0800cccc                _vfprintf_r
                0x0800cccc                _vfiprintf_r
 .text._printf_common
                0x0800cf2c       0xda d:/install/gnu arm embedded toolchain/10 2020-q4-major/bin/../lib/gcc/arm-none-eabi/10.2.1/../../../../arm-none-eabi/lib/thumb/v7e-m+fp/hard\libc_nano.a(lib_a-nano-vfprintf_i.o)
                0x0800cf2c                _printf_common
 *fill*         0x0800d006        0x2 
 .text._printf_i
                0x0800d008      0x24c d:/install/gnu arm embedded toolchain/10 2020-q4-major/bin/../lib/gcc/arm-none-eabi/10.2.1/../../../../arm-none-eabi/lib/thumb/v7e-m+fp/hard\libc_nano.a(lib_a-nano-vfprintf_i.o)
                0x0800d008                _printf_i
 .text._sbrk_r  0x0800d254       0x20 d:/install/gnu arm embedded toolchain/10 2020-q4-major/bin/../lib/gcc/arm-none-eabi/10.2.1/../../../../arm-none-eabi/lib/thumb/v7e-m+fp/hard\libc_nano.a(lib_a-sbrkr.o)
                0x0800d254                _sbrk_r
 .text.__sread  0x0800d274       0x22 d:/install/gnu arm embedded toolchain/10 2020-q4-major/bin/../lib/gcc/arm-none-eabi/10.2.1/../../../../arm-none-eabi/lib/thumb/v7e-m+fp/hard\libc_nano.a(lib_a-stdio.o)
                0x0800d274                __sread
 .text.__swrite
                0x0800d296       0x38 d:/install/gnu arm embedded toolchain/10 2020-q4-major/bin/../lib/gcc/arm-none-eabi/10.2.1/../../../../arm-none-eabi/lib/thumb/v7e-m+fp/hard\libc_nano.a(lib_a-stdio.o)
                0x0800d296                __swrite
 .text.__sseek  0x0800d2ce       0x24 d:/install/gnu arm embedded toolchain/10 2020-q4-major/bin/../lib/gcc/arm-none-eabi/10.2.1/../../../../arm-none-eabi/lib/thumb/v7e-m+fp/hard\libc_nano.a(lib_a-stdio.o)
                0x0800d2ce                __sseek
 .text.__sclose
                0x0800d2f2        0x8 d:/install/gnu arm embedded toolchain/10 2020-q4-major/bin/../lib/gcc/arm-none-eabi/10.2.1/../../../../arm-none-eabi/lib/thumb/v7e-m+fp/hard\libc_nano.a(lib_a-stdio.o)
                0x0800d2f2                __sclose
 *fill*         0x0800d2fa        0x2 
 .text._write_r
                0x0800d2fc       0x24 d:/install/gnu arm embedded toolchain/10 2020-q4-major/bin/../lib/gcc/arm-none-eabi/10.2.1/../../../../arm-none-eabi/lib/thumb/v7e-m+fp/hard\libc_nano.a(lib_a-writer.o)
                0x0800d2fc                _write_r
 .text._close_r
                0x0800d320       0x20 d:/install/gnu arm embedded toolchain/10 2020-q4-major/bin/../lib/gcc/arm-none-eabi/10.2.1/../../../../arm-none-eabi/lib/thumb/v7e-m+fp/hard\libc_nano.a(lib_a-closer.o)
                0x0800d320                _close_r
 .text._fstat_r
                0x0800d340       0x24 d:/install/gnu arm embedded toolchain/10 2020-q4-major/bin/../lib/gcc/arm-none-eabi/10.2.1/../../../../arm-none-eabi/lib/thumb/v7e-m+fp/hard\libc_nano.a(lib_a-fstatr.o)
                0x0800d340                _fstat_r
 .text._isatty_r
                0x0800d364       0x20 d:/install/gnu arm embedded toolchain/10 2020-q4-major/bin/../lib/gcc/arm-none-eabi/10.2.1/../../../../arm-none-eabi/lib/thumb/v7e-m+fp/hard\libc_nano.a(lib_a-isattyr.o)
                0x0800d364                _isatty_r
 .text._lseek_r
                0x0800d384       0x24 d:/install/gnu arm embedded toolchain/10 2020-q4-major/bin/../lib/gcc/arm-none-eabi/10.2.1/../../../../arm-none-eabi/lib/thumb/v7e-m+fp/hard\libc_nano.a(lib_a-lseekr.o)
                0x0800d384                _lseek_r
 .text.__malloc_lock
                0x0800d3a8        0xc d:/install/gnu arm embedded toolchain/10 2020-q4-major/bin/../lib/gcc/arm-none-eabi/10.2.1/../../../../arm-none-eabi/lib/thumb/v7e-m+fp/hard\libc_nano.a(lib_a-mlock.o)
                0x0800d3a8                __malloc_lock
 .text.__malloc_unlock
                0x0800d3b4        0xc d:/install/gnu arm embedded toolchain/10 2020-q4-major/bin/../lib/gcc/arm-none-eabi/10.2.1/../../../../arm-none-eabi/lib/thumb/v7e-m+fp/hard\libc_nano.a(lib_a-mlock.o)
                0x0800d3b4                __malloc_unlock
 .text._read_r  0x0800d3c0       0x24 d:/install/gnu arm embedded toolchain/10 2020-q4-major/bin/../lib/gcc/arm-none-eabi/10.2.1/../../../../arm-none-eabi/lib/thumb/v7e-m+fp/hard\libc_nano.a(lib_a-readr.o)
                0x0800d3c0                _read_r
 .text._close   0x0800d3e4       0x10 d:/install/gnu arm embedded toolchain/10 2020-q4-major/bin/../lib/gcc/arm-none-eabi/10.2.1/../../../../arm-none-eabi/lib/thumb/v7e-m+fp/hard\libnosys.a(close.o)
                0x0800d3e4                _close
 .text._fstat   0x0800d3f4       0x10 d:/install/gnu arm embedded toolchain/10 2020-q4-major/bin/../lib/gcc/arm-none-eabi/10.2.1/../../../../arm-none-eabi/lib/thumb/v7e-m+fp/hard\libnosys.a(fstat.o)
                0x0800d3f4                _fstat
 .text._isatty  0x0800d404       0x10 d:/install/gnu arm embedded toolchain/10 2020-q4-major/bin/../lib/gcc/arm-none-eabi/10.2.1/../../../../arm-none-eabi/lib/thumb/v7e-m+fp/hard\libnosys.a(isatty.o)
                0x0800d404                _isatty
 .text._lseek   0x0800d414       0x10 d:/install/gnu arm embedded toolchain/10 2020-q4-major/bin/../lib/gcc/arm-none-eabi/10.2.1/../../../../arm-none-eabi/lib/thumb/v7e-m+fp/hard\libnosys.a(lseek.o)
                0x0800d414                _lseek
 .text._read    0x0800d424       0x10 d:/install/gnu arm embedded toolchain/10 2020-q4-major/bin/../lib/gcc/arm-none-eabi/10.2.1/../../../../arm-none-eabi/lib/thumb/v7e-m+fp/hard\libnosys.a(read.o)
                0x0800d424                _read
 .text._sbrk    0x0800d434       0x1c d:/install/gnu arm embedded toolchain/10 2020-q4-major/bin/../lib/gcc/arm-none-eabi/10.2.1/../../../../arm-none-eabi/lib/thumb/v7e-m+fp/hard\libnosys.a(sbrk.o)
                0x0800d434                _sbrk
 .text._write   0x0800d450       0x10 d:/install/gnu arm embedded toolchain/10 2020-q4-major/bin/../lib/gcc/arm-none-eabi/10.2.1/../../../../arm-none-eabi/lib/thumb/v7e-m+fp/hard\libnosys.a(write.o)
                0x0800d450                _write
 *(.glue_7)
 .glue_7        0x0800d460        0x0 linker stubs
 *(.glue_7t)
 .glue_7t       0x0800d460        0x0 linker stubs
 *(.eh_frame)
 .eh_frame      0x0800d460        0x0 d:/install/gnu arm embedded toolchain/10 2020-q4-major/bin/../lib/gcc/arm-none-eabi/10.2.1/thumb/v7e-m+fp/hard/crtbegin.o
 *(.init)
 .init          0x0800d460        0x4 d:/install/gnu arm embedded toolchain/10 2020-q4-major/bin/../lib/gcc/arm-none-eabi/10.2.1/thumb/v7e-m+fp/hard/crti.o
                0x0800d460                _init
 .init          0x0800d464        0x8 d:/install/gnu arm embedded toolchain/10 2020-q4-major/bin/../lib/gcc/arm-none-eabi/10.2.1/thumb/v7e-m+fp/hard/crtn.o
 *(.fini)
 .fini          0x0800d46c        0x4 d:/install/gnu arm embedded toolchain/10 2020-q4-major/bin/../lib/gcc/arm-none-eabi/10.2.1/thumb/v7e-m+fp/hard/crti.o
                0x0800d46c                _fini
 .fini          0x0800d470        0x8 d:/install/gnu arm embedded toolchain/10 2020-q4-major/bin/../lib/gcc/arm-none-eabi/10.2.1/thumb/v7e-m+fp/hard/crtn.o
                0x0800d478                . = ALIGN (0x4)
                0x0800d478                _etext = .

.vfp11_veneer   0x0800d478        0x0
 .vfp11_veneer  0x0800d478        0x0 linker stubs

.v4_bx          0x0800d478        0x0
 .v4_bx         0x0800d478        0x0 linker stubs

.iplt           0x0800d478        0x0
 .iplt          0x0800d478        0x0 d:/install/gnu arm embedded toolchain/10 2020-q4-major/bin/../lib/gcc/arm-none-eabi/10.2.1/thumb/v7e-m+fp/hard/crtbegin.o

.rodata         0x0800d478     0x1678
                0x0800d478                . = ALIGN (0x4)
 *(.rodata)
 *(.rodata*)
 .rodata.str1.4
                0x0800d478       0x60 build/exfuns.o
                                 0x64 (size before relaxing)
 .rodata.create_name.str1.4
                0x0800d4d8       0x13 build/ff.o
 *fill*         0x0800d4eb        0x1 
 .rodata.LfnOfs
                0x0800d4ec        0xd build/ff.o
 *fill*         0x0800d4f9        0x3 
 .rodata.fupd_prog.str1.4
                0x0800d4fc        0x2 build/fontupd.o
 *fill*         0x0800d4fe        0x2 
 .rodata.update_font.str1.4
                0x0800d500       0xb1 build/fontupd.o
 *fill*         0x0800d5b1        0x3 
 .rodata._aInterlaceOffset
                0x0800d5b4        0x4 build/gif.o
                0x0800d5b4                _aInterlaceOffset
 .rodata._aInterlaceYPos
                0x0800d5b8        0x4 build/gif.o
                0x0800d5b8                _aInterlaceYPos
 .rodata._aMaskTbl
                0x0800d5bc       0x20 build/gif.o
                0x0800d5bc                _aMaskTbl
 .rodata.asc2_1206
                0x0800d5dc      0x474 build/GUI.o
                0x0800d5dc                asc2_1206
 .rodata.asc2_1608
                0x0800da50      0x5f0 build/GUI.o
                0x0800da50                asc2_1608
 .rodata.LCD_Init.str1.4
                0x0800e040       0x1f build/lcd.o
 *fill*         0x0800e05f        0x1 
 .rodata.main.str1.4
                0x0800e060        0x7 build/main.o
 *fill*         0x0800e067        0x1 
 .rodata.memblksize
                0x0800e068        0xc build/malloc.o
                0x0800e068                memblksize
 .rodata.memsize
                0x0800e074        0xc build/malloc.o
                0x0800e074                memsize
 .rodata.memtblsize
                0x0800e080        0xc build/malloc.o
                0x0800e080                memtblsize
 .rodata.tbl_lower.1
                0x0800e08c      0x1e0 build/mycc936.o
 .rodata.tbl_upper.0
                0x0800e26c      0x1e0 build/mycc936.o
 .rodata.Check_SDCard.str1.4
                0x0800e44c       0x1a build/test.o
 *fill*         0x0800e466        0x2 
 .rodata.Check_Font.str1.4
                0x0800e468       0x60 build/test.o
                                 0x64 (size before relaxing)
 .rodata.SDCard_test.str1.4
                0x0800e4c8       0x77 build/test.o
 *fill*         0x0800e53f        0x1 
 .rodata.Show_Picture.str1.4
                0x0800e540       0x58 build/test.o
 .rodata.Clip8  0x0800e598      0x400 build/tjpgd.o
 .rodata.Ipsf   0x0800e998       0x80 build/tjpgd.o
 .rodata.Zig    0x0800ea18       0x40 build/tjpgd.o
 .rodata._global_impure_ptr
                0x0800ea58        0x4 d:/install/gnu arm embedded toolchain/10 2020-q4-major/bin/../lib/gcc/arm-none-eabi/10.2.1/../../../../arm-none-eabi/lib/thumb/v7e-m+fp/hard\libc_nano.a(lib_a-impure.o)
                0x0800ea58                _global_impure_ptr
 .rodata.__sf_fake_stderr
                0x0800ea5c       0x20 d:/install/gnu arm embedded toolchain/10 2020-q4-major/bin/../lib/gcc/arm-none-eabi/10.2.1/../../../../arm-none-eabi/lib/thumb/v7e-m+fp/hard\libc_nano.a(lib_a-findfp.o)
                0x0800ea5c                __sf_fake_stderr
 .rodata.__sf_fake_stdin
                0x0800ea7c       0x20 d:/install/gnu arm embedded toolchain/10 2020-q4-major/bin/../lib/gcc/arm-none-eabi/10.2.1/../../../../arm-none-eabi/lib/thumb/v7e-m+fp/hard\libc_nano.a(lib_a-findfp.o)
                0x0800ea7c                __sf_fake_stdin
 .rodata.__sf_fake_stdout
                0x0800ea9c       0x20 d:/install/gnu arm embedded toolchain/10 2020-q4-major/bin/../lib/gcc/arm-none-eabi/10.2.1/../../../../arm-none-eabi/lib/thumb/v7e-m+fp/hard\libc_nano.a(lib_a-findfp.o)
                0x0800ea9c                __sf_fake_stdout
 .rodata._vfprintf_r.str1.1
                0x0800eabc       0x11 d:/install/gnu arm embedded toolchain/10 2020-q4-major/bin/../lib/gcc/arm-none-eabi/10.2.1/../../../../arm-none-eabi/lib/thumb/v7e-m+fp/hard\libc_nano.a(lib_a-nano-vfprintf.o)
 .rodata._printf_i.str1.1
                0x0800eacd       0x22 d:/install/gnu arm embedded toolchain/10 2020-q4-major/bin/../lib/gcc/arm-none-eabi/10.2.1/../../../../arm-none-eabi/lib/thumb/v7e-m+fp/hard\libc_nano.a(lib_a-nano-vfprintf_i.o)
                0x0800eaf0                . = ALIGN (0x4)
 *fill*         0x0800eaef        0x1 

.rel.dyn        0x0800eaf0        0x0
 .rel.iplt      0x0800eaf0        0x0 d:/install/gnu arm embedded toolchain/10 2020-q4-major/bin/../lib/gcc/arm-none-eabi/10.2.1/thumb/v7e-m+fp/hard/crtbegin.o

.ARM.extab
 *(.ARM.extab* .gnu.linkonce.armextab.*)

.ARM            0x0800eaf0        0x0
                0x0800eaf0                __exidx_start = .
 *(.ARM.exidx*)
                0x0800eaf0                __exidx_end = .

.preinit_array  0x0800eaf0        0x0
                0x0800eaf0                PROVIDE (__preinit_array_start = .)
 *(.preinit_array*)
                0x0800eaf0                PROVIDE (__preinit_array_end = .)

.init_array     0x0800eaf0        0x4
                0x0800eaf0                PROVIDE (__init_array_start = .)
 *(SORT_BY_NAME(.init_array.*))
 *(.init_array*)
 .init_array    0x0800eaf0        0x4 d:/install/gnu arm embedded toolchain/10 2020-q4-major/bin/../lib/gcc/arm-none-eabi/10.2.1/thumb/v7e-m+fp/hard/crtbegin.o
                0x0800eaf4                PROVIDE (__init_array_end = .)

.fini_array     0x0800eaf4        0x4
                [!provide]                PROVIDE (__fini_array_start = .)
 *(SORT_BY_NAME(.fini_array.*))
 *(.fini_array*)
 .fini_array    0x0800eaf4        0x4 d:/install/gnu arm embedded toolchain/10 2020-q4-major/bin/../lib/gcc/arm-none-eabi/10.2.1/thumb/v7e-m+fp/hard/crtbegin.o
                [!provide]                PROVIDE (__fini_array_end = .)
                0x0800eaf8                _sidata = LOADADDR (.data)

.data           0x20000000      0x1dc load address 0x0800eaf8
                0x20000000                . = ALIGN (0x4)
                0x20000000                _sdata = .
 *(.data)
 *(.data*)
 .data.FLASH_SECTOR_COUNT
                0x20000000        0x2 build/diskio.o
                0x20000000                FLASH_SECTOR_COUNT
 *fill*         0x20000002        0x2 
 .data.FILE_TYPE_TBL
                0x20000004      0x138 build/exfuns.o
                0x20000004                FILE_TYPE_TBL
 .data.key_up.0
                0x2000013c        0x1 build/key.o
 *fill*         0x2000013d        0x1 
 .data.BACK_COLOR
                0x2000013e        0x2 build/lcd.o
                0x2000013e                BACK_COLOR
 .data.mallco_dev
                0x20000140       0x24 build/malloc.o
                0x20000140                mallco_dev
 .data.DeviceMode
                0x20000164        0x1 build/sdio_sdcard.o
 *fill*         0x20000165        0x1 
 .data.W25QXX_TYPE
                0x20000166        0x2 build/w25q64.o
                0x20000166                W25QXX_TYPE
 .data.APBAHBPrescTable
                0x20000168       0x10 build/stm32f4xx_rcc.o
 .data._impure_ptr
                0x20000178        0x4 d:/install/gnu arm embedded toolchain/10 2020-q4-major/bin/../lib/gcc/arm-none-eabi/10.2.1/../../../../arm-none-eabi/lib/thumb/v7e-m+fp/hard\libc_nano.a(lib_a-impure.o)
                0x20000178                _impure_ptr
 .data.impure_data
                0x2000017c       0x60 d:/install/gnu arm embedded toolchain/10 2020-q4-major/bin/../lib/gcc/arm-none-eabi/10.2.1/../../../../arm-none-eabi/lib/thumb/v7e-m+fp/hard\libc_nano.a(lib_a-impure.o)
                0x200001dc                . = ALIGN (0x4)
                0x200001dc                _edata = .
                0x0800ecd4                _siccmram = LOADADDR (.ccmram)

.igot.plt       0x200001dc        0x0 load address 0x0800ecd4
 .igot.plt      0x200001dc        0x0 d:/install/gnu arm embedded toolchain/10 2020-q4-major/bin/../lib/gcc/arm-none-eabi/10.2.1/thumb/v7e-m+fp/hard/crtbegin.o

.ccmram         0x10000000        0x0 load address 0x0800ecd4
                0x10000000                . = ALIGN (0x4)
                0x10000000                _sccmram = .
 *(.ccmram)
 *(.ccmram*)
                0x10000000                . = ALIGN (0x4)
                0x10000000                _eccmram = .
                0x10000000                . = ALIGN (0x4)

.bss            0x200001e0   0x12acb0
                0x200001e0                _sbss = .
                0x200001e0                __bss_start__ = _sbss
 *(.bss)
 .bss           0x200001e0       0x1c d:/install/gnu arm embedded toolchain/10 2020-q4-major/bin/../lib/gcc/arm-none-eabi/10.2.1/thumb/v7e-m+fp/hard/crtbegin.o
 *(.bss*)
 .bss.fac_ms    0x200001fc        0x2 build/delay.o
 .bss.fac_us    0x200001fe        0x1 build/delay.o
 *fill*         0x200001ff        0x1 
 .bss.fatbuf    0x20000200        0x4 build/exfuns.o
                0x20000200                fatbuf
 .bss.file      0x20000204        0x4 build/exfuns.o
                0x20000204                file
 .bss.fs        0x20000208        0x8 build/exfuns.o
                0x20000208                fs
 .bss.ftemp     0x20000210        0x4 build/exfuns.o
                0x20000210                ftemp
 .bss.FatFs     0x20000214        0x8 build/ff.o
 .bss.Fsid      0x2000021c        0x2 build/ff.o
 *fill*         0x2000021e        0x2 
 .bss.ftinfo    0x20000220       0x24 build/fontupd.o
                0x20000220                ftinfo
 .bss.gifdecoding
                0x20000244        0x1 build/gif.o
                0x20000244                gifdecoding
 *fill*         0x20000245        0x1 
 .bss.POINT_COLOR
                0x20000246        0x2 build/lcd.o
                0x20000246                POINT_COLOR
 .bss.lcddev    0x20000248       0x16 build/lcd.o
                0x20000248                lcddev
 *fill*         0x2000025e        0x2 
 .bss.mem1base  0x20000260    0x19000 build/malloc.o
                0x20000260                mem1base
 .bss.mem1mapbase
                0x20019260     0x1900 build/malloc.o
                0x20019260                mem1mapbase
 .bss.mem2base  0x2001ab60    0xf0000 build/malloc.o
                0x2001ab60                mem2base
 .bss.mem2mapbase
                0x2010ab60     0xf000 build/malloc.o
                0x2010ab60                mem2mapbase
 .bss.mem3base  0x20119b60     0xf000 build/malloc.o
                0x20119b60                mem3base
 .bss.mem3mapbase
                0x20128b60      0xf00 build/malloc.o
                0x20128b60                mem3mapbase
 .bss.pic_phy   0x20129a60       0x14 build/piclib.o
                0x20129a60                pic_phy
 .bss.picinfo   0x20129a74       0x28 build/piclib.o
                0x20129a74                picinfo
 .bss.CID_Tab   0x20129a9c       0x10 build/sdio_sdcard.o
 .bss.CSD_Tab   0x20129aac       0x10 build/sdio_sdcard.o
 .bss.CardType  0x20129abc        0x1 build/sdio_sdcard.o
 *fill*         0x20129abd        0x3 
 .bss.RCA       0x20129ac0        0x4 build/sdio_sdcard.o
 *fill*         0x20129ac4        0x4 
 .bss.SDCardInfo
                0x20129ac8       0x58 build/sdio_sdcard.o
                0x20129ac8                SDCardInfo
 .bss.SDIO_CmdInitStructure
                0x20129b20       0x14 build/sdio_sdcard.o
                0x20129b20                SDIO_CmdInitStructure
 .bss.SDIO_DATA_BUFFER
                0x20129b34      0x200 build/sdio_sdcard.o
                0x20129b34                SDIO_DATA_BUFFER
 .bss.SDIO_DataInitStructure
                0x20129d34       0x18 build/sdio_sdcard.o
                0x20129d34                SDIO_DataInitStructure
 .bss.SDIO_InitStructure
                0x20129d4c       0x18 build/sdio_sdcard.o
                0x20129d4c                SDIO_InitStructure
 .bss.StopCondition
                0x20129d64        0x1 build/sdio_sdcard.o
 .bss.TransferEnd
                0x20129d65        0x1 build/sdio_sdcard.o
                0x20129d65                TransferEnd
 .bss.TransferError
                0x20129d66        0x1 build/sdio_sdcard.o
                0x20129d66                TransferError
 *fill*         0x20129d67        0x1 
 .bss.tempbuff  0x20129d68        0x4 build/sdio_sdcard.o
                0x20129d68                tempbuff
 .bss.f_jpeg    0x20129d6c        0x4 build/tjpgd.o
                0x20129d6c                f_jpeg
 .bss.jpeg_dev  0x20129d70        0x4 build/tjpgd.o
                0x20129d70                jpeg_dev
 .bss.jpg_buffer
                0x20129d74        0x4 build/tjpgd.o
                0x20129d74                jpg_buffer
 .bss.USART_RX_BUF
                0x20129d78      0x100 build/usart.o
                0x20129d78                USART_RX_BUF
 .bss.USART_RX_STA
                0x20129e78        0x2 build/usart.o
                0x20129e78                USART_RX_STA
 *fill*         0x20129e7a        0x2 
 .bss.W25Q64_BUFFER
                0x20129e7c     0x1000 build/w25q64.o
                0x20129e7c                W25Q64_BUFFER
 .bss.__lock___malloc_recursive_mutex
                0x2012ae7c        0x1 d:/install/gnu arm embedded toolchain/10 2020-q4-major/bin/../lib/gcc/arm-none-eabi/10.2.1/../../../../arm-none-eabi/lib/thumb/v7e-m+fp/hard\libc_nano.a(lib_a-lock.o)
                0x2012ae7c                __lock___malloc_recursive_mutex
 .bss.__lock___sfp_recursive_mutex
                0x2012ae7d        0x1 d:/install/gnu arm embedded toolchain/10 2020-q4-major/bin/../lib/gcc/arm-none-eabi/10.2.1/../../../../arm-none-eabi/lib/thumb/v7e-m+fp/hard\libc_nano.a(lib_a-lock.o)
                0x2012ae7d                __lock___sfp_recursive_mutex
 .bss.__lock___sinit_recursive_mutex
                0x2012ae7e        0x1 d:/install/gnu arm embedded toolchain/10 2020-q4-major/bin/../lib/gcc/arm-none-eabi/10.2.1/../../../../arm-none-eabi/lib/thumb/v7e-m+fp/hard\libc_nano.a(lib_a-lock.o)
                0x2012ae7e                __lock___sinit_recursive_mutex
 *fill*         0x2012ae7f        0x1 
 .bss.__malloc_free_list
                0x2012ae80        0x4 d:/install/gnu arm embedded toolchain/10 2020-q4-major/bin/../lib/gcc/arm-none-eabi/10.2.1/../../../../arm-none-eabi/lib/thumb/v7e-m+fp/hard\libc_nano.a(lib_a-nano-mallocr.o)
                0x2012ae80                __malloc_free_list
 .bss.__malloc_sbrk_start
                0x2012ae84        0x4 d:/install/gnu arm embedded toolchain/10 2020-q4-major/bin/../lib/gcc/arm-none-eabi/10.2.1/../../../../arm-none-eabi/lib/thumb/v7e-m+fp/hard\libc_nano.a(lib_a-nano-mallocr.o)
                0x2012ae84                __malloc_sbrk_start
 .bss.errno     0x2012ae88        0x4 d:/install/gnu arm embedded toolchain/10 2020-q4-major/bin/../lib/gcc/arm-none-eabi/10.2.1/../../../../arm-none-eabi/lib/thumb/v7e-m+fp/hard\libc_nano.a(lib_a-reent.o)
                0x2012ae88                errno
 .bss.heap_end.0
                0x2012ae8c        0x4 d:/install/gnu arm embedded toolchain/10 2020-q4-major/bin/../lib/gcc/arm-none-eabi/10.2.1/../../../../arm-none-eabi/lib/thumb/v7e-m+fp/hard\libnosys.a(sbrk.o)
 *(COMMON)
                0x2012ae90                . = ALIGN (0x4)
                0x2012ae90                _ebss = .
                0x2012ae90                __bss_end__ = _ebss

._user_heap_stack
                0x2012ae90      0x600
                0x2012ae90                . = ALIGN (0x8)
                0x2012ae90                PROVIDE (end = .)
                [!provide]                PROVIDE (_end = .)
                0x2012b090                . = (. + _Min_Heap_Size)
 *fill*         0x2012ae90      0x200 
                0x2012b490                . = (. + _Min_Stack_Size)
 *fill*         0x2012b090      0x400 
                0x2012b490                . = ALIGN (0x8)

/DISCARD/
 libc.a(*)
 libm.a(*)
 libgcc.a(*)

.ARM.attributes
                0x00000000       0x30
 *(.ARM.attributes)
 .ARM.attributes
                0x00000000       0x1e d:/install/gnu arm embedded toolchain/10 2020-q4-major/bin/../lib/gcc/arm-none-eabi/10.2.1/thumb/v7e-m+fp/hard/crti.o
 .ARM.attributes
                0x0000001e       0x34 d:/install/gnu arm embedded toolchain/10 2020-q4-major/bin/../lib/gcc/arm-none-eabi/10.2.1/thumb/v7e-m+fp/hard/crtbegin.o
 .ARM.attributes
                0x00000052       0x34 build/bmp.o
 .ARM.attributes
                0x00000086       0x34 build/delay.o
 .ARM.attributes
                0x000000ba       0x34 build/diskio.o
 .ARM.attributes
                0x000000ee       0x34 build/exfuns.o
 .ARM.attributes
                0x00000122       0x34 build/ff.o
 .ARM.attributes
                0x00000156       0x34 build/fontupd.o
 .ARM.attributes
                0x0000018a       0x34 build/gif.o
 .ARM.attributes
                0x000001be       0x34 build/GUI.o
 .ARM.attributes
                0x000001f2       0x34 build/key.o
 .ARM.attributes
                0x00000226       0x34 build/lcd.o
 .ARM.attributes
                0x0000025a       0x34 build/led.o
 .ARM.attributes
                0x0000028e       0x34 build/main.o
 .ARM.attributes
                0x000002c2       0x34 build/malloc.o
 .ARM.attributes
                0x000002f6       0x34 build/mycc936.o
 .ARM.attributes
                0x0000032a       0x34 build/piclib.o
 .ARM.attributes
                0x0000035e       0x34 build/sdio_sdcard.o
 .ARM.attributes
                0x00000392       0x34 build/spi.o
 .ARM.attributes
                0x000003c6       0x34 build/test.o
 .ARM.attributes
                0x000003fa       0x34 build/text.o
 .ARM.attributes
                0x0000042e       0x34 build/tjpgd.o
 .ARM.attributes
                0x00000462       0x34 build/usart.o
 .ARM.attributes
                0x00000496       0x34 build/w25q64.o
 .ARM.attributes
                0x000004ca       0x34 build/sys.o
 .ARM.attributes
                0x000004fe       0x34 build/stm32f4xx_it.o
 .ARM.attributes
                0x00000532       0x34 build/misc.o
 .ARM.attributes
                0x00000566       0x34 build/stm32f4xx_dma.o
 .ARM.attributes
                0x0000059a       0x34 build/stm32f4xx_fsmc.o
 .ARM.attributes
                0x000005ce       0x34 build/stm32f4xx_gpio.o
 .ARM.attributes
                0x00000602       0x34 build/stm32f4xx_rcc.o
 .ARM.attributes
                0x00000636       0x34 build/stm32f4xx_sdio.o
 .ARM.attributes
                0x0000066a       0x34 build/stm32f4xx_spi.o
 .ARM.attributes
                0x0000069e       0x34 build/stm32f4xx_usart.o
 .ARM.attributes
                0x000006d2       0x34 build/system_stm32f4xx.o
 .ARM.attributes
                0x00000706       0x21 build/startup_stm32f407xx.o
 .ARM.attributes
                0x00000727       0x32 d:/install/gnu arm embedded toolchain/10 2020-q4-major/bin/../lib/gcc/arm-none-eabi/10.2.1/../../../../arm-none-eabi/lib/thumb/v7e-m+fp/hard\libc_nano.a(lib_a-impure.o)
 .ARM.attributes
                0x00000759       0x34 d:/install/gnu arm embedded toolchain/10 2020-q4-major/bin/../lib/gcc/arm-none-eabi/10.2.1/../../../../arm-none-eabi/lib/thumb/v7e-m+fp/hard\libc_nano.a(lib_a-init.o)
 .ARM.attributes
                0x0000078d       0x34 d:/install/gnu arm embedded toolchain/10 2020-q4-major/bin/../lib/gcc/arm-none-eabi/10.2.1/../../../../arm-none-eabi/lib/thumb/v7e-m+fp/hard\libc_nano.a(lib_a-memcpy-stub.o)
 .ARM.attributes
                0x000007c1       0x34 d:/install/gnu arm embedded toolchain/10 2020-q4-major/bin/../lib/gcc/arm-none-eabi/10.2.1/../../../../arm-none-eabi/lib/thumb/v7e-m+fp/hard\libc_nano.a(lib_a-memset.o)
 .ARM.attributes
                0x000007f5       0x34 d:/install/gnu arm embedded toolchain/10 2020-q4-major/bin/../lib/gcc/arm-none-eabi/10.2.1/../../../../arm-none-eabi/lib/thumb/v7e-m+fp/hard\libc_nano.a(lib_a-printf.o)
 .ARM.attributes
                0x00000829       0x34 d:/install/gnu arm embedded toolchain/10 2020-q4-major/bin/../lib/gcc/arm-none-eabi/10.2.1/../../../../arm-none-eabi/lib/thumb/v7e-m+fp/hard\libc_nano.a(lib_a-puts.o)
 .ARM.attributes
                0x0000085d       0x34 d:/install/gnu arm embedded toolchain/10 2020-q4-major/bin/../lib/gcc/arm-none-eabi/10.2.1/../../../../arm-none-eabi/lib/thumb/v7e-m+fp/hard\libc_nano.a(lib_a-strcat.o)
 .ARM.attributes
                0x00000891       0x1c d:/install/gnu arm embedded toolchain/10 2020-q4-major/bin/../lib/gcc/arm-none-eabi/10.2.1/../../../../arm-none-eabi/lib/thumb/v7e-m+fp/hard\libc_nano.a(lib_a-strcmp.o)
 .ARM.attributes
                0x000008ad       0x34 d:/install/gnu arm embedded toolchain/10 2020-q4-major/bin/../lib/gcc/arm-none-eabi/10.2.1/../../../../arm-none-eabi/lib/thumb/v7e-m+fp/hard\libc_nano.a(lib_a-strcpy.o)
 .ARM.attributes
                0x000008e1       0x17 d:/install/gnu arm embedded toolchain/10 2020-q4-major/bin/../lib/gcc/arm-none-eabi/10.2.1/../../../../arm-none-eabi/lib/thumb/v7e-m+fp/hard\libc_nano.a(lib_a-strlen.o)
 .ARM.attributes
                0x000008f8       0x34 d:/install/gnu arm embedded toolchain/10 2020-q4-major/bin/../lib/gcc/arm-none-eabi/10.2.1/../../../../arm-none-eabi/lib/thumb/v7e-m+fp/hard\libc_nano.a(lib_a-wbuf.o)
 .ARM.attributes
                0x0000092c       0x34 d:/install/gnu arm embedded toolchain/10 2020-q4-major/bin/../lib/gcc/arm-none-eabi/10.2.1/../../../../arm-none-eabi/lib/thumb/v7e-m+fp/hard\libc_nano.a(lib_a-wsetup.o)
 .ARM.attributes
                0x00000960       0x34 d:/install/gnu arm embedded toolchain/10 2020-q4-major/bin/../lib/gcc/arm-none-eabi/10.2.1/../../../../arm-none-eabi/lib/thumb/v7e-m+fp/hard\libc_nano.a(lib_a-fflush.o)
 .ARM.attributes
                0x00000994       0x34 d:/install/gnu arm embedded toolchain/10 2020-q4-major/bin/../lib/gcc/arm-none-eabi/10.2.1/../../../../arm-none-eabi/lib/thumb/v7e-m+fp/hard\libc_nano.a(lib_a-findfp.o)
 .ARM.attributes
                0x000009c8       0x34 d:/install/gnu arm embedded toolchain/10 2020-q4-major/bin/../lib/gcc/arm-none-eabi/10.2.1/../../../../arm-none-eabi/lib/thumb/v7e-m+fp/hard\libc_nano.a(lib_a-fwalk.o)
 .ARM.attributes
                0x000009fc       0x34 d:/install/gnu arm embedded toolchain/10 2020-q4-major/bin/../lib/gcc/arm-none-eabi/10.2.1/../../../../arm-none-eabi/lib/thumb/v7e-m+fp/hard\libc_nano.a(lib_a-lock.o)
 .ARM.attributes
                0x00000a30       0x34 d:/install/gnu arm embedded toolchain/10 2020-q4-major/bin/../lib/gcc/arm-none-eabi/10.2.1/../../../../arm-none-eabi/lib/thumb/v7e-m+fp/hard\libc_nano.a(lib_a-makebuf.o)
 .ARM.attributes
                0x00000a64       0x34 d:/install/gnu arm embedded toolchain/10 2020-q4-major/bin/../lib/gcc/arm-none-eabi/10.2.1/../../../../arm-none-eabi/lib/thumb/v7e-m+fp/hard\libc_nano.a(lib_a-nano-freer.o)
 .ARM.attributes
                0x00000a98       0x34 d:/install/gnu arm embedded toolchain/10 2020-q4-major/bin/../lib/gcc/arm-none-eabi/10.2.1/../../../../arm-none-eabi/lib/thumb/v7e-m+fp/hard\libc_nano.a(lib_a-nano-mallocr.o)
 .ARM.attributes
                0x00000acc       0x34 d:/install/gnu arm embedded toolchain/10 2020-q4-major/bin/../lib/gcc/arm-none-eabi/10.2.1/../../../../arm-none-eabi/lib/thumb/v7e-m+fp/hard\libc_nano.a(lib_a-nano-vfprintf.o)
 .ARM.attributes
                0x00000b00       0x34 d:/install/gnu arm embedded toolchain/10 2020-q4-major/bin/../lib/gcc/arm-none-eabi/10.2.1/../../../../arm-none-eabi/lib/thumb/v7e-m+fp/hard\libc_nano.a(lib_a-nano-vfprintf_i.o)
 .ARM.attributes
                0x00000b34       0x34 d:/install/gnu arm embedded toolchain/10 2020-q4-major/bin/../lib/gcc/arm-none-eabi/10.2.1/../../../../arm-none-eabi/lib/thumb/v7e-m+fp/hard\libc_nano.a(lib_a-sbrkr.o)
 .ARM.attributes
                0x00000b68       0x34 d:/install/gnu arm embedded toolchain/10 2020-q4-major/bin/../lib/gcc/arm-none-eabi/10.2.1/../../../../arm-none-eabi/lib/thumb/v7e-m+fp/hard\libc_nano.a(lib_a-stdio.o)
 .ARM.attributes
                0x00000b9c       0x34 d:/install/gnu arm embedded toolchain/10 2020-q4-major/bin/../lib/gcc/arm-none-eabi/10.2.1/../../../../arm-none-eabi/lib/thumb/v7e-m+fp/hard\libc_nano.a(lib_a-writer.o)
 .ARM.attributes
                0x00000bd0       0x34 d:/install/gnu arm embedded toolchain/10 2020-q4-major/bin/../lib/gcc/arm-none-eabi/10.2.1/../../../../arm-none-eabi/lib/thumb/v7e-m+fp/hard\libc_nano.a(lib_a-closer.o)
 .ARM.attributes
                0x00000c04       0x34 d:/install/gnu arm embedded toolchain/10 2020-q4-major/bin/../lib/gcc/arm-none-eabi/10.2.1/../../../../arm-none-eabi/lib/thumb/v7e-m+fp/hard\libc_nano.a(lib_a-fstatr.o)
 .ARM.attributes
                0x00000c38       0x34 d:/install/gnu arm embedded toolchain/10 2020-q4-major/bin/../lib/gcc/arm-none-eabi/10.2.1/../../../../arm-none-eabi/lib/thumb/v7e-m+fp/hard\libc_nano.a(lib_a-isattyr.o)
 .ARM.attributes
                0x00000c6c       0x34 d:/install/gnu arm embedded toolchain/10 2020-q4-major/bin/../lib/gcc/arm-none-eabi/10.2.1/../../../../arm-none-eabi/lib/thumb/v7e-m+fp/hard\libc_nano.a(lib_a-lseekr.o)
 .ARM.attributes
                0x00000ca0       0x1c d:/install/gnu arm embedded toolchain/10 2020-q4-major/bin/../lib/gcc/arm-none-eabi/10.2.1/../../../../arm-none-eabi/lib/thumb/v7e-m+fp/hard\libc_nano.a(lib_a-memchr.o)
 .ARM.attributes
                0x00000cbc       0x34 d:/install/gnu arm embedded toolchain/10 2020-q4-major/bin/../lib/gcc/arm-none-eabi/10.2.1/../../../../arm-none-eabi/lib/thumb/v7e-m+fp/hard\libc_nano.a(lib_a-mlock.o)
 .ARM.attributes
                0x00000cf0       0x34 d:/install/gnu arm embedded toolchain/10 2020-q4-major/bin/../lib/gcc/arm-none-eabi/10.2.1/../../../../arm-none-eabi/lib/thumb/v7e-m+fp/hard\libc_nano.a(lib_a-readr.o)
 .ARM.attributes
                0x00000d24       0x34 d:/install/gnu arm embedded toolchain/10 2020-q4-major/bin/../lib/gcc/arm-none-eabi/10.2.1/../../../../arm-none-eabi/lib/thumb/v7e-m+fp/hard\libc_nano.a(lib_a-reent.o)
 .ARM.attributes
                0x00000d58       0x34 d:/install/gnu arm embedded toolchain/10 2020-q4-major/bin/../lib/gcc/arm-none-eabi/10.2.1/../../../../arm-none-eabi/lib/thumb/v7e-m+fp/hard\libnosys.a(close.o)
 .ARM.attributes
                0x00000d8c       0x34 d:/install/gnu arm embedded toolchain/10 2020-q4-major/bin/../lib/gcc/arm-none-eabi/10.2.1/../../../../arm-none-eabi/lib/thumb/v7e-m+fp/hard\libnosys.a(fstat.o)
 .ARM.attributes
                0x00000dc0       0x34 d:/install/gnu arm embedded toolchain/10 2020-q4-major/bin/../lib/gcc/arm-none-eabi/10.2.1/../../../../arm-none-eabi/lib/thumb/v7e-m+fp/hard\libnosys.a(isatty.o)
 .ARM.attributes
                0x00000df4       0x34 d:/install/gnu arm embedded toolchain/10 2020-q4-major/bin/../lib/gcc/arm-none-eabi/10.2.1/../../../../arm-none-eabi/lib/thumb/v7e-m+fp/hard\libnosys.a(lseek.o)
 .ARM.attributes
                0x00000e28       0x34 d:/install/gnu arm embedded toolchain/10 2020-q4-major/bin/../lib/gcc/arm-none-eabi/10.2.1/../../../../arm-none-eabi/lib/thumb/v7e-m+fp/hard\libnosys.a(read.o)
 .ARM.attributes
                0x00000e5c       0x34 d:/install/gnu arm embedded toolchain/10 2020-q4-major/bin/../lib/gcc/arm-none-eabi/10.2.1/../../../../arm-none-eabi/lib/thumb/v7e-m+fp/hard\libnosys.a(sbrk.o)
 .ARM.attributes
                0x00000e90       0x34 d:/install/gnu arm embedded toolchain/10 2020-q4-major/bin/../lib/gcc/arm-none-eabi/10.2.1/../../../../arm-none-eabi/lib/thumb/v7e-m+fp/hard\libnosys.a(write.o)
 .ARM.attributes
                0x00000ec4       0x1e d:/install/gnu arm embedded toolchain/10 2020-q4-major/bin/../lib/gcc/arm-none-eabi/10.2.1/thumb/v7e-m+fp/hard\libgcc.a(_arm_muldf3.o)
 .ARM.attributes
                0x00000ee2       0x1e d:/install/gnu arm embedded toolchain/10 2020-q4-major/bin/../lib/gcc/arm-none-eabi/10.2.1/thumb/v7e-m+fp/hard\libgcc.a(_arm_addsubdf3.o)
 .ARM.attributes
                0x00000f00       0x1e d:/install/gnu arm embedded toolchain/10 2020-q4-major/bin/../lib/gcc/arm-none-eabi/10.2.1/thumb/v7e-m+fp/hard\libgcc.a(_arm_fixunsdfsi.o)
 .ARM.attributes
                0x00000f1e       0x1e d:/install/gnu arm embedded toolchain/10 2020-q4-major/bin/../lib/gcc/arm-none-eabi/10.2.1/thumb/v7e-m+fp/hard/crtn.o
OUTPUT(build/sd.elf elf32-littlearm)
LOAD linker stubs
LOAD d:/install/gnu arm embedded toolchain/10 2020-q4-major/bin/../lib/gcc/arm-none-eabi/10.2.1/../../../../arm-none-eabi/lib/thumb/v7e-m+fp/hard\libc.a
LOAD d:/install/gnu arm embedded toolchain/10 2020-q4-major/bin/../lib/gcc/arm-none-eabi/10.2.1/../../../../arm-none-eabi/lib/thumb/v7e-m+fp/hard\libm.a
LOAD d:/install/gnu arm embedded toolchain/10 2020-q4-major/bin/../lib/gcc/arm-none-eabi/10.2.1/thumb/v7e-m+fp/hard\libgcc.a

.debug_info     0x00000000    0x260ef
 .debug_info    0x00000000     0x125d build/bmp.o
 .debug_info    0x0000125d      0x2b5 build/delay.o
 .debug_info    0x00001512      0x870 build/diskio.o
 .debug_info    0x00001d82      0x830 build/exfuns.o
 .debug_info    0x000025b2     0x454d build/ff.o
 .debug_info    0x00006aff      0xfa7 build/fontupd.o
 .debug_info    0x00007aa6     0x1863 build/gif.o
 .debug_info    0x00009309     0x1db3 build/GUI.o
 .debug_info    0x0000b0bc      0x3cc build/key.o
 .debug_info    0x0000b488     0xa525 build/lcd.o
 .debug_info    0x000159ad      0x382 build/led.o
 .debug_info    0x00015d2f      0x3e4 build/main.o
 .debug_info    0x00016113      0x745 build/malloc.o
 .debug_info    0x00016858      0x324 build/mycc936.o
 .debug_info    0x00016b7c      0x80e build/piclib.o
 .debug_info    0x0001738a     0x30d6 build/sdio_sdcard.o
 .debug_info    0x0001a460      0x796 build/spi.o
 .debug_info    0x0001abf6      0xfd8 build/test.o
 .debug_info    0x0001bbce      0x70c build/text.o
 .debug_info    0x0001c2da     0x1dba build/tjpgd.o
 .debug_info    0x0001e094     0x13f9 build/usart.o
 .debug_info    0x0001f48d      0xaf1 build/w25q64.o
 .debug_info    0x0001ff7e      0x100 build/sys.o
 .debug_info    0x0002007e      0x136 build/stm32f4xx_it.o
 .debug_info    0x000201b4      0x5eb build/misc.o
 .debug_info    0x0002079f      0x858 build/stm32f4xx_dma.o
 .debug_info    0x00020ff7      0xaa9 build/stm32f4xx_fsmc.o
 .debug_info    0x00021aa0      0x911 build/stm32f4xx_gpio.o
 .debug_info    0x000223b1     0x1111 build/stm32f4xx_rcc.o
 .debug_info    0x000234c2      0x988 build/stm32f4xx_sdio.o
 .debug_info    0x00023e4a      0xe7e build/stm32f4xx_spi.o
 .debug_info    0x00024cc8      0xd2b build/stm32f4xx_usart.o
 .debug_info    0x000259f3      0x6da build/system_stm32f4xx.o
 .debug_info    0x000260cd       0x22 build/startup_stm32f407xx.o

.debug_abbrev   0x00000000     0x430e
 .debug_abbrev  0x00000000      0x26d build/bmp.o
 .debug_abbrev  0x0000026d      0x155 build/delay.o
 .debug_abbrev  0x000003c2      0x1ec build/diskio.o
 .debug_abbrev  0x000005ae      0x20e build/exfuns.o
 .debug_abbrev  0x000007bc      0x2ec build/ff.o
 .debug_abbrev  0x00000aa8      0x1f2 build/fontupd.o
 .debug_abbrev  0x00000c9a      0x340 build/gif.o
 .debug_abbrev  0x00000fda      0x26b build/GUI.o
 .debug_abbrev  0x00001245      0x19d build/key.o
 .debug_abbrev  0x000013e2      0x361 build/lcd.o
 .debug_abbrev  0x00001743      0x148 build/led.o
 .debug_abbrev  0x0000188b       0xf9 build/main.o
 .debug_abbrev  0x00001984      0x259 build/malloc.o
 .debug_abbrev  0x00001bdd      0x16d build/mycc936.o
 .debug_abbrev  0x00001d4a      0x212 build/piclib.o
 .debug_abbrev  0x00001f5c      0x398 build/sdio_sdcard.o
 .debug_abbrev  0x000022f4      0x192 build/spi.o
 .debug_abbrev  0x00002486      0x1ed build/test.o
 .debug_abbrev  0x00002673      0x17b build/text.o
 .debug_abbrev  0x000027ee      0x379 build/tjpgd.o
 .debug_abbrev  0x00002b67      0x321 build/usart.o
 .debug_abbrev  0x00002e88      0x294 build/w25q64.o
 .debug_abbrev  0x0000311c       0x91 build/sys.o
 .debug_abbrev  0x000031ad       0x46 build/stm32f4xx_it.o
 .debug_abbrev  0x000031f3      0x167 build/misc.o
 .debug_abbrev  0x0000335a      0x1bc build/stm32f4xx_dma.o
 .debug_abbrev  0x00003516      0x200 build/stm32f4xx_fsmc.o
 .debug_abbrev  0x00003716      0x249 build/stm32f4xx_gpio.o
 .debug_abbrev  0x0000395f      0x240 build/stm32f4xx_rcc.o
 .debug_abbrev  0x00003b9f      0x1fb build/stm32f4xx_sdio.o
 .debug_abbrev  0x00003d9a      0x1ed build/stm32f4xx_spi.o
 .debug_abbrev  0x00003f87      0x1ec build/stm32f4xx_usart.o
 .debug_abbrev  0x00004173      0x189 build/system_stm32f4xx.o
 .debug_abbrev  0x000042fc       0x12 build/startup_stm32f407xx.o

.debug_loc      0x00000000    0x17376
 .debug_loc     0x00000000     0x116c build/bmp.o
 .debug_loc     0x0000116c      0x142 build/delay.o
 .debug_loc     0x000012ae      0x679 build/diskio.o
 .debug_loc     0x00001927      0x2d1 build/exfuns.o
 .debug_loc     0x00001bf8     0x6784 build/ff.o
 .debug_loc     0x0000837c      0x890 build/fontupd.o
 .debug_loc     0x00008c0c     0x14e8 build/gif.o
 .debug_loc     0x0000a0f4     0x1b17 build/GUI.o
 .debug_loc     0x0000bc0b       0xd4 build/key.o
 .debug_loc     0x0000bcdf      0xabd build/lcd.o
 .debug_loc     0x0000c79c       0x38 build/led.o
 .debug_loc     0x0000c7d4       0x20 build/main.o
 .debug_loc     0x0000c7f4      0x68e build/malloc.o
 .debug_loc     0x0000ce82      0x1ea build/mycc936.o
 .debug_loc     0x0000d06c      0x67d build/piclib.o
 .debug_loc     0x0000d6e9     0x262b build/sdio_sdcard.o
 .debug_loc     0x0000fd14       0xc3 build/spi.o
 .debug_loc     0x0000fdd7      0x3c1 build/test.o
 .debug_loc     0x00010198      0x889 build/text.o
 .debug_loc     0x00010a21     0x2d92 build/tjpgd.o
 .debug_loc     0x000137b3      0x113 build/usart.o
 .debug_loc     0x000138c6      0x63e build/w25q64.o
 .debug_loc     0x00013f04      0x187 build/misc.o
 .debug_loc     0x0001408b      0x527 build/stm32f4xx_dma.o
 .debug_loc     0x000145b2      0x6c7 build/stm32f4xx_fsmc.o
 .debug_loc     0x00014c79      0x4af build/stm32f4xx_gpio.o
 .debug_loc     0x00015128      0xc16 build/stm32f4xx_rcc.o
 .debug_loc     0x00015d3e      0x33f build/stm32f4xx_sdio.o
 .debug_loc     0x0001607d      0x8d9 build/stm32f4xx_spi.o
 .debug_loc     0x00016956      0x870 build/stm32f4xx_usart.o
 .debug_loc     0x000171c6      0x1b0 build/system_stm32f4xx.o

.debug_aranges  0x00000000     0x1188
 .debug_aranges
                0x00000000       0x30 build/bmp.o
 .debug_aranges
                0x00000030       0x38 build/delay.o
 .debug_aranges
                0x00000068       0x58 build/diskio.o
 .debug_aranges
                0x000000c0       0x38 build/exfuns.o
 .debug_aranges
                0x000000f8      0x1f8 build/ff.o
 .debug_aranges
                0x000002f0       0x38 build/fontupd.o
 .debug_aranges
                0x00000328       0x98 build/gif.o
 .debug_aranges
                0x000003c0       0xd8 build/GUI.o
 .debug_aranges
                0x00000498       0x28 build/key.o
 .debug_aranges
                0x000004c0       0xc0 build/lcd.o
 .debug_aranges
                0x00000580       0x20 build/led.o
 .debug_aranges
                0x000005a0       0x20 build/main.o
 .debug_aranges
                0x000005c0       0x60 build/malloc.o
 .debug_aranges
                0x00000620       0x28 build/mycc936.o
 .debug_aranges
                0x00000648       0x60 build/piclib.o
 .debug_aranges
                0x000006a8      0x110 build/sdio_sdcard.o
 .debug_aranges
                0x000007b8       0x30 build/spi.o
 .debug_aranges
                0x000007e8       0x40 build/test.o
 .debug_aranges
                0x00000828       0x38 build/text.o
 .debug_aranges
                0x00000860       0xa0 build/tjpgd.o
 .debug_aranges
                0x00000900       0x38 build/usart.o
 .debug_aranges
                0x00000938       0x90 build/w25q64.o
 .debug_aranges
                0x000009c8       0x38 build/sys.o
 .debug_aranges
                0x00000a00       0x60 build/stm32f4xx_it.o
 .debug_aranges
                0x00000a60       0x40 build/misc.o
 .debug_aranges
                0x00000aa0       0xb0 build/stm32f4xx_dma.o
 .debug_aranges
                0x00000b50       0xb0 build/stm32f4xx_fsmc.o
 .debug_aranges
                0x00000c00       0x88 build/stm32f4xx_gpio.o
 .debug_aranges
                0x00000c88      0x1c0 build/stm32f4xx_rcc.o
 .debug_aranges
                0x00000e48      0x108 build/stm32f4xx_sdio.o
 .debug_aranges
                0x00000f50       0xe0 build/stm32f4xx_spi.o
 .debug_aranges
                0x00001030      0x100 build/stm32f4xx_usart.o
 .debug_aranges
                0x00001130       0x30 build/system_stm32f4xx.o
 .debug_aranges
                0x00001160       0x28 build/startup_stm32f407xx.o

.debug_ranges   0x00000000     0x1030
 .debug_ranges  0x00000000       0x20 build/bmp.o
 .debug_ranges  0x00000020       0x28 build/delay.o
 .debug_ranges  0x00000048       0x48 build/diskio.o
 .debug_ranges  0x00000090       0x28 build/exfuns.o
 .debug_ranges  0x000000b8      0x260 build/ff.o
 .debug_ranges  0x00000318       0x28 build/fontupd.o
 .debug_ranges  0x00000340       0xa0 build/gif.o
 .debug_ranges  0x000003e0       0xc8 build/GUI.o
 .debug_ranges  0x000004a8       0x18 build/key.o
 .debug_ranges  0x000004c0       0xb0 build/lcd.o
 .debug_ranges  0x00000570       0x10 build/led.o
 .debug_ranges  0x00000580       0x10 build/main.o
 .debug_ranges  0x00000590       0x68 build/malloc.o
 .debug_ranges  0x000005f8       0x18 build/mycc936.o
 .debug_ranges  0x00000610       0x50 build/piclib.o
 .debug_ranges  0x00000660      0x100 build/sdio_sdcard.o