Archive member included to satisfy reference by file (symbol)

/usr/lib/gcc/arm-none-eabi/9.2.1/../../../arm-none-eabi/lib/thumb/v7e-m+fp/hard/libc_nano.a(lib_a-atexit.o)
                              /usr/lib/gcc/arm-none-eabi/9.2.1/../../../arm-none-eabi/lib/thumb/v7e-m+fp/hard/crt0.o (atexit)
/usr/lib/gcc/arm-none-eabi/9.2.1/../../../arm-none-eabi/lib/thumb/v7e-m+fp/hard/libc_nano.a(lib_a-exit.o)
                              /usr/lib/gcc/arm-none-eabi/9.2.1/../../../arm-none-eabi/lib/thumb/v7e-m+fp/hard/crt0.o (exit)
/usr/lib/gcc/arm-none-eabi/9.2.1/../../../arm-none-eabi/lib/thumb/v7e-m+fp/hard/libc_nano.a(lib_a-fini.o)
                              /usr/lib/gcc/arm-none-eabi/9.2.1/../../../arm-none-eabi/lib/thumb/v7e-m+fp/hard/crt0.o (__libc_fini_array)
/usr/lib/gcc/arm-none-eabi/9.2.1/../../../arm-none-eabi/lib/thumb/v7e-m+fp/hard/libc_nano.a(lib_a-impure.o)
                              /usr/lib/gcc/arm-none-eabi/9.2.1/../../../arm-none-eabi/lib/thumb/v7e-m+fp/hard/libc_nano.a(lib_a-exit.o) (_global_impure_ptr)
/usr/lib/gcc/arm-none-eabi/9.2.1/../../../arm-none-eabi/lib/thumb/v7e-m+fp/hard/libc_nano.a(lib_a-init.o)
                              /usr/lib/gcc/arm-none-eabi/9.2.1/../../../arm-none-eabi/lib/thumb/v7e-m+fp/hard/crt0.o (__libc_init_array)
/usr/lib/gcc/arm-none-eabi/9.2.1/../../../arm-none-eabi/lib/thumb/v7e-m+fp/hard/libc_nano.a(lib_a-memset.o)
                              /usr/lib/gcc/arm-none-eabi/9.2.1/../../../arm-none-eabi/lib/thumb/v7e-m+fp/hard/crt0.o (memset)
/usr/lib/gcc/arm-none-eabi/9.2.1/../../../arm-none-eabi/lib/thumb/v7e-m+fp/hard/libc_nano.a(lib_a-printf.o)
                              build/main.o (printf)
/usr/lib/gcc/arm-none-eabi/9.2.1/../../../arm-none-eabi/lib/thumb/v7e-m+fp/hard/libc_nano.a(lib_a-puts.o)
                              build/lcd.o (puts)
/usr/lib/gcc/arm-none-eabi/9.2.1/../../../arm-none-eabi/lib/thumb/v7e-m+fp/hard/libc_nano.a(lib_a-strlen.o)
                              build/gui.o (strlen)
/usr/lib/gcc/arm-none-eabi/9.2.1/../../../arm-none-eabi/lib/thumb/v7e-m+fp/hard/libc_nano.a(lib_a-wbuf.o)
                              /usr/lib/gcc/arm-none-eabi/9.2.1/../../../arm-none-eabi/lib/thumb/v7e-m+fp/hard/libc_nano.a(lib_a-puts.o) (__swbuf_r)
/usr/lib/gcc/arm-none-eabi/9.2.1/../../../arm-none-eabi/lib/thumb/v7e-m+fp/hard/libc_nano.a(lib_a-wsetup.o)
                              /usr/lib/gcc/arm-none-eabi/9.2.1/../../../arm-none-eabi/lib/thumb/v7e-m+fp/hard/libc_nano.a(lib_a-puts.o) (__swsetup_r)
/usr/lib/gcc/arm-none-eabi/9.2.1/../../../arm-none-eabi/lib/thumb/v7e-m+fp/hard/libc_nano.a(lib_a-__atexit.o)
                              /usr/lib/gcc/arm-none-eabi/9.2.1/../../../arm-none-eabi/lib/thumb/v7e-m+fp/hard/libc_nano.a(lib_a-atexit.o) (__register_exitproc)
/usr/lib/gcc/arm-none-eabi/9.2.1/../../../arm-none-eabi/lib/thumb/v7e-m+fp/hard/libc_nano.a(lib_a-__call_atexit.o)
                              /usr/lib/gcc/arm-none-eabi/9.2.1/../../../arm-none-eabi/lib/thumb/v7e-m+fp/hard/libc_nano.a(lib_a-__atexit.o) (__call_exitprocs)
/usr/lib/gcc/arm-none-eabi/9.2.1/../../../arm-none-eabi/lib/thumb/v7e-m+fp/hard/libc_nano.a(lib_a-fflush.o)
                              /usr/lib/gcc/arm-none-eabi/9.2.1/../../../arm-none-eabi/lib/thumb/v7e-m+fp/hard/libc_nano.a(lib_a-wbuf.o) (_fflush_r)
/usr/lib/gcc/arm-none-eabi/9.2.1/../../../arm-none-eabi/lib/thumb/v7e-m+fp/hard/libc_nano.a(lib_a-findfp.o)
                              /usr/lib/gcc/arm-none-eabi/9.2.1/../../../arm-none-eabi/lib/thumb/v7e-m+fp/hard/libc_nano.a(lib_a-printf.o) (__sinit)
/usr/lib/gcc/arm-none-eabi/9.2.1/../../../arm-none-eabi/lib/thumb/v7e-m+fp/hard/libc_nano.a(lib_a-fwalk.o)
                              /usr/lib/gcc/arm-none-eabi/9.2.1/../../../arm-none-eabi/lib/thumb/v7e-m+fp/hard/libc_nano.a(lib_a-findfp.o) (_fwalk)
/usr/lib/gcc/arm-none-eabi/9.2.1/../../../arm-none-eabi/lib/thumb/v7e-m+fp/hard/libc_nano.a(lib_a-makebuf.o)
                              /usr/lib/gcc/arm-none-eabi/9.2.1/../../../arm-none-eabi/lib/thumb/v7e-m+fp/hard/libc_nano.a(lib_a-wsetup.o) (__smakebuf_r)
/usr/lib/gcc/arm-none-eabi/9.2.1/../../../arm-none-eabi/lib/thumb/v7e-m+fp/hard/libc_nano.a(lib_a-nano-freer.o)
                              /usr/lib/gcc/arm-none-eabi/9.2.1/../../../arm-none-eabi/lib/thumb/v7e-m+fp/hard/libc_nano.a(lib_a-wsetup.o) (_free_r)
/usr/lib/gcc/arm-none-eabi/9.2.1/../../../arm-none-eabi/lib/thumb/v7e-m+fp/hard/libc_nano.a(lib_a-nano-mallocr.o)
                              /usr/lib/gcc/arm-none-eabi/9.2.1/../../../arm-none-eabi/lib/thumb/v7e-m+fp/hard/libc_nano.a(lib_a-findfp.o) (_malloc_r)
/usr/lib/gcc/arm-none-eabi/9.2.1/../../../arm-none-eabi/lib/thumb/v7e-m+fp/hard/libc_nano.a(lib_a-nano-vfprintf.o)
                              /usr/lib/gcc/arm-none-eabi/9.2.1/../../../arm-none-eabi/lib/thumb/v7e-m+fp/hard/libc_nano.a(lib_a-printf.o) (_vfprintf_r)
/usr/lib/gcc/arm-none-eabi/9.2.1/../../../arm-none-eabi/lib/thumb/v7e-m+fp/hard/libc_nano.a(lib_a-nano-vfprintf_i.o)
[...]
Memory Configuration

Name             Origin             Length             Attributes
RAM              0x0000000020000000 0x0000000000020000 xrw
CCMRAM           0x0000000010000000 0x0000000000010000 xrw
FLASH            0x0000000008000000 0x0000000000100000 xr
*default*        0x0000000000000000 0xffffffffffffffff

Linker script and memory map

LOAD /usr/lib/gcc/arm-none-eabi/9.2.1/thumb/v7e-m+fp/hard/crti.o
LOAD /usr/lib/gcc/arm-none-eabi/9.2.1/thumb/v7e-m+fp/hard/crtbegin.o
LOAD /usr/lib/gcc/arm-none-eabi/9.2.1/../../../arm-none-eabi/lib/thumb/v7e-m+fp/hard/crt0.o
LOAD build/main.o
LOAD build/delay.o
LOAD build/24c02.o
LOAD build/ctpiic.o
LOAD build/exti.o
LOAD build/ft5426.o
LOAD build/GT911.o
LOAD build/gui.o
LOAD build/iic.o
LOAD build/key.o
LOAD build/lcd.o
LOAD build/led.o
LOAD build/rtp.o
LOAD build/test.o
LOAD build/touch.o
LOAD build/usart.o
LOAD build/stm32f4xx_it.o
LOAD build/misc.o
LOAD build/stm32f4xx_dma.o
LOAD build/stm32f4xx_exti.o
LOAD build/stm32f4xx_fsmc.o
LOAD build/stm32f4xx_gpio.o
LOAD build/stm32f4xx_i2c.o
LOAD build/stm32f4xx_iwdg.o
LOAD build/stm32f4xx_pwr.o
LOAD build/stm32f4xx_rcc.o
LOAD build/stm32f4xx_rtc.o
LOAD build/stm32f4xx_sdio.o
LOAD build/stm32f4xx_spi.o
LOAD build/stm32f4xx_syscfg.o
LOAD build/stm32f4xx_tim.o
LOAD build/stm32f4xx_usart.o
LOAD build/system_stm32f4xx.o
LOAD build/startup_stm32f407xx.o
LOAD /usr/lib/gcc/arm-none-eabi/9.2.1/../../../arm-none-eabi/lib/thumb/v7e-m+fp/hard/libc_nano.a
LOAD /usr/lib/gcc/arm-none-eabi/9.2.1/../../../arm-none-eabi/lib/thumb/v7e-m+fp/hard/libm.a
LOAD /usr/lib/gcc/arm-none-eabi/9.2.1/../../../arm-none-eabi/lib/thumb/v7e-m+fp/hard/libnosys.a
START GROUP
LOAD /usr/lib/gcc/arm-none-eabi/9.2.1/thumb/v7e-m+fp/hard/libgcc.a
LOAD /usr/lib/gcc/arm-none-eabi/9.2.1/../../../arm-none-eabi/lib/thumb/v7e-m+fp/hard/libc_nano.a
END GROUP
START GROUP
LOAD /usr/lib/gcc/arm-none-eabi/9.2.1/thumb/v7e-m+fp/hard/libgcc.a
LOAD /usr/lib/gcc/arm-none-eabi/9.2.1/../../../arm-none-eabi/lib/thumb/v7e-m+fp/hard/libc_nano.a
END GROUP
LOAD /usr/lib/gcc/arm-none-eabi/9.2.1/thumb/v7e-m+fp/hard/crtend.o
LOAD /usr/lib/gcc/arm-none-eabi/9.2.1/thumb/v7e-m+fp/hard/crtn.o
                0x0000000020020000                _estack = 0x20020000
                0x0000000000000200                _Min_Heap_Size = 0x200
                0x0000000000000400                _Min_Stack_Size = 0x400

.isr_vector     0x0000000008000000      0x188
                0x0000000008000000                . = ALIGN (0x4)
 *(.isr_vector)
 .isr_vector    0x0000000008000000      0x188 build/startup_stm32f407xx.o
                0x0000000008000000                g_pfnVectors
                0x0000000008000188                . = ALIGN (0x4)

.text           0x00000000080001c0     0x9374
                0x00000000080001c0                . = ALIGN (0x4)
 *(.text)
 .text          0x00000000080001c0       0x88 /usr/lib/gcc/arm-none-eabi/9.2.1/thumb/v7e-m+fp/hard/crtbegin.o
 .text          0x0000000008000248       0x48 /usr/lib/gcc/arm-none-eabi/9.2.1/../../../arm-none-eabi/lib/thumb/v7e-m+fp/hard/libc_nano.a(lib_a-init.o)
                0x0000000008000248                __libc_init_array
 .text          0x0000000008000290       0xa0 /usr/lib/gcc/arm-none-eabi/9.2.1/../../../arm-none-eabi/lib/thumb/v7e-m+fp/hard/libc_nano.a(lib_a-memset.o)
                0x0000000008000290                memset
 .text          0x0000000008000330       0x68 /usr/lib/gcc/arm-none-eabi/9.2.1/../../../arm-none-eabi/lib/thumb/v7e-m+fp/hard/libc_nano.a(lib_a-printf.o)
                0x0000000008000330                _printf_r
                0x0000000008000330                _iprintf_r
                0x0000000008000360                printf
                0x0000000008000360                iprintf
 .text          0x0000000008000398       0xe8 /usr/lib/gcc/arm-none-eabi/9.2.1/../../../arm-none-eabi/lib/thumb/v7e-m+fp/hard/libc_nano.a(lib_a-puts.o)
                0x0000000008000398                _puts_r
                0x0000000008000470                puts
 .text          0x0000000008000480       0xdc /usr/lib/gcc/arm-none-eabi/9.2.1/../../../arm-none-eabi/lib/thumb/v7e-m+fp/hard/libc_nano.a(lib_a-strlen.o)
                0x0000000008000480                strlen
 .text          0x000000000800055c       0xc0 /usr/lib/gcc/arm-none-eabi/9.2.1/../../../arm-none-eabi/lib/thumb/v7e-m+fp/hard/libc_nano.a(lib_a-wbuf.o)
                0x000000000800055c                __swbuf_r
                0x000000000800060c                __swbuf
 .text          0x000000000800061c      0x100 /usr/lib/gcc/arm-none-eabi/9.2.1/../../../arm-none-eabi/lib/thumb/v7e-m+fp/hard/libc_nano.a(lib_a-wsetup.o)
                0x000000000800061c                __swsetup_r
 .text          0x000000000800071c      0x1b0 /usr/lib/gcc/arm-none-eabi/9.2.1/../../../arm-none-eabi/lib/thumb/v7e-m+fp/hard/libc_nano.a(lib_a-fflush.o)
                0x000000000800071c                __sflush_r
                0x0000000008000848                _fflush_r
                0x00000000080008a8                fflush
 .text          0x00000000080008cc      0x210 /usr/lib/gcc/arm-none-eabi/9.2.1/../../../arm-none-eabi/lib/thumb/v7e-m+fp/hard/libc_nano.a(lib_a-findfp.o)
                0x00000000080008d0                _cleanup_r
                0x00000000080008e0                __sfmoreglue
                0x0000000008000910                __sfp
                0x0000000008000a88                _cleanup
                0x0000000008000a9c                __sinit
                0x0000000008000aa4                __sfp_lock_acquire
                0x0000000008000aa8                __sfp_lock_release
                0x0000000008000aac                __sinit_lock_acquire
                0x0000000008000ab0                __sinit_lock_release
                0x0000000008000ab4                __fp_lock_all
                0x0000000008000ac8                __fp_unlock_all
 .text          0x0000000008000adc       0xa0 /usr/lib/gcc/arm-none-eabi/9.2.1/../../../arm-none-eabi/lib/thumb/v7e-m+fp/hard/libc_nano.a(lib_a-fwalk.o)
                0x0000000008000adc                _fwalk
                0x0000000008000b28                _fwalk_reent
 .text          0x0000000008000b7c       0xf0 /usr/lib/gcc/arm-none-eabi/9.2.1/../../../arm-none-eabi/lib/thumb/v7e-m+fp/hard/libc_nano.a(lib_a-makebuf.o)
                0x0000000008000b7c                __swhatbuf_r
                0x0000000008000bd8                __smakebuf_r
 .text          0x0000000008000c6c       0xac /usr/lib/gcc/arm-none-eabi/9.2.1/../../../arm-none-eabi/lib/thumb/v7e-m+fp/hard/libc_nano.a(lib_a-nano-freer.o)
                0x0000000008000c6c                _free_r
 .text          0x0000000008000d18       0xc8 /usr/lib/gcc/arm-none-eabi/9.2.1/../../../arm-none-eabi/lib/thumb/v7e-m+fp/hard/libc_nano.a(lib_a-nano-mallocr.o)
                0x0000000008000d18                _malloc_r
 .text          0x0000000008000de0      0x364 /usr/lib/gcc/arm-none-eabi/9.2.1/../../../arm-none-eabi/lib/thumb/v7e-m+fp/hard/libc_nano.a(lib_a-nano-vfprintf.o)
                0x0000000008000e1c                __sfputs_r
                0x0000000008000e4c                __sprint_r
                0x0000000008000e68                _vfiprintf_r
                0x0000000008000e68                _vfprintf_r
                0x000000000800112c                vfiprintf
                0x000000000800112c                vfprintf
 .text          0x0000000008001144      0x3c4 /usr/lib/gcc/arm-none-eabi/9.2.1/../../../arm-none-eabi/lib/thumb/v7e-m+fp/hard/libc_nano.a(lib_a-nano-vfprintf_i.o)
                0x0000000008001144                _printf_common
                0x0000000008001270                _printf_i
 .text          0x0000000008001508       0x24 /usr/lib/gcc/arm-none-eabi/9.2.1/../../../arm-none-eabi/lib/thumb/v7e-m+fp/hard/libc_nano.a(lib_a-sbrkr.o)
                0x0000000008001508                _sbrk_r
 .text          0x000000000800152c       0x90 /usr/lib/gcc/arm-none-eabi/9.2.1/../../../arm-none-eabi/lib/thumb/v7e-m+fp/hard/libc_nano.a(lib_a-stdio.o)
                0x000000000800152c                __sread
                0x0000000008001550                __seofread
                0x0000000008001554                __swrite
                0x0000000008001594                __sseek
                0x00000000080015b4                __sclose
 .text          0x00000000080015bc       0x2c /usr/lib/gcc/arm-none-eabi/9.2.1/../../../arm-none-eabi/lib/thumb/v7e-m+fp/hard/libc_nano.a(lib_a-writer.o)
                0x00000000080015bc                _write_r
 .text          0x00000000080015e8       0x24 /usr/lib/gcc/arm-none-eabi/9.2.1/../../../arm-none-eabi/lib/thumb/v7e-m+fp/hard/libc_nano.a(lib_a-closer.o)
                0x00000000080015e8                _close_r
 .text          0x000000000800160c       0x28 /usr/lib/gcc/arm-none-eabi/9.2.1/../../../arm-none-eabi/lib/thumb/v7e-m+fp/hard/libc_nano.a(lib_a-fstatr.o)
                0x000000000800160c                _fstat_r
 .text          0x0000000008001634      0x308 /usr/lib/gcc/arm-none-eabi/9.2.1/../../../arm-none-eabi/lib/thumb/v7e-m+fp/hard/libc_nano.a(lib_a-fvwrite.o)
                0x0000000008001634                __sfvwrite_r
 .text          0x000000000800193c       0x24 /usr/lib/gcc/arm-none-eabi/9.2.1/../../../arm-none-eabi/lib/thumb/v7e-m+fp/hard/libc_nano.a(lib_a-isattyr.o)
                0x000000000800193c                _isatty_r
 .text          0x0000000008001960       0x2c /usr/lib/gcc/arm-none-eabi/9.2.1/../../../arm-none-eabi/lib/thumb/v7e-m+fp/hard/libc_nano.a(lib_a-lseekr.o)
                0x0000000008001960                _lseek_r
 *fill*         0x000000000800198c        0x4 
 .text          0x0000000008001990       0xa0 /usr/lib/gcc/arm-none-eabi/9.2.1/../../../arm-none-eabi/lib/thumb/v7e-m+fp/hard/libc_nano.a(lib_a-memchr.o)
                0x0000000008001990                memchr
 .text          0x0000000008001a30      0x134 /usr/lib/gcc/arm-none-eabi/9.2.1/../../../arm-none-eabi/lib/thumb/v7e-m+fp/hard/libc_nano.a(lib_a-memcpy.o)
                0x0000000008001a30                memcpy
 .text          0x0000000008001b64       0xd0 /usr/lib/gcc/arm-none-eabi/9.2.1/../../../arm-none-eabi/lib/thumb/v7e-m+fp/hard/libc_nano.a(lib_a-memmove.o)
                0x0000000008001b64                memmove
 .text          0x0000000008001c34        0x8 /usr/lib/gcc/arm-none-eabi/9.2.1/../../../arm-none-eabi/lib/thumb/v7e-m+fp/hard/libc_nano.a(lib_a-mlock.o)
                0x0000000008001c34                __malloc_lock
                0x0000000008001c38                __malloc_unlock
 .text          0x0000000008001c3c       0x4c /usr/lib/gcc/arm-none-eabi/9.2.1/../../../arm-none-eabi/lib/thumb/v7e-m+fp/hard/libc_nano.a(lib_a-nano-reallocr.o)
                0x0000000008001c3c                _realloc_r
 .text          0x0000000008001c88       0x2c /usr/lib/gcc/arm-none-eabi/9.2.1/../../../arm-none-eabi/lib/thumb/v7e-m+fp/hard/libc_nano.a(lib_a-readr.o)
                0x0000000008001c88                _read_r
 .text          0x0000000008001cb4       0x10 /usr/lib/gcc/arm-none-eabi/9.2.1/../../../arm-none-eabi/lib/thumb/v7e-m+fp/hard/libc_nano.a(lib_a-nano-msizer.o)
                0x0000000008001cb4                _malloc_usable_size_r
 .text          0x0000000008001cc4       0x74 /usr/lib/gcc/arm-none-eabi/9.2.1/../../../arm-none-eabi/lib/thumb/v7e-m+fp/hard/libm.a(lib_a-w_sqrt.o)
                0x0000000008001cc4                sqrt
 .text          0x0000000008001d38      0x198 /usr/lib/gcc/arm-none-eabi/9.2.1/../../../arm-none-eabi/lib/thumb/v7e-m+fp/hard/libm.a(lib_a-e_sqrt.o)
                0x0000000008001d38                __ieee754_sqrt
 .text          0x0000000008001ed0       0x10 /usr/lib/gcc/arm-none-eabi/9.2.1/../../../arm-none-eabi/lib/thumb/v7e-m+fp/hard/libnosys.a(close.o)
                0x0000000008001ed0                _close
 .text          0x0000000008001ee0       0x10 /usr/lib/gcc/arm-none-eabi/9.2.1/../../../arm-none-eabi/lib/thumb/v7e-m+fp/hard/libnosys.a(fstat.o)
                0x0000000008001ee0                _fstat
 .text          0x0000000008001ef0       0x10 /usr/lib/gcc/arm-none-eabi/9.2.1/../../../arm-none-eabi/lib/thumb/v7e-m+fp/hard/libnosys.a(isatty.o)
                0x0000000008001ef0                _isatty
 .text          0x0000000008001f00       0x10 /usr/lib/gcc/arm-none-eabi/9.2.1/../../../arm-none-eabi/lib/thumb/v7e-m+fp/hard/libnosys.a(lseek.o)
                0x0000000008001f00                _lseek
 .text          0x0000000008001f10       0x10 /usr/lib/gcc/arm-none-eabi/9.2.1/../../../arm-none-eabi/lib/thumb/v7e-m+fp/hard/libnosys.a(read.o)
                0x0000000008001f10                _read
 .text          0x0000000008001f20       0x1c /usr/lib/gcc/arm-none-eabi/9.2.1/../../../arm-none-eabi/lib/thumb/v7e-m+fp/hard/libnosys.a(sbrk.o)
                0x0000000008001f20                _sbrk
 .text          0x0000000008001f3c       0x10 /usr/lib/gcc/arm-none-eabi/9.2.1/../../../arm-none-eabi/lib/thumb/v7e-m+fp/hard/libnosys.a(write.o)
                0x0000000008001f3c                _write
 .text          0x0000000008001f4c      0x378 /usr/lib/gcc/arm-none-eabi/9.2.1/thumb/v7e-m+fp/hard/libgcc.a(_arm_addsubdf3.o)
                0x0000000008001f4c                __aeabi_drsub
                0x0000000008001f54                __aeabi_dsub
                0x0000000008001f54                __subdf3
                0x0000000008001f58                __adddf3
                0x0000000008001f58                __aeabi_dadd
                0x00000000080021d0                __aeabi_ui2d
                0x00000000080021d0                __floatunsidf
                0x00000000080021f0                __floatsidf
                0x00000000080021f0                __aeabi_i2d
                0x0000000008002214                __extendsfdf2
                0x0000000008002214                __aeabi_f2d
                0x0000000008002258                __aeabi_ul2d
                0x0000000008002258                __floatundidf
                0x0000000008002268                __floatdidf
                0x0000000008002268                __aeabi_l2d
 .text          0x00000000080022c4      0x424 /usr/lib/gcc/arm-none-eabi/9.2.1/thumb/v7e-m+fp/hard/libgcc.a(_arm_muldivdf3.o)
                0x00000000080022c4                __aeabi_dmul
                0x00000000080022c4                __muldf3
                0x0000000008002518                __aeabi_ddiv
                0x0000000008002518                __divdf3
 .text          0x00000000080026e8      0x110 /usr/lib/gcc/arm-none-eabi/9.2.1/thumb/v7e-m+fp/hard/libgcc.a(_arm_cmpdf2.o)
                0x00000000080026e8                __gtdf2
                0x00000000080026e8                __gedf2
                0x00000000080026f0                __ltdf2
                0x00000000080026f0                __ledf2
                0x00000000080026f8                __cmpdf2
                0x00000000080026f8                __eqdf2
                0x00000000080026f8                __nedf2
                0x0000000008002774                __aeabi_cdrcmple
                0x0000000008002784                __aeabi_cdcmple
                0x0000000008002784                __aeabi_cdcmpeq
                0x0000000008002794                __aeabi_dcmpeq
                0x00000000080027a8                __aeabi_dcmplt
                0x00000000080027bc                __aeabi_dcmple
                0x00000000080027d0                __aeabi_dcmpge
                0x00000000080027e4                __aeabi_dcmpgt
 .text          0x00000000080027f8       0x2c /usr/lib/gcc/arm-none-eabi/9.2.1/thumb/v7e-m+fp/hard/libgcc.a(_arm_unorddf2.o)
                0x00000000080027f8                __aeabi_dcmpun
                0x00000000080027f8                __unorddf2
 .text          0x0000000008002824       0x40 /usr/lib/gcc/arm-none-eabi/9.2.1/thumb/v7e-m+fp/hard/libgcc.a(_arm_fixunsdfsi.o)
                0x0000000008002824                __fixunsdfsi
                0x0000000008002824                __aeabi_d2uiz
 .text          0x0000000008002864        0xc /usr/lib/gcc/arm-none-eabi/9.2.1/../../../arm-none-eabi/lib/thumb/v7e-m+fp/hard/libc_nano.a(lib_a-errno.o)
                0x0000000008002864                __errno
 *(.text*)
 .text.main     0x0000000008002870       0x3c build/main.o
                0x0000000008002870                main
 .text.delay_init
                0x00000000080028ac       0x2c build/delay.o
                0x00000000080028ac                delay_init
 .text.delay_us
                0x00000000080028d8       0x3c build/delay.o
                0x00000000080028d8                delay_us
 .text.delay_xms
                0x0000000008002914       0x3c build/delay.o
                0x0000000008002914                delay_xms
 .text.delay_ms
                0x0000000008002950       0x38 build/delay.o
                0x0000000008002950                delay_ms
 .text.AT24C02_Init
                0x0000000008002988        0x8 build/24c02.o
                0x0000000008002988                AT24C02_Init
 .text.AT24C02_ReadOneByte
                0x0000000008002990       0x44 build/24c02.o
                0x0000000008002990                AT24C02_ReadOneByte
 .text.AT24C02_WriteOneByte
                0x00000000080029d4       0x3e build/24c02.o
                0x00000000080029d4                AT24C02_WriteOneByte
 .text.AT24C02_WriteLenByte
                0x0000000008002a12       0x26 build/24c02.o
                0x0000000008002a12                AT24C02_WriteLenByte
 .text.AT24C02_ReadLenByte
                0x0000000008002a38       0x2a build/24c02.o
                0x0000000008002a38                AT24C02_ReadLenByte
 .text.CTP_Delay
                0x0000000008002a62        0xa build/ctpiic.o
                0x0000000008002a62                CTP_Delay
 .text.CTP_IIC_Init
                0x0000000008002a6c       0x58 build/ctpiic.o
                0x0000000008002a6c                CTP_IIC_Init
 .text.CTP_IIC_Start
                0x0000000008002ac4       0x3c build/ctpiic.o
                0x0000000008002ac4                CTP_IIC_Start
 .text.CTP_IIC_Stop
                0x0000000008002b00       0x3c build/ctpiic.o
                0x0000000008002b00                CTP_IIC_Stop
 .text.CTP_IIC_Wait_Ack
                0x0000000008002b3c       0x54 build/ctpiic.o
                0x0000000008002b3c                CTP_IIC_Wait_Ack
 .text.CTP_IIC_Ack
                0x0000000008002b90       0x3c build/ctpiic.o
                0x0000000008002b90                CTP_IIC_Ack
 .text.CTP_IIC_NAck
                0x0000000008002bcc       0x3c build/ctpiic.o
                0x0000000008002bcc                CTP_IIC_NAck
 .text.CTP_IIC_Send_Byte
                0x0000000008002c08       0x50 build/ctpiic.o
                0x0000000008002c08                CTP_IIC_Send_Byte
 .text.CTP_IIC_Read_Byte
                0x0000000008002c58       0x5c build/ctpiic.o
                0x0000000008002c58                CTP_IIC_Read_Byte
 .text.EXTI1_IRQHandler
                0x0000000008002cb4       0x14 build/exti.o
                0x0000000008002cb4                EXTI1_IRQHandler
 .text.FT5426_WR_Reg
                0x0000000008002cc8       0x44 build/ft5426.o
                0x0000000008002cc8                FT5426_WR_Reg
 .text.FT5426_RD_Reg
                0x0000000008002d0c       0x4e build/ft5426.o
                0x0000000008002d0c                FT5426_RD_Reg
 *fill*         0x0000000008002d5a        0x2 
 .text.FT5426_Init
                0x0000000008002d5c       0xb8 build/ft5426.o
                0x0000000008002d5c                FT5426_Init
 .text.FT5426_Scan
                0x0000000008002e14      0x210 build/ft5426.o
                0x0000000008002e14                FT5426_Scan
 .text.GT911_int_sync
                0x0000000008003024       0x24 build/GT911.o
                0x0000000008003024                GT911_int_sync
 .text.GT911_reset_guitar
                0x0000000008003048       0x44 build/GT911.o
                0x0000000008003048                GT911_reset_guitar
 .text.GT911_reset
                0x000000000800308c       0x20 build/GT911.o
                0x000000000800308c                GT911_reset
 .text.GT911_gpio_init
                0x00000000080030ac       0x78 build/GT911.o
                0x00000000080030ac                GT911_gpio_init
 .text.GT9XX_WriteHandle
                0x0000000008003124       0x2a build/GT911.o
                0x0000000008003124                GT9XX_WriteHandle
 .text.GT9XX_WriteData
                0x000000000800314e       0x22 build/GT911.o
                0x000000000800314e                GT9XX_WriteData
 .text.GT9XX_ReadData
                0x0000000008003170       0x48 build/GT911.o
                0x0000000008003170                GT9XX_ReadData
 .text.GT911_Init
                0x00000000080031b8       0x34 build/GT911.o
                0x00000000080031b8                GT911_Init
 .text.GT911_Scan
                0x00000000080031ec      0x2f8 build/GT911.o
                0x00000000080031ec                GT911_Scan
 .text.GUI_DrawPoint
                0x00000000080034e4       0x10 build/gui.o
                0x00000000080034e4                GUI_DrawPoint
 .text.LCD_Fill
                0x00000000080034f4       0x60 build/gui.o
                0x00000000080034f4                LCD_Fill
 .text.LCD_DrawLine
                0x0000000008003554       0x9e build/gui.o
                0x0000000008003554                LCD_DrawLine
 .text._draw_circle_8
                0x00000000080035f2       0xa0 build/gui.o
                0x00000000080035f2                _draw_circle_8
 .text.gui_circle
                0x0000000008003692       0x92 build/gui.o
                0x0000000008003692                gui_circle
 .text.LCD_DrawLine2
                0x0000000008003724       0xb4 build/gui.o
                0x0000000008003724                LCD_DrawLine2
 .text.LCD_ShowChar
                0x00000000080037d8      0x140 build/gui.o
                0x00000000080037d8                LCD_ShowChar
 .text.LCD_ShowString
                0x0000000008003918       0x64 build/gui.o
                0x0000000008003918                LCD_ShowString
 .text.mypow    0x000000000800397c       0x14 build/gui.o
                0x000000000800397c                mypow
 .text.LCD_ShowNum
                0x0000000008003990       0xd8 build/gui.o
                0x0000000008003990                LCD_ShowNum
 .text.GUI_DrawFont16
                0x0000000008003a68      0x118 build/gui.o
                0x0000000008003a68                GUI_DrawFont16
 .text.GUI_DrawFont24
                0x0000000008003b80      0x114 build/gui.o
                0x0000000008003b80                GUI_DrawFont24
 .text.GUI_DrawFont32
                0x0000000008003c94      0x11c build/gui.o
                0x0000000008003c94                GUI_DrawFont32
 .text.Show_Str
                0x0000000008003db0      0x104 build/gui.o
                0x0000000008003db0                Show_Str
 .text.Gui_StrCenter
                0x0000000008003eb4       0x4c build/gui.o
                0x0000000008003eb4                Gui_StrCenter
 .text.IIC_Init
                0x0000000008003f00       0x44 build/iic.o
                0x0000000008003f00                IIC_Init
 .text.IIC_Start
                0x0000000008003f44       0x40 build/iic.o
                0x0000000008003f44                IIC_Start
 .text.IIC_Stop
                0x0000000008003f84       0x40 build/iic.o
                0x0000000008003f84                IIC_Stop
 .text.IIC_Wait_Ack
                0x0000000008003fc4       0x58 build/iic.o
                0x0000000008003fc4                IIC_Wait_Ack
 .text.IIC_Ack  0x000000000800401c       0x40 build/iic.o
                0x000000000800401c                IIC_Ack
 .text.IIC_NAck
                0x000000000800405c       0x40 build/iic.o
                0x000000000800405c                IIC_NAck
 .text.IIC_Send_Byte
                0x000000000800409c       0x5c build/iic.o
                0x000000000800409c                IIC_Send_Byte
 .text.IIC_Read_Byte
                0x00000000080040f8       0x64 build/iic.o
                0x00000000080040f8                IIC_Read_Byte
 .text.KEY_Init
                0x000000000800415c       0x48 build/key.o
                0x000000000800415c                KEY_Init
 .text.KEY_Scan
                0x00000000080041a4       0x70 build/key.o
                0x00000000080041a4                KEY_Scan
 .text.LCD_WR_REG
                0x0000000008004214       0x24 build/lcd.o
                0x0000000008004214                LCD_WR_REG
 .text.LCD_WR_DATA
                0x0000000008004238       0x24 build/lcd.o
                0x0000000008004238                LCD_WR_DATA
 .text.LCD_RD_DATA
                0x000000000800425c       0x1c build/lcd.o
                0x000000000800425c                LCD_RD_DATA
 .text.LCD_WriteReg
                0x0000000008004278        0xc build/lcd.o
                0x0000000008004278                LCD_WriteReg
 .text.LCD_ReadReg
                0x0000000008004284       0x24 build/lcd.o
                0x0000000008004284                LCD_ReadReg
 .text.LCD_WriteRAM_Prepare
                0x00000000080042a8       0x10 build/lcd.o
                0x00000000080042a8                LCD_WriteRAM_Prepare
 .text.Lcd_WriteData_16Bit
                0x00000000080042b8        0xc build/lcd.o
                0x00000000080042b8                Lcd_WriteData_16Bit
 *fill*         0x00000000080042c4        0x4 
 .text.LCD_PWM_BackLightSet
                0x00000000080042c8       0x50 build/lcd.o
                0x00000000080042c8                LCD_PWM_BackLightSet
 .text.LCD_GPIOInit
                0x0000000008004318      0x1f4 build/lcd.o
                0x0000000008004318                LCD_GPIOInit
 .text.LCD_Set_BWTR
                0x000000000800450c       0xb8 build/lcd.o
                0x000000000800450c                LCD_Set_BWTR
 .text.LCD_SetWindows
                0x00000000080045c4      0x260 build/lcd.o
                0x00000000080045c4                LCD_SetWindows
 .text.LCD_Clear
                0x0000000008004824       0x38 build/lcd.o
                0x0000000008004824                LCD_Clear
 .text.LCD_SetCursor
                0x000000000800485c        0xc build/lcd.o
                0x000000000800485c                LCD_SetCursor
 .text.LCD_DrawPoint
                0x0000000008004868       0x14 build/lcd.o
                0x0000000008004868                LCD_DrawPoint
 .text.LCD_direction
                0x000000000800487c      0x244 build/lcd.o
                0x000000000800487c                LCD_direction
 .text.LCD_Read_ID
                0x0000000008004ac0      0x12c build/lcd.o
                0x0000000008004ac0                LCD_Read_ID
 .text.LCD_Init
                0x0000000008004bec     0x3050 build/lcd.o
                0x0000000008004bec                LCD_Init
 .text.LED_Init
                0x0000000008007c3c       0x58 build/led.o
                0x0000000008007c3c                LED_Init
 .text.RTP_Write_Byte
                0x0000000008007c94       0x44 build/rtp.o
                0x0000000008007c94                RTP_Write_Byte
 .text.RTP_Read_AD
                0x0000000008007cd8       0x74 build/rtp.o
                0x0000000008007cd8                RTP_Read_AD
 .text.RTP_Read_XOY
                0x0000000008007d4c       0x98 build/rtp.o
                0x0000000008007d4c                RTP_Read_XOY
 .text.RTP_Read_XY
                0x0000000008007de4       0x28 build/rtp.o
                0x0000000008007de4                RTP_Read_XY
 .text.RTP_Read_XY2
                0x0000000008007e0c       0x8c build/rtp.o
                0x0000000008007e0c                RTP_Read_XY2
 .text.RTP_Drow_Touch_Point
                0x0000000008007e98       0x88 build/rtp.o
                0x0000000008007e98                RTP_Drow_Touch_Point
 .text.RTP_Draw_Big_Point
                0x0000000008007f20       0x34 build/rtp.o
                0x0000000008007f20                RTP_Draw_Big_Point
 .text.RTP_Scan
                0x0000000008007f54       0xd8 build/rtp.o
                0x0000000008007f54                RTP_Scan
 .text.RTP_Save_Adjdata
                0x000000000800802c       0x74 build/rtp.o
                0x000000000800802c                RTP_Save_Adjdata
 .text.RTP_Get_Adjdata
                0x00000000080080a0       0x9c build/rtp.o
                0x00000000080080a0                RTP_Get_Adjdata
 .text.RTP_Adj_Info_Show
                0x000000000800813c      0x164 build/rtp.o
                0x000000000800813c                RTP_Adj_Info_Show
 .text.RTP_Adjust
                0x00000000080082a0      0x650 build/rtp.o
                0x00000000080082a0                RTP_Adjust
 .text.DrawTestPage
                0x00000000080088f0       0x98 build/test.o
                0x00000000080088f0                DrawTestPage
 .text.Rtp_Test
                0x0000000008008988      0x1ac build/test.o
                0x0000000008008988                Rtp_Test
 .text.Ctp_Test
                0x0000000008008b34      0x16c build/test.o
                0x0000000008008b34                Ctp_Test
 .text.Touch_Test
                0x0000000008008ca0       0x24 build/test.o
                0x0000000008008ca0                Touch_Test
 .text.CTP_Read_ID
                0x0000000008008cc4       0x6e build/touch.o
                0x0000000008008cc4                CTP_Read_ID
 *fill*         0x0000000008008d32        0x2 
 .text.TP_Init  0x0000000008008d34       0x50 build/touch.o
                0x0000000008008d34                TP_Init
 .text.USART2_Init
                0x0000000008008d84       0xbc build/usart.o
                0x0000000008008d84                USART2_Init
 .text.USART1_IRQHandler
                0x0000000008008e40       0x7c build/usart.o
                0x0000000008008e40                USART1_IRQHandler
 .text.NMI_Handler
                0x0000000008008ebc        0x2 build/stm32f4xx_it.o
                0x0000000008008ebc                NMI_Handler
 .text.HardFault_Handler
                0x0000000008008ebe        0x2 build/stm32f4xx_it.o
                0x0000000008008ebe                HardFault_Handler
 .text.MemManage_Handler
                0x0000000008008ec0        0x2 build/stm32f4xx_it.o
                0x0000000008008ec0                MemManage_Handler
 .text.BusFault_Handler
                0x0000000008008ec2        0x2 build/stm32f4xx_it.o
                0x0000000008008ec2                BusFault_Handler
 .text.UsageFault_Handler
                0x0000000008008ec4        0x2 build/stm32f4xx_it.o
                0x0000000008008ec4                UsageFault_Handler
 .text.SVC_Handler
                0x0000000008008ec6        0x2 build/stm32f4xx_it.o
                0x0000000008008ec6                SVC_Handler
 .text.DebugMon_Handler
                0x0000000008008ec8        0x2 build/stm32f4xx_it.o
                0x0000000008008ec8                DebugMon_Handler
 .text.PendSV_Handler
                0x0000000008008eca        0x2 build/stm32f4xx_it.o
                0x0000000008008eca                PendSV_Handler
 .text.SysTick_Handler
                0x0000000008008ecc        0x2 build/stm32f4xx_it.o
                0x0000000008008ecc                SysTick_Handler
 *fill*         0x0000000008008ece        0x2 
 .text.NVIC_PriorityGroupConfig
                0x0000000008008ed0       0x14 build/misc.o
                0x0000000008008ed0                NVIC_PriorityGroupConfig
 .text.NVIC_Init
                0x0000000008008ee4       0x64 build/misc.o
                0x0000000008008ee4                NVIC_Init
 .text.SysTick_CLKSourceConfig
                0x0000000008008f48       0x20 build/misc.o
                0x0000000008008f48                SysTick_CLKSourceConfig
 .text.EXTI_ClearITPendingBit
                0x0000000008008f68        0xc build/stm32f4xx_exti.o
                0x0000000008008f68                EXTI_ClearITPendingBit
 .text.FSMC_NORSRAMInit
                0x0000000008008f74       0xc4 build/stm32f4xx_fsmc.o
                0x0000000008008f74                FSMC_NORSRAMInit
 .text.FSMC_NORSRAMCmd
                0x0000000008009038       0x2c build/stm32f4xx_fsmc.o
                0x0000000008009038                FSMC_NORSRAMCmd
 .text.GPIO_Init
                0x0000000008009064       0x8c build/stm32f4xx_gpio.o
                0x0000000008009064                GPIO_Init
 .text.GPIO_SetBits
                0x00000000080090f0        0x4 build/stm32f4xx_gpio.o
                0x00000000080090f0                GPIO_SetBits
 .text.GPIO_PinAFConfig
                0x00000000080090f4       0x30 build/stm32f4xx_gpio.o
                0x00000000080090f4                GPIO_PinAFConfig
 .text.RCC_GetClocksFreq
                0x0000000008009124       0xb8 build/stm32f4xx_rcc.o
                0x0000000008009124                RCC_GetClocksFreq
 .text.RCC_AHB1PeriphClockCmd
                0x00000000080091dc       0x1c build/stm32f4xx_rcc.o
                0x00000000080091dc                RCC_AHB1PeriphClockCmd
 .text.RCC_AHB3PeriphClockCmd
                0x00000000080091f8       0x1c build/stm32f4xx_rcc.o
                0x00000000080091f8                RCC_AHB3PeriphClockCmd
 .text.RCC_APB2PeriphClockCmd
                0x0000000008009214       0x1c build/stm32f4xx_rcc.o
                0x0000000008009214                RCC_APB2PeriphClockCmd
 .text.USART_Init
                0x0000000008009230       0xd0 build/stm32f4xx_usart.o
                0x0000000008009230                USART_Init
 .text.USART_Cmd
                0x0000000008009300       0x1c build/stm32f4xx_usart.o
                0x0000000008009300                USART_Cmd
 .text.USART_ReceiveData
                0x000000000800931c        0x8 build/stm32f4xx_usart.o
                0x000000000800931c                USART_ReceiveData
 .text.USART_ITConfig
                0x0000000008009324       0x3a build/stm32f4xx_usart.o
                0x0000000008009324                USART_ITConfig
 .text.USART_ClearFlag
                0x000000000800935e        0x8 build/stm32f4xx_usart.o
                0x000000000800935e                USART_ClearFlag
 .text.USART_GetITStatus
                0x0000000008009366       0x4e build/stm32f4xx_usart.o
                0x0000000008009366                USART_GetITStatus
 .text.SetSysClock
                0x00000000080093b4       0xc4 build/system_stm32f4xx.o
 .text.SystemInit
                0x0000000008009478       0x50 build/system_stm32f4xx.o
                0x0000000008009478                SystemInit
 .text.Reset_Handler
                0x00000000080094c8       0x50 build/startup_stm32f407xx.o
                0x00000000080094c8                Reset_Handler
 .text.Default_Handler
                0x0000000008009518        0x2 build/startup_stm32f407xx.o
                0x0000000008009518                RTC_Alarm_IRQHandler
                0x0000000008009518                HASH_RNG_IRQHandler
                0x0000000008009518                EXTI2_IRQHandler
                0x0000000008009518                TIM8_CC_IRQHandler
                0x0000000008009518                TIM1_CC_IRQHandler
                0x0000000008009518                DMA2_Stream5_IRQHandler
                0x0000000008009518                DMA1_Stream5_IRQHandler
                0x0000000008009518                PVD_IRQHandler
                0x0000000008009518                SDIO_IRQHandler
                0x0000000008009518                TAMP_STAMP_IRQHandler
                0x0000000008009518                CAN2_RX1_IRQHandler
                0x0000000008009518                EXTI3_IRQHandler
                0x0000000008009518                TIM8_TRG_COM_TIM14_IRQHandler
                0x0000000008009518                TIM1_UP_TIM10_IRQHandler
                0x0000000008009518                TIM8_UP_TIM13_IRQHandler
                0x0000000008009518                I2C3_ER_IRQHandler
                0x0000000008009518                EXTI0_IRQHandler
                0x0000000008009518                I2C2_EV_IRQHandler
                0x0000000008009518                DMA1_Stream2_IRQHandler
                0x0000000008009518                CAN1_RX0_IRQHandler
                0x0000000008009518                FPU_IRQHandler
                0x0000000008009518                OTG_HS_WKUP_IRQHandler
                0x0000000008009518                CAN2_SCE_IRQHandler
                0x0000000008009518                DMA2_Stream2_IRQHandler
                0x0000000008009518                SPI1_IRQHandler
                0x0000000008009518                TIM6_DAC_IRQHandler
                0x0000000008009518                TIM1_BRK_TIM9_IRQHandler
                0x0000000008009518                DCMI_IRQHandler
                0x0000000008009518                CAN2_RX0_IRQHandler
                0x0000000008009518                DMA2_Stream3_IRQHandler
                0x0000000008009518                USART6_IRQHandler
                0x0000000008009518                USART3_IRQHandler
                0x0000000008009518                CAN1_RX1_IRQHandler
                0x0000000008009518                UART5_IRQHandler
                0x0000000008009518                DMA2_Stream0_IRQHandler
                0x0000000008009518                TIM4_IRQHandler
                0x0000000008009518                I2C1_EV_IRQHandler
                0x0000000008009518                DMA1_Stream6_IRQHandler
                0x0000000008009518                DMA1_Stream1_IRQHandler
                0x0000000008009518                UART4_IRQHandler
                0x0000000008009518                TIM3_IRQHandler
                0x0000000008009518                RCC_IRQHandler
                0x0000000008009518                TIM8_BRK_TIM12_IRQHandler
                0x0000000008009518                Default_Handler
                0x0000000008009518                EXTI15_10_IRQHandler
                0x0000000008009518                ADC_IRQHandler
                0x0000000008009518                DMA1_Stream7_IRQHandler
                0x0000000008009518                TIM7_IRQHandler
                0x0000000008009518                CAN2_TX_IRQHandler
                0x0000000008009518                TIM5_IRQHandler
                0x0000000008009518                DMA2_Stream7_IRQHandler
                0x0000000008009518                I2C3_EV_IRQHandler
                0x0000000008009518                EXTI9_5_IRQHandler
                0x0000000008009518                RTC_WKUP_IRQHandler
                0x0000000008009518                ETH_WKUP_IRQHandler
                0x0000000008009518                SPI2_IRQHandler
                0x0000000008009518                OTG_HS_EP1_IN_IRQHandler
                0x0000000008009518                DMA1_Stream0_IRQHandler
                0x0000000008009518                CAN1_TX_IRQHandler
                0x0000000008009518                EXTI4_IRQHandler
                0x0000000008009518                FSMC_IRQHandler
                0x0000000008009518                ETH_IRQHandler
                0x0000000008009518                OTG_HS_EP1_OUT_IRQHandler
                0x0000000008009518                WWDG_IRQHandler
                0x0000000008009518                TIM2_IRQHandler
                0x0000000008009518                OTG_FS_WKUP_IRQHandler
                0x0000000008009518                TIM1_TRG_COM_TIM11_IRQHandler
                0x0000000008009518                OTG_HS_IRQHandler
                0x0000000008009518                USART2_IRQHandler
                0x0000000008009518                I2C2_ER_IRQHandler
                0x0000000008009518                DMA2_Stream1_IRQHandler
                0x0000000008009518                CAN1_SCE_IRQHandler
                0x0000000008009518                FLASH_IRQHandler
                0x0000000008009518                DMA2_Stream4_IRQHandler
                0x0000000008009518                OTG_FS_IRQHandler
                0x0000000008009518                SPI3_IRQHandler
                0x0000000008009518                DMA1_Stream4_IRQHandler
                0x0000000008009518                I2C1_ER_IRQHandler
                0x0000000008009518                DMA2_Stream6_IRQHandler
                0x0000000008009518                DMA1_Stream3_IRQHandler
 *(.glue_7)
 .glue_7        0x000000000800951a        0x0 linker stubs
 *(.glue_7t)
 .glue_7t       0x000000000800951a        0x0 linker stubs
 *(.eh_frame)
 *fill*         0x000000000800951a        0x2 
 .eh_frame      0x000000000800951c        0x0 /usr/lib/gcc/arm-none-eabi/9.2.1/thumb/v7e-m+fp/hard/crtbegin.o
 *(.init)
 .init          0x000000000800951c        0x4 /usr/lib/gcc/arm-none-eabi/9.2.1/thumb/v7e-m+fp/hard/crti.o
                0x000000000800951c                _init
 .init          0x0000000008009520        0x8 /usr/lib/gcc/arm-none-eabi/9.2.1/thumb/v7e-m+fp/hard/crtn.o
 *(.fini)
 .fini          0x0000000008009528        0x4 /usr/lib/gcc/arm-none-eabi/9.2.1/thumb/v7e-m+fp/hard/crti.o
                0x0000000008009528                _fini
 .fini          0x000000000800952c        0x8 /usr/lib/gcc/arm-none-eabi/9.2.1/thumb/v7e-m+fp/hard/crtn.o
                0x0000000008009534                . = ALIGN (0x4)
                0x0000000008009534                _etext = .

.vfp11_veneer   0x0000000008009534        0x0
 .vfp11_veneer  0x0000000008009534        0x0 linker stubs

.v4_bx          0x0000000008009534        0x0
 .v4_bx         0x0000000008009534        0x0 linker stubs

.iplt           0x0000000008009534        0x0
 .iplt          0x0000000008009534        0x0 /usr/lib/gcc/arm-none-eabi/9.2.1/thumb/v7e-m+fp/hard/crtbegin.o

.rodata         0x0000000008009534     0x1a24
                0x0000000008009534                . = ALIGN (0x4)
 *(.rodata)
 .rodata        0x0000000008009534        0x4 /usr/lib/gcc/arm-none-eabi/9.2.1/../../../arm-none-eabi/lib/thumb/v7e-m+fp/hard/libc_nano.a(lib_a-impure.o)
                0x0000000008009534                _global_impure_ptr
 .rodata        0x0000000008009538       0x60 /usr/lib/gcc/arm-none-eabi/9.2.1/../../../arm-none-eabi/lib/thumb/v7e-m+fp/hard/libc_nano.a(lib_a-findfp.o)
                0x0000000008009538                __sf_fake_stderr
                0x0000000008009558                __sf_fake_stdout
                0x0000000008009578                __sf_fake_stdin
 *(.rodata*)
 .rodata.main.str1.4
                0x0000000008009598        0xb build/main.o
 *fill*         0x00000000080095a3        0x1 
 .rodata.FT5426_TPX_TBL
                0x00000000080095a4        0xa build/ft5426.o
                0x00000000080095a4                FT5426_TPX_TBL
 *fill*         0x00000000080095ae        0x2 
 .rodata.asc2_1206
                0x00000000080095b0      0x474 build/gui.o
                0x00000000080095b0                asc2_1206
 .rodata.asc2_1608
                0x0000000008009a24      0x5f0 build/gui.o
                0x0000000008009a24                asc2_1608
 .rodata.tfont16
                0x000000000800a014      0x990 build/gui.o
                0x000000000800a014                tfont16
 .rodata.tfont24
                0x000000000800a9a4      0x206 build/gui.o
                0x000000000800a9a4                tfont24
 *fill*         0x000000000800abaa        0x2 
 .rodata.tfont32
                0x000000000800abac      0x208 build/gui.o
                0x000000000800abac                tfont32
 .rodata.LCD_Init.str1.4
                0x000000000800adb4       0x1f build/lcd.o
 *fill*         0x000000000800add3        0x1 
 .rodata.RTP_Adj_Info_Show.str1.4
                0x000000000800add4       0x28 build/rtp.o
 .rodata.RTP_Adjust.str1.4
                0x000000000800adfc       0xac build/rtp.o
 .rodata.DrawTestPage.str1.4
                0x000000000800aea8       0x17 build/test.o
 *fill*         0x000000000800aebf        0x1 
 .rodata.Rtp_Test.str1.4
                0x000000000800aec0       0x1c build/test.o
 .rodata.Ctp_Test.str1.4
                0x000000000800aedc       0x1d build/test.o
 *fill*         0x000000000800aef9        0x3 
 .rodata.Touch_Test.str1.4
                0x000000000800aefc       0x13 build/test.o
 *fill*         0x000000000800af0f        0x1 
 .rodata.POINT_COLOR_TBL
                0x000000000800af10        0xa build/test.o
                0x000000000800af10                POINT_COLOR_TBL
 *fill*         0x000000000800af1a        0x2 
 .rodata.str1.4
                0x000000000800af1c       0x13 /usr/lib/gcc/arm-none-eabi/9.2.1/../../../arm-none-eabi/lib/thumb/v7e-m+fp/hard/libc_nano.a(lib_a-nano-vfprintf.o)
 *fill*         0x000000000800af2f        0x1 
 .rodata.str1.4
                0x000000000800af30       0x25 /usr/lib/gcc/arm-none-eabi/9.2.1/../../../arm-none-eabi/lib/thumb/v7e-m+fp/hard/libc_nano.a(lib_a-nano-vfprintf_i.o)
                0x000000000800af58                . = ALIGN (0x4)
 *fill*         0x000000000800af55        0x3 

.rel.dyn        0x000000000800af58        0x0
 .rel.iplt      0x000000000800af58        0x0 /usr/lib/gcc/arm-none-eabi/9.2.1/thumb/v7e-m+fp/hard/crtbegin.o

.ARM.extab
 *(.ARM.extab* .gnu.linkonce.armextab.*)

.ARM            0x000000000800af58        0x0
                0x000000000800af58                __exidx_start = .
 *(.ARM.exidx*)
                0x000000000800af58                __exidx_end = .

.preinit_array  0x000000000800af58        0x0
                0x000000000800af58                PROVIDE (__preinit_array_start = .)
 *(.preinit_array*)
                0x000000000800af58                PROVIDE (__preinit_array_end = .)

.init_array     0x000000000800af58        0x4
                0x000000000800af58                PROVIDE (__init_array_start = .)
 *(SORT_BY_NAME(.init_array.*))
 *(.init_array*)
 .init_array    0x000000000800af58        0x4 /usr/lib/gcc/arm-none-eabi/9.2.1/thumb/v7e-m+fp/hard/crtbegin.o
                0x000000000800af5c                PROVIDE (__init_array_end = .)

.fini_array     0x000000000800af5c        0x4
                0x000000000800af5c                PROVIDE (__fini_array_start = .)
 *(SORT_BY_NAME(.fini_array.*))
 *(.fini_array*)
 .fini_array    0x000000000800af5c        0x4 /usr/lib/gcc/arm-none-eabi/9.2.1/thumb/v7e-m+fp/hard/crtbegin.o
                0x000000000800af60                PROVIDE (__fini_array_end = .)
                0x000000000800af60                _sidata = LOADADDR (.data)

.data           0x0000000020000000       0xb4 load address 0x000000000800af60
                0x0000000020000000                . = ALIGN (0x4)
                0x0000000020000000                _sdata = .
 *(.data)
 .data          0x0000000020000000       0x64 /usr/lib/gcc/arm-none-eabi/9.2.1/../../../arm-none-eabi/lib/thumb/v7e-m+fp/hard/libc_nano.a(lib_a-impure.o)
                0x0000000020000000                _impure_ptr
 .data          0x0000000020000064        0x1 /usr/lib/gcc/arm-none-eabi/9.2.1/../../../arm-none-eabi/lib/thumb/v7e-m+fp/hard/libm.a(lib_a-s_lib_ver.o)
                0x0000000020000064                __fdlib_version
 *(.data*)
 .data.key_up.9148
                0x0000000020000065        0x1 build/key.o
 .data.BACK_COLOR
                0x0000000020000066        0x2 build/lcd.o
                0x0000000020000066                BACK_COLOR
 .data.CMD_RDX  0x0000000020000068        0x1 build/rtp.o
                0x0000000020000068                CMD_RDX
 .data.CMD_RDY  0x0000000020000069        0x1 build/rtp.o
                0x0000000020000069                CMD_RDY
 *fill*         0x000000002000006a        0x2 
 .data.ColorTab
                0x000000002000006c        0xa build/test.o
                0x000000002000006c                ColorTab
 *fill*         0x0000000020000076        0x2 
 .data.tp_dev   0x0000000020000078       0x2c build/touch.o
                0x0000000020000078                tp_dev
 .data.APBAHBPrescTable
                0x00000000200000a4       0x10 build/stm32f4xx_rcc.o
                0x00000000200000b4                . = ALIGN (0x4)
                0x00000000200000b4                _edata = .
                0x000000000800b014                _siccmram = LOADADDR (.ccmram)

.tm_clone_table
                0x00000000200000b4        0x0 load address 0x000000000800b014
 .tm_clone_table
                0x00000000200000b4        0x0 /usr/lib/gcc/arm-none-eabi/9.2.1/thumb/v7e-m+fp/hard/crtbegin.o
 .tm_clone_table
                0x00000000200000b4        0x0 /usr/lib/gcc/arm-none-eabi/9.2.1/thumb/v7e-m+fp/hard/crtend.o

.igot.plt       0x00000000200000b4        0x0 load address 0x000000000800b014
 .igot.plt      0x00000000200000b4        0x0 /usr/lib/gcc/arm-none-eabi/9.2.1/thumb/v7e-m+fp/hard/crtbegin.o

.ccmram         0x0000000010000000        0x0 load address 0x000000000800b014
                0x0000000010000000                . = ALIGN (0x4)
                0x0000000010000000                _sccmram = .
 *(.ccmram)
 *(.ccmram*)
                0x0000000010000000                . = ALIGN (0x4)
                0x0000000010000000                _eccmram = .
                0x0000000010000000                . = ALIGN (0x4)

.bss            0x00000000200000b4      0x1b8
                0x00000000200000b4                _sbss = .
                0x00000000200000b4                __bss_start__ = _sbss
 *(.bss)
 .bss           0x00000000200000b4       0x1c /usr/lib/gcc/arm-none-eabi/9.2.1/thumb/v7e-m+fp/hard/crtbegin.o
 .bss           0x00000000200000d0        0x8 /usr/lib/gcc/arm-none-eabi/9.2.1/../../../arm-none-eabi/lib/thumb/v7e-m+fp/hard/libc_nano.a(lib_a-nano-mallocr.o)
                0x00000000200000d0                __malloc_free_list
                0x00000000200000d4                __malloc_sbrk_start
 .bss           0x00000000200000d8        0x4 /usr/lib/gcc/arm-none-eabi/9.2.1/../../../arm-none-eabi/lib/thumb/v7e-m+fp/hard/libnosys.a(sbrk.o)
 *(.bss*)
 .bss.fac_ms    0x00000000200000dc        0x2 build/delay.o
 .bss.fac_us    0x00000000200000de        0x1 build/delay.o
 .bss.touch_flag
                0x00000000200000df        0x1 build/exti.o
                0x00000000200000df                touch_flag
 .bss.t.10106   0x00000000200000e0        0x1 build/ft5426.o
 .bss.t.9932    0x00000000200000e1        0x1 build/GT911.o
 .bss.POINT_COLOR
                0x00000000200000e2        0x2 build/lcd.o
                0x00000000200000e2                POINT_COLOR
 .bss.USART_RX_STA
                0x00000000200000e4        0x2 build/usart.o
                0x00000000200000e4                USART_RX_STA
 *(COMMON)
 *fill*         0x00000000200000e6        0x2 
 COMMON         0x00000000200000e8       0x18 build/lcd.o
                0x00000000200000e8                lcddev
                0x00000000200000fe                DeviceCode
 COMMON         0x0000000020000100      0x168 build/usart.o
                0x0000000020000100                USART_RX_BUF
                0x0000000020000200                __stdout
 COMMON         0x0000000020000268        0x4 /usr/lib/gcc/arm-none-eabi/9.2.1/../../../arm-none-eabi/lib/thumb/v7e-m+fp/hard/libc_nano.a(lib_a-reent.o)
                0x0000000020000268                errno
                0x000000002000026c                . = ALIGN (0x4)
                0x000000002000026c                _ebss = .
                0x000000002000026c                __bss_end__ = _ebss

._user_heap_stack
                0x000000002000026c      0x604
                0x0000000020000270                . = ALIGN (0x8)
 *fill*         0x000000002000026c        0x4 
                0x0000000020000270                PROVIDE (end = .)
                [!provide]                        PROVIDE (_end = .)
                0x0000000020000470                . = (. + _Min_Heap_Size)
 *fill*         0x0000000020000270      0x200 
                0x0000000020000870                . = (. + _Min_Stack_Size)
 *fill*         0x0000000020000470      0x400 
                0x0000000020000870                . = ALIGN (0x8)

/DISCARD/
 libc.a(*)
 libm.a(*)
 libgcc.a(*)

.ARM.attributes
                0x0000000000000000       0x30
 *(.ARM.attributes)
 .ARM.attributes
                0x0000000000000000       0x1e /usr/lib/gcc/arm-none-eabi/9.2.1/thumb/v7e-m+fp/hard/crti.o
 .ARM.attributes
                0x000000000000001e       0x34 /usr/lib/gcc/arm-none-eabi/9.2.1/thumb/v7e-m+fp/hard/crtbegin.o
 .ARM.attributes
                0x0000000000000052       0x34 build/main.o
 .ARM.attributes
                0x0000000000000086       0x34 build/delay.o
 .ARM.attributes
                0x00000000000000ba       0x34 build/24c02.o
 .ARM.attributes
                0x00000000000000ee       0x34 build/ctpiic.o
 .ARM.attributes
                0x0000000000000122       0x34 build/exti.o
 .ARM.attributes
                0x0000000000000156       0x34 build/ft5426.o
 .ARM.attributes
                0x000000000000018a       0x34 build/GT911.o
 .ARM.attributes
                0x00000000000001be       0x34 build/gui.o
 .ARM.attributes
                0x00000000000001f2       0x34 build/iic.o
 .ARM.attributes
                0x0000000000000226       0x34 build/key.o
 .ARM.attributes
                0x000000000000025a       0x34 build/lcd.o
 .ARM.attributes
                0x000000000000028e       0x34 build/led.o
 .ARM.attributes
                0x00000000000002c2       0x34 build/rtp.o
 .ARM.attributes
                0x00000000000002f6       0x34 build/test.o
 .ARM.attributes
                0x000000000000032a       0x34 build/touch.o
 .ARM.attributes
                0x000000000000035e       0x34 build/usart.o
 .ARM.attributes
                0x0000000000000392       0x34 build/stm32f4xx_it.o
 .ARM.attributes
                0x00000000000003c6       0x34 build/misc.o
 .ARM.attributes
                0x00000000000003fa       0x34 build/stm32f4xx_exti.o
 .ARM.attributes
                0x000000000000042e       0x34 build/stm32f4xx_fsmc.o
 .ARM.attributes
                0x0000000000000462       0x34 build/stm32f4xx_gpio.o
 .ARM.attributes
                0x0000000000000496       0x34 build/stm32f4xx_rcc.o
 .ARM.attributes
                0x00000000000004ca       0x34 build/stm32f4xx_usart.o
 .ARM.attributes
                0x00000000000004fe       0x34 build/system_stm32f4xx.o
 .ARM.attributes
                0x0000000000000532       0x21 build/startup_stm32f407xx.o
 .ARM.attributes
                0x0000000000000553       0x32 /usr/lib/gcc/arm-none-eabi/9.2.1/../../../arm-none-eabi/lib/thumb/v7e-m+fp/hard/libc_nano.a(lib_a-impure.o)
 .ARM.attributes
                0x0000000000000585       0x34 /usr/lib/gcc/arm-none-eabi/9.2.1/../../../arm-none-eabi/lib/thumb/v7e-m+fp/hard/libc_nano.a(lib_a-init.o)
 .ARM.attributes
                0x00000000000005b9       0x34 /usr/lib/gcc/arm-none-eabi/9.2.1/../../../arm-none-eabi/lib/thumb/v7e-m+fp/hard/libc_nano.a(lib_a-memset.o)
 .ARM.attributes
                0x00000000000005ed       0x34 /usr/lib/gcc/arm-none-eabi/9.2.1/../../../arm-none-eabi/lib/thumb/v7e-m+fp/hard/libc_nano.a(lib_a-printf.o)
 .ARM.attributes
                0x0000000000000621       0x34 /usr/lib/gcc/arm-none-eabi/9.2.1/../../../arm-none-eabi/lib/thumb/v7e-m+fp/hard/libc_nano.a(lib_a-puts.o)
 .ARM.attributes
                0x0000000000000655       0x1c /usr/lib/gcc/arm-none-eabi/9.2.1/../../../arm-none-eabi/lib/thumb/v7e-m+fp/hard/libc_nano.a(lib_a-strlen.o)
 .ARM.attributes
                0x0000000000000671       0x34 /usr/lib/gcc/arm-none-eabi/9.2.1/../../../arm-none-eabi/lib/thumb/v7e-m+fp/hard/libc_nano.a(lib_a-wbuf.o)
 .ARM.attributes
                0x00000000000006a5       0x34 /usr/lib/gcc/arm-none-eabi/9.2.1/../../../arm-none-eabi/lib/thumb/v7e-m+fp/hard/libc_nano.a(lib_a-wsetup.o)
 .ARM.attributes
                0x00000000000006d9       0x34 /usr/lib/gcc/arm-none-eabi/9.2.1/../../../arm-none-eabi/lib/thumb/v7e-m+fp/hard/libc_nano.a(lib_a-fflush.o)
 .ARM.attributes
                0x000000000000070d       0x34 /usr/lib/gcc/arm-none-eabi/9.2.1/../../../arm-none-eabi/lib/thumb/v7e-m+fp/hard/libc_nano.a(lib_a-findfp.o)
 .ARM.attributes
                0x0000000000000741       0x34 /usr/lib/gcc/arm-none-eabi/9.2.1/../../../arm-none-eabi/lib/thumb/v7e-m+fp/hard/libc_nano.a(lib_a-fwalk.o)
 .ARM.attributes
                0x0000000000000775       0x34 /usr/lib/gcc/arm-none-eabi/9.2.1/../../../arm-none-eabi/lib/thumb/v7e-m+fp/hard/libc_nano.a(lib_a-makebuf.o)
 .ARM.attributes
                0x00000000000007a9       0x34 /usr/lib/gcc/arm-none-eabi/9.2.1/../../../arm-none-eabi/lib/thumb/v7e-m+fp/hard/libc_nano.a(lib_a-nano-freer.o)
 .ARM.attributes
                0x00000000000007dd       0x34 /usr/lib/gcc/arm-none-eabi/9.2.1/../../../arm-none-eabi/lib/thumb/v7e-m+fp/hard/libc_nano.a(lib_a-nano-mallocr.o)
 .ARM.attributes
                0x0000000000000811       0x34 /usr/lib/gcc/arm-none-eabi/9.2.1/../../../arm-none-eabi/lib/thumb/v7e-m+fp/hard/libc_nano.a(lib_a-nano-vfprintf.o)
 .ARM.attributes
                0x0000000000000845       0x34 /usr/lib/gcc/arm-none-eabi/9.2.1/../../../arm-none-eabi/lib/thumb/v7e-m+fp/hard/libc_nano.a(lib_a-nano-vfprintf_i.o)
 .ARM.attributes
                0x0000000000000879       0x34 /usr/lib/gcc/arm-none-eabi/9.2.1/../../../arm-none-eabi/lib/thumb/v7e-m+fp/hard/libc_nano.a(lib_a-sbrkr.o)
 .ARM.attributes
                0x00000000000008ad       0x34 /usr/lib/gcc/arm-none-eabi/9.2.1/../../../arm-none-eabi/lib/thumb/v7e-m+fp/hard/libc_nano.a(lib_a-stdio.o)
 .ARM.attributes
                0x00000000000008e1       0x34 /usr/lib/gcc/arm-none-eabi/9.2.1/../../../arm-none-eabi/lib/thumb/v7e-m+fp/hard/libc_nano.a(lib_a-writer.o)
 .ARM.attributes
                0x0000000000000915       0x34 /usr/lib/gcc/arm-none-eabi/9.2.1/../../../arm-none-eabi/lib/thumb/v7e-m+fp/hard/libc_nano.a(lib_a-closer.o)
 .ARM.attributes
                0x0000000000000949       0x34 /usr/lib/gcc/arm-none-eabi/9.2.1/../../../arm-none-eabi/lib/thumb/v7e-m+fp/hard/libc_nano.a(lib_a-fstatr.o)
 .ARM.attributes
                0x000000000000097d       0x34 /usr/lib/gcc/arm-none-eabi/9.2.1/../../../arm-none-eabi/lib/thumb/v7e-m+fp/hard/libc_nano.a(lib_a-fvwrite.o)
 .ARM.attributes
                0x00000000000009b1       0x34 /usr/lib/gcc/arm-none-eabi/9.2.1/../../../arm-none-eabi/lib/thumb/v7e-m+fp/hard/libc_nano.a(lib_a-isattyr.o)
 .ARM.attributes
                0x00000000000009e5       0x34 /usr/lib/gcc/arm-none-eabi/9.2.1/../../../arm-none-eabi/lib/thumb/v7e-m+fp/hard/libc_nano.a(lib_a-lseekr.o)
 .ARM.attributes
                0x0000000000000a19       0x1c /usr/lib/gcc/arm-none-eabi/9.2.1/../../../arm-none-eabi/lib/thumb/v7e-m+fp/hard/libc_nano.a(lib_a-memchr.o)
 .ARM.attributes
                0x0000000000000a35       0x1c /usr/lib/gcc/arm-none-eabi/9.2.1/../../../arm-none-eabi/lib/thumb/v7e-m+fp/hard/libc_nano.a(lib_a-memcpy.o)
 .ARM.attributes
                0x0000000000000a51       0x34 /usr/lib/gcc/arm-none-eabi/9.2.1/../../../arm-none-eabi/lib/thumb/v7e-m+fp/hard/libc_nano.a(lib_a-memmove.o)
 .ARM.attributes
                0x0000000000000a85       0x34 /usr/lib/gcc/arm-none-eabi/9.2.1/../../../arm-none-eabi/lib/thumb/v7e-m+fp/hard/libc_nano.a(lib_a-mlock.o)
 .ARM.attributes
                0x0000000000000ab9       0x34 /usr/lib/gcc/arm-none-eabi/9.2.1/../../../arm-none-eabi/lib/thumb/v7e-m+fp/hard/libc_nano.a(lib_a-nano-reallocr.o)
 .ARM.attributes
                0x0000000000000aed       0x34 /usr/lib/gcc/arm-none-eabi/9.2.1/../../../arm-none-eabi/lib/thumb/v7e-m+fp/hard/libc_nano.a(lib_a-readr.o)
 .ARM.attributes
                0x0000000000000b21       0x34 /usr/lib/gcc/arm-none-eabi/9.2.1/../../../arm-none-eabi/lib/thumb/v7e-m+fp/hard/libc_nano.a(lib_a-reent.o)
 .ARM.attributes
                0x0000000000000b55       0x34 /usr/lib/gcc/arm-none-eabi/9.2.1/../../../arm-none-eabi/lib/thumb/v7e-m+fp/hard/libc_nano.a(lib_a-nano-msizer.o)
 .ARM.attributes
                0x0000000000000b89       0x34 /usr/lib/gcc/arm-none-eabi/9.2.1/../../../arm-none-eabi/lib/thumb/v7e-m+fp/hard/libm.a(lib_a-w_sqrt.o)
 .ARM.attributes
                0x0000000000000bbd       0x34 /usr/lib/gcc/arm-none-eabi/9.2.1/../../../arm-none-eabi/lib/thumb/v7e-m+fp/hard/libm.a(lib_a-e_sqrt.o)
 .ARM.attributes
                0x0000000000000bf1       0x32 /usr/lib/gcc/arm-none-eabi/9.2.1/../../../arm-none-eabi/lib/thumb/v7e-m+fp/hard/libm.a(lib_a-s_lib_ver.o)
 .ARM.attributes
                0x0000000000000c23       0x34 /usr/lib/gcc/arm-none-eabi/9.2.1/../../../arm-none-eabi/lib/thumb/v7e-m+fp/hard/libnosys.a(close.o)
 .ARM.attributes
                0x0000000000000c57       0x34 /usr/lib/gcc/arm-none-eabi/9.2.1/../../../arm-none-eabi/lib/thumb/v7e-m+fp/hard/libnosys.a(fstat.o)
 .ARM.attributes
                0x0000000000000c8b       0x34 /usr/lib/gcc/arm-none-eabi/9.2.1/../../../arm-none-eabi/lib/thumb/v7e-m+fp/hard/libnosys.a(isatty.o)
 .ARM.attributes
                0x0000000000000cbf       0x34 /usr/lib/gcc/arm-none-eabi/9.2.1/../../../arm-none-eabi/lib/thumb/v7e-m+fp/hard/libnosys.a(lseek.o)
 .ARM.attributes
                0x0000000000000cf3       0x34 /usr/lib/gcc/arm-none-eabi/9.2.1/../../../arm-none-eabi/lib/thumb/v7e-m+fp/hard/libnosys.a(read.o)
 .ARM.attributes
                0x0000000000000d27       0x34 /usr/lib/gcc/arm-none-eabi/9.2.1/../../../arm-none-eabi/lib/thumb/v7e-m+fp/hard/libnosys.a(sbrk.o)
 .ARM.attributes
                0x0000000000000d5b       0x34 /usr/lib/gcc/arm-none-eabi/9.2.1/../../../arm-none-eabi/lib/thumb/v7e-m+fp/hard/libnosys.a(write.o)
 .ARM.attributes
                0x0000000000000d8f       0x1e /usr/lib/gcc/arm-none-eabi/9.2.1/thumb/v7e-m+fp/hard/libgcc.a(_arm_addsubdf3.o)
 .ARM.attributes
                0x0000000000000dad       0x1e /usr/lib/gcc/arm-none-eabi/9.2.1/thumb/v7e-m+fp/hard/libgcc.a(_arm_muldivdf3.o)
 .ARM.attributes
                0x0000000000000dcb       0x1e /usr/lib/gcc/arm-none-eabi/9.2.1/thumb/v7e-m+fp/hard/libgcc.a(_arm_cmpdf2.o)
 .ARM.attributes
                0x0000000000000de9       0x1e /usr/lib/gcc/arm-none-eabi/9.2.1/thumb/v7e-m+fp/hard/libgcc.a(_arm_unorddf2.o)
 .ARM.attributes
                0x0000000000000e07       0x1e /usr/lib/gcc/arm-none-eabi/9.2.1/thumb/v7e-m+fp/hard/libgcc.a(_arm_fixunsdfsi.o)
 .ARM.attributes
                0x0000000000000e25       0x34 /usr/lib/gcc/arm-none-eabi/9.2.1/../../../arm-none-eabi/lib/thumb/v7e-m+fp/hard/libc_nano.a(lib_a-errno.o)
 .ARM.attributes
                0x0000000000000e59       0x32 /usr/lib/gcc/arm-none-eabi/9.2.1/thumb/v7e-m+fp/hard/crtend.o
 .ARM.attributes
                0x0000000000000e8b       0x1e /usr/lib/gcc/arm-none-eabi/9.2.1/thumb/v7e-m+fp/hard/crtn.o
OUTPUT(build/template.elf elf32-littlearm)
LOAD linker stubs
LOAD /usr/lib/gcc/arm-none-eabi/9.2.1/../../../arm-none-eabi/lib/thumb/v7e-m+fp/hard/libc.a
LOAD /usr/lib/gcc/arm-none-eabi/9.2.1/../../../arm-none-eabi/lib/thumb/v7e-m+fp/hard/libm.a
LOAD /usr/lib/gcc/arm-none-eabi/9.2.1/thumb/v7e-m+fp/hard/libgcc.a

.comment        0x0000000000000000       0xa7
 .comment       0x0000000000000000       0x59 /usr/lib/gcc/arm-none-eabi/9.2.1/thumb/v7e-m+fp/hard/crtbegin.o
                                         0x5a (size before relaxing)
 .comment       0x0000000000000059       0x5a build/main.o
 .comment       0x0000000000000059       0x5a build/delay.o
 .comment       0x0000000000000059       0x5a build/24c02.o
 .comment       0x0000000000000059       0x5a build/ctpiic.o
 .comment       0x0000000000000059       0x5a build/exti.o
 .comment       0x0000000000000059       0x5a build/ft5426.o
 .comment       0x0000000000000059       0x5a build/GT911.o
 .comment       0x0000000000000059       0x5a build/gui.o
 .comment       0x0000000000000059       0x5a build/iic.o
 .comment       0x0000000000000059       0x5a build/key.o
 .comment       0x0000000000000059       0x5a build/lcd.o
 .comment       0x0000000000000059       0x5a build/led.o
 .comment       0x0000000000000059       0x5a build/rtp.o
 .comment       0x0000000000000059       0x5a build/test.o
 .comment       0x0000000000000059       0x5a build/touch.o
 .comment       0x0000000000000059       0x5a build/usart.o
 .comment       0x0000000000000059       0x5a build/stm32f4xx_it.o
 .comment       0x0000000000000059       0x5a build/misc.o
 .comment       0x0000000000000059       0x5a build/stm32f4xx_exti.o
 .comment       0x0000000000000059       0x5a build/stm32f4xx_fsmc.o
 .comment       0x0000000000000059       0x5a build/stm32f4xx_gpio.o
 .comment       0x0000000000000059       0x5a build/stm32f4xx_rcc.o
 .comment       0x0000000000000059       0x5a build/stm32f4xx_usart.o
 .comment       0x0000000000000059       0x5a build/system_stm32f4xx.o
 .comment       0x0000000000000059       0x4e /usr/lib/gcc/arm-none-eabi/9.2.1/../../../arm-none-eabi/lib/thumb/v7e-m+fp/hard/libc_nano.a(lib_a-impure.o)
                                         0x4f (size before relaxing)
 .comment       0x00000000000000a7       0x4f /usr/lib/gcc/arm-none-eabi/9.2.1/../../../arm-none-eabi/lib/thumb/v7e-m+fp/hard/libc_nano.a(lib_a-init.o)
 .comment       0x00000000000000a7       0x4f /usr/lib/gcc/arm-none-eabi/9.2.1/../../../arm-none-eabi/lib/thumb/v7e-m+fp/hard/libc_nano.a(lib_a-memset.o)
 .comment       0x00000000000000a7       0x4f /usr/lib/gcc/arm-none-eabi/9.2.1/../../../arm-none-eabi/lib/thumb/v7e-m+fp/hard/libc_nano.a(lib_a-printf.o)
 .comment       0x00000000000000a7       0x4f /usr/lib/gcc/arm-none-eabi/9.2.1/../../../arm-none-eabi/lib/thumb/v7e-m+fp/hard/libc_nano.a(lib_a-puts.o)
 .comment       0x00000000000000a7       0x4f /usr/lib/gcc/arm-none-eabi/9.2.1/../../../arm-none-eabi/lib/thumb/v7e-m+fp/hard/libc_nano.a(lib_a-wbuf.o)
 .comment       0x00000000000000a7       0x4f /usr/lib/gcc/arm-none-eabi/9.2.1/../../../arm-none-eabi/lib/thumb/v7e-m+fp/hard/libc_nano.a(lib_a-wsetup.o)
 .comment       0x00000000000000a7       0x4f /usr/lib/gcc/arm-none-eabi/9.2.1/../../../arm-none-eabi/lib/thumb/v7e-m+fp/hard/libc_nano.a(lib_a-fflush.o)
 .comment       0x00000000000000a7       0x4f /usr/lib/gcc/arm-none-eabi/9.2.1/../../../arm-none-eabi/lib/thumb/v7e-m+fp/hard/libc_nano.a(lib_a-findfp.o)
 .comment       0x00000000000000a7       0x4f /usr/lib/gcc/arm-none-eabi/9.2.1/../../../arm-none-eabi/lib/thumb/v7e-m+fp/hard/libc_nano.a(lib_a-fwalk.o)
 .comment       0x00000000000000a7       0x4f /usr/lib/gcc/arm-none-eabi/9.2.1/../../../arm-none-eabi/lib/thumb/v7e-m+fp/hard/libc_nano.a(lib_a-makebuf.o)
 .comment       0x00000000000000a7       0x4f /usr/lib/gcc/arm-none-eabi/9.2.1/../../../arm-none-eabi/lib/thumb/v7e-m+fp/hard/libc_nano.a(lib_a-nano-freer.o)
 .comment       0x00000000000000a7       0x4f /usr/lib/gcc/arm-none-eabi/9.2.1/../../../arm-none-eabi/lib/thumb/v7e-m+fp/hard/libc_nano.a(lib_a-nano-mallocr.o)
 .comment       0x00000000000000a7       0x4f /usr/lib/gcc/arm-none-eabi/9.2.1/../../../arm-none-eabi/lib/thumb/v7e-m+fp/hard/libc_nano.a(lib_a-nano-vfprintf.o)
 .comment       0x00000000000000a7       0x4f /usr/lib/gcc/arm-none-eabi/9.2.1/../../../arm-none-eabi/lib/thumb/v7e-m+fp/hard/libc_nano.a(lib_a-nano-vfprintf_i.o)
 .comment       0x00000000000000a7       0x4f /usr/lib/gcc/arm-none-eabi/9.2.1/../../../arm-none-eabi/lib/thumb/v7e-m+fp/hard/libc_nano.a(lib_a-sbrkr.o)
 .comment       0x00000000000000a7       0x4f /usr/lib/gcc/arm-none-eabi/9.2.1/../../../arm-none-eabi/lib/thumb/v7e-m+fp/hard/libc_nano.a(lib_a-stdio.o)
 .comment       0x00000000000000a7       0x4f /usr/lib/gcc/arm-none-eabi/9.2.1/../../../arm-none-eabi/lib/thumb/v7e-m+fp/hard/libc_nano.a(lib_a-writer.o)
 .comment       0x00000000000000a7       0x4f /usr/lib/gcc/arm-none-eabi/9.2.1/../../../arm-none-eabi/lib/thumb/v7e-m+fp/hard/libc_nano.a(lib_a-closer.o)
 .comment       0x00000000000000a7       0x4f /usr/lib/gcc/arm-none-eabi/9.2.1/../../../arm-none-eabi/lib/thumb/v7e-m+fp/hard/libc_nano.a(lib_a-fstatr.o)
 .comment       0x00000000000000a7       0x4f /usr/lib/gcc/arm-none-eabi/9.2.1/../../../arm-none-eabi/lib/thumb/v7e-m+fp/hard/libc_nano.a(lib_a-fvwrite.o)
 .comment       0x00000000000000a7       0x4f /usr/lib/gcc/arm-none-eabi/9.2.1/../../../arm-none-eabi/lib/thumb/v7e-m+fp/hard/libc_nano.a(lib_a-isattyr.o)
 .comment       0x00000000000000a7       0x4f /usr/lib/gcc/arm-none-eabi/9.2.1/../../../arm-none-eabi/lib/thumb/v7e-m+fp/hard/libc_nano.a(lib_a-lseekr.o)
 .comment       0x00000000000000a7       0x4f /usr/lib/gcc/arm-none-eabi/9.2.1/../../../arm-none-eabi/lib/thumb/v7e-m+fp/hard/libc_nano.a(lib_a-memmove.o)
 .comment       0x00000000000000a7       0x4f /usr/lib/gcc/arm-none-eabi/9.2.1/../../../arm-none-eabi/lib/thumb/v7e-m+fp/hard/libc_nano.a(lib_a-mlock.o)
 .comment       0x00000000000000a7       0x4f /usr/lib/gcc/arm-none-eabi/9.2.1/../../../arm-none-eabi/lib/thumb/v7e-m+fp/hard/libc_nano.a(lib_a-nano-reallocr.o)
 .comment       0x00000000000000a7       0x4f /usr/lib/gcc/arm-none-eabi/9.2.1/../../../arm-none-eabi/lib/thumb/v7e-m+fp/hard/libc_nano.a(lib_a-readr.o)
 .comment       0x00000000000000a7       0x4f /usr/lib/gcc/arm-none-eabi/9.2.1/../../../arm-none-eabi/lib/thumb/v7e-m+fp/hard/libc_nano.a(lib_a-reent.o)
 .comment       0x00000000000000a7       0x4f /usr/lib/gcc/arm-none-eabi/9.2.1/../../../arm-none-eabi/lib/thumb/v7e-m+fp/hard/libc_nano.a(lib_a-nano-msizer.o)
 .comment       0x00000000000000a7       0x4f /usr/lib/gcc/arm-none-eabi/9.2.1/../../../arm-none-eabi/lib/thumb/v7e-m+fp/hard/libm.a(lib_a-w_sqrt.o)
 .comment       0x00000000000000a7       0x4f /usr/lib/gcc/arm-none-eabi/9.2.1/../../../arm-none-eabi/lib/thumb/v7e-m+fp/hard/libm.a(lib_a-e_sqrt.o)
 .comment       0x00000000000000a7       0x4f /usr/lib/gcc/arm-none-eabi/9.2.1/../../../arm-none-eabi/lib/thumb/v7e-m+fp/hard/libm.a(lib_a-s_lib_ver.o)
 .comment       0x00000000000000a7       0x4f /usr/lib/gcc/arm-none-eabi/9.2.1/../../../arm-none-eabi/lib/thumb/v7e-m+fp/hard/libnosys.a(close.o)
 .comment       0x00000000000000a7       0x4f /usr/lib/gcc/arm-none-eabi/9.2.1/../../../arm-none-eabi/lib/thumb/v7e-m+fp/hard/libnosys.a(fstat.o)
 .comment       0x00000000000000a7       0x4f /usr/lib/gcc/arm-none-eabi/9.2.1/../../../arm-none-eabi/lib/thumb/v7e-m+fp/hard/libnosys.a(isatty.o)
 .comment       0x00000000000000a7       0x4f /usr/lib/gcc/arm-none-eabi/9.2.1/../../../arm-none-eabi/lib/thumb/v7e-m+fp/hard/libnosys.a(lseek.o)
 .comment       0x00000000000000a7       0x4f /usr/lib/gcc/arm-none-eabi/9.2.1/../../../arm-none-eabi/lib/thumb/v7e-m+fp/hard/libnosys.a(read.o)
 .comment       0x00000000000000a7       0x4f /usr/lib/gcc/arm-none-eabi/9.2.1/../../../arm-none-eabi/lib/thumb/v7e-m+fp/hard/libnosys.a(sbrk.o)
 .comment       0x00000000000000a7       0x4f /usr/lib/gcc/arm-none-eabi/9.2.1/../../../arm-none-eabi/lib/thumb/v7e-m+fp/hard/libnosys.a(write.o)
 .comment       0x00000000000000a7       0x4f /usr/lib/gcc/arm-none-eabi/9.2.1/../../../arm-none-eabi/lib/thumb/v7e-m+fp/hard/libc_nano.a(lib_a-errno.o)
 .comment       0x00000000000000a7       0x5a /usr/lib/gcc/arm-none-eabi/9.2.1/thumb/v7e-m+fp/hard/crtend.o

.debug_info     0x0000000000000000    0x39226
 .debug_info    0x0000000000000000      0xd8c build/main.o
 .debug_info    0x0000000000000d8c      0x2bf build/delay.o
 .debug_info    0x000000000000104b      0x569 build/24c02.o
 .debug_info    0x00000000000015b4      0x573 build/ctpiic.o
 .debug_info    0x0000000000001b27      0x527 build/exti.o
 .debug_info    0x000000000000204e     0x130d build/ft5426.o
 .debug_info    0x000000000000335b     0x148e build/GT911.o
 .debug_info    0x00000000000047e9     0x2f6a build/gui.o
 .debug_info    0x0000000000007753      0x5ca build/iic.o
 .debug_info    0x0000000000007d1d      0x3d6 build/key.o
 .debug_info    0x00000000000080f3     0xae99 build/lcd.o
 .debug_info    0x0000000000012f8c      0x398 build/led.o
 .debug_info    0x0000000000013324     0x206f build/rtp.o
 .debug_info    0x0000000000015393     0x124d build/test.o
 .debug_info    0x00000000000165e0      0x30d build/touch.o
 .debug_info    0x00000000000168ed     0x157b build/usart.o
 .debug_info    0x0000000000017e68      0x170 build/stm32f4xx_it.o
 .debug_info    0x0000000000017fd8      0x601 build/misc.o
 .debug_info    0x00000000000185d9      0x3bc build/stm32f4xx_exti.o
 .debug_info    0x0000000000018995      0xabf build/stm32f4xx_fsmc.o
 .debug_info    0x0000000000019454      0x91b build/stm32f4xx_gpio.o
 .debug_info    0x0000000000019d6f     0x111b build/stm32f4xx_rcc.o
 .debug_info    0x000000000001ae8a      0xd37 build/stm32f4xx_usart.o
 .debug_info    0x000000000001bbc1      0x6d6 build/system_stm32f4xx.o
 .debug_info    0x000000000001c297       0x22 build/startup_stm32f407xx.o
 .debug_info    0x000000000001c2b9      0x92a /usr/lib/gcc/arm-none-eabi/9.2.1/../../../arm-none-eabi/lib/thumb/v7e-m+fp/hard/libc_nano.a(lib_a-impure.o)
 .debug_info    0x000000000001cbe3      0x11a /usr/lib/gcc/arm-none-eabi/9.2.1/../../../arm-none-eabi/lib/thumb/v7e-m+fp/hard/libc_nano.a(lib_a-init.o)
 .debug_info    0x000000000001ccfd      0xf21 /usr/lib/gcc/arm-none-eabi/9.2.1/../../../arm-none-eabi/lib/thumb/v7e-m+fp/hard/libc_nano.a(lib_a-memset.o)
 .debug_info    0x000000000001dc1e      0xc67 /usr/lib/gcc/arm-none-eabi/9.2.1/../../../arm-none-eabi/lib/thumb/v7e-m+fp/hard/libc_nano.a(lib_a-printf.o)
 .debug_info    0x000000000001e885      0xd13 /usr/lib/gcc/arm-none-eabi/9.2.1/../../../arm-none-eabi/lib/thumb/v7e-m+fp/hard/libc_nano.a(lib_a-puts.o)
 .debug_info    0x000000000001f598       0x26 /usr/lib/gcc/arm-none-eabi/9.2.1/../../../arm-none-eabi/lib/thumb/v7e-m+fp/hard/libc_nano.a(lib_a-strlen.o)
 .debug_info    0x000000000001f5be      0xc90 /usr/lib/gcc/arm-none-eabi/9.2.1/../../../arm-none-eabi/lib/thumb/v7e-m+fp/hard/libc_nano.a(lib_a-wbuf.o)
 .debug_info    0x000000000002024e      0xbfa /usr/lib/gcc/arm-none-eabi/9.2.1/../../../arm-none-eabi/lib/thumb/v7e-m+fp/hard/libc_nano.a(lib_a-wsetup.o)
 .debug_info    0x0000000000020e48      0xd73 /usr/lib/gcc/arm-none-eabi/9.2.1/../../../arm-none-eabi/lib/thumb/v7e-m+fp/hard/libc_nano.a(lib_a-fflush.o)
 .debug_info    0x0000000000021bbb     0x11a8 /usr/lib/gcc/arm-none-eabi/9.2.1/../../../arm-none-eabi/lib/thumb/v7e-m+fp/hard/libc_nano.a(lib_a-findfp.o)
 .debug_info    0x0000000000022d63      0xca4 /usr/lib/gcc/arm-none-eabi/9.2.1/../../../arm-none-eabi/lib/thumb/v7e-m+fp/hard/libc_nano.a(lib_a-fwalk.o)
 .debug_info    0x0000000000023a07      0xf68 /usr/lib/gcc/arm-none-eabi/9.2.1/../../../arm-none-eabi/lib/thumb/v7e-m+fp/hard/libc_nano.a(lib_a-makebuf.o)
 .debug_info    0x000000000002496f      0xb85 /usr/lib/gcc/arm-none-eabi/9.2.1/../../../arm-none-eabi/lib/thumb/v7e-m+fp/hard/libc_nano.a(lib_a-nano-freer.o)
 .debug_info    0x00000000000254f4      0xc5a /usr/lib/gcc/arm-none-eabi/9.2.1/../../../arm-none-eabi/lib/thumb/v7e-m+fp/hard/libc_nano.a(lib_a-nano-mallocr.o)
 .debug_info    0x000000000002614e     0x176a /usr/lib/gcc/arm-none-eabi/9.2.1/../../../arm-none-eabi/lib/thumb/v7e-m+fp/hard/libc_nano.a(lib_a-nano-vfprintf.o)
 .debug_info    0x00000000000278b8     0x1592 /usr/lib/gcc/arm-none-eabi/9.2.1/../../../arm-none-eabi/lib/thumb/v7e-m+fp/hard/libc_nano.a(lib_a-nano-vfprintf_i.o)
 .debug_info    0x0000000000028e4a      0x9fb /usr/lib/gcc/arm-none-eabi/9.2.1/../../../arm-none-eabi/lib/thumb/v7e-m+fp/hard/libc_nano.a(lib_a-sbrkr.o)
 .debug_info    0x0000000000029845      0xe67 /usr/lib/gcc/arm-none-eabi/9.2.1/../../../arm-none-eabi/lib/thumb/v7e-m+fp/hard/libc_nano.a(lib_a-stdio.o)
 .debug_info    0x000000000002a6ac      0xa2c /usr/lib/gcc/arm-none-eabi/9.2.1/../../../arm-none-eabi/lib/thumb/v7e-m+fp/hard/libc_nano.a(lib_a-writer.o)
 .debug_info    0x000000000002b0d8      0x9d8 /usr/lib/gcc/arm-none-eabi/9.2.1/../../../arm-none-eabi/lib/thumb/v7e-m+fp/hard/libc_nano.a(lib_a-closer.o)
 .debug_info    0x000000000002bab0      0xc24 /usr/lib/gcc/arm-none-eabi/9.2.1/../../../arm-none-eabi/lib/thumb/v7e-m+fp/hard/libc_nano.a(lib_a-fstatr.o)
 .debug_info    0x000000000002c6d4      0xeed /usr/lib/gcc/arm-none-eabi/9.2.1/../../../arm-none-eabi/lib/thumb/v7e-m+fp/hard/libc_nano.a(lib_a-fvwrite.o)
 .debug_info    0x000000000002d5c1      0x9d8 /usr/lib/gcc/arm-none-eabi/9.2.1/../../../arm-none-eabi/lib/thumb/v7e-m+fp/hard/libc_nano.a(lib_a-isattyr.o)
 .debug_info    0x000000000002df99      0xa0d /usr/lib/gcc/arm-none-eabi/9.2.1/../../../arm-none-eabi/lib/thumb/v7e-m+fp/hard/libc_nano.a(lib_a-lseekr.o)
 .debug_info    0x000000000002e9a6       0x26 /usr/lib/gcc/arm-none-eabi/9.2.1/../../../arm-none-eabi/lib/thumb/v7e-m+fp/hard/libc_nano.a(lib_a-memchr.o)
 .debug_info    0x000000000002e9cc       0x26 /usr/lib/gcc/arm-none-eabi/9.2.1/../../../arm-none-eabi/lib/thumb/v7e-m+fp/hard/libc_nano.a(lib_a-memcpy.o)
 .debug_info    0x000000000002e9f2      0xf2b /usr/lib/gcc/arm-none-eabi/9.2.1/../../../arm-none-eabi/lib/thumb/v7e-m+fp/hard/libc_nano.a(lib_a-memmove.o)
 .debug_info    0x000000000002f91d      0x961 /usr/lib/gcc/arm-none-eabi/9.2.1/../../../arm-none-eabi/lib/thumb/v7e-m+fp/hard/libc_nano.a(lib_a-mlock.o)
 .debug_info    0x000000000003027e      0xb77 /usr/lib/gcc/arm-none-eabi/9.2.1/../../../arm-none-eabi/lib/thumb/v7e-m+fp/hard/libc_nano.a(lib_a-nano-reallocr.o)
 .debug_info    0x0000000000030df5      0xa25 /usr/lib/gcc/arm-none-eabi/9.2.1/../../../arm-none-eabi/lib/thumb/v7e-m+fp/hard/libc_nano.a(lib_a-readr.o)
 .debug_info    0x000000000003181a      0xb0f /usr/lib/gcc/arm-none-eabi/9.2.1/../../../arm-none-eabi/lib/thumb/v7e-m+fp/hard/libc_nano.a(lib_a-reent.o)
 .debug_info    0x0000000000032329      0xaa6 /usr/lib/gcc/arm-none-eabi/9.2.1/../../../arm-none-eabi/lib/thumb/v7e-m+fp/hard/libc_nano.a(lib_a-nano-msizer.o)
 .debug_info    0x0000000000032dcf      0x9ee /usr/lib/gcc/arm-none-eabi/9.2.1/../../../arm-none-eabi/lib/thumb/v7e-m+fp/hard/libm.a(lib_a-w_sqrt.o)
 .debug_info    0x00000000000337bd      0xb33 /usr/lib/gcc/arm-none-eabi/9.2.1/../../../arm-none-eabi/lib/thumb/v7e-m+fp/hard/libm.a(lib_a-e_sqrt.o)
 .debug_info    0x00000000000342f0      0x94b /usr/lib/gcc/arm-none-eabi/9.2.1/../../../arm-none-eabi/lib/thumb/v7e-m+fp/hard/libm.a(lib_a-s_lib_ver.o)
 .debug_info    0x0000000000034c3b      0x96e /usr/lib/gcc/arm-none-eabi/9.2.1/../../../arm-none-eabi/lib/thumb/v7e-m+fp/hard/libnosys.a(close.o)
 .debug_info    0x00000000000355a9      0xbb1 /usr/lib/gcc/arm-none-eabi/9.2.1/../../../arm-none-eabi/lib/thumb/v7e-m+fp/hard/libnosys.a(fstat.o)
 .debug_info    0x000000000003615a      0x96e /usr/lib/gcc/arm-none-eabi/9.2.1/../../../arm-none-eabi/lib/thumb/v7e-m+fp/hard/libnosys.a(isatty.o)
 .debug_info    0x0000000000036ac8      0x990 /usr/lib/gcc/arm-none-eabi/9.2.1/../../../arm-none-eabi/lib/thumb/v7e-m+fp/hard/libnosys.a(lseek.o)
 .debug_info    0x0000000000037458      0x990 /usr/lib/gcc/arm-none-eabi/9.2.1/../../../arm-none-eabi/lib/thumb/v7e-m+fp/hard/libnosys.a(read.o)
 .debug_info    0x0000000000037de8       0x9d /usr/lib/gcc/arm-none-eabi/9.2.1/../../../arm-none-eabi/lib/thumb/v7e-m+fp/hard/libnosys.a(sbrk.o)
 .debug_info    0x0000000000037e85      0x990 /usr/lib/gcc/arm-none-eabi/9.2.1/../../../arm-none-eabi/lib/thumb/v7e-m+fp/hard/libnosys.a(write.o)
 .debug_info    0x0000000000038815       0x26 /usr/lib/gcc/arm-none-eabi/9.2.1/thumb/v7e-m+fp/hard/libgcc.a(_arm_addsubdf3.o)
 .debug_info    0x000000000003883b       0x26 /usr/lib/gcc/arm-none-eabi/9.2.1/thumb/v7e-m+fp/hard/libgcc.a(_arm_muldivdf3.o)
 .debug_info    0x0000000000038861       0x26 /usr/lib/gcc/arm-none-eabi/9.2.1/thumb/v7e-m+fp/hard/libgcc.a(_arm_cmpdf2.o)
 .debug_info    0x0000000000038887       0x26 /usr/lib/gcc/arm-none-eabi/9.2.1/thumb/v7e-m+fp/hard/libgcc.a(_arm_unorddf2.o)
 .debug_info    0x00000000000388ad       0x26 /usr/lib/gcc/arm-none-eabi/9.2.1/thumb/v7e-m+fp/hard/libgcc.a(_arm_fixunsdfsi.o)
 .debug_info    0x00000000000388d3      0x953 /usr/lib/gcc/arm-none-eabi/9.2.1/../../../arm-none-eabi/lib/thumb/v7e-m+fp/hard/libc_nano.a(lib_a-errno.o)

.debug_abbrev   0x0000000000000000     0x8dcf
 .debug_abbrev  0x0000000000000000      0x224 build/main.o
 .debug_abbrev  0x0000000000000224      0x17b build/delay.o
 .debug_abbrev  0x000000000000039f      0x14d build/24c02.o
 .debug_abbrev  0x00000000000004ec      0x1f6 build/ctpiic.o
 .debug_abbrev  0x00000000000006e2      0x17f build/exti.o
 .debug_abbrev  0x0000000000000861      0x2f6 build/ft5426.o
 .debug_abbrev  0x0000000000000b57      0x372 build/GT911.o
 .debug_abbrev  0x0000000000000ec9      0x38a build/gui.o
 .debug_abbrev  0x0000000000001253      0x1f6 build/iic.o
 .debug_abbrev  0x0000000000001449      0x1c3 build/key.o
 .debug_abbrev  0x000000000000160c      0x43b build/lcd.o
 .debug_abbrev  0x0000000000001a47      0x16e build/led.o
 .debug_abbrev  0x0000000000001bb5      0x3ce build/rtp.o
 .debug_abbrev  0x0000000000001f83      0x2d9 build/test.o
 .debug_abbrev  0x000000000000225c      0x161 build/touch.o
 .debug_abbrev  0x00000000000023bd      0x334 build/usart.o
 .debug_abbrev  0x00000000000026f1       0x82 build/stm32f4xx_it.o
 .debug_abbrev  0x0000000000002773      0x18d build/misc.o
 .debug_abbrev  0x0000000000002900      0x239 build/stm32f4xx_exti.o
 .debug_abbrev  0x0000000000002b39      0x226 build/stm32f4xx_fsmc.o
 .debug_abbrev  0x0000000000002d5f      0x26f build/stm32f4xx_gpio.o
 .debug_abbrev  0x0000000000002fce      0x266 build/stm32f4xx_rcc.o
 .debug_abbrev  0x0000000000003234      0x230 build/stm32f4xx_usart.o
 .debug_abbrev  0x0000000000003464      0x19c build/system_stm32f4xx.o
 .debug_abbrev  0x0000000000003600       0x12 build/startup_stm32f407xx.o
 .debug_abbrev  0x0000000000003612      0x17a /usr/lib/gcc/arm-none-eabi/9.2.1/../../../arm-none-eabi/lib/thumb/v7e-m+fp/hard/libc_nano.a(lib_a-impure.o)
 .debug_abbrev  0x000000000000378c       0xcc /usr/lib/gcc/arm-none-eabi/9.2.1/../../../arm-none-eabi/lib/thumb/v7e-m+fp/hard/libc_nano.a(lib_a-init.o)
 .debug_abbrev  0x0000000000003858      0x1d9 /usr/lib/gcc/arm-none-eabi/9.2.1/../../../arm-none-eabi/lib/thumb/v7e-m+fp/hard/libc_nano.a(lib_a-memset.o)
 .debug_abbrev  0x0000000000003a31      0x29f /usr/lib/gcc/arm-none-eabi/9.2.1/../../../arm-none-eabi/lib/thumb/v7e-m+fp/hard/libc_nano.a(lib_a-printf.o)
 .debug_abbrev  0x0000000000003cd0      0x2de /usr/lib/gcc/arm-none-eabi/9.2.1/../../../arm-none-eabi/lib/thumb/v7e-m+fp/hard/libc_nano.a(lib_a-puts.o)
 .debug_abbrev  0x0000000000003fae       0x14 /usr/lib/gcc/arm-none-eabi/9.2.1/../../../arm-none-eabi/lib/thumb/v7e-m+fp/hard/libc_nano.a(lib_a-strlen.o)
 .debug_abbrev  0x0000000000003fc2      0x285 /usr/lib/gcc/arm-none-eabi/9.2.1/../../../arm-none-eabi/lib/thumb/v7e-m+fp/hard/libc_nano.a(lib_a-wbuf.o)
 .debug_abbrev  0x0000000000004247      0x23a /usr/lib/gcc/arm-none-eabi/9.2.1/../../../arm-none-eabi/lib/thumb/v7e-m+fp/hard/libc_nano.a(lib_a-wsetup.o)
 .debug_abbrev  0x0000000000004481      0x2e4 /usr/lib/gcc/arm-none-eabi/9.2.1/../../../arm-none-eabi/lib/thumb/v7e-m+fp/hard/libc_nano.a(lib_a-fflush.o)
 .debug_abbrev  0x0000000000004765      0x3dc /usr/lib/gcc/arm-none-eabi/9.2.1/../../../arm-none-eabi/lib/thumb/v7e-m+fp/hard/libc_nano.a(lib_a-findfp.o)
 .debug_abbrev  0x0000000000004b41      0x210 /usr/lib/gcc/arm-none-eabi/9.2.1/../../../arm-none-eabi/lib/thumb/v7e-m+fp/hard/libc_nano.a(lib_a-fwalk.o)
 .debug_abbrev  0x0000000000004d51      0x2f6 /usr/lib/gcc/arm-none-eabi/9.2.1/../../../arm-none-eabi/lib/thumb/v7e-m+fp/hard/libc_nano.a(lib_a-makebuf.o)
 .debug_abbrev  0x0000000000005047      0x286 /usr/lib/gcc/arm-none-eabi/9.2.1/../../../arm-none-eabi/lib/thumb/v7e-m+fp/hard/libc_nano.a(lib_a-nano-freer.o)
 .debug_abbrev  0x00000000000052cd      0x2d1 /usr/lib/gcc/arm-none-eabi/9.2.1/../../../arm-none-eabi/lib/thumb/v7e-m+fp/hard/libc_nano.a(lib_a-nano-mallocr.o)
 .debug_abbrev  0x000000000000559e      0x337 /usr/lib/gcc/arm-none-eabi/9.2.1/../../../arm-none-eabi/lib/thumb/v7e-m+fp/hard/libc_nano.a(lib_a-nano-vfprintf.o)
 .debug_abbrev  0x00000000000058d5      0x2dc /usr/lib/gcc/arm-none-eabi/9.2.1/../../../arm-none-eabi/lib/thumb/v7e-m+fp/hard/libc_nano.a(lib_a-nano-vfprintf_i.o)
 .debug_abbrev  0x0000000000005bb1      0x212 /usr/lib/gcc/arm-none-eabi/9.2.1/../../../arm-none-eabi/lib/thumb/v7e-m+fp/hard/libc_nano.a(lib_a-sbrkr.o)
 .debug_abbrev  0x0000000000005dc3      0x26f /usr/lib/gcc/arm-none-eabi/9.2.1/../../../arm-none-eabi/lib/thumb/v7e-m+fp/hard/libc_nano.a(lib_a-stdio.o)
 .debug_abbrev  0x0000000000006032      0x1ec /usr/lib/gcc/arm-none-eabi/9.2.1/../../../arm-none-eabi/lib/thumb/v7e-m+fp/hard/libc_nano.a(lib_a-writer.o)
 .debug_abbrev  0x000000000000621e      0x1e7 /usr/lib/gcc/arm-none-eabi/9.2.1/../../../arm-none-eabi/lib/thumb/v7e-m+fp/hard/libc_nano.a(lib_a-closer.o)
 .debug_abbrev  0x0000000000006405      0x1fb /usr/lib/gcc/arm-none-eabi/9.2.1/../../../arm-none-eabi/lib/thumb/v7e-m+fp/hard/libc_nano.a(lib_a-fstatr.o)
 .debug_abbrev  0x0000000000006600      0x270 /usr/lib/gcc/arm-none-eabi/9.2.1/../../../arm-none-eabi/lib/thumb/v7e-m+fp/hard/libc_nano.a(lib_a-fvwrite.o)
 .debug_abbrev  0x0000000000006870      0x1e7 /usr/lib/gcc/arm-none-eabi/9.2.1/../../../arm-none-eabi/lib/thumb/v7e-m+fp/hard/libc_nano.a(lib_a-isattyr.o)
 .debug_abbrev  0x0000000000006a57      0x1fb /usr/lib/gcc/arm-none-eabi/9.2.1/../../../arm-none-eabi/lib/thumb/v7e-m+fp/hard/libc_nano.a(lib_a-lseekr.o)
 .debug_abbrev  0x0000000000006c52       0x14 /usr/lib/gcc/arm-none-eabi/9.2.1/../../../arm-none-eabi/lib/thumb/v7e-m+fp/hard/libc_nano.a(lib_a-memchr.o)
 .debug_abbrev  0x0000000000006c66       0x14 /usr/lib/gcc/arm-none-eabi/9.2.1/../../../arm-none-eabi/lib/thumb/v7e-m+fp/hard/libc_nano.a(lib_a-memcpy.o)
 .debug_abbrev  0x0000000000006c7a      0x1de /usr/lib/gcc/arm-none-eabi/9.2.1/../../../arm-none-eabi/lib/thumb/v7e-m+fp/hard/libc_nano.a(lib_a-memmove.o)
 .debug_abbrev  0x0000000000006e58      0x1c5 /usr/lib/gcc/arm-none-eabi/9.2.1/../../../arm-none-eabi/lib/thumb/v7e-m+fp/hard/libc_nano.a(lib_a-mlock.o)
 .debug_abbrev  0x000000000000701d      0x22a /usr/lib/gcc/arm-none-eabi/9.2.1/../../../arm-none-eabi/lib/thumb/v7e-m+fp/hard/libc_nano.a(lib_a-nano-reallocr.o)
 .debug_abbrev  0x0000000000007247      0x1e7 /usr/lib/gcc/arm-none-eabi/9.2.1/../../../arm-none-eabi/lib/thumb/v7e-m+fp/hard/libc_nano.a(lib_a-readr.o)
 .debug_abbrev  0x000000000000742e      0x268 /usr/lib/gcc/arm-none-eabi/9.2.1/../../../arm-none-eabi/lib/thumb/v7e-m+fp/hard/libc_nano.a(lib_a-reent.o)
 .debug_abbrev  0x0000000000007696      0x1e5 /usr/lib/gcc/arm-none-eabi/9.2.1/../../../arm-none-eabi/lib/thumb/v7e-m+fp/hard/libc_nano.a(lib_a-nano-msizer.o)
 .debug_abbrev  0x000000000000787b      0x25e /usr/lib/gcc/arm-none-eabi/9.2.1/../../../arm-none-eabi/lib/thumb/v7e-m+fp/hard/libm.a(lib_a-w_sqrt.o)
 .debug_abbrev  0x0000000000007ad9      0x286 /usr/lib/gcc/arm-none-eabi/9.2.1/../../../arm-none-eabi/lib/thumb/v7e-m+fp/hard/libm.a(lib_a-e_sqrt.o)
 .debug_abbrev  0x0000000000007d5f      0x1d4 /usr/lib/gcc/arm-none-eabi/9.2.1/../../../arm-none-eabi/lib/thumb/v7e-m+fp/hard/libm.a(lib_a-s_lib_ver.o)
 .debug_abbrev  0x0000000000007f33      0x1ea /usr/lib/gcc/arm-none-eabi/9.2.1/../../../arm-none-eabi/lib/thumb/v7e-m+fp/hard/libnosys.a(close.o)
 .debug_abbrev  0x000000000000811d      0x1fd /usr/lib/gcc/arm-none-eabi/9.2.1/../../../arm-none-eabi/lib/thumb/v7e-m+fp/hard/libnosys.a(fstat.o)
 .debug_abbrev  0x000000000000831a      0x1ea /usr/lib/gcc/arm-none-eabi/9.2.1/../../../arm-none-eabi/lib/thumb/v7e-m+fp/hard/libnosys.a(isatty.o)
 .debug_abbrev  0x0000000000008504      0x20f /usr/lib/gcc/arm-none-eabi/9.2.1/../../../arm-none-eabi/lib/thumb/v7e-m+fp/hard/libnosys.a(lseek.o)
 .debug_abbrev  0x0000000000008713      0x20f /usr/lib/gcc/arm-none-eabi/9.2.1/../../../arm-none-eabi/lib/thumb/v7e-m+fp/hard/libnosys.a(read.o)
 .debug_abbrev  0x0000000000008922       0xa2 /usr/lib/gcc/arm-none-eabi/9.2.1/../../../arm-none-eabi/lib/thumb/v7e-m+fp/hard/libnosys.a(sbrk.o)
 .debug_abbrev  0x00000000000089c4      0x20f /usr/lib/gcc/arm-none-eabi/9.2.1/../../../arm-none-eabi/lib/thumb/v7e-m+fp/hard/libnosys.a(write.o)
 .debug_abbrev  0x0000000000008bd3       0x14 /usr/lib/gcc/arm-none-eabi/9.2.1/thumb/v7e-m+fp/hard/libgcc.a(_arm_addsubdf3.o)
 .debug_abbrev  0x0000000000008be7       0x14 /usr/lib/gcc/arm-none-eabi/9.2.1/thumb/v7e-m+fp/hard/libgcc.a(_arm_muldivdf3.o)
 .debug_abbrev  0x0000000000008bfb       0x14 /usr/lib/gcc/arm-none-eabi/9.2.1/thumb/v7e-m+fp/hard/libgcc.a(_arm_cmpdf2.o)
 .debug_abbrev  0x0000000000008c0f       0x14 /usr/lib/gcc/arm-none-eabi/9.2.1/thumb/v7e-m+fp/hard/libgcc.a(_arm_unorddf2.o)
 .debug_abbrev  0x0000000000008c23       0x14 /usr/lib/gcc/arm-none-eabi/9.2.1/thumb/v7e-m+fp/hard/libgcc.a(_arm_fixunsdfsi.o)
 .debug_abbrev  0x0000000000008c37      0x198 /usr/lib/gcc/arm-none-eabi/9.2.1/../../../arm-none-eabi/lib/thumb/v7e-m+fp/hard/libc_nano.a(lib_a-errno.o)

.debug_loc      0x0000000000000000     0xc2fa
 .debug_loc     0x0000000000000000       0x20 build/main.o
 .debug_loc     0x0000000000000020      0x142 build/delay.o
 .debug_loc     0x0000000000000162      0x466 build/24c02.o
 .debug_loc     0x00000000000005c8      0x268 build/ctpiic.o
 .debug_loc     0x0000000000000830       0x58 build/exti.o
 .debug_loc     0x0000000000000888      0x31a build/ft5426.o
 .debug_loc     0x0000000000000ba2      0x454 build/GT911.o
 .debug_loc     0x0000000000000ff6     0x24d7 build/gui.o
 .debug_loc     0x00000000000034cd      0x248 build/iic.o
 .debug_loc     0x0000000000003715       0xd4 build/key.o
 .debug_loc     0x00000000000037e9      0xab3 build/lcd.o
 .debug_loc     0x000000000000429c       0x38 build/led.o
 .debug_loc     0x00000000000042d4     0x10a5 build/rtp.o
 .debug_loc     0x0000000000005379      0x242 build/test.o
 .debug_loc     0x00000000000055bb       0xbd build/touch.o
 .debug_loc     0x0000000000005678      0x17d build/usart.o
 .debug_loc     0x00000000000057f5      0x187 build/misc.o
 .debug_loc     0x000000000000597c      0x181 build/stm32f4xx_exti.o
 .debug_loc     0x0000000000005afd      0x6b8 build/stm32f4xx_fsmc.o
 .debug_loc     0x00000000000061b5      0x4ce build/stm32f4xx_gpio.o
 .debug_loc     0x0000000000006683      0xc2a build/stm32f4xx_rcc.o
 .debug_loc     0x00000000000072ad      0x95e build/stm32f4xx_usart.o
 .debug_loc     0x0000000000007c0b      0x1c4 build/system_stm32f4xx.o
 .debug_loc     0x0000000000007dcf       0xba /usr/lib/gcc/arm-none-eabi/9.2.1/../../../arm-none-eabi/lib/thumb/v7e-m+fp/hard/libc_nano.a(lib_a-init.o)
 .debug_loc     0x0000000000007e89      0x231 /usr/lib/gcc/arm-none-eabi/9.2.1/../../../arm-none-eabi/lib/thumb/v7e-m+fp/hard/libc_nano.a(lib_a-memset.o)
 .debug_loc     0x00000000000080ba       0x98 /usr/lib/gcc/arm-none-eabi/9.2.1/../../../arm-none-eabi/lib/thumb/v7e-m+fp/hard/libc_nano.a(lib_a-printf.o)
 .debug_loc     0x0000000000008152      0x32d /usr/lib/gcc/arm-none-eabi/9.2.1/../../../arm-none-eabi/lib/thumb/v7e-m+fp/hard/libc_nano.a(lib_a-puts.o)
 .debug_loc     0x000000000000847f      0x193 /usr/lib/gcc/arm-none-eabi/9.2.1/../../../arm-none-eabi/lib/thumb/v7e-m+fp/hard/libc_nano.a(lib_a-wbuf.o)
 .debug_loc     0x0000000000008612       0xb7 /usr/lib/gcc/arm-none-eabi/9.2.1/../../../arm-none-eabi/lib/thumb/v7e-m+fp/hard/libc_nano.a(lib_a-wsetup.o)
 .debug_loc     0x00000000000086c9      0x3f5 /usr/lib/gcc/arm-none-eabi/9.2.1/../../../arm-none-eabi/lib/thumb/v7e-m+fp/hard/libc_nano.a(lib_a-fflush.o)
 .debug_loc     0x0000000000008abe      0x339 /usr/lib/gcc/arm-none-eabi/9.2.1/../../../arm-none-eabi/lib/thumb/v7e-m+fp/hard/libc_nano.a(lib_a-findfp.o)
 .debug_loc     0x0000000000008df7      0x24f /usr/lib/gcc/arm-none-eabi/9.2.1/../../../arm-none-eabi/lib/thumb/v7e-m+fp/hard/libc_nano.a(lib_a-fwalk.o)
 .debug_loc     0x0000000000009046      0x192 /usr/lib/gcc/arm-none-eabi/9.2.1/../../../arm-none-eabi/lib/thumb/v7e-m+fp/hard/libc_nano.a(lib_a-makebuf.o)
 .debug_loc     0x00000000000091d8      0x211 /usr/lib/gcc/arm-none-eabi/9.2.1/../../../arm-none-eabi/lib/thumb/v7e-m+fp/hard/libc_nano.a(lib_a-nano-freer.o)
 .debug_loc     0x00000000000093e9      0x437 /usr/lib/gcc/arm-none-eabi/9.2.1/../../../arm-none-eabi/lib/thumb/v7e-m+fp/hard/libc_nano.a(lib_a-nano-mallocr.o)
 .debug_loc     0x0000000000009820      0x7a3 /usr/lib/gcc/arm-none-eabi/9.2.1/../../../arm-none-eabi/lib/thumb/v7e-m+fp/hard/libc_nano.a(lib_a-nano-vfprintf.o)
 .debug_loc     0x0000000000009fc3      0x7ab /usr/lib/gcc/arm-none-eabi/9.2.1/../../../arm-none-eabi/lib/thumb/v7e-m+fp/hard/libc_nano.a(lib_a-nano-vfprintf_i.o)
 .debug_loc     0x000000000000a76e       0x6c /usr/lib/gcc/arm-none-eabi/9.2.1/../../../arm-none-eabi/lib/thumb/v7e-m+fp/hard/libc_nano.a(lib_a-sbrkr.o)
 .debug_loc     0x000000000000a7da      0x393 /usr/lib/gcc/arm-none-eabi/9.2.1/../../../arm-none-eabi/lib/thumb/v7e-m+fp/hard/libc_nano.a(lib_a-stdio.o)
 .debug_loc     0x000000000000ab6d       0xdd /usr/lib/gcc/arm-none-eabi/9.2.1/../../../arm-none-eabi/lib/thumb/v7e-m+fp/hard/libc_nano.a(lib_a-writer.o)
 .debug_loc     0x000000000000ac4a       0x6c /usr/lib/gcc/arm-none-eabi/9.2.1/../../../arm-none-eabi/lib/thumb/v7e-m+fp/hard/libc_nano.a(lib_a-closer.o)
 .debug_loc     0x000000000000acb6       0xab /usr/lib/gcc/arm-none-eabi/9.2.1/../../../arm-none-eabi/lib/thumb/v7e-m+fp/hard/libc_nano.a(lib_a-fstatr.o)
 .debug_loc     0x000000000000ad61      0x669 /usr/lib/gcc/arm-none-eabi/9.2.1/../../../arm-none-eabi/lib/thumb/v7e-m+fp/hard/libc_nano.a(lib_a-fvwrite.o)
 .debug_loc     0x000000000000b3ca       0x6c /usr/lib/gcc/arm-none-eabi/9.2.1/../../../arm-none-eabi/lib/thumb/v7e-m+fp/hard/libc_nano.a(lib_a-isattyr.o)
 .debug_loc     0x000000000000b436       0xdd /usr/lib/gcc/arm-none-eabi/9.2.1/../../../arm-none-eabi/lib/thumb/v7e-m+fp/hard/libc_nano.a(lib_a-lseekr.o)
 .debug_loc     0x000000000000b513      0x2f1 /usr/lib/gcc/arm-none-eabi/9.2.1/../../../arm-none-eabi/lib/thumb/v7e-m+fp/hard/libc_nano.a(lib_a-memmove.o)
 .debug_loc     0x000000000000b804      0x133 /usr/lib/gcc/arm-none-eabi/9.2.1/../../../arm-none-eabi/lib/thumb/v7e-m+fp/hard/libc_nano.a(lib_a-nano-reallocr.o)
 .debug_loc     0x000000000000b937       0xdd /usr/lib/gcc/arm-none-eabi/9.2.1/../../../arm-none-eabi/lib/thumb/v7e-m+fp/hard/libc_nano.a(lib_a-readr.o)
 .debug_loc     0x000000000000ba14      0x135 /usr/lib/gcc/arm-none-eabi/9.2.1/../../../arm-none-eabi/lib/thumb/v7e-m+fp/hard/libc_nano.a(lib_a-reent.o)
 .debug_loc     0x000000000000bb49       0x86 /usr/lib/gcc/arm-none-eabi/9.2.1/../../../arm-none-eabi/lib/thumb/v7e-m+fp/hard/libc_nano.a(lib_a-nano-msizer.o)
 .debug_loc     0x000000000000bbcf       0x98 /usr/lib/gcc/arm-none-eabi/9.2.1/../../../arm-none-eabi/lib/thumb/v7e-m+fp/hard/libm.a(lib_a-w_sqrt.o)
 .debug_loc     0x000000000000bc67      0x508 /usr/lib/gcc/arm-none-eabi/9.2.1/../../../arm-none-eabi/lib/thumb/v7e-m+fp/hard/libm.a(lib_a-e_sqrt.o)